
 Start         Length     Name                   Class
 0000:00000000 000100000H seg000                 
 0000:00000000 00000BFFFH seg001                 


  Address         Publics by Value

 0000:00000000       off_0
 0000:00002000       ECU_CALIBRATION
 0000:00002004       OLD_CALIBRATION_ID_A2UJ00J
 0000:00002039       aF_24uh4tVer1_20r3
 0000:0000209C       SBR_PULL2D_FLOAT
 0000:00002110       SBR_PULL3D_FLOAT
 0000:00002430       SBR_Division_zero_safe
 0000:00002478       SBR_Bandpass_Unk
 0000:00002488       SBR_LOWPASS
 0000:00002498       SBR_Bandpass_unk
 0000:00004C1E       nullsub_5
 0000:00004C22       nullsub_1
 0000:00004C26       nullsub_6
 0000:00004E0A       nullsub_2
 0000:00004E4C       nullsub_7
 0000:00004E62       nullsub_3
 0000:00004E66       nullsub_8
 0000:00004E82       nullsub_9
 0000:00004F6A       nullsub_4
 0000:00004F6E       nullsub_10
 0000:00004FDE       nullsub_11
 0000:000053B2       aFrcatqPmftoFkc
 0000:00006344       nullsub_12
 0000:00008188       SBR_MAFCALC
 0000:000081E4       HOOK_MAFCALC
 0000:0000A48A       SBR_ATU_SC
 0000:0000DAA4       hMemoryReset
 0000:0000F7E8       sMemoryReset
 0000:0001220C       hMemoryResetLimit
 0000:000122E0       ATU_IGN_Addresses
 0000:00012558       aOJCJC
 0000:00014A38       HOOK_WGDC
 0000:00014BE6       aCoFcNcEbDuEcDu
 0000:00014C19       aBc
 0000:00014C1F       aAb
 0000:00014C25       aAcDu@b
 0000:00014C31       a@cDu?b
 0000:00014FA8       HOOK_REVLIM_DELETE
 0000:00014FC4       hPolf
 0000:00015080       hBaseTimingSub
 0000:000166E8       SBR_WGDC_HOOKED
 0000:00016BB0       HOOKPULL_TARGET_BOOST
 0000:00016BC4       HOOKTABLE_Table_Target_Boost_KCA_Alternate_Mode
 0000:00016BC8       HOOKTABLE_Table_Target_Boost_KCA_Additive_B_Low
 0000:00016BCC       HOOKTABLE_Table_Target_Boost_KCA_Additive_B_High
 0000:00016D3E       SBR_WGDC_SUB
 0000:00016F14       HOOKPULL_WGDC
 0000:00016F18       HOOKTABLE_Table_Initial_Wastegate_Duty_KCA_Alternate_Mode
 0000:00016F1C       HOOKTABLE_Table_Initial_Wastegate_Duty_KCA_Additive_B_Low
 0000:00016F20       HOOKTABLE_Table_Initial_Wastegate_Duty_KCA_Additive_B_High
 0000:000171BC       Max_Wastegate_Duty_Limit_Post_Compensation
 0000:00017F54       SBR_Throttle_unk
 0000:0001AB54       SBR_Cruise_Light
 0000:0001F730       SBR_LoadCalcs
 0000:0001FBD0       Engine_Load_Limit_(Maximum)
 0000:00021438       Front_Oxygen_Sensor_Rich_Limit
 0000:0002245A       SBR_GetSW_Unk_Always_1
 0000:00023A6C       SBR_2byte_conv
 0000:00023F34       SBR_Atmospheric_Pressure_Calcs
 0000:000276A8       aCuJC
 0000:00027B60       LOC_OBD_UNK
 0000:00028BD6       aEEcF0D0
 0000:0002949C       HOOK_INJECTOR_SCALING
 0000:0002A4A4       aCoCr0A
 0000:0002AE82       SBR_AF_Correction_Prop_Gain_DeNumerators
 0000:0002AF3A       SBR_AF_Correction_Prop_Gain_Numerators
 0000:0002B130       Const_AF_1_Correction_Prop_Gain_Determinations
 0000:0002B14C       SBR_AF_CORRECTION
 0000:0002B388       AF_1_Correction_Low_Limit
 0000:0002B38C       AF_1_Correction_High_Limit
 0000:0002BB08       AF_3_CL_Target_Compensation_Limits
 0000:0002BED2       SBR_AF_Correction_Prop_Gain_Lookup
 0000:0002C030       Const_AF_1_Correction_Prop_Gain_Determinations_Table_Lookup_Low_Lim
 0000:0002C034       Const_AF_1_Correction_Prop_Gain_Determinations_Low_precalc_Const
 0000:0002DAD0       AF_3_Correction_Limits
 0000:0002E0C4       sPolf
 0000:0002E314       hPull3DPolf
 0000:0002E320       hTablePolfKcaAlt
 0000:0002E328       hTablePolfKcaBLo
 0000:0002E32C       hTablePolfKcaBHi
 0000:000321F4       SBR_REVLIM_START
 0000:00032206       REVLIM_FUELCUT_BITMASK_0x01
 0000:00032224       REVLIM_END
 0000:00034884       aCoE0EXp
 0000:00035BE6       sBaseTiming
 0000:00035DD8       HOOKPULL_BASE_TIMING
 0000:00035E28       hBaseTimingDirect
 0000:000376E4       aCO@n0FbA
 0000:0003B704       Fuel_Pump_Duty
 0000:0003BBE8       aCOQcF
 0000:0003FF08       SBR_Throttle_Check_Unk
 0000:0003FF34       SBR_Target_Throttle_Copy
 0000:0004085C       SBR_Idle_Target_Throttle_Pull
 0000:00040924       SBR_Idle_Target_Throttle_Multiplier_Pull
 0000:0004112C       SBR_Idle_Airflow_unk
 0000:000414B8       SBR_Idle_Control
 0000:0004198C       SBR_Idle_Speed_Calcs
 0000:00042446       SBR_Idle_Airflow_unk_1
 0000:000424F4       SBR_Idle_Speed_Calcs_Unk
 0000:00042CD2       SBR_Idle_Speed_Pull
 0000:00042E78       SBR_Throttle_unk_0
 0000:00044A68       SBR_Throttle_unk_MAF
 0000:0004C670       aDEcp0dqaadrabdsacdtadduaedvafdwagC@0daaqdbardcas0at
 0000:0004C9A8       SsmGet_Engine_Load_Relative_P1
 0000:0004C9AE       SsmGet_Coolant_Temperature_P2
 0000:0004C9BC       SsmGet_AF_Correction_1_P3
 0000:0004C9D8       SsmGet_AF_Learning_1_P4
 0000:0004C9E8       SsmGet_SCV_Step_P81
 0000:0004C9EE       SsmGet_Manifold_Absolute_Pressure_P7
 0000:0004C9FC       SsmGet_Engine_Speed_P8
 0000:0004CA2A       SsmGet_Vehicle_Speed_P9
 0000:0004CA36       SsmGet_Ignition_Total_Timing_P10
 0000:0004CA46       SsmGet_Intake_Air_Temperature_P11
 0000:0004CA54       SsmGet_Mass_Airflow_P12
 0000:0004CA82       SsmGet_Throttle_Opening_Angle_P13
 0000:0004CA90       SsmGet_Rear_O2_Sensor_P15
 0000:0004CABE       SsmGet_Battery_Voltage_P17
 0000:0004CACC       SsmGet_Mass_Airflow_Sensor_Voltage_P18
 0000:0004CAF0       SsmGet_Throttle_Sensor_Voltage_P19
 0000:0004CB14       SsmGet_Fuel_Injector_1_Pulse_Width_P21
 0000:0004CB28       SsmGet_Atmospheric_Pressure_P24
 0000:0004CB40       SsmGet_Manifold_Relative_Pressure_P25
 0000:0004CB5E       SsmGet_Fuel_Tank_Pressure_P27
 0000:0004CB6E       SsmGet_Learned_Ignition_Timing_P29
 0000:0004CB84       SsmGet_Accelerator_Pedal_Angle_P30
 0000:0004CC64       SsmGet_Fuel_Temperature_P31
 0000:0004CC72       SsmGet_Fuel_Level_P35
 0000:0004CC80       SsmGet_Primary_Wastegate_Duty_Cycle_P36
 0000:0004CC8E       SsmGet_CPC_Valve_Duty_Ratio_P38
 0000:0004CCA6       SsmGet_Tumble_Valve_Position_Sensor_Right_P39
 0000:0004CCCA       SsmGet_Tumble_Valve_Position_Sensor_Left_P40
 0000:0004CCEE       SsmGet_Idle_Speed_Control_Valve_Duty_Ratio_P41
 0000:0004CD00       SsmGet_Alternator_Duty_P46
 0000:0004CD10       SsmGet_Fuel_Pump_Duty_P47
 0000:0004CD1E       SsmGet_Intake_VVT_Advance_Angle_Right_P48
 0000:0004CD2C       SsmGet_Intake_VVT_Advance_Angle_Left_P49
 0000:0004CD3A       SsmGet_Intake_OCV_Duty_Right_P50
 0000:0004CD48       SsmGet_Intake_OCV_Duty_Left_P51
 0000:0004CD56       SsmGet_Intake_OCV_Current_Right_P52
 0000:0004CD64       SsmGet_Intake_OCV_Current_Left_P53
 0000:0004CD72       SsmGet_AF_Sensor_1_Current_P54
 0000:0004CD82       SsmGet_AF_Sensor_1_Resistance_P56
 0000:0004CD8E       SsmGet_AF_Sensor_1_P58
 0000:0004CDA6       SsmGet_Switches_1_2_3
 0000:0004CF24       SsmGet_Switches_4_5_6_7_8_9
 0000:0004CFE6       SsmGet_Switches_10_11_12_13_14_15_16_17
 0000:0004D094       SsmGet_Switches_18_19_20_21_22_23_24_25
 0000:0004D1E4       SsmGet_Switches_26_27_28_29_30_31_32_33
 0000:0004D26E       SsmGet_Switches_34_35_36_37_38_39_40_41
 0000:0004D32A       SsmGet_Switches_42_43_44_45_46_47_48_49
 0000:0004D342       SsmGet_Switches_50_51_52_53
 0000:0004D3E2       SsmGet_Switches_54_55_56_57_58_59_60_61
 0000:0004D520       SsmGet_Roughness_Monitor_Cylinder_1_P63
 0000:0004D526       SsmGet_Roughness_Monitor_Cylinder_2_P64
 0000:0004D52C       SsmGet_AF_Correction_3_32bit_ECU_P89
 0000:0004D53C       SsmGet_AF_Learning_3_P66
 0000:0004D70E       SsmGet_Roughness_Monitor_Cylinder_3_P69
 0000:0004D714       SsmGet_Roughness_Monitor_Cylinder_4_P70
 0000:0004D9D8       SsmGet_IAM_P90
 0000:0004D9E6       SsmGet_Throttle_Motor_Duty_P71
 0000:0004D9F6       SsmGet_Throttle_Motor_Voltage_P72
 0000:0004DA04       SsmGet_Sub_Throttle_Sensor_P73
 0000:0004DA28       SsmGet_Main_Throttle_Sensor_P74
 0000:0004DA4C       SsmGet_Sub_Accelerator_Sensor_P75
 0000:0004DA70       SsmGet_Main_Accelerator_Sensor_P76
 0000:0004DA94       SsmGet_Exhaust_Gas_Temperature_P79
 0000:0004DAA2       SsmGet_Cold_Start_Injector_Air_Pump_P80
 0000:0004DAB0       SsmGet_Memorised_Cruise_Speed_P82
 0000:0004DAF0       SsmGet_Exhaust_VVT_Advance_Angle_Right_P83
 0000:0004DAFC       SsmGet_Exhaust_VVT_Advance_Angle_Left_P84
 0000:0004DB08       SsmGet_Exhaust_OCV_Duty_Right_P85
 0000:0004DB1A       SsmGet_Exhaust_OCV_Duty_Left_P86
 0000:0004DB2C       SsmGet_Exhaust_OCV_Current_Right_P87
 0000:0004DB3A       SsmGet_Exhaust_OCV_Current_Left_P88
 0000:0004DBDC       SsmGet_Switches_62
 0000:0004DCBE       SsmGet_Switches_63_64_65_66_67_68
 0000:0004DCEC       CLUTCH_BITMASK_0x01
 0000:0004DD2A       CRUISE_COAST_BITMASK_0x01
 0000:0004DD48       CRUISE_RESUME_BITMASK_0x01
 0000:0004DD68       BRAKE_BITMASK_0x01
 0000:0004DF80       SsmGet_Fine_Learning_Knock_Correction_P91
 0000:00054D1C       AF_Correction_Base1
 0000:00054D30       AF_Correction_Base2
 0000:00055484       PtrSsmGet_Engine_Load_Relative_P1
 0000:00055488       PtrSsmGet_Coolant_Temperature_P2
 0000:0005548C       PtrSsmGet_AF_Correction_1_P3
 0000:00055490       PtrSsmGet_AF_Learning_1_P4
 0000:00055494       PtrSsmGet_AF_Correction_2_P5
 0000:00055498       PtrSsmGet_AF_Learning_2_P6
 0000:0005549C       PtrSsmGet_Manifold_Absolute_Pressure_P7
 0000:000554A0       PtrSsmGet_Engine_Speed_P8
 0000:000554A8       PtrSsmGet_Vehicle_Speed_P9
 0000:000554AC       PtrSsmGet_Ignition_Total_Timing_P10
 0000:000554B0       PtrSsmGet_Intake_Air_Temperature_P11
 0000:000554B4       PtrSsmGet_Mass_Airflow_P12
 0000:000554BC       PtrSsmGet_Throttle_Opening_Angle_P13
 0000:000554C0       PtrSsmGet_Front_O2_Sensor_1_P14
 0000:000554C8       PtrSsmGet_Rear_O2_Sensor_P15
 0000:000554D0       PtrSsmGet_Front_O2_Sensor_2_P16
 0000:000554D8       PtrSsmGet_Battery_Voltage_P17
 0000:000554DC       PtrSsmGet_Mass_Airflow_Sensor_Voltage_P18
 0000:000554E0       PtrSsmGet_Throttle_Sensor_Voltage_P19
 0000:000554E4       PtrSsmGet_Differential_Pressure_Sensor_Voltage_P20
 0000:000554E8       PtrSsmGet_Fuel_Injector_1_Pulse_Width_P21
 0000:000554EC       PtrSsmGet_Fuel_Injector_2_Pulse_Width_P22
 0000:000554F0       PtrSsmGet_Knock_Correction_Advance_P23
 0000:000554F4       PtrSsmGet_Atmospheric_Pressure_P24
 0000:000554F8       PtrSsmGet_Manifold_Relative_Pressure_P25
 0000:000554FC       PtrSsmGet_Pressure_Differential_Sensor_P26
 0000:00055500       PtrSsmGet_Fuel_Tank_Pressure_P27
 0000:00055504       PtrSsmGet_CO_Adjustment_P28
 0000:00055508       PtrSsmGet_Learned_Ignition_Timing_P29
 0000:0005550C       PtrSsmGet_Accelerator_Pedal_Angle_P30
 0000:00055510       PtrSsmGet_Fuel_Temperature_P31
 0000:00055514       PtrSsmGet_Front_O2_Heater_Current_1_P32
 0000:00055518       PtrSsmGet_Rear_O2_Heater_Current_P33
 0000:0005551C       PtrSsmGet_Front_O2_Heater_Current_2_P34
 0000:00055520       PtrSsmGet_Fuel_Level_P35
 0000:00055528       PtrSsmGet_Primary_Wastegate_Duty_Cycle_P36
 0000:0005552C       PtrSsmGet_Secondary_Wastegate_Duty_Cycle_P37
 0000:00055530       PtrSsmGet_CPC_Valve_Duty_Ratio_P38
 0000:00055534       PtrSsmGet_Tumble_Valve_Position_Sensor_Right_P39
 0000:00055538       PtrSsmGet_Tumble_Valve_Position_Sensor_Left_P40
 0000:0005553C       PtrSsmGet_Idle_Speed_Control_Valve_Duty_Ratio_P41
 0000:00055540       PtrSsmGet_AF_Lean_Correction_P42
 0000:00055544       PtrSsmGet_AF_Heater_Duty_P43
 0000:00055548       PtrSsmGet_Idle_Speed_Control_Valve_Step_P44
 0000:0005554C       PtrSsmGet_Number_of_Exh_Gas_Recirc_Steps_P45
 0000:00055550       PtrSsmGet_Alternator_Duty_P46
 0000:00055554       PtrSsmGet_Fuel_Pump_Duty_P47
 0000:00055558       PtrSsmGet_Intake_VVT_Advance_Angle_Right_P48
 0000:0005555C       PtrSsmGet_Intake_VVT_Advance_Angle_Left_P49
 0000:00055560       PtrSsmGet_Intake_OCV_Duty_Right_P50
 0000:00055564       PtrSsmGet_Intake_OCV_Duty_Left_P51
 0000:00055568       PtrSsmGet_Intake_OCV_Current_Right_P52
 0000:0005556C       PtrSsmGet_Intake_OCV_Current_Left_P53
 0000:00055570       PtrSsmGet_AF_Sensor_1_Current_P54
 0000:00055574       PtrSsmGet_AF_Sensor_2_Current_P55
 0000:00055578       PtrSsmGet_AF_Sensor_1_Resistance_P56
 0000:0005557C       PtrSsmGet_AF_Sensor_2_Resistance_P57
 0000:00055580       PtrSsmGet_AF_Sensor_1_P58
 0000:00055584       PtrSsmGet_AF_Sensor_2_P59
 0000:00055590       PtrSsmGet_Gear_Position_P60
 0000:000555B4       PtrSsmGet_AF_Sensor_1_Heater_Current_P61
 0000:000555B8       PtrSsmGet_AF_Sensor_2_Heater_Current_P62
 0000:000555EC       PtrSsmGet_Switches_1_2_3
 0000:000555F0       PtrSsmGet_Switches_4_5_6_7_8_9
 0000:000555F4       PtrSsmGet_Switches_10_11_12_13_14_15_16_17
 0000:000555F8       PtrSsmGet_Switches_18_19_20_21_22_23_24_25
 0000:000555FC       PtrSsmGet_Switches_26_27_28_29_30_31_32_33
 0000:00055600       PtrSsmGet_Switches_34_35_36_37_38_39_40_41
 0000:00055604       PtrSsmGet_Switches_42_43_44_45_46_47_48_49
 0000:00055608       PtrSsmGet_Switches_50_51_52_53
 0000:0005560C       PtrSsmGet_Switches_54_55_56_57_58_59_60_61
 0000:000557A0       PtrSsmGet_Roughness_Monitor_Cylinder_1_P63
 0000:000557A4       PtrSsmGet_Roughness_Monitor_Cylinder_2_P64
 0000:000557A8       PtrSsmGet_AF_Correction_3_32bit_ECU_P89
 0000:000557AC       PtrSsmGet_AF_Learning_3_P66
 0000:000557B0       PtrSsmGet_Rear_O2_Heater_Voltage_P67
 0000:000557B4       PtrSsmGet_AF_Adjustment_Voltage_P68
 0000:000557C8       PtrSsmGet_Roughness_Monitor_Cylinder_3_P69
 0000:000557CC       PtrSsmGet_Roughness_Monitor_Cylinder_4_P70
 0000:0005584C       PtrSsmGet_IAM_P90
 0000:00055850       PtrSsmGet_Throttle_Motor_Duty_P71
 0000:00055854       PtrSsmGet_Throttle_Motor_Voltage_P72
 0000:00055868       PtrSsmGet_Sub_Throttle_Sensor_P73
 0000:0005586C       PtrSsmGet_Main_Throttle_Sensor_P74
 0000:00055870       PtrSsmGet_Sub_Accelerator_Sensor_P75
 0000:00055874       PtrSsmGet_Main_Accelerator_Sensor_P76
 0000:00055878       PtrSsmGet_Brake_Booster_Pressure_P77
 0000:0005587C       PtrSsmGet_Fuel_Pressure_High_P78
 0000:00055880       PtrSsmGet_Exhaust_Gas_Temperature_P79
 0000:00055888       PtrSsmGet_Cold_Start_Injector_Air_Pump_P80
 0000:0005588C       PtrSsmGet_SCV_Step_P81
 0000:00055890       PtrSsmGet_Memorised_Cruise_Speed_P82
 0000:000558C8       PtrSsmGet_Exhaust_VVT_Advance_Angle_Right_P83
 0000:000558CC       PtrSsmGet_Exhaust_VVT_Advance_Angle_Left_P84
 0000:000558D0       PtrSsmGet_Exhaust_OCV_Duty_Right_P85
 0000:000558D4       PtrSsmGet_Exhaust_OCV_Duty_Left_P86
 0000:000558D8       PtrSsmGet_Exhaust_OCV_Current_Right_P87
 0000:000558DC       PtrSsmGet_Exhaust_OCV_Current_Left_P88
 0000:000558E8       PtrSsmGet_Switches_62
 0000:000558EC       PtrSsmGet_Switches_63_64_65_66_67_68
 0000:00055ACC       PtrSsmGet_Fine_Learning_Knock_Correction_P91
 0000:00056FBC       a34512345
 0000:00068860       aCJC
 0000:0006A74C       aCOXZCZ
 0000:0006BADA       aCOF0
 0000:0006E938       aCoDstCm3P
 0000:0006EC00       aCoDstCm3P_0
 0000:00070016       SBR_Idle_Airflow_unk_0
 0000:00083940       SBR_OBD_VIN_BYTECOUNT
 0000:00083964       SBR_OBD_VIN
 0000:00083A80       SBR_OBD_CALID
 0000:00083C2C       SBR_OBD_CALIBRATION
 0000:00084CA4       (P0335)_CRANKSHAFT_POS_SENSOR_A_MALFUNCTION
 0000:00084CA5       (P0336)_CRANKSHAFT_POS_SENSOR_A_RANGEPERF
 0000:00084CA8       (P0604)_CONTROL_MODULE_RAM_ERROR
 0000:00084CA9       (P0102)_MAF_SENSOR_LOW_INPUT
 0000:00084CAA       (P0103)_MAF_SENSOR_HIGH_INPUT
 0000:00084CAE       (P0327)_KNOCK_SENSOR_1_LOW_INPUT
 0000:00084CAF       (P0328)_KNOCK_SENSOR_1_HIGH_INPUT
 0000:00084CB0       (P0122)_TPS_A_LOW_INPUT
 0000:00084CB1       (P0123)_TPS_A_HIGH_INPUT
 0000:00084CB2       (P0117)_COOLANT_TEMP_SENSOR_LOW_INPUT
 0000:00084CB3       (P0118)_COOLANT_TEMP_SENSOR_HIGH_INPUT
 0000:00084CB4       (P0464)_FUEL_LEVEL_SENSOR_INTERMITTENT
 0000:00084CB5       (P0125)_INSUFFICIENT_COOLANT_TEMP_(FUELING)
 0000:00084CB6       (P0462)_FUEL_LEVEL_SENSOR_LOW_INPUT
 0000:00084CB7       (P0463)_FUEL_LEVEL_SENSOR_HIGH_INPUT
 0000:00084CB8       (P0461)_FUEL_LEVEL_SENSOR_RANGEPERF
 0000:00084CBA       (P1518)_STARTER_SWITCH_LOW_INPUT
 0000:00084CBB       (P0512)_STARTER_REQUEST_CIRCUIT
 0000:00084CBC       (P0452)_EVAP_PRESSURE_SENSOR_LOW_INPUT
 0000:00084CBD       (P0453)_EVAP_PRESSURE_SENSOR_HIGH_INPUT
 0000:00084CBE       (P0451)_EVAP_PRESSURE_SENSOR_RANGEPERF
 0000:00084CBF       (P0851)_NEUTRAL_SWITCH_INPUT_LOW
 0000:00084CC0       (P0182)_FUEL_TEMP_SENSOR_A_LOW_INPUT
 0000:00084CC1       (P0183)_FUEL_TEMP_SENSOR_A_HIGH_INPUT
 0000:00084CC2       (P0181)_FUEL_TEMP_SENSOR_A_RANGEPERF
 0000:00084CC3       (P0852)_NEUTRAL_SWITCH_INPUT_HIGH
 0000:00084CCC       (P0506)_IDLE_CONTROL_RPM_LOWER_THAN_EXPECTED
 0000:00084CCD       (P0507)_IDLE_CONTROL_RPM_HIGH_THAN_EXPECTED
 0000:00084CCE       (P0691)_RADIATOR_FAN_CIRCUIT_LOW
 0000:00084CCF       (P0692)_RADIATOR_FAN_CIRCUIT_HIGH
 0000:00084CD0       (P0483)_RADIATOR_FAN_RATIONALITY_CHECK
 0000:00084CD1       (P0011)_CAMSHAFT_POS___TIMING_OVER_ADVANCED_1
 0000:00084CD2       (P0021)_CAMSHAFT_POS___TIMING_OVER_ADVANCED_2
 0000:00084CD3       (P1400)_FUEL_TANK_PRESSURE_SOL_LOW
 0000:00084CD4       (P1420)_FUEL_TANK_PRESSURE_SOL_HIGH_INPUT
 0000:00084CD5       (P0458)_EVAP_PURGE_VALVE_CIRCUIT_LOW
 0000:00084CD6       (P0459)_EVAP_PURGE_VALVE_CIRCUIT_HIGH
 0000:00084CD7       (P1443)_VENT_CONTROL_SOLENOID_FUNCTION_PROBLEM
 0000:00084CD8       (P0447)_EVAP_VENT_CONTROL_CIRCUIT_OPEN
 0000:00084CD9       (P0448)_EVAP_VENT_CONTROL_CIRCUIT_SHORTED
 0000:00084CDA       (P0133)_FRONT_O2_SENSOR_SLOW_RESPONSE
 0000:00084CDB       (P0139)_REAR_O2_SENSOR_SLOW_RESPONSE
 0000:00084CDC       (P1152)_FRONT_O2_SENSOR_RANGEPERF_LOW_B1_S1
 0000:00084CDD       (P1153)_FRONT_O2_SENSOR_RANGEPERF_HIGH_B1_S1
 0000:00084CE0       (P0420)_CAT_EFFICIENCY_BELOW_THRESHOLD
 0000:00084CE1       (P0442)_EVAP_LEAK_DETECTED_(SMALL)
 0000:00084CE2       (P0456)_EVAP_LEAK_DETECTED_(VERY_SMALL)
 0000:00084CE4       (P0171)_SYSTEM_TOO_LEAN
 0000:00084CE5       (P0172)_SYSTEM_TOO_RICH
 0000:00084CE6       (P0301)_MISFIRE_CYLINDER_1
 0000:00084CE7       (P0302)_MISFIRE_CYLINDER_2
 0000:00084CE8       (P0303)_MISFIRE_CYLINDER_3
 0000:00084CE9       (P0304)_MISFIRE_CYLINDER_4
 0000:00084CEC       (P0457)_EVAP_LEAK_DETECTED_(FUEL_CAP)
 0000:00084CED       (P0000)_PASS_CODE_(NO_DTC_DETECTED)
 0000:00084CEE       (P0000)_PASS_CODE_(NO_DTC_DETECTED)_
 0000:00084CEF       (P0137)_REAR_O2_SENSOR_LOW_VOLTAGE
 0000:00084CF0       (P0131)_FRONT_O2_SENSOR_LOW_INPUT
 0000:00084CF2       (P0132)_FRONT_O2_SENSOR_HIGH_INPUT
 0000:00084CF4       (P0138)_REAR_O2_SENSOR_HIGH_VOLTAGE
 0000:00084CF6       (P0112)_IAT_SENSOR_LOW_INPUT
 0000:00084CF7       (P0113)_IAT_SENSOR_HIGH_INPUT
 0000:00084CF8       (P0111)_IAT_SENSOR_RANGEPERF
 0000:00084CF9       (P0038)_REAR_O2_SENSOR_HIGH_INPUT
 0000:00084CFA       (P0032)_FRONT_O2_SENSOR_HIGH_INPUT
 0000:00084CFB       (P0037)_REAR_O2_SENSOR_LOW_INPUT
 0000:00084CFC       (P0031)_FRONT_O2_SENSOR_LOW_INPUT
 0000:00084CFD       (P0107)_MAP_SENSOR_LOW_INPUT
 0000:00084CFE       (P0108)_MAP_SENSOR_HIGH_INPUT
 0000:00084D03       (P0128)_THERMOSTAT_MALFUNCTION
 0000:00084D04       (P1491)_PCV_(BLOWBY)_FUNCTION_PROBLEM
 0000:00084D05       (P1560)_BACK_UP_VOLTAGE_MALFUNCTION
 0000:00084D08       (P0245)_WASTEGATE_SOLENOID_A_LOW
 0000:00084D09       (P0246)_WASTEGATE_SOLENOID_A_HIGH
 0000:00084D0A       (P0244)_WASTEGATE_SOLENOID_A_RANGEPERF
 0000:00084D13       (P0502)_VEHICLE_SPEED_SENSOR_LOW_INPUT
 0000:00084D14       (P0230)_FUEL_PUMP_PRIMARY_CIRCUIT
 0000:00084D15       (P0068)_MAP_SENSOR_RANGEPERF
 0000:00084D16       (P0519)_IDLE_CONTROL_MALFUNCTION_(FAIL_SAFE)
 0000:00084D17       (P0101)_MAF_SENSOR_RANGEPERF
 0000:00084D19       (P0134)_FRONT_O2_SENSOR_NO_ACTIVITY
 0000:00084D1B       (P0030)_FRONT_O2_SENSOR_RANGEPERF
 0000:00084D1C       (P0503)_VEHICLE_SPEED_SENSOR_INTERMITTENT
 0000:00084D22       (P2109)_TPS_A_MINIMUM_STOP_PERF
 0000:00084D23       (P0222)_TPS_B_LOW_INPUT
 0000:00084D24       (P0223)_TPS_B_HIGH_INPUT
 0000:00084D25       (P1160)_ABNORMAL_RETURN_SPRING
 0000:00084D26       (P2102)_THROTTLE_ACTUATOR_CIRCUIT_LOW
 0000:00084D27       (P2103)_THROTTLE_ACTUATOR_CIRCUIT_HIGH
 0000:00084D28       (P2101)_THROTTLE_ACTUATOR_CIRCUIT_RANGEPERF
 0000:00084D29       (P2096)_POST_CATALYST_TOO_LEAN_B1
 0000:00084D2A       (P0638)_THROTTLE_ACTUATOR_RANGEPERF
 0000:00084D2B       (P0607)_CONTROL_MODULE_PERFORMANCE
 0000:00084D2C       (P2138)_TPS_DE_VOLTAGE
 0000:00084D2D       (P2127)_TPS_E_CIRCUIT_LOW_INPUT
 0000:00084D2E       (P2128)_TPS_E_CIRCUIT_HIGH_INPUT
 0000:00084D2F       (P2122)_TPS_D_CIRCUIT_LOW_INPUT
 0000:00084D30       (P2123)_TPS_D_CIRCUIT_HIGH_INPUT
 0000:00084D31       (P2135)_TPS_AB_VOLTAGE
 0000:00084D32       (P2097)_POST_CATALYST_TOO_RICH_B1
 0000:00084D36       (P0345)_CAMSHAFT_POS_SENSOR_A_BANK_2
 0000:00084D37       (P0340)_CAMSHAFT_POS_SENSOR_A_MALFUNCTION_
 0000:00084D38       (P0605)_CONTROL_MODULE_ROM_ERROR
 0000:00084D3D       (P2093)_OCV_SOLENOID_A2_CIRCUIT_SHORT
 0000:00084D3E       (P2092)_OCV_SOLENOID_A2_CIRCUIT_OPEN
 0000:00084D3F       (P2089)_OCV_SOLENOID_A1_CIRCUIT_SHORT
 0000:00084D40       (P2088)_OCV_SOLENOID_A1_CIRCUIT_OPEN
 0000:00084D4F       (P2004)_TGV___INTAKE_MANIFOLD_RUNNER_1_STUCK_OPEN
 0000:00084D50       (P2006)_TGV___INTAKE_MANIFOLD_RUNNER_1_STUCK_CLOSED
 0000:00084D51       (P2005)_TGV___INTAKE_MANIFOLD_RUNNER_2_STUCK_OPEN
 0000:00084D52       (P2007)_TGV___INTAKE_MANIFOLD_RUNNER_2_STUCK_CLOSED
 0000:00084D54       (P0126)_INSUFFICIENT_COOLANT_TEMP_(OPERATION)
 0000:00084D57       (P2016)_TGV___INTAKE_MANIFOLD_RUNNER_1_POS_SENSOR_LOW
 0000:00084D58       (P2017)_TGV___INTAKE_MANIFOLD_RUNNER_1_POS_SENSOR_HIGH
 0000:00084D59       (P2021)_TGV___INTAKE_MANIFOLD_RUNNER_2_POS_SENSOR_LOW
 0000:00084D5A       (P2022)_TGV___INTAKE_MANIFOLD_RUNNER_2_POS_SENSOR_HIGH
 0000:00084D5B       (P2009)_TGV___INTAKE_MANIFOLD_RUNNER_1_CIRCUIT_LOW
 0000:00084D5C       (P2012)_TGV___INTAKE_MANIFOLD_RUNNER_2_CIRCUIT_LOW
 0000:00084D5D       (P2008)_TGV___INTAKE_MANIFOLD_RUNNER_1_CIRCUIT_OPEN
 0000:00084D5E       (P2011)_TGV___INTAKE_MANIFOLD_RUNNER_2_CIRCUIT_OPEN
 0000:00084D5F       (P2444)_SECONDARY_AIR_PUMP_1_STUCK_ON_B1
 0000:00084D60       (P0411)_SECONDARY_AIR_PUMP_INCORRECT_FLOW
 0000:00084D61       (P0410)_SECONDARY_AIR_PUMP_SYSTEM
 0000:00084D62       (P2431)_SECONDARY_AIR_PUMP_CIRCUIT_RANGEPERF
 0000:00084D63       (P2433)_SECONDARY_AIR_PUMP_CIRCUIT_HIGH
 0000:00084D64       (P2432)_SECONDARY_AIR_PUMP_CIRCUIT_LOW
 0000:00084D65       (P0413)_SECONDARY_AIR_PUMP_A_OPEN
 0000:00084D66       (P0418)_SECONDARY_AIR_PUMP_RELAY_A
 0000:00084D67       (P0140)_REAR_O2_SENSOR_NO_ACTIVITY
 0000:00084D69       (P1602)_CONTROL_MODULE_PROGRAMMING_ERROR
 0000:00084D6A       (P0414)_SECONDARY_AIR_PUMP_A_SHORTED
 0000:00084D6B       (P1418)_SECONDARY_AIR_PUMP_CIRCUIT_SHORTED
 0000:00084D6C       (P0018)_CRANKSHAFTCAMSHAFT_CORRELATION_2A
 0000:00084D6D       (P0016)_CRANKSHAFTCAMSHAFT_CORRELATION_1A
 0000:00084D6E       (P1410)_SECONDARY_AIR_PUMP_VALVE_STUCK_OPEN
 0000:00084D71       (P2441)_SECONDARY_AIR_PUMP_VALVE_1_STUCK_CLOSED
 0000:00084D75       (P0441)_EVAP_INCORRECT_PURGE_FLOW
 0000:00084D76       (P2419)_EVAP_SWITCHING_VALVE_LOW
 0000:00084D77       (P2420)_EVAP_SWITCHING_VALVE_HIGH
 0000:0008633C       SBR_Copy_obd_unk
 0000:00087E06       SBR_CEL_MASTER
 0000:00088056       nullsub_15
 0000:0008805A       nullsub_16
 0000:000883B0       SBR_CEL_TRIGGER
 0000:000884C8       HOOK_CEL_TRIGGER
 0000:0008D72C       aCOFGlF
 0000:0008F962       Force_Pass_Readiness_Monitors
 0000:0009204C       aBBF
 0000:00092A34       Table_InitialMax_Wastegate_Duty_Compensation_(IAT)
 0000:00092A84       Table_InitialMax_Wastegate_Duty_Compensation_(ECT)
 0000:00092A98       Table_TD_Proportional_Compensation_(IAT)
 0000:00092AAC       Table_TD_Integral_Negative_Compensation_(IAT)
 0000:00092AC0       Table_TD_Integral_Positive_Compensation_(IAT)
 0000:00092AE8       Table_Target_Boost_Compensation_(ECT)
 0000:00092AFC       Table_Target_Boost_Compensation_(IAT)
 0000:00092B10       Table_Target_Boost_Compensation_(Atm_Pressure)
 0000:00092B24       Table_Turbo_Dynamics_Proportional
 0000:00092B38       Table_Turbo_Dynamics_Integral_Negative
 0000:00092B4C       Table_Turbo_Dynamics_Integral_Positive
 0000:00092BA0       Table_InitialMax_Wastegate_Duty_Compensation_(Atm_Pressure)
 0000:00092BD8       Table_Max_Wastegate_Duty
 0000:00092C10       Table_Initial_Wastegate_Duty_(KCA_Alternate_Mode)
 0000:00092C48       Table_Initial_Wastegate_Duty_(KCA_Additive_B_Low)
 0000:00092C80       Table_Initial_Wastegate_Duty_(KCA_Additive_B_High)
 0000:00092C9C       Table_Target_Boost_(KCA_Alternate_Mode)
 0000:00092CD4       Table_Target_Boost_(KCA_Additive_B_Low)
 0000:00092D28       Table_Target_Boost_(KCA_Additive_B_High)
 0000:00093164       Table_Front_Oxygen_Sensor_Compensation_(Atm_Pressure)
 0000:00093224       Table_MAF_Compensation_(IAT)
 0000:00093240       Table_Engine_Load_Compensation_(MP)
 0000:00093E30       Table_Cranking_Fuel_IPW_Compensation_(Accelerator)
 0000:00093E50       Table_Min_Primary_Base_Enrich_3_Decay_Delay_A
 0000:00093E5C       Table_Min_Primary_Base_Enrich_3_Decay_Delay_B
 0000:00093FAC       Table_Primary_Open_Loop_Fueling_Compensation_(Timing_Compensation)
 0000:00093FC0       Table_CL_to_OL_Transition_with_Delay_(Throttle)
 0000:00093FD4       Table_Minimum_Primary_Open_Loop_Enrichment_(Throttle)
 0000:00093FE8       Table_Minimum_Primary_Open_Loop_Enrichment_(Accelerator)
 0000:00094088       Table_Low_Pulse_Width_Fuel_Injector_Compensation
 0000:000940B0       Table_Tip_in_Enrichment_Compensation_(Boost_Error)
 0000:00094178       Table_Cranking_Fuel_Injector_Pulse_Width_A_(ECT)
 0000:0009418C       Table_Cranking_Fuel_Injector_Pulse_Width_B_(ECT)
 0000:000941A0       Table_Cranking_Fuel_Injector_Pulse_Width_C_(ECT)
 0000:000941B4       Table_Cranking_Fuel_Injector_Pulse_Width_D_(ECT)
 0000:000941C8       Table_Cranking_Fuel_Injector_Pulse_Width_E_(ECT)
 0000:000941DC       Table_Cranking_Fuel_Injector_Pulse_Width_F_(ECT)
 0000:000941F0       Table_Injector_Latency
 0000:000941FC       Table_Min_Primary_Base_Enrich_3_Initial_Start_1A
 0000:00094210       Table_Min_Primary_Base_Enrich_3_Initial_Start_1B
 0000:00094224       Table_Min_Primary_Base_Enrich_3_Initial_Start_2A
 0000:00094238       Table_Min_Primary_Base_Enrich_3_Initial_Start_2B
 0000:0009424C       Table_Min_Primary_Base_Enrich_2_Initial_Start_1A
 0000:00094260       Table_Min_Primary_Base_Enrich_2_Initial_Start_2A
 0000:00094274       Table_Min_Primary_Base_Enrich_2_Initial_Start_1B
 0000:00094288       Table_Min_Primary_Base_Enrich_2_Initial_Start_2B
 0000:0009429C       Table_Min_Primary_Base_Enrich_2_Decay_Step_1
 0000:000942B0       Table_Min_Primary_Base_Enrich_2_Decay_Step_2
 0000:00094408       Table_AF1_Correction_Prop_Gain_Determination_unk
 0000:00094530       Table_CL_to_OL_Transition_with_Delay_(Base_Pulse_Width)
 0000:00094544       Table_CL_to_OL_Transition_Counter_Step_Value_(MAF)
 0000:00094568       Table_Primary_Open_Loop_Fueling_Compensation_(ECT)
 0000:0009477C       Table_Throttle_Tip_in_Enrichment
 0000:00094790       Table_Tip_in_Enrichment_Compensation_(ECT)
 0000:000947C4       Table_Boost_Limit_(Fuel_Cut)
 0000:0009493C       Table_Cranking_Fuel_IPW_Compensation_Imm_Cruise_(RPM)
 0000:00094974       Table_Cranking_Fuel_IPW_Compensation_Imm_Non_Cruise_(RPM)
 0000:000949C8       Table_Min_Primary_Base_Enrichment_1_Non_Cruise
 0000:000949E4       Table_Min_Primary_Base_Enrichment_1_Cruise
 0000:00094A00       Table_Min_Primary_Base_Enrichment_1_(Non_Primary_OL)
 0000:00094A38       Table_Primary_Open_Loop_Fueling_(KCA_Additive_B_Low)
 0000:00094A54       Table_Primary_Open_Loop_Fueling_(KCA_Additive_B_High)
 0000:00094A70       Table_Primary_Open_Loop_Fueling_(Failsafe)(KCA_Additive_B_Low)
 0000:00094A8C       Table_Primary_Open_Loop_Fueling_(Failsafe)(KCA_Additive_B_High)
 0000:00094AA8       Table_Primary_Open_Loop_Fueling_(KCA_Alternate_Mode)
 0000:00094AC4       Table_Primary_Open_Loop_Fueling_(Failsafe)(KCA_Alternate_Mode)
 0000:00094AE0       Table_Per_Injector_Pulse_Width_Compensation_A
 0000:00094AFC       Table_Per_Injector_Pulse_Width_Compensation_B
 0000:00094B18       Table_Per_Injector_Pulse_Width_Compensation_C
 0000:00094B34       Table_Per_Injector_Pulse_Width_Compensation_D
 0000:00094BD4       Table_CL_Fueling_Target_Compensation_Imm_Cruise_(ECT)
 0000:00094C0C       Table_CL_Fueling_Target_Compensation_Imm_Non_Cruise_(ECT)
 0000:00094C60       Table_CL_Fueling_Target_Compensation_A_(Load)
 0000:00094C7C       Table_CL_Fueling_Target_Compensation_B_(Load)
 0000:00094E40       Table_Base_Timing_Idle_Minimum
 0000:00094E54       Table_Base_Timing_Idle_A_(In_Gear)
 0000:00094E68       Table_Base_Timing_Idle_B_(In_Gear)
 0000:00094E7C       Table_Base_Timing_Idle_A_(Neutral)
 0000:00094E90       Table_Base_Timing_Idle_B_(Neutral)
 0000:00094ECC       Table_Timing_Compensation_(ECT)
 0000:00094EE0       Table_Timing_Compensation_A_(IAT)
 0000:000950AC       Table_Timing_Compensation_B_(IAT)
 0000:000950C0       Table_Rough_Correction_Learning_Delay_(Increasing)
 0000:000952AC       Table_Base_Timing_Primary_Cruise
 0000:000952C8       Table_Base_Timing_Primary_Non_Cruise
 0000:000952E4       Table_Base_Timing_Reference_Cruise_(AVCS_related)
 0000:00095300       Table_Base_Timing_Reference_Non_Cruise_(AVCS_related)
 0000:0009531C       Table_Timing_Compensation_A_(IAT)_Activation
 0000:00095418       Table_Timing_Compensation_(MRP)
 0000:00095434       Table_Timing_Compensation_Per_Cylinder_A
 0000:00095450       Table_Timing_Compensation_Per_Cylinder_B
 0000:0009546C       Table_Timing_Compensation_Per_Cylinder_C
 0000:00095488       Table_Timing_Compensation_Per_Cylinder_D
 0000:000954C0       Table_Knock_Correction_Advance_Max_Additive_A_(Knock_Conditions)(IAM)
 0000:000954DC       Table_Knock_Correction_Advance_Max_Additive_B_(Knock_Conditions)
 0000:000954F8       Table_Knock_Correction_Advance_Max_Primary_Non_Cruise_(IAM)
 0000:00095514       Table_Knock_Correction_Advance_Max_Primary_Cruise_(IAM)
 0000:0009574C       Table_Idle_Airflow_Min_Target_Decel_Adder_A
 0000:00095760       Table_Idle_Airflow_Min_Target_Decel_Adder_B
 0000:00095788       Table_Idle_Speed_Target_A
 0000:000957B0       Table_Idle_Speed_Target_B
 0000:000957D8       Table_Idle_Speed_Target_C
 0000:00095C40       Table_Idle_Speed_Stability_A
 0000:00095CE8       Table_Idle_Target_Throttle_Multiplier
 0000:00095D08       Table_Idle_Target_Throttle
 0000:00095D68       Table_Target_Throttle_Plate_Position_Cruise_(Requested_Torque)
 0000:00095D84       Table_Target_Throttle_Plate_Position_Non_Cruise_(Requested_Torque)
 0000:00095DA0       Table_Target_Throttle_Plate_Position_Maximum_(Requested_Torque)
 0000:00095DBC       Table_Requested_Torque_A_(Accelerator_Pedal)
 0000:00095DD8       Table_Requested_Torque_B_(Accelerator_Pedal)
 0000:00095DF4       Table_Requested_Torque_C_(Accelerator_Pedal)
 0000:00095F0C       Table_Fuel_Temp_Sensor_Scaling
 0000:00095F18       Table_MAF_Sensor_Scaling
 0000:00095F24       Table_Front_Oxygen_Sensor_Scaling
 0000:00095FB4       Table_IGN_Dwell
 0000:00095FC8       Table_Front_AF_Sensor_Smoothing_Table
 0000:00095FDC       Table_Coolant_Temp_Sensor_Scaling
 0000:00095FE8       Table_Intake_Temp_Sensor_Scaling
 0000:00096330       Table_Intake_Cam_Advance_Angle_Cruise_(AVCS)
 0000:0009634C       Table_Intake_Cam_Advance_Angle_Non_Cruise_(AVCS)
 0000:00096390       Coolant_Temp_Sensor_Scaling_X_Axis
 0000:00096400       Coolant_Temp_Sensor_Scaling
 0000:00096470       Intake_Temp_Sensor_Scaling_X_Axis
 0000:000BD154       SBR_Target_Throttle_Unk
 0000:000BD44C       SBR_Target_Throttle_Pull3d
 0000:000BF2A4       aMsr_rfcc1_00r1
 0000:000C0000       aA2uj000j
 0000:000C028C       Manifold_Pressure_Sensor_Scaling
 0000:000C05BD       Boost_Control_Disable_Delay_(Fine_Correction)
 0000:000C05EC       TD_Activation_Thresholds_(Target_Boost)
 0000:000C05F8       TD_Integral_Negative_Activation_(Boost_Error)
 0000:000C0600       TD_Integral_Positive_Activation_(Boost_Error)
 0000:000C0604       TD_Integral_Positive_Activation_(Wastegate_Duty)
 0000:000C0610       TD_Activation_Thresholds_(RPM)
 0000:000C0618       TD_Integral_Cumulative_Range_(WGDC_Correction)
 0000:000C0628       Boost_Control_Disable_(Fine_Correction)
 0000:000C062C       Boost_Control_Disable_(IAM)
 0000:000C0638       Target_Boost_Compensation_(1st_Gear)_Speed_Disable
 0000:000C063C       Target_Boost_Compensation_(1st_Gear)
 0000:000C0644       InitialMax_Wastegate_Duty_Compensation_(ECT)_X_Axis
 0000:000C0690       InitialMax_Wastegate_Duty_Compensation_(IAT)_X_Axis
 0000:000C06D0       InitialMax_Wastegate_Duty_Compensation_(IAT)
 0000:000C0790       InitialMax_Wastegate_Duty_Compensation_(ECT)
 0000:000C07A0       TD_Proportional_Compensation_(IAT)_X_Axis
 0000:000C07B0       TD_Proportional_Compensation_(IAT)
 0000:000C07B4       TD_Integral_Negative_Compensation_(IAT)_X_Axis
 0000:000C07C4       TD_Integral_Negative_Compensation_(IAT)
 0000:000C07C8       TD_Integral_Positive_Compensation_(IAT)_X_Axis
 0000:000C07D8       TD_Integral_Positive_Compensation_(IAT)
 0000:000C07EC       Target_Boost_Compensation_(ECT)
 0000:000C07FC       Target_Boost_Compensation_(IAT)_X_Axis
 0000:000C083C       Target_Boost_Compensation_(IAT)
 0000:000C084C       Target_Boost_Compensation_(Atm_Pressure)_X_Axis
 0000:000C0860       Target_Boost_Compensation_(Atm_Pressure)
 0000:000C0868       Turbo_Dynamics_Proportional_X_Axis
 0000:000C088C       Turbo_Dynamics_Proportional
 0000:000C08A0       Turbo_Dynamics_Integral_Negative_X_Axis
 0000:000C08C4       Turbo_Dynamics_Integral_Negative
 0000:000C08D8       Turbo_Dynamics_Integral_Positive_X_Axis
 0000:000C08FC       Turbo_Dynamics_Integral_Positive
 0000:000C099C       InitialMax_Wastegate_Duty_Compensation_(Atm_Pressure)_X_AXIS
 0000:000C09B4       InitialMax_Wastegate_Duty_Compensation_(Atm_Pressure)_Y_AXIS
 0000:000C09C4       InitialMax_Wastegate_Duty_Compensation_(Atm_Pressure)
 0000:000C09F4       Max_Wastegate_Duty_X_AXIS
 0000:000C0A14       Max_Wastegate_Duty_Y_AXIS
 0000:000C0A3C       Max_Wastegate_Duty
 0000:000C0AF4       Initial_Wastegate_Duty_(KCA_Alternate_Mode)_X_AXIS
 0000:000C0B14       Initial_Wastegate_Duty_(KCA_Alternate_Mode)_Y_AXIS
 0000:000C0B3C       Initial_Wastegate_Duty_(KCA_Alternate_Mode)
 0000:000C0BF4       Initial_Wastegate_Duty_(KCA_Additive_B_Low)_X_AXIS
 0000:000C0C14       Initial_Wastegate_Duty_(KCA_Additive_B_Low)_Y_AXIS
 0000:000C0C3C       Initial_Wastegate_Duty_(KCA_Additive_B_Low)
 0000:000C0CF4       Initial_Wastegate_Duty_(KCA_Additive_B_High)_X_AXIS
 0000:000C0D14       Initial_Wastegate_Duty_(KCA_Additive_B_High)_Y_AXIS
 0000:000C0D3C       Initial_Wastegate_Duty_(KCA_Additive_B_High)
 0000:000C0DDC       Target_Boost_(KCA_Alternate_Mode)_X_AXIS
 0000:000C0DFC       Target_Boost_(KCA_Alternate_Mode)_Y_AXIS
 0000:000C0E34       Target_Boost_(KCA_Alternate_Mode)
 0000:000C0F2C       Target_Boost_(KCA_Additive_B_Low)_X_AXIS
 0000:000C0F4C       Target_Boost_(KCA_Additive_B_Low)_Y_AXIS
 0000:000C0F84       Target_Boost_(KCA_Additive_B_Low)
 0000:000C1094       Target_Boost_(KCA_Additive_B_High)_X_AXIS
 0000:000C10B4       Target_Boost_(KCA_Additive_B_High)_Y_AXIS
 0000:000C10EC       Target_Boost_(KCA_Additive_B_High)
 0000:000C2210       aLLSss@
 0000:000C28C4       aA1?Lla?AkA
 0000:000C28D8       a@a
 0000:000C2990       MAF_Limit_(Maximum)
 0000:000C29B0       dLoadSmoothingAlt
 0000:000C29B4       dLoadSmoothingB
 0000:000C29B8       dLoadSmoothingA
 0000:000C29C4       dLoadSmoothingFinal
 0000:000C2B78       Gear_Determination_Thresholds
 0000:000C2E4C       Front_Oxygen_Sensor_Compensation_(Atm_Pressure)_X_Axis
 0000:000C2E5C       Front_Oxygen_Sensor_Compensation_(Atm_Pressure)
 0000:000C2F70       aEMyuxQfOWfa
 0000:000C3100       MAF_Compensation_(IAT)_X_AXIS
 0000:000C3114       MAF_Compensation_(IAT)_Y_AXIS
 0000:000C3134       MAF_Compensation_(IAT)
 0000:000C315C       Engine_Load_Compensation_(MP)_X_AXIS
 0000:000C3188       Engine_Load_Compensation_(MP)_Y_AXIS
 0000:000C31B8       Engine_Load_Compensation_(MP)
 0000:000C3805       Manifold_Pressure_Sensor_CEL_Delays
 0000:000C3C68       aA33ac33?Ss?Ssa33A
 0000:000C3C80       a?
 0000:000C3C84       aDma
 0000:000C3C88       aB
 0000:000C3C8C       aB_0
 0000:000C3C90       a?bp?a
 0000:000C3C9C       a?_2
 0000:000C3CA0       a?fff
 0000:000C3CA8       aA_1
 0000:000C3CB0       a@_1
 0000:000C3E14       aLL?333bm
 0000:000C3E28       aAa
 0000:000C3E2C       a@_0
 0000:000C3E34       aBh
 0000:000C4010       aHbsahbsa@Ffd
 0000:000C4020       aLcxe
 0000:000C5340       aUPTJEAAiMshAI
 0000:000C5378       aD
 0000:000C5E80       aS3y93333s3pd70d0dff@
 0000:000C808C       a?sss@333@yss@yss@yss@yss?sss@333@yss@yss@yss@yss?sss@333@yss@yss
 0000:000C80DC       a@yss@yss@yss@yss?sss@@
 0000:000C80F4       a@yss@yss@yss@yss?sss@@_0
 0000:000C810C       a@yss@yss@yss@yss?sss@@_1
 0000:000C8124       a@yss@yss@yss@yss
 0000:000C82E0       aUwn0u2PXWSLSL
 0000:000C86A5       Tip_in_Enrichment_Disable_Applied_Counter_Threshold
 0000:000C86A6       Tip_in_Enrichment_Applied_Counter_Reset
 0000:000C86A7       Tip_in_Throttle_Cumulative_Reset
 0000:000C86EC       CL_Delay_Engine_Load_Counter_Threshold
 0000:000C86F2       CL_to_OL_Delay
 0000:000C86FA       Hotstart_Minimum_Enrichment_Limit_Runtime
 0000:000C86FC       Hotstart_Maximum_Non_Idle_Enrichment_Delay
 0000:000C87FC       Injector_Flow_Scaling
 0000:000C8800       Min_Primary_Base_Enrich_3_Decay_Multiplier
 0000:000C8828       aEAUPLL
 0000:000C883C       a?yssG8qi?a
 0000:000C884C       a@
 0000:000C8880       Const_AF_1_Correction_Prop_Gain_Determinations_Numerator_Multiplier
 0000:000C88B0       a?yssL?fff?@
 0000:000C88C4       a?333?s33A
 0000:000C88D0       a@a_0
 0000:000C88D4       aB_1
 0000:000C89BC       AF_Learning_1_Limits
 0000:000C89C8       AF_1_Learning_Min_Threshold
 0000:000C89D8       AF_1_Learning_Max_Threshold
 0000:000C8A34       Primary_Open_Loop_Fuel_Map_Switch_(IAM)
 0000:000C8A38       Minimum_Active_Primary_Open_Loop_Enrichment
 0000:000C8A3C       CL_to_OL_Transition_with_Delay_Throttle_Hysteresis
 0000:000C8A40       CL_to_OL_Transition_with_Delay_BPW_Hysteresis
 0000:000C8A44       CL_Delay_Minimum_(ECT)
 0000:000C8A48       CL_Delay_Maximum_Engine_Speed_(Per_Gear)
 0000:000C8A98       CL_Delay_Maximum_Engine_Speed_(Neutral)
 0000:000C8AB8       CL_Delay_Maximum_(Throttle)
 0000:000C8ABC       CL_Delay_Maximum_(Vehicle_Speed)
 0000:000C8ACC       CL_Delay_Maximum_(Engine_Load)
 0000:000C8AF0       Hotstart_High_Enrichment_Activation_Threshold_(Coolant_Temperature)
 0000:000C8AF4       Hotstart_Low_Enrichment_Activation_Threshold_(Coolant_Temperature)
 0000:000C8AF8       Hotstart_High_Enrichment_Activation_Threshold_(Intake_Air_Temperature)
 0000:000C8AFC       Hotstart_Low_Enrichment_Activation_Threshold_(Minimum_Intake_Air_Temperature)
 0000:000C8B00       Initial_Hotstart_Enrichment_(High)
 0000:000C8B04       Initial_Hotstart_Enrichment_(Low)
 0000:000C8B08       Hotstart_Minimum_Enrichment_(During_Delay_and_Runtime)
 0000:000C8B0C       Hotstart_Enrichment_Decay_Step
 0000:000C8B10       Maximum_Non_Idle_Hotstart_Enrichment_(Post_Delay)
 0000:000C8C04       Low_pulse_width_fuel_injector_compensation_maximum_RPM
 0000:000C8C08       Low_pulse_width_fuel_injector_compensation_maximum_IPW
 0000:000C8C98       Overrun_Enrich_RPM_Delta_Activation
 0000:000C8C9C       Overrun_initial_injector_enrichment_(pulsewidth)
 0000:000C8CA0       Minimum_Tip_in_Enrichment_Activation_(Throttle)
 0000:000C8CA4       Tip_in_Enrichment_Disable_Throttle_Cumulative_Threshold
 0000:000C8CA8       Minimum_Tip_in_Enrichment_Activation
 0000:000C8CE4       Overrun_Fueling_Cut_Counter_RPM_Threshold
 0000:000C8CF8       Rev_Limit_(Fuel_Cut)
 0000:000C8D00       Rev_Limit_Fuel_Resume_(Boost)
 0000:000C8D48       Speed_Limiting_Enable_(Fuel_Cut)
 0000:000C8D54       Speed_Limiting_Disable_(Fuel_Cut)
 0000:000C8DF4       a?Q?zsg?Q?zsg
 0000:000C8E24       Min_Primary_Base_Enrich_3_Decay_Delay_B_X_Axis
 0000:000C8F40       Cranking_Fuel_IPW_Compensation_(Accelerator)_X_Axis
 0000:000C8F58       Cranking_Fuel_IPW_Compensation_(Accelerator)
 0000:000C8F6E       Min_Primary_Base_Enrich_3_Decay_Delay_A
 0000:000C8F7E       Min_Primary_Base_Enrich_3_Decay_Delay_B
 0000:000C9174       Primary_Open_Loop_Fueling_Compensation_(Timing_Compensation)_X_Axis
 0000:000C918C       Primary_Open_Loop_Fueling_Compensation_(Timing_Compensation)
 0000:000C9194       CL_to_OL_Transition_with_Delay_(Throttle)_X_Axis
 0000:000C91D4       CL_to_OL_Transition_with_Delay_(Throttle)
 0000:000C91E4       Minimum_Primary_Open_Loop_Enrichment_(Throttle)_X_Axis
 0000:000C91FC       Minimum_Primary_Open_Loop_Enrichment_(Throttle)
 0000:000C9204       Minimum_Primary_Open_Loop_Enrichment_(Accelerator)_X_Axis
 0000:000C921C       Minimum_Primary_Open_Loop_Enrichment_(Accelerator)
 0000:000C9290       Low_Pulse_Width_Fuel_Injector_Compensation_X_Axis
 0000:000C92B0       Low_Pulse_Width_Fuel_Injector_Compensation
 0000:000C9308       Tip_in_Enrichment_Compensation_(Boost_Error)_X_Axis
 0000:000C932C       Tip_in_Enrichment_Compensation_(Boost_Error)
 0000:000C9358       aIiiiiiii333mfaaaaaaa333mfaaaaaaa
 0000:000C9456       Cranking_Fuel_Injector_Pulse_Width_A_(ECT)
 0000:000C9476       Cranking_Fuel_Injector_Pulse_Width_B_(ECT)
 0000:000C9496       Cranking_Fuel_Injector_Pulse_Width_C_(ECT)
 0000:000C94B6       Cranking_Fuel_Injector_Pulse_Width_D_(ECT)
 0000:000C94D6       Cranking_Fuel_Injector_Pulse_Width_E_(ECT)
 0000:000C94F6       Cranking_Fuel_Injector_Pulse_Width_F_(ECT)
 0000:000C9518       Injector_Latency_X_Axis
 0000:000C952C       Injector_Latency
 0000:000C9536       Min_Primary_Base_Enrich_3_Initial_Start_1A
 0000:000C9556       Min_Primary_Base_Enrich_3_Initial_Start_1B
 0000:000C9576       Min_Primary_Base_Enrich_3_Initial_Start_2A
 0000:000C9596       Min_Primary_Base_Enrich_3_Initial_Start_2B
 0000:000C95B6       Min_Primary_Base_Enrich_2_Initial_Start_1A
 0000:000C95D6       Min_Primary_Base_Enrich_2_Initial_Start_2A
 0000:000C95F6       Min_Primary_Base_Enrich_2_Initial_Start_1B
 0000:000C9616       Min_Primary_Base_Enrich_2_Initial_Start_2B
 0000:000C9636       Min_Primary_Base_Enrich_2_Decay_Step_1
 0000:000C9656       Min_Primary_Base_Enrich_2_Decay_Step_2
 0000:000C9754       aLSss?l?a
 0000:000C9B1C       aSSSSSSSSSSSSSSSSA
 0000:000C9B3E       aA_2
 0000:000C9B40       aA_3
 0000:000C9B42       aA_4
 0000:000C9B44       aYA
 0000:000C9B4A       aA_5
 0000:000C9B4C       aA_6
 0000:000C9B4E       aA_7
 0000:000C9B50       aA_8
 0000:000C9B52       aA_9
 0000:000C9B54       aA_10
 0000:000C9B56       aA_11
 0000:000C9B58       aA_12
 0000:000C9B5A       aA_13
 0000:000C9B5C       a?_3
 0000:000C9C08       CL_to_OL_Transition_with_Delay_(Base_Pulse_Width)_X_Axis
 0000:000C9C48       CL_to_OL_Transition_with_Delay_(Base_Pulse_Width)
 0000:000C9C68       CL_to_OL_Transition_Counter_Step_Value_(MAF)_X_Axis
 0000:000C9C90       CL_to_OL_Transition_Counter_Step_Value_(MAF)
 0000:000C9D1C       Primary_Open_Loop_Fueling_Compensation_(ECT)
 0000:000C9D24       a1KDzgoqYA
 0000:000C9D34       aA_14
 0000:000C9D36       aA_15
 0000:000C9D38       aA_16
 0000:000C9D3A       aA_17
 0000:000C9DAA       aG3g3g3g3g3g3g3A
 0000:000C9DC8       aA_18
 0000:000C9DCA       aA_19
 0000:000C9DCC       aA_20
 0000:000C9DCE       aA_21
 0000:000C9DD0       aA_22
 0000:000C9DD2       aA_23
 0000:000C9DD4       aLSss?
 0000:000CA214       Throttle_Tip_in_Enrichment_X_Axis
 0000:000CA25C       Throttle_Tip_in_Enrichment
 0000:000CA280       Tip_in_Enrichment_Compensation_(ECT)
 0000:000CA2F0       Boost_Limit_(Fuel_Cut)_X_Axis
 0000:000CA308       Boost_Limit_(Fuel_Cut)
 0000:000CA584       Cranking_Fuel_IPW_Compensation_Imm_Cruise_(RPM)_X_AXIS
 0000:000CA598       Cranking_Fuel_IPW_Compensation_Imm_Cruise_(RPM)_Y_AXIS
 0000:000CA5B4       Cranking_Fuel_IPW_Compensation_Imm_Cruise_(RPM)
 0000:000CA5EC       Cranking_Fuel_IPW_Compensation_Imm_Non_Cruise_(RPM)_X_AXIS
 0000:000CA600       Cranking_Fuel_IPW_Compensation_Imm_Non_Cruise_(RPM)_Y_AXIS
 0000:000CA61C       Cranking_Fuel_IPW_Compensation_Imm_Non_Cruise_(RPM)
 0000:000CA6B0       Min_Primary_Base_Enrichment_1_Non_Cruise_Y_AXIS
 0000:000CA6D0       Min_Primary_Base_Enrichment_1_Non_Cruise
 0000:000CA750       Min_Primary_Base_Enrichment_1_Cruise_Y_AXIS
 0000:000CA774       Min_Primary_Base_Enrichment_1_Cruise
 0000:000CA804       Min_Primary_Base_Enrichment_1_(Non_Primary_OL)_X_AXIS
 0000:000CA82C       Min_Primary_Base_Enrichment_1_(Non_Primary_OL)_Y_AXIS
 0000:000CA838       Min_Primary_Base_Enrichment_1_(Non_Primary_OL)
 0000:000CA900       Primary_Open_Loop_Fueling_(KCA_Additive_B_Low)_X_AXIS
 0000:000CA94C       Primary_Open_Loop_Fueling_(KCA_Additive_B_Low)_Y_AXIS
 0000:000CA994       Primary_Open_Loop_Fueling_(KCA_Additive_B_Low)
 0000:000CAAEC       Primary_Open_Loop_Fueling_(KCA_Additive_B_High)_X_AXIS
 0000:000CAB38       Primary_Open_Loop_Fueling_(KCA_Additive_B_High)_Y_AXIS
 0000:000CAB80       Primary_Open_Loop_Fueling_(KCA_Additive_B_High)
 0000:000CACD8       Primary_Open_Loop_Fueling_(Failsafe)(KCA_Additive_B_Low)_X_AXIS
 0000:000CAD24       Primary_Open_Loop_Fueling_(Failsafe)(KCA_Additive_B_Low)_Y_AXIS
 0000:000CAD6C       Primary_Open_Loop_Fueling_(Failsafe)(KCA_Additive_B_Low)
 0000:000CAEC4       Primary_Open_Loop_Fueling_(Failsafe)(KCA_Additive_B_High)_X_AXIS
 0000:000CAF10       Primary_Open_Loop_Fueling_(Failsafe)(KCA_Additive_B_High)_Y_AXIS
 0000:000CAF58       Primary_Open_Loop_Fueling_(Failsafe)(KCA_Additive_B_High)
 0000:000CB0B0       Primary_Open_Loop_Fueling_(KCA_Alternate_Mode)_X_AXIS
 0000:000CB0FC       Primary_Open_Loop_Fueling_(KCA_Alternate_Mode)_Y_AXIS
 0000:000CB144       Primary_Open_Loop_Fueling_(KCA_Alternate_Mode)
 0000:000CB29C       Primary_Open_Loop_Fueling_(Failsafe)(KCA_Alternate_Mode)_X_AXIS
 0000:000CB2E8       Primary_Open_Loop_Fueling_(Failsafe)(KCA_Alternate_Mode)_Y_AXIS
 0000:000CB330       Primary_Open_Loop_Fueling_(Failsafe)(KCA_Alternate_Mode)
 0000:000CB488       Per_Injector_Pulse_Width_Compensation_A_X_AXIS
 0000:000CB4CC       Per_Injector_Pulse_Width_Compensation_A_Y_AXIS
 0000:000CB50C       Per_Injector_Pulse_Width_Compensation_A
 0000:000CB61C       Per_Injector_Pulse_Width_Compensation_B_X_AXIS
 0000:000CB660       Per_Injector_Pulse_Width_Compensation_B_Y_AXIS
 0000:000CB6A0       Per_Injector_Pulse_Width_Compensation_B
 0000:000CB7B0       Per_Injector_Pulse_Width_Compensation_C_X_AXIS
 0000:000CB7F4       Per_Injector_Pulse_Width_Compensation_C_Y_AXIS
 0000:000CB834       Per_Injector_Pulse_Width_Compensation_C
 0000:000CB944       Per_Injector_Pulse_Width_Compensation_D_X_AXIS
 0000:000CB988       Per_Injector_Pulse_Width_Compensation_D_Y_AXIS
 0000:000CB9C8       Per_Injector_Pulse_Width_Compensation_D
 0000:000CBD4C       CL_Fueling_Target_Compensation_Imm_Cruise_(ECT)_Y_AXIS
 0000:000CBD58       CL_Fueling_Target_Compensation_Imm_Cruise_(ECT)
 0000:000CBE24       CL_Fueling_Target_Compensation_Imm_Non_Cruise_(ECT)_Y_AXIS
 0000:000CBE30       CL_Fueling_Target_Compensation_Imm_Non_Cruise_(ECT)
 0000:000CBE40       aA_24
 0000:000CBE42       aA_25
 0000:000CBE44       aA_26
 0000:000CBE46       aA_27
 0000:000CBE48       aA_28
 0000:000CBE4A       aA_29
 0000:000CBE4C       aA_30
 0000:000CBE4E       aA_31
 0000:000CBE50       aJfjfjfjfsSSSSA
 0000:000CBE64       aA_32
 0000:000CBE66       aA_33
 0000:000CBE68       aA_34
 0000:000CBE6A       aA_35
 0000:000CBE6C       aA_36
 0000:000CBE6E       aA_37
 0000:000CBE70       aJfjfjfjfjfjfjfjfjfsSMA
 0000:000CBE8A       aA_38
 0000:000CBE8C       aA_39
 0000:000CBE8E       aA_40
 0000:000CBE90       aLSss?_0
 0000:000CC0F0       CL_Fueling_Target_Compensation_A_(Load)_X_AXIS
 0000:000CC11C       CL_Fueling_Target_Compensation_A_(Load)_Y_AXIS
 0000:000CC144       CL_Fueling_Target_Compensation_A_(Load)
 0000:000CC220       CL_Fueling_Target_Compensation_B_(Load)_X_AXIS
 0000:000CC24C       CL_Fueling_Target_Compensation_B_(Load)_Y_AXIS
 0000:000CC274       CL_Fueling_Target_Compensation_B_(Load)
 0000:000CCD0C       a33333333
 0000:000CCD24       a33333333_0
 0000:000CCD40       Knock_Correction_Advance_Alternate_Mode
 0000:000CCD6E       Feedback_Correction_Negative_Advance_Delay
 0000:000CCD7E       Fine_Correction_Advance_Delay
 0000:000CCDDC       a?333?333?333?333bp
 0000:000CCE68       Base_Timing_Idle_Minimum_Vehicle_Speed_Enable
 0000:000CCFB0       Timing_Compensation_B_(IAT)_Max_Additive
 0000:000CCFCC       Timing_Compensation_B_(IAT)_IAM_Activation
 0000:000CCFD0       Timing_Comp_Maximum_RPM_(Per_Cylinder)
 0000:000CCFD4       Timing_Comp_Minimum_Load_(Per_Cylinder)
 0000:000CCFD8       Timing_Comp_Minimum_Coolant_Temp_(Per_Cylinder)
 0000:000CCFE4       Feedback_Correction_Range_(RPM)
 0000:000CD000       Feedback_Correction_Retard_Limit
 0000:000CD004       Feedback_Correction_Retard_Value
 0000:000CD008       Feedback_Correction_Negative_Advance_Value
 0000:000CD010       Extended_Feedback_Correction_High_RPM_Compensation
 0000:000CD020       Fine_Correction_Minimum_(RPM)
 0000:000CD0B8       Knock_Correction_Advance_Additive_Range_(RPM)
 0000:000CD0D8       Rough_Correction_Range_(RPM)
 0000:000CD0E8       Rough_Correction_Range_(Load)
 0000:000CD0F8       Rough_Correction_Minimum_KC_Advance_Map_Value
 0000:000CD0FC       Advance_Multiplier_(Initial)
 0000:000CD100       Advance_Multiplier_Step_Value
 0000:000CD128       Fine_Correction_Columns_(Load)
 0000:000CD138       Fine_Correction_Rows_(RPM)
 0000:000CD15C       Fine_Correction_Advance_Limit
 0000:000CD160       Fine_Correction_Advance_Value
 0000:000CD164       Fine_Correction_Retard_Limit
 0000:000CD168       Fine_Correction_Retard_Value
 0000:000CD16C       Fine_Correction_Maximum_(RPM)
 0000:000CD174       Fine_Correction_Range_(Load)
 0000:000CD1B0       Timing_Compensation_(ECT)_X_Axis
 0000:000CD240       aRrrrrrrrdug
 0000:000CD250       aDh
 0000:000CD344       Base_Timing_Idle_Minimum_X_Axis
 0000:000CD368       Base_Timing_Idle_Minimum
 0000:000CD371       Base_Timing_Idle_A_(In_Gear)
 0000:000CD381       Base_Timing_Idle_B_(In_Gear)
 0000:000CD391       Base_Timing_Idle_A_(Neutral)
 0000:000CD3A1       Base_Timing_Idle_B_(Neutral)
 0000:000CD3D1       Timing_Compensation_(ECT)
 0000:000CD3E4       Timing_Compensation_A_(IAT)_X_Axis
 0000:000CD424       Timing_Compensation_A_(IAT)
 0000:000CD504       aGggggggg
 0000:000CD5A4       a99999999
 0000:000CD5F4       aUuggg999
 0000:000CD6BC       Timing_Compensation_B_(IAT)_X_Axis
 0000:000CD6FC       Timing_Compensation_B_(IAT)
 0000:000CD70C       Rough_Correction_Learning_Delay_(Increasing)_X_Axis
 0000:000CD734       Rough_Correction_Learning_Delay_(Increasing)
 0000:000CD948       aIIPnwfrRNS
 0000:000CD968       aGGGGGGGGGGGGGGG
 0000:000CDD88       Base_Timing_Primary_Cruise_X_AXIS
 0000:000CDDD4       Base_Timing_Primary_Cruise_Y_AXIS
 0000:000CDE1C       Base_Timing_Primary_Cruise
 0000:000CDF74       Base_Timing_Primary_Non_Cruise_X_AXIS
 0000:000CDFC0       Base_Timing_Primary_Non_Cruise_Y_AXIS
 0000:000CE008       Base_Timing_Primary_Non_Cruise
 0000:000CE160       Base_Timing_Reference_Cruise_(AVCS_related)_X_AXIS
 0000:000CE1AC       Base_Timing_Reference_Cruise_(AVCS_related)_Y_AXIS
 0000:000CE1F4       Base_Timing_Reference_Cruise_(AVCS_related)
 0000:000CE34C       Base_Timing_Reference_Non_Cruise_(AVCS_related)_X_AXIS
 0000:000CE398       Base_Timing_Reference_Non_Cruise_(AVCS_related)_Y_AXIS
 0000:000CE3E0       Base_Timing_Reference_Non_Cruise_(AVCS_related)
 0000:000CE538       Timing_Compensation_A_(IAT)_Activation_X_AXIS
 0000:000CE558       Timing_Compensation_A_(IAT)_Activation_Y_AXIS
 0000:000CE578       Timing_Compensation_A_(IAT)_Activation
 0000:000CE588       aAaaaaaaaaaaaaaaaaaaaaaaaaaaaaaaaaaaaaaaaaaaaaaaaC
 0000:000CE788       Timing_Compensation_(MRP)_X_AXIS
 0000:000CE79C       Timing_Compensation_(MRP)_Y_AXIS
 0000:000CE7A8       Timing_Compensation_(MRP)
 0000:000CE7B8       Timing_Compensation_Per_Cylinder_A_X_AXIS
 0000:000CE7F0       Timing_Compensation_Per_Cylinder_A_Y_AXIS
 0000:000CE800       Timing_Compensation_Per_Cylinder_A
 0000:000CE838       Timing_Compensation_Per_Cylinder_B_X_AXIS
 0000:000CE870       Timing_Compensation_Per_Cylinder_B_Y_AXIS
 0000:000CE880       Timing_Compensation_Per_Cylinder_B
 0000:000CE8B8       Timing_Compensation_Per_Cylinder_C_X_AXIS
 0000:000CE8F0       Timing_Compensation_Per_Cylinder_C_Y_AXIS
 0000:000CE900       Timing_Compensation_Per_Cylinder_C
 0000:000CE938       Timing_Compensation_Per_Cylinder_D_X_AXIS
 0000:000CE970       Timing_Compensation_Per_Cylinder_D_Y_AXIS
 0000:000CE980       Timing_Compensation_Per_Cylinder_D
 0000:000CE9D8       Knock_Correction_Advance_Max_Additive_A_(Knock_Conditions)(IAM)_X_AXIS
 0000:000CEA24       Knock_Correction_Advance_Max_Additive_A_(Knock_Conditions)(IAM)_Y_AXIS
 0000:000CEA6C       Knock_Correction_Advance_Max_Additive_A_(Knock_Conditions)(IAM)
 0000:000CEBC4       Knock_Correction_Advance_Max_Additive_B_(Knock_Conditions)_X_AXIS
 0000:000CEC10       Knock_Correction_Advance_Max_Additive_B_(Knock_Conditions)_Y_AXIS
 0000:000CEC58       Knock_Correction_Advance_Max_Additive_B_(Knock_Conditions)
 0000:000CEDB0       Knock_Correction_Advance_Max_Primary_Non_Cruise_(IAM)_X_AXIS
 0000:000CEDFC       Knock_Correction_Advance_Max_Primary_Non_Cruise_(IAM)_Y_AXIS
 0000:000CEE44       Knock_Correction_Advance_Max_Primary_Non_Cruise_(IAM)
 0000:000CEF9C       Knock_Correction_Advance_Max_Primary_Cruise_(IAM)_X_AXIS
 0000:000CEFE8       Knock_Correction_Advance_Max_Primary_Cruise_(IAM)_Y_AXIS
 0000:000CF030       Knock_Correction_Advance_Max_Primary_Cruise_(IAM)
 0000:000CF364       Idle_Airflow_Min_Target_Decel_Initial_Idle_Activation_Max_Mode_Counter
 0000:000CF470       Idle_Airflow_Min_Target_Decel_Adder_Active_Veh_Speed_A
 0000:000CF474       Idle_Airflow_Min_Target_Decel_Adder_Active_Veh_Speed_B
 0000:000CF478       Idle_Airflow_Min_Target_Decel_Initial_Idle_Min_Airflow_A
 0000:000CF47C       Idle_Airflow_Min_Target_Decel_Initial_Idle_Min_Airflow_B
 0000:000CF4A0       Idle_Airflow_Min_Target_Decel_Ramping_Adder_Decreasing
 0000:000CF4A4       Idle_Airflow_Min_Target_Decel_Ramping_Adder_Increasing
 0000:000CF4D0       Idle_Rolling_in_Gear_Limit_A
 0000:000CF4D8       Idle_Rolling_in_Gear_Limit_B
 0000:000CF4E0       Idle_Rolling_in_Gear_Limit_C
 0000:000CF4E8       Idle_Rolling_in_Gear_Limit_D
 0000:000CF560       Idle_Speed_Stability_Minimum
 0000:000CF564       Idle_Speed_Stability_Maximum
 0000:000CF77C       aP
 0000:000CF790       a@333
 0000:000CF798       aBa
 0000:000CF840       Idle_Speed_Target_C_X_Axis
 0000:000CFCA0       Idle_Airflow_Min_Target_Decel_Adder_A_X_Axis
 0000:000CFCA8       Idle_Airflow_Min_Target_Decel_Adder_A
 0000:000CFCEC       Idle_Airflow_Min_Target_Decel_Adder_B
 0000:000CFD24       Idle_Speed_Target_A
 0000:000CFD64       Idle_Speed_Target_B
 0000:000CFDA4       Idle_Speed_Target_C
 0000:000D0A90       Idle_Speed_Stability_A_Y_AXIS
 0000:000D0ABC       Idle_Speed_Stability_A
 0000:000D0FEC       OBD_CALID_BYTECOUNT
 0000:000D0FED       OBD_CALID_BASE
 0000:000D0FEE       OBD_CALID_BYTE_1
 0000:000D0FEF       OBD_CALID_BYTE_2
 0000:000D0FF0       OBD_CALID_BYTE_3
 0000:000D0FF1       OBD_CALID_BYTE_4
 0000:000D0FF2       OBD_CALID_BYTE_5
 0000:000D0FF3       OBD_CALID_BYTE_6
 0000:000D0FF4       OBD_CALID_BYTE_7
 0000:000D11C6       Manifold_Pressure_Sensor_Limits_(CEL)
 0000:000D145C       Fuel_Temp_Sensor_Scaling_X_Axis
 0000:000D14D4       Fuel_Temp_Sensor_Scaling
 0000:000D154C       MAF_Sensor_Scaling_X_Axis
 0000:000D1628       MAF_Sensor_Scaling
 0000:000D1704       Front_Oxygen_Sensor_Scaling_X_Axis
 0000:000D1738       Front_Oxygen_Sensor_Scaling
 0000:000D1C88       aSssSss?fff?
 0000:000D1E30       Front_AF_Sensor_Smoothing_Table_X_AXIS
 0000:000D1E40       Front_AF_Sensor_Smoothing_Table_Y_AXIS
 0000:000D1E50       Front_AF_Sensor_Smoothing_Table
 0000:000D1EC4       Radiator_Fan_Modes_A_(ECT)
 0000:000D1ED4       Radiator_Fan_Modes_B_(ECT)
 0000:000D1EE4       Radiator_Fan_Modes_(Veh_Speed)
 0000:000D2480       ECU_ID
 0000:000D2A44       a?La33bs33b
 0000:000D2A58       aA
 0000:000D2A5C       a@a_1
 0000:000D2A60       aA_0
 0000:000D2A64       a@a_2
 0000:000D2A68       a?a
 0000:000D2A6C       a?a_0
 0000:000D2A70       a?_0
 0000:000D2A74       a?_1
 0000:000D31A8       Intake_Cam_Advance_Angle_Cruise_(AVCS)_X_AXIS
 0000:000D31F4       Intake_Cam_Advance_Angle_Cruise_(AVCS)_Y_AXIS
 0000:000D323C       Intake_Cam_Advance_Angle_Cruise_(AVCS)
 0000:000D34E8       Intake_Cam_Advance_Angle_Non_Cruise_(AVCS)_X_AXIS
 0000:000D3534       Intake_Cam_Advance_Angle_Non_Cruise_(AVCS)_Y_AXIS
 0000:000D357C       Intake_Cam_Advance_Angle_Non_Cruise_(AVCS)
 0000:000DB808       aAtqia733atqia733ap
 0000:000DB81C       a@Elx
 0000:000DB824       aElx
 0000:000DB828       aElx_0
 0000:000DB82C       aE
 0000:000DB840       Speed_Limiting_(Throttle)
 0000:000DB964       Table_Idle_Target_Throttle_Min
 0000:000DB968       Table_Idle_Target_Throttle_Max
 0000:000DBC68       aAaaaaaaaaaaaaaaaaaaaaaaaaaaaaaaaaaaaaaaaaaaaaaaaaaaaaaaaaaaaaaaa
 0000:000DBCE8       aAaaaaaaaaaaaaaaaaaaaaaaaaaaaaaaaaaaaaaaaaaaaaaaaaaaaaaaaaaaaaaaa_0
 0000:000DBDA8       Target_Throttle_Plate_Position_Cruise_(Requested_Torque)_X_AXIS
 0000:000DBDF0       Target_Throttle_Plate_Position_Cruise_(Requested_Torque)_Y_AXIS
 0000:000DBE30       Target_Throttle_Plate_Position_Cruise_(Requested_Torque)
 0000:000DC070       Target_Throttle_Plate_Position_Non_Cruise_(Requested_Torque)_X_AXIS
 0000:000DC0B8       Target_Throttle_Plate_Position_Non_Cruise_(Requested_Torque)_Y_AXIS
 0000:000DC0F8       Target_Throttle_Plate_Position_Non_Cruise_(Requested_Torque)
 0000:000DC338       Target_Throttle_Plate_Position_Maximum_(Requested_Torque)_X_AXIS
 0000:000DC380       Target_Throttle_Plate_Position_Maximum_(Requested_Torque)_Y_AXIS
 0000:000DC3C0       Target_Throttle_Plate_Position_Maximum_(Requested_Torque)
 0000:000DC600       Requested_Torque_A_(Accelerator_Pedal)_X_AXIS
 0000:000DC63C       Requested_Torque_A_(Accelerator_Pedal)_Y_AXIS
 0000:000DC684       Requested_Torque_A_(Accelerator_Pedal)
 0000:000DC8A0       Requested_Torque_B_(Accelerator_Pedal)_X_AXIS
 0000:000DC8DC       Requested_Torque_B_(Accelerator_Pedal)_Y_AXIS
 0000:000DC924       Requested_Torque_B_(Accelerator_Pedal)
 0000:000DCB40       Requested_Torque_C_(Accelerator_Pedal)_X_AXIS
 0000:000DCB7C       Requested_Torque_C_(Accelerator_Pedal)_Y_AXIS
 0000:000DCBC4       Requested_Torque_C_(Accelerator_Pedal)
 0000:000E2000       ROMHOLE_START
 0000:000FFB80       Checksum_Fix
 0000:FFFF2004       pObdVinDirect
 0000:FFFF203A       E_OBD_VIN_BASE
 0000:FFFF21D4       E_Atmospheric_Pressure_Unk_A_0
 0000:FFFF21DC       E_Atmospheric_Pressure_Unk_A
 0000:FFFF2DAC       E_AF_Learning_1_A_StoredExt_E44
 0000:FFFF2DB4       E_AF_Learning_1_B_StoredExt_E45
 0000:FFFF2DBC       E_AF_Learning_1_C_StoredExt_E46
 0000:FFFF2DC4       E_AF_Learning_1_D_StoredExt_E47
 0000:FFFF2E30       E_IAM_4byteExt_E31
 0000:FFFF5C02       E_MAF_Volts_Direct
 0000:FFFF5C16       E_Throttle_Sensor_Voltage
 0000:FFFF5CA4       E_IAT_DIRECT
 0000:FFFF5CAC       SSM_Battery_Volts
 0000:FFFF5CB4       E_Coolant_Temp
 0000:FFFF5CD8       E_MAF_GS_Direct
 0000:FFFF5CF4       E_EngineSpeed_Prelim_RPM_5CF4
 0000:FFFF5CFC       E_Target_Throttle_Unk
 0000:FFFF5DF4       E_ATU_Signals
 0000:FFFF5E14       E_ATU_IGN_DwellOffsets
 0000:FFFF5E24       E_IgnitionDwell
 0000:FFFF5E28       E_ATU_DegreesTillPulse
 0000:FFFF5E2C       E_ATU_Degrees@start
 0000:FFFF5E30       E_ATU_IGN_CountsPerDeg?
 0000:FFFF5F10       E_AF_SENSOR_1_RESISTANCE
 0000:FFFF6328       E_Idle_Speed_Unk_Input_8
 0000:FFFF632D       E_Idle_Speed_Unk_Input_7
 0000:FFFF63B8       E_SSM_Primary_WGDC
 0000:FFFF63C0       E_Boost_ErrorExt_E35
 0000:FFFF63C4       E_Target_Boost_4byteExt_E36
 0000:FFFF63C8       E_Turbo_Dynamics_Proportional_4byteExt_E37
 0000:FFFF63CC       E_Turbo_Dynamics_Integral_4byteExt_E34
 0000:FFFF63E8       E_Primary_Wastegate_Duty_MaximumExt_4byteExt__E77
 0000:FFFF645A       CRUISE_COAST_FLAGS
 0000:FFFF645B       CRUISE_RESUME_FLAGS
 0000:FFFF645C       BRAKE_FLAGS
 0000:FFFF645D       E_StoplightSwitch
 0000:FFFF664D       E_CruiseLight_Trigger_664D
 0000:FFFF6695       E_Engine_Running_SW_UNK
 0000:FFFF669A       E_Atmospheric_Pressure_Switch_Unk
 0000:FFFF66B0       E_Manifold_Relative_Sea_Level_Pressure_4byteExt_E52
 0000:FFFF66B4       E_Manifold_Relative_Pressure_4byteExt_E113
 0000:FFFF6750       E_Throttle_Opening_Angle
 0000:FFFF6758       E_Throttle_Plate_Opening_Angle_4byteExt_E38
 0000:FFFF6760       E_Tipin_ThrottleExt_E54
 0000:FFFF67DC       E_Atmospheric_Pressure_Unk_0
 0000:FFFF67E0       E_Atmospheric_Pressure_Unk_1
 0000:FFFF67E4       E_Idle_Speed_Unk_Input_0
 0000:FFFF685C       E_SSM_MAF_GS
 0000:FFFF687C       E_Engine_Load_4ByteExt_E32
 0000:FFFF69B4       E_AF_Sensor_1_4byteExt_E91
 0000:FFFF6A1A       E_Switch_Unk_Always_1_0
 0000:FFFF6A22       E_Target_Throttle_Switch_Unk
 0000:FFFF6A27       E_Switch_Unk_Always_1
 0000:FFFF6A31       CLUTCH_FLAGS
 0000:FFFF6A54       E_VEHICLE_SPEED
 0000:FFFF6A78       E_ENGINE_SPEED
 0000:FFFF6A94       E_Engine_Speed_Delta
 0000:FFFF6C4D       E_Gear_CalculatedExt_E59
 0000:FFFF6C60       E_Primary_Wastegate_Duty_MaximumExt_2byteExtExt_E78
 0000:FFFF6C62       E_Turbo_Dynamics_Integral_2byteExtExt_E79
 0000:FFFF6C64       E_Turbo_Dynamics_Proportional_2byteExtExt_E80
 0000:FFFF6C68       E_AF_Correction_1_2byteExtExt_E82
 0000:FFFF6C6C       E_AF_Learning_1_2byteExtExt_E83
 0000:FFFF6C6E       E_Primary_Open_Loop_Map_Enrichment_2byteExtExt_E85
 0000:FFFF6C72       E_Final_Fueling_Base_2byteExt_E124
 0000:FFFF6C74       E_Engine_Load_2byteExtExt_E87
 0000:FFFF6C82       E_Manifold_Relative_Sea_Level_Pressure_2byteExtExt_E89
 0000:FFFF6C86       E_Target_Boost_2byteExtExt_E90
 0000:FFFF6C88       E_AF_Sensor_1_2byteExtExt_E92
 0000:FFFF6C8E       E_Closed_Loop_Fueling_Target_2byteExt_E122
 0000:FFFF6C90       E_Throttle_Plate_Opening_Angle_2byteExtExt_E93
 0000:FFFF6C9A       E_Feedback_Knock_Correction_1byteExtExt_E94
 0000:FFFF6C9D       E_Fine_Learning_Knock_Correction_1byteExtExt_E95
 0000:FFFF6C9F       E_IAM_1byteExtExt_E96
 0000:FFFF6CB0       E_Atmospheric_Pressure_Direct
 0000:FFFF6CB4       E_Atmospheric_Pressure
 0000:FFFF7140       E_Final_Fueling_Base_4byteExt_E123
 0000:FFFF7170       E_Primary_Enrichment_Final_4byteExt_E115
 0000:FFFF71F8       E_AF_Correction_1_4byteExt_E81
 0000:FFFF7208       E_Closed_Loop_Fueling_Target_4byteExt_E121
 0000:FFFF7280       E_AF_1_Correction_Proportional_Gain_Determination_Denum_Dominating_Factor
 0000:FFFF7290       E_AF_1_Correction_Proportional_Gain_DeNumeratorA_FFFF7290
 0000:FFFF7294       E_AF_1_Correction_Proportional_Gain_DeNumeratorB_FFFF7294
 0000:FFFF72A0       E_AF_1_Correction_Proportional_Gain_NumeratorA_FFFF72A0
 0000:FFFF72A4       E_AF_1_Correction_Proportional_Gain_NumeratorB_FFFF72A4
 0000:FFFF72A8       E_AF_1_Correction_Proportional_Gain_FFFF72A8
 0000:FFFF72B0       E_AF_1_Correction_Derivative_Gain_Direct
 0000:FFFF73F4       E_AF_1_Correction_Prop_Gain_Determination_Table_Lookup_Direct
 0000:FFFF74E0       E_AF_Learning_1_4byteExt_E48
 0000:FFFF74E9       E_AF_Learning_Airflow_Range_CurrentExt_E61
 0000:FFFF75CC       E_Primary_Open_Loop_Map_Enrichment_4byteExt_E84
 0000:FFFF778C       E_Tipin_Enrichment_Last_CalculatedExt_E55
 0000:FFFF7804       REVLIM_FUELCUT_FLAGS
 0000:FFFF787C       E_Fuel_Injector_1_Pulse_Width_4byteExt_E60
 0000:FFFF7890       E_Fuel_Injector_1_Latency_4byteExt_E50
 0000:FFFF79CC       E_Ignition_Base_TimingExt_E53
 0000:FFFF7B50       E_Knock_SumExt_E114
 0000:FFFF7B74       E_Knock_Correction_Advance_4byteExt_E43
 0000:FFFF7B78       E_Feedback_Knock_Correction_4byteExt_E39
 0000:FFFF7B88       E_Knock_Correction_Advance_Additive_B_MultiplierExt_E68
 0000:FFFF7BD8       E_Knock_Correction_Advance_Additive_A_MultiplierExt_E67
 0000:FFFF7BDC       E_Knock_Correction_Advance_IAM_onlyExt_E40
 0000:FFFF7BE0       E_Knock_Correction_Advance_Additive_BExt_E69
 0000:FFFF7BFC       E_Fine_Learning_Knock_Correction_4byteExt_E41
 0000:FFFF7C02       E_Fine_Learning_Table_OffsetExt_E58
 0000:FFFF7D4C       E_Target_Throttle_Plate_Position_Copy
 0000:FFFF7D68       E_Target_THrottle_Added_unk
 0000:FFFF7D6C       E_Target_Throttle_Switch_Unk_NOTSELF
 0000:FFFF7D70       E_Target_Throttle_Output_Unk_1
 0000:FFFF7D74       E_Target_Throttle_Output_Unk
 0000:FFFF7D78       E_Target_Throttle_Plate_Position_Below_Zero_Switch
 0000:FFFF7D79       E_Target_Throttle_Output_Unk_0
 0000:FFFF7D8C       E_Idle_Target_Throttle_Multiplier
 0000:FFFF7DA4       E_Target_Throttle_Output_Unk_2
 0000:FFFF7DA8       E_Target_Throttle_BaseAddress_unk
 0000:FFFF7E7C       E_Target_Throttle_Plate_PositionExt_E57
 0000:FFFF7E88       E_Target_Throttle_Plate_Position_NOT_SELF
 0000:FFFF7E94       E_Requested_TorqueExt_E56
 0000:FFFF8088       E_Target_THrottle_Adder_unk
 0000:FFFF80A4       E_Idle_Target_Airflow
 0000:FFFF80A8       E_Idle_Target_Throttle
 0000:FFFF80B0       E_Idle_Airflow_Unk_Input_5
 0000:FFFF80B4       E_Idle_Speed_Unk_Input_2
 0000:FFFF8118       E_Idle_Speed_Unk_Input_5
 0000:FFFF81AC       E_Idle_Speed_Target_Direct
 0000:FFFF81B0       E_Idle_Speed_Target_Direct_0
 0000:FFFF81B4       E_Engine_Speed_Idle
 0000:FFFF81BC       E_Idle_Speed_Unk_Output_1
 0000:FFFF81D4       E_Idle_Airflow_Unk_Input_6
 0000:FFFF81D8       E_Idle_Airflow_Unk_Input_6_Copy
 0000:FFFF81E4       E_Engine_Speed_Target_idle
 0000:FFFF81E8       E_Idle_Speed_RPM_UNK
 0000:FFFF81F0       E_Idle_Airflow_Unk_Output_1
 0000:FFFF81F4       E_Idle_Speed_Stability_Direct
 0000:FFFF81FC       E_Idle_Speed_Target_Compensated_Bandpassed
 0000:FFFF8226       E_Idle_Airflow_Unk_Input_1
 0000:FFFF8228       E_Idle_Speed_Map_SelectionExt_E49
 0000:FFFF822A       E_Idle_Airflow_Unk_Input_2
 0000:FFFF822C       E_Idle_Speed_Unk_Output_0
 0000:FFFF8230       E_Engine_Speed_Error_Idle
 0000:FFFF8240       E_Idle_Speed_Unk_Output
 0000:FFFF8248       E_Idle_Airflow_Unk_Output_0
 0000:FFFF82F0       E_Idle_Airflow_Unk_Input_4
 0000:FFFF8300       E_Switch_Gear_or_Rolling
 0000:FFFF8302       E_Idle_Speed_Unk_Input_6
 0000:FFFF8303       E_Idle_Speed_Unk_Input_4
 0000:FFFF8316       E_Engine_Speed_Switch_1Below1500
 0000:FFFF8590       E_Throttle_Motor_Voltage
 0000:FFFF8594       E_Throttle_Motor_Duty
 0000:FFFF8790       E_Idle_Speed_Unk_Input
 0000:FFFF8794       E_Idle_Speed_Unk_Input_1
 0000:FFFF87A0       E_Idle_Speed_Unk_Input_3
 0000:FFFF9BB2       CEL_TRIGGER_BYTE
 0000:FFFF9D71       E_CLOL_FuelingExt_E33
 0000:FFFF9E28       E_OBD_Counter_unk
 0000:FFFF9E54       E_OBD_Copy_unk_offset
 0000:FFFF9E56       E_OBD_Copy_unk_output
 0000:FFFFA0E0       RAMHOLE_START
 0000:FFFFBFBB       pMemoryResetLimit
