
 Start         Length     Name                   Class
 0000:00000000 000080000H ROM                    CODE
 0000:00000000 00000DFFFH RAM                    


  Address         Publics by Value

 0000:00000000       off_0
 0000:00000080       RevLimBitMask_0x80
 0000:00002000       dCalId
 0000:0000209C       sPull2DFloat
 0000:00002110       sPull3DFloat
 0000:00007758       sMafCalc
 0000:000077B4       hMafCalc
 0000:0000CC84       hMemoryReset
 0000:0000F280       sMemoryReset
 0000:0000F468       hMemoryResetLimit
 0000:00010FF8       hWgdc
 0000:00011310       hRevLimDelete
 0000:00013350       sWgdc
 0000:00013A44       sWgdc0
 0000:00013D5C       Max_Wastegate_Duty_Limit_PostCompensation
 0000:00017AE8       sLoadCalcs
 0000:00017E14       Engine_Load_Limit_Maximum
 0000:00019D80       Front_Oxygen_Sensor_Rich_Limit
 0000:0001AAF0       sClutchSwGet
 0000:0001AAF4       ClutchBitMask_0x80
 0000:00025758       sRevLimStart
 0000:0002578E       sRevLimEnd
 0000:0003C242       SsmGet_Learned_Ignition_Timing_Correction_P153
 0000:0003C248       SsmGet_Coolant_Temperature_P2
 0000:0003C256       SsmGet_AF_Correction_1_P3
 0000:0003C272       SsmGet_AF_Learning_1_P4
 0000:0003C282       SsmGet_Manifold_Absolute_Pressure_P7
 0000:0003C290       SsmGet_Engine_Speed_P8
 0000:0003C2BE       SsmGet_Vehicle_Speed_P9
 0000:0003C2CA       SsmGet_Ignition_Total_Timing_P10
 0000:0003C334       SsmGet_Intake_Air_Temperature_P11
 0000:0003C342       SsmGet_Mass_Airflow_P12
 0000:0003C370       SsmGet_Throttle_Opening_Angle_P13
 0000:0003C37E       SsmGet_Rear_O2_Sensor_P15
 0000:0003C3AC       SsmGet_Battery_Voltage_P17
 0000:0003C3BA       SsmGet_Mass_Airflow_Sensor_Voltage_P18
 0000:0003C3DE       SsmGet_Throttle_Sensor_Voltage_P19
 0000:0003C402       SsmGet_Fuel_Injector_1_Pulse_Width_P21
 0000:0003C416       SsmGet_Knock_Correction_Advance_P23
 0000:0003C426       SsmGet_Atmospheric_Pressure_P24
 0000:0003C4B2       SsmGet_Fuel_Tank_Pressure_P27
 0000:0003C4C0       SsmGet_Accelerator_Pedal_Angle_P30
 0000:0003C4CE       SsmGet_Fuel_Temperature_P31
 0000:0003C4DA       SsmGet_Fuel_Level_P35
 0000:0003C4EC       SsmGet_Primary_Wastegate_Duty_Cycle_P36
 0000:0003C4FA       SsmGet_CPC_Valve_Duty_Ratio_P38
 0000:0003C512       SsmGet_Tumble_Valve_Position_Sensor_Right_P39
 0000:0003C536       SsmGet_Tumble_Valve_Position_Sensor_Left_P40
 0000:0003C55A       SsmGet_Idle_Speed_Control_Valve_Duty_Ratio_P41
 0000:0003C56C       SsmGet_Alternator_Duty_P46
 0000:0003C578       SsmGet_Fuel_Pump_Duty_P47
 0000:0003C586       SsmGet_Intake_VVT_Advance_Angle_Right_P48
 0000:0003C594       SsmGet_Intake_VVT_Advance_Angle_Left_P49
 0000:0003C5A2       SsmGet_Intake_OCV_Duty_Right_P50
 0000:0003C66A       SsmGet_Switches_x_1_2_3_x_69_70_71
 0000:0003C774       SsmGet_Switches_4_5_x_6_7_8_9_x
 0000:0003C84C       SsmGet_Switches_10_11_12_13_14_15_16_17
 0000:0003C924       SsmGet_Switches_18_19_20_21_22_23_24_25
 0000:0003CA64       SsmGet_Switches_26_27_28_29_30_31_32_33
 0000:0003CB16       SsmGet_Switches_34_35_36_37_38_39_40_41
 0000:0003CBFC       SsmGet_Switches_42_43_44_45_46_47_48_49
 0000:0003CC34       SsmGet_Switches_72_73_74_75_50_51_52_53
 0000:0003CCE6       SsmGet_Switches_54_55_56_57_58_59_60_61
 0000:0003CD1E       SsmGet_Switches_x_x_x_x_x_x_82_x
 0000:0003CD5E       SsmGet_Switches_108_x_x_x_x_x_x_x
 0000:0003CE2A       SsmGet_Roughness_Monitor_Cylinder_1_P63
 0000:0003CE2E       SsmGet_Roughness_Monitor_Cylinder_2_P64
 0000:0003CE32       SsmGet_AF_Correction_3_32bit_ECU_P89
 0000:0003CF10       SsmGet_Switches_148_149_x_150_151_152_153_154
 0000:0003CF9C       SsmGet_Roughness_Monitor_Cylinder_3_P69
 0000:0003CFA0       SsmGet_Roughness_Monitor_Cylinder_4_P70
 0000:0003D24C       SsmGet_Throttle_Motor_Duty_P71
 0000:0003D25C       SsmGet_Throttle_Motor_Voltage_P72
 0000:0003D26A       SsmGet_Sub_Throttle_Sensor_P73
 0000:0003D28E       SsmGet_Main_Throttle_Sensor_P74
 0000:0003D2B2       SsmGet_Sub_Accelerator_Sensor_P75
 0000:0003D310       SsmGet_Main_Accelerator_Sensor_P76
 0000:0003D334       SsmGet_Exhaust_Gas_Temperature_P79
 0000:0003D342       SsmGet_Memorised_Cruise_Speed_P82
 0000:0003D352       SsmGet_Fuel_Level_Sensor_Resistance_P119
 0000:0003D364       SsmGet_Estimated_odometer_P120
 0000:0003D386       SsmGet_Exhaust_VVT_Advance_Angle_Right_P83
 0000:0003D392       SsmGet_Exhaust_VVT_Advance_Angle_Left_P84
 0000:0003D39E       SsmGet_Exhaust_OCV_Duty_Right_P85
 0000:0003D3B0       SsmGet_Exhaust_OCV_Duty_Left_P86
 0000:0003D3C2       SsmGet_Exhaust_OCV_Current_Right_P87
 0000:0003D3D0       SsmGet_Exhaust_OCV_Current_Left_P88
 0000:0003D3DE       SsmGet_Switches_130_62_131_x_x_x_x_x
 0000:0003D536       SsmGet_Switches_63_64_65_66_67_132_68_133
 0000:0003D6D4       SsmGet_Switches_168_169_170_171_172_x_x_x
 0000:0003D6D8       SsmGet_Boost_Pressure_Feedback_P168
 0000:0003D758       SsmGet_Interior_Heater_P178
 0000:0003D766       SsmGet_Battery_Current_P183
 0000:0003D78A       SsmGet_Alternator_Control_Mode_P185
 0000:0003D790       SsmGet_Battery_Temperature_P184
 0000:0003D79C       SsmGet_Exhaust_Gas_Temperature_at_Diesel_Particulate_Filter_DPF_Inlet_P189
 0000:00041524       PtrSsmGet_Engine_Load_Relative_P1
 0000:00041528       PtrSsmGet_Coolant_Temperature_P2
 0000:0004152C       PtrSsmGet_AF_Correction_1_P3
 0000:00041530       PtrSsmGet_AF_Learning_1_P4
 0000:00041534       PtrSsmGet_AF_Correction_2_P5
 0000:00041538       PtrSsmGet_AF_Learning_2_P6
 0000:0004153C       PtrSsmGet_Manifold_Absolute_Pressure_P7
 0000:00041540       PtrSsmGet_Engine_Speed_P8
 0000:00041548       PtrSsmGet_Vehicle_Speed_P9
 0000:0004154C       PtrSsmGet_Ignition_Total_Timing_P10
 0000:00041550       PtrSsmGet_Intake_Air_Temperature_P11
 0000:00041554       PtrSsmGet_Mass_Airflow_P12
 0000:0004155C       PtrSsmGet_Throttle_Opening_Angle_P13
 0000:00041560       PtrSsmGet_Front_O2_Sensor_1_P14
 0000:00041568       PtrSsmGet_Rear_O2_Sensor_P15
 0000:00041570       PtrSsmGet_Front_O2_Sensor_2_P16
 0000:00041578       PtrSsmGet_Battery_Voltage_P17
 0000:0004157C       PtrSsmGet_Mass_Airflow_Sensor_Voltage_P18
 0000:00041580       PtrSsmGet_Throttle_Sensor_Voltage_P19
 0000:00041584       PtrSsmGet_Differential_Pressure_Sensor_Voltage_P20
 0000:00041588       PtrSsmGet_Fuel_Injector_1_Pulse_Width_P21
 0000:0004158C       PtrSsmGet_Fuel_Injector_2_Pulse_Width_P22
 0000:00041590       PtrSsmGet_Knock_Correction_Advance_P23
 0000:00041594       PtrSsmGet_Atmospheric_Pressure_P24
 0000:00041598       PtrSsmGet_Manifold_Relative_Pressure_P25
 0000:0004159C       PtrSsmGet_Pressure_Differential_Sensor_P26
 0000:000415A0       PtrSsmGet_Fuel_Tank_Pressure_P27
 0000:000415A4       PtrSsmGet_CO_Adjustment_P28
 0000:000415A8       PtrSsmGet_Learned_Ignition_Timing_P29
 0000:000415AC       PtrSsmGet_Accelerator_Pedal_Angle_P30
 0000:000415B0       PtrSsmGet_Fuel_Temperature_P31
 0000:000415B4       PtrSsmGet_Front_O2_Heater_Current_1_P32
 0000:000415B8       PtrSsmGet_Rear_O2_Heater_Current_P33
 0000:000415BC       PtrSsmGet_Front_O2_Heater_Current_2_P34
 0000:000415C0       PtrSsmGet_Fuel_Level_P35
 0000:000415C4       PtrSsmGet_Radiator_Fan_Control_P92
 0000:000415C8       PtrSsmGet_Primary_Wastegate_Duty_Cycle_P36
 0000:000415CC       PtrSsmGet_Secondary_Wastegate_Duty_Cycle_P37
 0000:000415D0       PtrSsmGet_CPC_Valve_Duty_Ratio_P38
 0000:000415D4       PtrSsmGet_Tumble_Valve_Position_Sensor_Right_P39
 0000:000415D8       PtrSsmGet_Tumble_Valve_Position_Sensor_Left_P40
 0000:000415DC       PtrSsmGet_Idle_Speed_Control_Valve_Duty_Ratio_P41
 0000:000415E0       PtrSsmGet_AF_Lean_Correction_P42
 0000:000415E4       PtrSsmGet_AF_Heater_Duty_P43
 0000:000415E8       PtrSsmGet_Idle_Speed_Control_Valve_Step_P44
 0000:000415EC       PtrSsmGet_Number_of_Exh_Gas_Recirc_Steps_P45
 0000:000415F0       PtrSsmGet_Alternator_Duty_P46
 0000:000415F4       PtrSsmGet_Fuel_Pump_Duty_P47
 0000:000415F8       PtrSsmGet_Intake_VVT_Advance_Angle_Right_P48
 0000:000415FC       PtrSsmGet_Intake_VVT_Advance_Angle_Left_P49
 0000:00041600       PtrSsmGet_Intake_OCV_Duty_Right_P50
 0000:00041604       PtrSsmGet_Intake_OCV_Duty_Left_P51
 0000:00041608       PtrSsmGet_Intake_OCV_Current_Right_P52
 0000:0004160C       PtrSsmGet_Intake_OCV_Current_Left_P53
 0000:00041610       PtrSsmGet_AF_Sensor_1_Current_P54
 0000:00041614       PtrSsmGet_AF_Sensor_2_Current_P55
 0000:00041618       PtrSsmGet_AF_Sensor_1_Resistance_P56
 0000:0004161C       PtrSsmGet_AF_Sensor_2_Resistance_P57
 0000:00041620       PtrSsmGet_AF_Sensor_1_P58
 0000:00041624       PtrSsmGet_AF_Sensor_2_P59
 0000:00041630       PtrSsmGet_Gear_Position_P60
 0000:00041654       PtrSsmGet_AF_Sensor_1_Heater_Current_P61
 0000:00041658       PtrSsmGet_AF_Sensor_2_Heater_Current_P62
 0000:0004168C       PtrSsmGet_Switches_x_1_2_3_x_69_70_71
 0000:00041690       PtrSsmGet_Switches_4_5_x_6_7_8_9_x
 0000:00041694       PtrSsmGet_Switches_10_11_12_13_14_15_16_17
 0000:00041698       PtrSsmGet_Switches_18_19_20_21_22_23_24_25
 0000:0004169C       PtrSsmGet_Switches_26_27_28_29_30_31_32_33
 0000:000416A0       PtrSsmGet_Switches_34_35_36_37_38_39_40_41
 0000:000416A4       PtrSsmGet_Switches_42_43_44_45_46_47_48_49
 0000:000416A8       PtrSsmGet_Switches_72_73_74_75_50_51_52_53
 0000:000416AC       PtrSsmGet_Switches_54_55_56_57_58_59_60_61
 0000:000416B0       PtrSsmGet_Switches_x_x_x_x_x_x_82_x
 0000:000416C0       PtrSsmGet_Switches_108_x_x_x_x_x_x_x
 0000:00041840       PtrSsmGet_Roughness_Monitor_Cylinder_1_P63
 0000:00041844       PtrSsmGet_Roughness_Monitor_Cylinder_2_P64
 0000:00041848       PtrSsmGet_AF_Correction_3_32bit_ECU_P89
 0000:0004184C       PtrSsmGet_AF_Learning_3_P66
 0000:00041850       PtrSsmGet_Rear_O2_Heater_Voltage_P67
 0000:00041854       PtrSsmGet_AF_Adjustment_Voltage_P68
 0000:00041864       PtrSsmGet_Switches_148_149_x_150_151_152_153_154
 0000:00041868       PtrSsmGet_Roughness_Monitor_Cylinder_3_P69
 0000:0004186C       PtrSsmGet_Roughness_Monitor_Cylinder_4_P70
 0000:000418C4       PtrSsmGet_Roughness_Monitor_Cylinder_5_P151
 0000:000418E8       PtrSsmGet_Roughness_Monitor_Cylinder_6_P152
 0000:000418EC       PtrSsmGet_Learned_Ignition_Timing_Correction_P153
 0000:000418F0       PtrSsmGet_Throttle_Motor_Duty_P71
 0000:000418F4       PtrSsmGet_Throttle_Motor_Voltage_P72
 0000:00041908       PtrSsmGet_Sub_Throttle_Sensor_P73
 0000:0004190C       PtrSsmGet_Main_Throttle_Sensor_P74
 0000:00041910       PtrSsmGet_Sub_Accelerator_Sensor_P75
 0000:00041914       PtrSsmGet_Main_Accelerator_Sensor_P76
 0000:00041918       PtrSsmGet_Brake_Booster_Pressure_P77
 0000:0004191C       PtrSsmGet_Fuel_Pressure_High_P78
 0000:00041920       PtrSsmGet_Exhaust_Gas_Temperature_P79
 0000:00041924       PtrSsmGet_Exhaust_Gas_Temperature_2_P116
 0000:00041928       PtrSsmGet_Cold_Start_Injector_Air_Pump_P80
 0000:0004192C       PtrSsmGet_SCV_Step_P81
 0000:00041930       PtrSsmGet_Memorised_Cruise_Speed_P82
 0000:00041934       PtrSsmGet_AirFuel_Correction_4_P117
 0000:00041938       PtrSsmGet_AirFuel_Learning_4_P118
 0000:0004193C       PtrSsmGet_Fuel_Level_Sensor_Resistance_P119
 0000:00041940       PtrSsmGet_Estimated_odometer_P120
 0000:00041954       PtrSsmGet_Oil_Temperature_P122
 0000:00041958       PtrSsmGet_Oil_Switching_Solenoid_Valve_OSV_Duty_Right_P123
 0000:0004195C       PtrSsmGet_Oil_Switching_Solenoid_Valve_OSV_Duty_Left_P124
 0000:00041960       PtrSsmGet_Oil_Switching_Solenoid_Valve_OSV_Current_Right_P125
 0000:00041964       PtrSsmGet_Oil_Switching_Solenoid_Valve_OSV_Current_Left_P126
 0000:00041968       PtrSsmGet_Exhaust_VVT_Advance_Angle_Right_P83
 0000:0004196C       PtrSsmGet_Exhaust_VVT_Advance_Angle_Left_P84
 0000:00041970       PtrSsmGet_Exhaust_OCV_Duty_Right_P85
 0000:00041974       PtrSsmGet_Exhaust_OCV_Duty_Left_P86
 0000:00041978       PtrSsmGet_Exhaust_OCV_Current_Right_P87
 0000:0004197C       PtrSsmGet_Exhaust_OCV_Current_Left_P88
 0000:00041980       PtrSsmGet_VVL_Lift_Mode_P127
 0000:00041988       PtrSsmGet_Switches_130_62_131_x_x_x_x_x
 0000:0004198C       PtrSsmGet_Switches_63_64_65_66_67_132_68_133
 0000:00041AB0       PtrSsmGet_SIDrive_Mode_P114
 0000:00041AB4       PtrSsmGet_Throttle_Sensor_Closed_Voltage_P115
 0000:00041AD0       PtrSsmGet_Fuel_Tank_Air_Pressure_P121
 0000:00041B60       PtrSsmGet_Switches_155_156_157_x_x_x_x_x
 0000:00041B64       PtrSsmGet_Switches_158_159_160_161_162_163_164_165
 0000:00041B6C       PtrSsmGet_Fine_Learning_Knock_Correction_P91
 0000:00041B70       PtrSsmGet_Fuel_Tank_Pressure_P154
 0000:00041C40       PtrSsmGet_Switches_168_169_170_171_172_x_x_x
 0000:00041C8C       PtrSsmGet_Main_Injection_Period_P155
 0000:00041C90       PtrSsmGet_Final_Injection_Amount_P156
 0000:00041C98       PtrSsmGet_Number_of_Times_Injected_P157
 0000:00041C9C       PtrSsmGet_Target_Intake_Manifold_Pressure_P158
 0000:00041CA0       PtrSsmGet_Target_Intake_Air_Amount_P159
 0000:00041CA4       PtrSsmGet_Air_Mass_P160
 0000:00041CA8       PtrSsmGet_Exhaust_Gas_Recirculation_EGR_Target_Valve_Opening_Angle_P161
 0000:00041CAC       PtrSsmGet_Exhaust_Gas_Recirculation_EGR_Valve_Opening_Angle_P162
 0000:00041CB0       PtrSsmGet_Exhaust_Gas_Recirculation_EGR_Duty_P163
 0000:00041CB4       PtrSsmGet_Common_Rail_Target_Pressure_P164
 0000:00041CB8       PtrSsmGet_Common_Rail_Pressure_P165
 0000:00041CBC       PtrSsmGet_Intake_Air_Temperature_combined_P166
 0000:00041CC0       PtrSsmGet_Target_Engine_Speed_P167
 0000:00041CC8       PtrSsmGet_Boost_Pressure_Feedback_P168
 0000:00041CDC       PtrSsmGet_Electric_Power_Steering_Current_P169
 0000:00041CE0       PtrSsmGet_Fuel_Pump_Suction_Control_Valve_Current_Target_P170
 0000:00041CE8       PtrSsmGet_Fuel_Pump_Suction_Control_Valve_Current_Actual_P175
 0000:00041CF0       PtrSsmGet_Mileage_after_Injector_Learning_P176
 0000:00041D18       PtrSsmGet_Mileage_after_Injector_Replacement_P177
 0000:00041D84       PtrSsmGet_Actual_Common_Rail_Pressure_Time_Synchronized_P204
 0000:00041DC4       PtrSsmGet_PreInjection_Amount_P234
 0000:00041DCC       PtrSsmGet_PreInjection_Interval_P235
 0000:00041DD0       PtrSsmGet_Final_Initial_Torque_P238
 0000:00041DE8       PtrSsmGet_Individual_Pump_Difference_Learning_Value_P228
 0000:00041DFC       PtrSsmGet_MicroQuantityInjection_Final_Learning_Value_11_P208
 0000:00041E00       PtrSsmGet_MicroQuantityInjection_Final_Learning_Value_12_P209
 0000:00041E04       PtrSsmGet_MicroQuantityInjection_Final_Learning_Value_13_P210
 0000:00041E08       PtrSsmGet_MicroQuantityInjection_Final_Learning_Value_14_P211
 0000:00041E0C       PtrSsmGet_MicroQuantityInjection_Final_Learning_Value_21_P212
 0000:00041E10       PtrSsmGet_MicroQuantityInjection_Final_Learning_Value_22_P213
 0000:00041E14       PtrSsmGet_MicroQuantityInjection_Final_Learning_Value_23_P214
 0000:00041E18       PtrSsmGet_MicroQuantityInjection_Final_Learning_Value_24_P215
 0000:00041E1C       PtrSsmGet_MicroQuantityInjection_Final_Learning_Value_31_P216
 0000:00041E20       PtrSsmGet_MicroQuantityInjection_Final_Learning_Value_32_P217
 0000:00041E24       PtrSsmGet_MicroQuantityInjection_Final_Learning_Value_33_P218
 0000:00041E28       PtrSsmGet_MicroQuantityInjection_Final_Learning_Value_34_P219
 0000:00041E2C       PtrSsmGet_MicroQuantityInjection_Final_Learning_Value_41_P220
 0000:00041E30       PtrSsmGet_MicroQuantityInjection_Final_Learning_Value_42_P221
 0000:00041E34       PtrSsmGet_MicroQuantityInjection_Final_Learning_Value_43_P222
 0000:00041E38       PtrSsmGet_MicroQuantityInjection_Final_Learning_Value_44_P223
 0000:00041E3C       PtrSsmGet_MicroQuantityInjection_Final_Learning_Value_51_P224
 0000:00041E40       PtrSsmGet_MicroQuantityInjection_Final_Learning_Value_52_P225
 0000:00041E44       PtrSsmGet_MicroQuantityInjection_Final_Learning_Value_53_P226
 0000:00041E48       PtrSsmGet_MicroQuantityInjection_Final_Learning_Value_54_P227
 0000:00041E5C       PtrSsmGet_PreInjection_Final_Period_P233
 0000:00041E64       PtrSsmGet_Final_Main_Injection_Period_P229
 0000:00041E7C       PtrSsmGet_Quantity_Correction_Cylinder_1_P179
 0000:00041E80       PtrSsmGet_Quantity_Correction_Cylinder_2_P180
 0000:00041E84       PtrSsmGet_Quantity_Correction_Cylinder_3_P181
 0000:00041E88       PtrSsmGet_Quantity_Correction_Cylinder_4_P182
 0000:00041EC8       PtrSsmGet_Interior_Heater_P178
 0000:00041ECC       PtrSsmGet_Battery_Current_P183
 0000:00041ED0       PtrSsmGet_Alternator_Control_Mode_P185
 0000:00041ED4       PtrSsmGet_Battery_Temperature_P184
 0000:00041EDC       PtrSsmGet_Cumulative_Ash_Ratio_P186
 0000:00041EE0       PtrSsmGet_Pressure_Difference_between_Diesel_Particulate_Filter_DPF_Inlet_and_Outlet_P187
 0000:00041EE4       PtrSsmGet_Exhaust_Gas_Temperature_at_Catalyst_Inlet_P188
 0000:00041EE8       PtrSsmGet_Exhaust_Gas_Temperature_at_Diesel_Particulate_Filter_DPF_Inlet_P189
 0000:00041EEC       PtrSsmGet_Estimated_Catalyst_Temperature_P190
 0000:00041EF0       PtrSsmGet_Estimated_Temperature_of_the_Diesel_Particulate_Filter_DPF_P191
 0000:00041EF4       PtrSsmGet_Soot_Accumulation_Ratio_P192
 0000:00041EF8       PtrSsmGet_Oil_Dilution_Ratio_P193
 0000:00041F68       PtrSsmGet_Accumulated_Count_of_Overspeed_Instances_Very_High_RPM_P198
 0000:00041F6C       PtrSsmGet_Accumulated_Count_of_Overspeed_Instances_High_RPM_P199
 0000:00041F70       PtrSsmGet_Estimated_Distance_to_Oil_Change_P205
 0000:00041F74       PtrSsmGet_Running_Distance_since_last_Diesel_Particulate_Filter_DPF_Regeneration_P206
 0000:00041F7C       PtrSsmGet_Diesel_Particulate_Filter_DPF_Regeneration_Count_P207
 0000:00041F90       PtrSsmGet_Cumulative_oil_diesel_entry_P236
 0000:00046524       P0335_CRANKSHAFT_POS_SENSOR_A_MALFUNCTION
 0000:00046528       P0604_CONTROL_MODULE_RAM_ERROR
 0000:00046529       P0102_MAF_SENSOR_LOW_INPUT
 0000:0004652A       P0103_MAF_SENSOR_HIGH_INPUT
 0000:0004652C       P0327_KNOCK_SENSOR_1_LOW_INPUT
 0000:0004652D       P0328_KNOCK_SENSOR_1_HIGH_INPUT
 0000:0004652E       P0122_TPS_A_LOW_INPUT
 0000:0004652F       P0123_TPS_A_HIGH_INPUT
 0000:00046531       P0117_COOLANT_TEMP_SENSOR_LOW_INPUT
 0000:00046532       P0118_COOLANT_TEMP_SENSOR_HIGH_INPUT
 0000:00046538       P0350_IGNITION_COIL_PRIMARYSECONDARY
 0000:00046539       P1518_STARTER_SWITCH_LOW_INPUT
 0000:0004653A       P0512_STARTER_REQUEST_CIRCUIT
 0000:0004653E       P0851_NEUTRAL_SWITCH_INPUT_LOW
 0000:00046542       P0852_NEUTRAL_SWITCH_INPUT_HIGH
 0000:00046554       P0458_EVAP_PURGE_VALVE_CIRCUIT_LOW
 0000:00046555       P0459_EVAP_PURGE_VALVE_CIRCUIT_HIGH
 0000:00046562       P0171_SYSTEM_TOO_LEAN
 0000:00046563       P0172_SYSTEM_TOO_RICH
 0000:0004656C       P0137_REAR_O2_SENSOR_LOW_VOLTAGE
 0000:0004656D       P0131_FRONT_O2_SENSOR_LOW_INPUT
 0000:0004656E       P0132_FRONT_O2_SENSOR_HIGH_INPUT
 0000:0004656F       P0138_REAR_O2_SENSOR_HIGH_VOLTAGE
 0000:00046570       P0112_IAT_SENSOR_LOW_INPUT
 0000:00046571       P0113_IAT_SENSOR_HIGH_INPUT
 0000:00046573       P0038_REAR_O2_SENSOR_HIGH_INPUT
 0000:00046574       P0032_FRONT_O2_SENSOR_HIGH_INPUT
 0000:00046575       P0037_REAR_O2_SENSOR_LOW_INPUT
 0000:00046576       P0031_FRONT_O2_SENSOR_LOW_INPUT
 0000:00046577       P0107_MAP_SENSOR_LOW_INPUT
 0000:00046578       P0108_MAP_SENSOR_HIGH_INPUT
 0000:0004657B       P1560_BACKUP_VOLTAGE_MALFUNCTION
 0000:0004657C       P0562_SYSTEM_VOLTAGE_LOW
 0000:0004657D       P0563_SYSTEM_VOLTAGE_HIGH
 0000:0004657E       P0245_WASTEGATE_SOLENOID_A_LOW
 0000:0004657F       P0246_WASTEGATE_SOLENOID_A_HIGH
 0000:00046581       P0261_FUEL_INJECTOR_1_CIRCUIT_LOW
 0000:00046582       P0264_FUEL_INJECTOR_2_CIRCUIT_LOW
 0000:00046583       P0267_FUEL_INJECTOR_3_CIRCUIT_LOW
 0000:00046584       P0270_FUEL_INJECTOR_4_CIRCUIT_LOW
 0000:00046589       P0502_VEHICLE_SPEED_SENSOR_LOW_INPUT
 0000:0004658A       P0230_FUEL_PUMP_PRIMARY_CIRCUIT
 0000:0004658C       P0519_IDLE_CONTROL_MALFUNCTION_FAILSAFE
 0000:0004658E       P0134_FRONT_O2_SENSOR_NO_ACTIVITY
 0000:00046590       P0503_VEHICLE_SPEED_SENSOR_INTERMITTENT
 0000:00046591       P2109_TPS_A_MINIMUM_STOP_PERF
 0000:00046592       P0222_TPS_B_LOW_INPUT
 0000:00046593       P0223_TPS_B_HIGH_INPUT
 0000:00046594       P1160_ABNORMAL_RETURN_SPRING
 0000:00046595       P2102_THROTTLE_ACTUATOR_CIRCUIT_LOW
 0000:00046596       P2103_THROTTLE_ACTUATOR_CIRCUIT_HIGH
 0000:00046597       P2101_THROTTLE_ACTUATOR_CIRCUIT_RANGEPERF
 0000:00046599       P0638_THROTTLE_ACTUATOR_RANGEPERF
 0000:0004659A       P0607_CONTROL_MODULE_PERFORMANCE
 0000:0004659B       P2138_TPS_DE_VOLTAGE
 0000:0004659C       P2127_TPS_E_CIRCUIT_LOW_INPUT
 0000:0004659D       P2128_TPS_E_CIRCUIT_HIGH_INPUT
 0000:0004659E       P2122_TPS_D_CIRCUIT_LOW_INPUT
 0000:0004659F       P2123_TPS_D_CIRCUIT_HIGH_INPUT
 0000:000465A0       P2135_TPS_AB_VOLTAGE
 0000:000465A5       P0345_CAMSHAFT_POS_SENSOR_A_BANK_2
 0000:000465A6       P0340_CAMSHAFT_POS_SENSOR_A_MALFUNCTION_
 0000:000465A7       P0605_CONTROL_MODULE_ROM_ERROR
 0000:000465AC       P2093_OCV_SOLENOID_A2_CIRCUIT_SHORT
 0000:000465AD       P2092_OCV_SOLENOID_A2_CIRCUIT_OPEN
 0000:000465AE       P2089_OCV_SOLENOID_A1_CIRCUIT_SHORT
 0000:000465AF       P2088_OCV_SOLENOID_A1_CIRCUIT_OPEN
 0000:000465B3       P2004_TGV__INTAKE_MANIFOLD_RUNNER_1_STUCK_OPEN
 0000:000465B4       P2006_TGV__INTAKE_MANIFOLD_RUNNER_1_STUCK_CLOSED
 0000:000465B5       P2005_TGV__INTAKE_MANIFOLD_RUNNER_2_STUCK_OPEN
 0000:000465B6       P2007_TGV__INTAKE_MANIFOLD_RUNNER_2_STUCK_CLOSED
 0000:000465B9       P2229_BARO_PRESSURE_CIRCUIT_HIGH_INPUT
 0000:000465BA       P2228_BARO_PRESSURE_CIRCUIT_LOW_INPUT
 0000:000465BB       P2016_TGV__INTAKE_MANIFOLD_RUNNER_1_POS_SENSOR_LOW
 0000:000465BC       P2017_TGV__INTAKE_MANIFOLD_RUNNER_1_POS_SENSOR_HIGH
 0000:000465BD       P2021_TGV__INTAKE_MANIFOLD_RUNNER_2_POS_SENSOR_LOW
 0000:000465BE       P2022_TGV__INTAKE_MANIFOLD_RUNNER_2_POS_SENSOR_HIGH
 0000:000465BF       P2009_TGV__INTAKE_MANIFOLD_RUNNER_1_CIRCUIT_LOW
 0000:000465C0       P2012_TGV__INTAKE_MANIFOLD_RUNNER_2_CIRCUIT_LOW
 0000:000465C1       P2008_TGV__INTAKE_MANIFOLD_RUNNER_1_CIRCUIT_OPEN
 0000:000465C2       P2011_TGV__INTAKE_MANIFOLD_RUNNER_2_CIRCUIT_OPEN
 0000:0004974A       Force_Pass_Readiness_Monitors
 0000:0004C4FC       sCelTrigger
 0000:0004C614       hCelSignal
 0000:00053D4C       Table_Target_Boost_Compensation_Atm_Pressure_Multiplier_Offset
 0000:00053DB0       Table_Target_Boost_Compensation_Atm_Pressure_Multiplier
 0000:00053E04       Table_InitialMax_Wastegate_Duty_Compensation_Atm_Pressure
 0000:000540F0       Table_Front_Oxygen_Sensor_Compensation_Atm_Pressure
 0000:00054218       Table_Engine_Load_Compensation_MP
 0000:00054234       Table_MAF_Compensation_IAT
 0000:0005438C       Table_Cranking_Fuel_IPW_Compensation_Accelerator
 0000:000544E4       Table_Minimum_Primary_Open_Loop_Enrichment_Throttle
 0000:000544F8       Table_Primary_Open_Loop_Fueling_Compensation_Timing_Compensation_
 0000:00054674       Table_Min_Primary_Base_Enrich_2_Initial_Start_2A
 0000:000546B0       Table_Min_Primary_Base_Enrich_2_Decay_Step_1
 0000:00054910       Table_Throttle_Tipin_Enrichment
 0000:00054958       Table_Boost_Limit_Fuel_Cut
 0000:000549CC       Table_Cranking_Fuel_IPW_Compensation_RPM
 0000:00054A90       Table_Primary_Open_Loop_Fueling
 0000:00054B38       Table_Per_Injector_Primary_Fuel_Offset_Compensation_D
 0000:00055174       Table_Timing_Compensation_MRP
 0000:00055998       Table_Injector_Latency
 0000:000559FC       Table_MAF_Sensor_Scaling
 0000:00055AD8       Table_Intake_Temp_Sensor_Scaling
 0000:00055DC8       Coolant_Temp_Sensor_Scaling_Y_Axis
 0000:00055E38       Coolant_Temp_Sensor_Scaling
 0000:00055EA8       Intake_Temp_Sensor_Scaling_Y_Axis
 0000:00055F20       Intake_Temp_Sensor_Scaling
 0000:00056110       Atmospheric_Pressure_Sensor_Scaling
 0000:00056164       Manifold_Pressure_Sensor_Scaling
 0000:0005651D       Boost_Control_Disable_Delay_Fine_Correction
 0000:00056530       TD_Activation_Thresholds_Target_Boost
 0000:0005653C       TD_Integral_Negative_Activation_Boost_Error
 0000:00056544       TD_Integral_Positive_Activation_Boost_Error
 0000:00056548       TD_Integral_Positive_Activation_Wastegate_Duty
 0000:0005655C       TD_Activation_Thresholds_RPM
 0000:00056564       TD_Integral_Cumulative_Range_WGDC_Correction
 0000:00056570       Boost_Control_Disable_Fine_Correction
 0000:00056574       Boost_Control_Disable_IAM
 0000:0005658C       Target_Boost_Compensation_1st_Gear_Speed_Disable
 0000:00056594       Target_Boost_Compensation_1st_Gear
 0000:00056598       InitialMax_Wastegate_Duty_Compensation_ECT_Y_Axis
 0000:000565E4       InitialMax_Wastegate_Duty_Compensation_IAT_Y_Axis
 0000:00056624       InitialMax_Wastegate_Duty_Compensation_IAT
 0000:00056644       InitialMax_Wastegate_Duty_Compensation_ECT
 0000:00056664       Target_Boost_Compensation_ECT
 0000:00056688       Target_Boost_Compensation_Atm_Pressure_Multiplier_Offset_Y_Axis
 0000:00056698       Target_Boost_Compensation_Atm_Pressure_Multiplier_Offset
 0000:0005669C       Turbo_Dynamics_Proportional_Y_Axis
 0000:000566C0       Turbo_Dynamics_Proportional
 0000:000566D4       Turbo_Dynamics_Integral_Negative_Y_Axis
 0000:000566F8       Turbo_Dynamics_Integral_Negative
 0000:0005670C       Turbo_Dynamics_Integral_Positive_Y_Axis
 0000:00056730       Turbo_Dynamics_Integral_Positive
 0000:0005675C       Target_Boost_Compensation_Atm_Pressure_Multiplier_Y_Axis
 0000:0005676C       Target_Boost_Compensation_Atm_Pressure_Multiplier
 0000:00056800       InitialMax_Wastegate_Duty_Compensation_Atm_Pressure_X_Axis
 0000:00056818       InitialMax_Wastegate_Duty_Compensation_Atm_Pressure_Y_Axis
 0000:00056828       InitialMax_Wastegate_Duty_Compensation_Atm_Pressure
 0000:00056888       Initial_Wastegate_Duty_X_Axis
 0000:000568A8       Initial_Wastegate_Duty_Y_Axis
 0000:000568D8       Initial_Wastegate_Duty
 0000:000569B0       Max_Wastegate_Duty_X_Axis
 0000:000569D0       Max_Wastegate_Duty_Y_Axis
 0000:000569F0       Max_Wastegate_Duty
 0000:00056AB8       Target_Boost_X_Axis
 0000:00056AD8       Target_Boost_Y_Axis
 0000:00056B08       Target_Boost
 0000:00057748       MAF_Limit_Maximum
 0000:0005774C       dLoadSmoothingA
 0000:00057750       dLoadSmoothingB
 0000:00057754       dLoadSmoothingFinal
 0000:00057978       Gear_Determination_Thresholds
 0000:00057A24       Speed_Limiting_Throttle_
 0000:00057BB8       Front_Oxygen_Sensor_Compensation_Atm_Pressure_Y_Axis
 0000:00057BC8       Front_Oxygen_Sensor_Compensation_Atm_Pressure
 0000:00057EEC       Engine_Load_Compensation_MP_X_Axis
 0000:00057F18       Engine_Load_Compensation_MP_Y_Axis
 0000:00057F48       Engine_Load_Compensation_MP
 0000:00057FCC       MAF_Compensation_IAT_X_Axis
 0000:00057FE0       MAF_Compensation_IAT_Y_Axis
 0000:00058000       MAF_Compensation_IAT
 0000:000584E9       Manifold_Pressure_Sensor_CEL_Delays
 0000:00058852       Tipin_Enrichment_Disable_Applied_Counter_Threshold
 0000:00058853       Tipin_Enrichment_Applied_Counter_Reset
 0000:00058854       Tipin_Throttle_Cumulative_Reset
 0000:00058890       CL_to_OL_Delay
 0000:000589B0       Injector_Flow_Scaling
 0000:000589B4       Min_Primary_Base_Enrich_3_Decay_Multiplier
 0000:00058BE0       AF_Learning_1_Limits
 0000:00058BEC       AF_Learning_1_Airflow_Ranges
 0000:00058C34       Minimum_Active_Primary_Open_Loop_Enrichment
 0000:00058C38       CL_to_OL_Transition_with_Delay_Throttle_Hysteresis
 0000:00058C3C       CL_to_OL_Transition_with_Delay_BPW_Hysteresis
 0000:00058C40       CL_Delay_Minimum_ECT
 0000:00058C6C       CL_Delay_Maximum_Engine_Speed_Per_Gear
 0000:00058C94       CL_Delay_Maximum_Engine_Speed_Neutral
 0000:00058CAC       CL_Delay_Maximum_Throttle
 0000:00058CB0       CL_Delay_Maximum_Vehicle_Speed
 0000:00058CD0       Primary_Open_Loop_Fuel_Map_Switch_IAM
 0000:00058DA4       Minimum_Tipin_Enrichment_Activation_Throttle
 0000:00058DA8       Minimum_Tipin_Enrichment_Activation
 0000:00058DAC       Tipin_Enrichment_Disable_Throttle_Cumulative_Threshold
 0000:00058DFC       Rev_Limit_Fuel_Cut
 0000:00058E04       Rev_Limit_Fuel_Resume_Boost
 0000:00058E4C       Speed_Limiting_Enable_Fuel_Cut
 0000:00058E54       Speed_Limiting_Disable_Fuel_Cut
 0000:00058F14       Min_Primary_Base_Enrich_3_Decay_Delay_B_Y_Axis
 0000:00058FA4       Cranking_Fuel_IPW_Compensation_Accelerator_Y_Axis
 0000:00058FBC       Cranking_Fuel_IPW_Compensation_Accelerator
 0000:00058FD2       Min_Primary_Base_Enrich_3_Decay_Delay_A
 0000:00058FE2       Min_Primary_Base_Enrich_3_Decay_Delay_B
 0000:00059012       Min_Primary_Base_Enrichment_1
 0000:00059190       CL_to_OL_Transition_with_Delay_A_Throttle_Y_Axis
 0000:000591D0       CL_to_OL_Transition_with_Delay_A_Throttle
 0000:000591E0       CL_to_OL_Transition_with_Delay_B_Throttle_Y_Axis
 0000:00059220       CL_to_OL_Transition_with_Delay_B_Throttle
 0000:00059230       CL_to_OL_Transition_with_Delay_C_Throttle_Y_Axis
 0000:00059270       CL_to_OL_Transition_with_Delay_C_Throttle
 0000:00059280       Minimum_Primary_Open_Loop_Enrichment_Throttle_Y_Axis
 0000:00059298       Minimum_Primary_Open_Loop_Enrichment_Throttle
 0000:000592A0       Primary_Open_Loop_Fueling_Compensation_Timing_Compensation__Y_Axis
 0000:000592B8       Primary_Open_Loop_Fueling_Compensation_Timing_Compensation_
 0000:00059318       Tipin_Enrichment_Compensation_Boost_Error_Y_Axis
 0000:0005933C       Tipin_Enrichment_Compensation_Boost_Error
 0000:000593C6       Cranking_Fuel_Injector_Pulse_Width_A_ECT
 0000:000593E6       Cranking_Fuel_Injector_Pulse_Width_B_ECT
 0000:00059406       Cranking_Fuel_Injector_Pulse_Width_C_ECT
 0000:00059426       Cranking_Fuel_Injector_Pulse_Width_D_ECT
 0000:00059446       Min_Primary_Base_Enrich_3_Initial_Start_1A
 0000:00059466       Min_Primary_Base_Enrich_3_Initial_Start_1B
 0000:00059486       Min_Primary_Base_Enrich_3_Initial_Start_2A
 0000:000594A6       Min_Primary_Base_Enrich_3_Initial_Start_2B
 0000:000594C6       Min_Primary_Base_Enrich_2_Initial_Start_1A
 0000:000594E6       Min_Primary_Base_Enrich_2_Initial_Start_2A
 0000:00059506       Min_Primary_Base_Enrich_2_Initial_Start_1B
 0000:00059526       Min_Primary_Base_Enrich_2_Initial_Start_2B
 0000:00059546       Min_Primary_Base_Enrich_2_Decay_Step_1
 0000:00059566       Min_Primary_Base_Enrich_2_Decay_Step_2
 0000:0005995C       CL_to_OL_Transition_with_Delay_A_Base_Pulse_Width_Y_Axis
 0000:0005999C       CL_to_OL_Transition_with_Delay_A_Base_Pulse_Width
 0000:000599BC       CL_to_OL_Transition_with_Delay_B_Base_Pulse_Width_Y_Axis
 0000:000599FC       CL_to_OL_Transition_with_Delay_B_Base_Pulse_Width
 0000:00059A1C       CL_to_OL_Transition_with_Delay_C_Base_Pulse_Width_Y_Axis
 0000:00059A5C       CL_to_OL_Transition_with_Delay_C_Base_Pulse_Width
 0000:00059A7C       Primary_Open_Loop_Fueling_Compensation_ECT
 0000:00059B3C       Throttle_Tipin_Enrichment_Y_Axis
 0000:00059B84       Throttle_Tipin_Enrichment
 0000:00059BA8       Tipin_Enrichment_Compensation_ECT
 0000:00059C18       Boost_Limit_Fuel_Cut_Y_Axis
 0000:00059C30       Boost_Limit_Fuel_Cut
 0000:00059D60       Cranking_Fuel_IPW_Compensation_RPM_X_Axis
 0000:00059D74       Cranking_Fuel_IPW_Compensation_RPM_Y_Axis
 0000:00059D90       Cranking_Fuel_IPW_Compensation_RPM
 0000:00059E5C       Min_Primary_Base_Enrichment_1_NonPrimary_OL_X_Axis
 0000:00059E84       Min_Primary_Base_Enrichment_1_NonPrimary_OL_Y_Axis
 0000:00059E90       Min_Primary_Base_Enrichment_1_NonPrimary_OL
 0000:00059EC4       Primary_Open_Loop_Fueling_X_Axis
 0000:00059F04       Primary_Open_Loop_Fueling_Y_Axis
 0000:00059F4C       Primary_Open_Loop_Fueling
 0000:0005A080       Primary_Open_Loop_Fueling_Failsafe_X_Axis
 0000:0005A0C0       Primary_Open_Loop_Fueling_Failsafe_Y_Axis
 0000:0005A108       Primary_Open_Loop_Fueling_Failsafe
 0000:0005A228       Per_Injector_Primary_Fuel_Offset_Compensation_A_X_Axis
 0000:0005A270       Per_Injector_Primary_Fuel_Offset_Compensation_A_Y_Axis
 0000:0005A2A8       Per_Injector_Primary_Fuel_Offset_Compensation_A
 0000:0005A3A4       Per_Injector_Primary_Fuel_Offset_Compensation_B_X_Axis
 0000:0005A3EC       Per_Injector_Primary_Fuel_Offset_Compensation_B_Y_Axis
 0000:0005A424       Per_Injector_Primary_Fuel_Offset_Compensation_B
 0000:0005A520       Per_Injector_Primary_Fuel_Offset_Compensation_C_X_Axis
 0000:0005A568       Per_Injector_Primary_Fuel_Offset_Compensation_C_Y_Axis
 0000:0005A5A0       Per_Injector_Primary_Fuel_Offset_Compensation_C
 0000:0005A69C       Per_Injector_Primary_Fuel_Offset_Compensation_D_X_Axis
 0000:0005A6E4       Per_Injector_Primary_Fuel_Offset_Compensation_D_Y_Axis
 0000:0005A71C       Per_Injector_Primary_Fuel_Offset_Compensation_D
 0000:0005A970       CL_Fueling_Target_Compensation_A_ECT_Y_Axis
 0000:0005A97C       CL_Fueling_Target_Compensation_A_ECT
 0000:0005AA24       CL_Fueling_Target_Compensation_B_ECT_Y_Axis
 0000:0005AA30       CL_Fueling_Target_Compensation_B_ECT
 0000:0005AAA8       CL_Fueling_Target_Compensation_Load_X_Axis
 0000:0005AAD8       CL_Fueling_Target_Compensation_Load_Y_Axis
 0000:0005AB00       CL_Fueling_Target_Compensation_Load
 0000:0005AC4E       Feedback_Correction_Negative_Advance_Delay
 0000:0005AC5C       Fine_Correction_Advance_Delay
 0000:0005AD20       Base_Timing_Idle_Minimum_Vehicle_Speed_Enable
 0000:0005AE38       Timing_Comp_Maximum_RPM_Per_Cylinder
 0000:0005AE3C       Timing_Comp_Minimum_Load_Per_Cylinder
 0000:0005AE40       Timing_Comp_Minimum_Coolant_Temp_Per_Cylinder
 0000:0005AE50       Feedback_Correction_Retard_Limit
 0000:0005AE54       Feedback_Correction_Retard_Value
 0000:0005AE5C       Feedback_Correction_Negative_Advance_Value
 0000:0005AE74       Feedback_Correction_Range_RPM
 0000:0005AE84       Feedback_Correction_Minimum_Load
 0000:0005AE8C       Extended_Feedback_Correction_High_RPM_Compensation
 0000:0005AF00       Advance_Multiplier_Initial
 0000:0005AF04       Rough_Correction_Range_RPM
 0000:0005AF14       Rough_Correction_Range_Load
 0000:0005AF24       Rough_Correction_Minimum_KC_Advance_Map_Value
 0000:0005AF28       Advance_Multiplier_Step_Value
 0000:0005AF60       Fine_Correction_Advance_Limit
 0000:0005AF64       Fine_Correction_Retard_Limit
 0000:0005AF68       Fine_Correction_Advance_Value
 0000:0005AF6C       Fine_Correction_Range_RPM
 0000:0005AF7C       Fine_Correction_Range_Load
 0000:0005AF8C       Fine_Correction_Columns_Load
 0000:0005AF9C       Fine_Correction_Rows_RPM
 0000:0005AFB4       Fine_Correction_Retard_Value
 0000:0005AFDC       Timing_Compensation_ECT_Y_Axis
 0000:0005B10C       Base_Timing_Idle_Minimum_Y_Axis
 0000:0005B148       Base_Timing_Idle_Minimum
 0000:0005B157       Base_Timing_Idle
 0000:0005B177       Timing_Compensation_ECT
 0000:0005B188       Timing_Compensation_IAT_Y_Axis
 0000:0005B1C8       Timing_Compensation_IAT
 0000:0005B478       Timing_Compensation_Per_Cylinder_A___Y_Axis
 0000:0005B4B8       Timing_Compensation_Per_Cylinder_A__
 0000:0005B4C8       Timing_Compensation_Per_Cylinder_B___Y_Axis
 0000:0005B508       Timing_Compensation_Per_Cylinder_B__
 0000:0005B518       Timing_Compensation_Per_Cylinder_C___Y_Axis
 0000:0005B558       Timing_Compensation_Per_Cylinder_C__
 0000:0005B568       Timing_Compensation_Per_Cylinder_D___Y_Axis
 0000:0005B5A8       Timing_Compensation_Per_Cylinder_D__
 0000:0005B5B8       Rough_Correction_Learning_Delay_Increasing_Y_Axis
 0000:0005B5E0       Rough_Correction_Learning_Delay_Increasing
 0000:0005B910       Base_Timing_X_Axis
 0000:0005B950       Base_Timing_Y_Axis
 0000:0005B998       Base_Timing
 0000:0005BAB8       Timing_Compensation_IAT_Activation_X_Axis
 0000:0005BAD8       Timing_Compensation_IAT_Activation_Y_Axis
 0000:0005BAF8       Timing_Compensation_IAT_Activation
 0000:0005BCC4       Timing_Compensation_MRP_X_Axis
 0000:0005BCD8       Timing_Compensation_MRP_Y_Axis
 0000:0005BCE4       Timing_Compensation_MRP
 0000:0005BD28       Knock_Correction_Advance_Max_X_Axis
 0000:0005BD68       Knock_Correction_Advance_Max_Y_Axis
 0000:0005BDB0       Knock_Correction_Advance_Max
 0000:0005C43C       Idle_Speed_Target_C_Y_Axis
 0000:0005CA24       Idle_Speed_Target_A
 0000:0005CA64       Idle_Speed_Target_B
 0000:0005CAA4       Idle_Speed_Target_C
 0000:0005E180       Manifold_Pressure_Sensor_Limits_CEL
 0000:0005E278       Injector_Latency_Y_Axis
 0000:0005E28C       Injector_Latency
 0000:0005E538       MAF_Sensor_Scaling_Y_Axis
 0000:0005E610       MAF_Sensor_Scaling
 0000:0005E7D8       Front_Oxygen_Sensor_Scaling_Y_Axis
 0000:0005E80C       Front_Oxygen_Sensor_Scaling
 0000:0005EFB8       Radiator_Fan_Modes_ECT
 0000:0005EFC8       Radiator_Fan_Modes_Veh_Speed
 0000:0005F004       dEcuId
 0000:0005FB48       Intake_Cam_Advance_Angle_AVCS_X_Axis
 0000:0005FB80       Intake_Cam_Advance_Angle_AVCS_Y_Axis
 0000:0005FBC8       Intake_Cam_Advance_Angle_AVCS
 0000:00069C10       dRomHoleStart
 0000:0007FB80       Checksum_Fix
 0000:FFFF81D0       E_AF_Learning_1_A_StoredExt_E44
 0000:FFFF81D8       E_AF_Learning_1_B_StoredExt_E45
 0000:FFFF81E0       E_AF_Learning_1_C_StoredExt_E46
 0000:FFFF81E8       E_AF_Learning_1_D_StoredExt_E47
 0000:FFFF822C       E_IAM_4byteExt_E31
 0000:FFFF9022       pMafSensorVoltage
 0000:FFFF90B8       pIntakeAirTemp
 0000:FFFF90C8       pCoolantTemp
 0000:FFFF90F4       pMassAirFlow
 0000:FFFF9134       pAtmoPress
 0000:FFFFAF04       E_Boost_ErrorExt_E35
 0000:FFFFAF08       E_Target_Boost_4byteExt_E36
 0000:FFFFAF0C       E_Turbo_Dynamics_Proportional_4byteExt_E37
 0000:FFFFAF10       E_Turbo_Dynamics_Integral_4byteExt_E34
 0000:FFFFAF2C       E_Primary_Wastegate_Duty_MaximumExt_4byteExt__E77
 0000:FFFFAF94       E_Manifold_Relative_Sea_Level_Pressure_4byteExt_E52
 0000:FFFFAF98       E_Manifold_Relative_Pressure_4byteExt_E113
 0000:FFFFB024       E_Throttle_Plate_Opening_Angle_4byteExt_E38
 0000:FFFFB028       E_Tipin_ThrottleExt_E54
 0000:FFFFB0E0       E_Engine_Load_4ByteExt_E32
 0000:FFFFB1C8       E_AF_Sensor_1_4byteExt_E91
 0000:FFFFB1E9       pClutchFlags
 0000:FFFFB208       pVehicleSpeed
 0000:FFFFB218       pEngineSpeed
 0000:FFFFB319       E_Gear_CalculatedExt_E59
 0000:FFFFB328       E_Primary_Wastegate_Duty_MaximumExt_2byteExtExt_E78
 0000:FFFFB32A       E_Turbo_Dynamics_Integral_2byteExtExt_E79
 0000:FFFFB32C       E_Turbo_Dynamics_Proportional_2byteExtExt_E80
 0000:FFFFB330       E_AF_Correction_1_2byteExtExt_E82
 0000:FFFFB334       E_AF_Learning_1_2byteExtExt_E83
 0000:FFFFB336       E_Primary_Open_Loop_Map_Enrichment_2byteExtExt_E85
 0000:FFFFB33A       E_Final_Fueling_Base_2byteExt_E124
 0000:FFFFB33C       E_Engine_Load_2byteExtExt_E87
 0000:FFFFB34A       E_Manifold_Relative_Sea_Level_Pressure_2byteExtExt_E89
 0000:FFFFB350       E_Target_Boost_2byteExtExt_E90
 0000:FFFFB352       E_AF_Sensor_1_2byteExtExt_E92
 0000:FFFFB358       E_Closed_Loop_Fueling_Target_2byteExt_E122
 0000:FFFFB35A       E_Throttle_Plate_Opening_Angle_2byteExtExt_E93
 0000:FFFFB364       E_Feedback_Knock_Correction_1byteExtExt_E94
 0000:FFFFB367       E_Fine_Learning_Knock_Correction_1byteExtExt_E95
 0000:FFFFB369       E_IAM_1byteExtExt_E96
 0000:FFFFB48C       E_Final_Fueling_Base_4byteExt_E123
 0000:FFFFB4BC       E_Primary_Enrichment_Final_4byteExt_E115
 0000:FFFFB538       E_AF_Correction_1_4byteExt_E81
 0000:FFFFB580       E_Closed_Loop_Fueling_Target_4byteExt_E121
 0000:FFFFB680       E_AF_Learning_1_4byteExt_E48
 0000:FFFFB689       E_AF_Learning_Airflow_Range_CurrentExt_E61
 0000:FFFFB6E8       E_Primary_Open_Loop_Map_Enrichment_4byteExt_E84
 0000:FFFFB80C       E_Tipin_Enrichment_Last_CalculatedExt_E55
 0000:FFFFB868       pFlagsRevLim
 0000:FFFFB8C4       E_Fuel_Injector_1_Pulse_Width_4byteExt_E60
 0000:FFFFB8D8       E_Fuel_Injector_1_Latency_4byteExt_E50
 0000:FFFFB9F8       E_Ignition_Base_TimingExt_E53
 0000:FFFFBAF4       E_Knock_SumExt_E114
 0000:FFFFBB1C       E_Feedback_Knock_Correction_4byteExt_E39
 0000:FFFFBB60       E_Knock_Correction_Advance_IAM_onlyExt_E40
 0000:FFFFBB78       E_Fine_Learning_Knock_Correction_4byteExt_E41
 0000:FFFFBB7E       E_Fine_Learning_Table_OffsetExt_E58
 0000:FFFFBE88       E_Idle_Speed_Map_SelectionExt_E49
 0000:FFFFC3A4       E_Map_Ratio_PrimaryExt_E42
 0000:FFFFC631       E_CLOL_FuelingExt_E33
 0000:FFFFC692       pCelSignalOem
 0000:FFFFCA00       pRamHoleStart
 0000:FFFFDFFB       pMemoryResetLimit
