
 Start         Length     Name                   Class
 0000:00000000 000100000H ROM                    CODE
 0000:00000000 00000BFFFH RAM                    


  Address         Publics by Value

 0000:00000000       off_0
 0000:00002000       dCalId
 0000:00002038       aPf_47sh4t_58Ve
 0000:0000209C       sPull2DFloat
 0000:00002110       sPull3DFloat
 0000:00004C04       nullsub_5
 0000:00004C08       nullsub_1
 0000:00004C0C       nullsub_6
 0000:00004DDA       nullsub_2
 0000:00004E24       nullsub_7
 0000:00004E3A       nullsub_3
 0000:00004E3E       nullsub_8
 0000:00004E5A       nullsub_9
 0000:00004E5E       nullsub_4
 0000:00004E62       nullsub_10
 0000:00004EAA       nullsub_11
 0000:0000545C       aOFocatnCF
 0000:00005488       aFCatCF4cat6CF_
 0000:00005BA2       aOFucatCA
 0000:00007850       sMafCalc
 0000:000078AC       hMafCalc
 0000:0000D1C0       hMemoryReset
 0000:0000F2A0       aCuE0f@
 0000:0000F7C4       sMemoryReset
 0000:0000FE20       aGlu73nFEltEEE
 0000:0000FE94       hMemoryResetLimit
 0000:00011B8E       HOOK_CELFLASH_JSR
 0000:00011D34       hWgdc
 0000:00011E74       aCo0cNc0bDuCDuB
 0000:00011E95       a_b
 0000:00011E9B       aCDuB
 0000:00011EA7       aCDuB_0
 0000:000121C8       hRevLimDelete
 0000:00013A8C       sWgdc
 0000:00014134       sWgdc_0
 0000:00014524       Max_Wastegate_Duty_Limit_PostCompensation
 0000:0001508A       SBR_Coast_SWGET
 0000:0001508E       CoastBitMask_0x02
 0000:0001509E       SBR_Resume_SWGET
 0000:000150A2       ResumeBitMask_0x04
 0000:000150C6       sGetBrakeSwitch
 0000:000150CA       BrakeBitMask_0x08
 0000:0001D624       sLoadCalcs
 0000:0001DA74       Engine_Load_Limit_Maximum
 0000:0001F7C4       Front_Oxygen_Sensor_Rich_Limit
 0000:0002056A       SBR_Clutch_SWGET
 0000:0002056E       ClutchBitMask_0x80
 0000:0002B27C       aNOOAAO@
 0000:0002BA40       sRevLimStart
 0000:0002BA54       RevLimitBitMask_0x80
 0000:0002BA76       sRevLimEnd
 0000:00034518       aCOBcF
 0000:00041780       aOT5c0f1@
 0000:0004261E       SsmGet_IAM_P90
 0000:00042624       SsmGet_Coolant_Temperature_P2
 0000:00042632       SsmGet_AF_Correction_1_P3
 0000:0004264E       SsmGet_AF_Learning_1_P4
 0000:0004265E       SsmGet_Manifold_Absolute_Pressure_P7
 0000:0004266C       SsmGet_Engine_Speed_P8
 0000:0004269A       SsmGet_Vehicle_Speed_P9
 0000:000426A6       SsmGet_Ignition_Total_Timing_P10
 0000:000426B6       SsmGet_Intake_Air_Temperature_P11
 0000:000426C4       SsmGet_Mass_Airflow_P12
 0000:000426F2       SsmGet_Throttle_Opening_Angle_P13
 0000:00042700       SsmGet_Rear_O2_Sensor_P15
 0000:0004272E       SsmGet_Battery_Voltage_P17
 0000:0004273C       SsmGet_Mass_Airflow_Sensor_Voltage_P18
 0000:00042760       SsmGet_Throttle_Sensor_Voltage_P19
 0000:00042784       SsmGet_Fuel_Injector_1_Pulse_Width_P21
 0000:00042798       SsmGet_Knock_Correction_Advance_P23
 0000:000427A8       SsmGet_Atmospheric_Pressure_P24
 0000:000427B6       SsmGet_Manifold_Relative_Pressure_P25
 0000:000427D4       SsmGet_Fuel_Tank_Pressure_P27
 0000:000428A8       SsmGet_Accelerator_Pedal_Angle_P30
 0000:000428B6       SsmGet_Fuel_Temperature_P31
 0000:000428C4       SsmGet_Fuel_Level_P35
 0000:000428D2       SsmGet_Primary_Wastegate_Duty_Cycle_P36
 0000:000428E0       SsmGet_CPC_Valve_Duty_Ratio_P38
 0000:000428F8       SsmGet_Tumble_Valve_Position_Sensor_Right_P39
 0000:0004291C       SsmGet_Tumble_Valve_Position_Sensor_Left_P40
 0000:00042940       SsmGet_Idle_Speed_Control_Valve_Duty_Ratio_P41
 0000:00042952       SsmGet_Alternator_Duty_P46
 0000:00042962       SsmGet_Fuel_Pump_Duty_P47
 0000:00042970       SsmGet_Intake_VVT_Advance_Angle_Right_P48
 0000:0004297E       SsmGet_Intake_VVT_Advance_Angle_Left_P49
 0000:0004298C       SsmGet_Intake_OCV_Duty_Right_P50
 0000:0004299A       SsmGet_Intake_OCV_Duty_Left_P51
 0000:000429A8       SsmGet_Intake_OCV_Current_Right_P52
 0000:000429B6       SsmGet_Intake_OCV_Current_Left_P53
 0000:000429C4       SsmGet_AF_Sensor_1_Current_P54
 0000:000429D4       SsmGet_AF_Sensor_1_Resistance_P56
 0000:000429E0       SsmGet_AF_Sensor_1_P58
 0000:000429F8       SsmGet_Switches_1_2_3
 0000:00042B5C       SsmGet_Switches_4_5_6_7_8_9
 0000:00042C34       SsmGet_Switches_10_11_12_13_14_15_16_17
 0000:00042CE6       SsmGet_Switches_18_19_20_21_22_23_24_25
 0000:00042E4E       SsmGet_Switches_26_27_28_29_30_31_32_33
 0000:00042F00       SsmGet_Switches_34_35_36_37_38_39_40_41
 0000:00042FBE       SsmGet_Switches_42_43_44_45_46_47_48_49
 0000:00042FF6       SsmGet_Switches_50_51_52_53
 0000:000430E6       SsmGet_Switches_54_55_56_57_58_59_60_61
 0000:00043248       SsmGet_Roughness_Monitor_Cylinder_1_P63
 0000:0004324E       SsmGet_Roughness_Monitor_Cylinder_2_P64
 0000:00043254       SsmGet_AF_Correction_3_32bit_ECU_P89
 0000:000433BC       SsmGet_Roughness_Monitor_Cylinder_3_P69
 0000:000433C2       SsmGet_Roughness_Monitor_Cylinder_4_P70
 0000:0004368A       SsmGet_Throttle_Motor_Duty_P71
 0000:0004369A       SsmGet_Throttle_Motor_Voltage_P72
 0000:000436A8       SsmGet_Sub_Throttle_Sensor_P73
 0000:000436CC       SsmGet_Main_Throttle_Sensor_P74
 0000:000436F0       SsmGet_Sub_Accelerator_Sensor_P75
 0000:00043714       SsmGet_Main_Accelerator_Sensor_P76
 0000:00043738       SsmGet_Exhaust_Gas_Temperature_P79
 0000:00043746       SsmGet_Memorised_Cruise_Speed_P82
 0000:00043786       SsmGet_Exhaust_VVT_Advance_Angle_Right_P83
 0000:00043792       SsmGet_Exhaust_VVT_Advance_Angle_Left_P84
 0000:0004379E       SsmGet_Exhaust_OCV_Duty_Right_P85
 0000:000437B0       SsmGet_Exhaust_OCV_Duty_Left_P86
 0000:000437C2       SsmGet_Exhaust_OCV_Current_Right_P87
 0000:000437D0       SsmGet_Exhaust_OCV_Current_Left_P88
 0000:000437DE       SsmGet_Switches_62
 0000:00043968       SsmGet_Switches_63_64_65_66_67_68
 0000:00043AF0       SsmGet_Fine_Learning_Knock_Correction_P91
 0000:0004858C       SSM_BASE
 0000:000485A8       PtrSsmGet_Engine_Load_Relative_P1
 0000:000485AC       PtrSsmGet_Coolant_Temperature_P2
 0000:000485B0       PtrSsmGet_AF_Correction_1_P3
 0000:000485B4       PtrSsmGet_AF_Learning_1_P4
 0000:000485B8       PtrSsmGet_AF_Correction_2_P5
 0000:000485BC       PtrSsmGet_AF_Learning_2_P6
 0000:000485C0       PtrSsmGet_Manifold_Absolute_Pressure_P7
 0000:000485C4       PtrSsmGet_Engine_Speed_P8
 0000:000485CC       PtrSsmGet_Vehicle_Speed_P9
 0000:000485D0       PtrSsmGet_Ignition_Total_Timing_P10
 0000:000485D4       PtrSsmGet_Intake_Air_Temperature_P11
 0000:000485D8       PtrSsmGet_Mass_Airflow_P12
 0000:000485E0       PtrSsmGet_Throttle_Opening_Angle_P13
 0000:000485E4       PtrSsmGet_Front_O2_Sensor_1_P14
 0000:000485EC       PtrSsmGet_Rear_O2_Sensor_P15
 0000:000485F4       PtrSsmGet_Front_O2_Sensor_2_P16
 0000:000485FC       PtrSsmGet_Battery_Voltage_P17
 0000:00048600       PtrSsmGet_Mass_Airflow_Sensor_Voltage_P18
 0000:00048604       PtrSsmGet_Throttle_Sensor_Voltage_P19
 0000:00048608       PtrSsmGet_Differential_Pressure_Sensor_Voltage_P20
 0000:0004860C       PtrSsmGet_Fuel_Injector_1_Pulse_Width_P21
 0000:00048610       PtrSsmGet_Fuel_Injector_2_Pulse_Width_P22
 0000:00048614       PtrSsmGet_Knock_Correction_Advance_P23
 0000:00048618       PtrSsmGet_Atmospheric_Pressure_P24
 0000:0004861C       PtrSsmGet_Manifold_Relative_Pressure_P25
 0000:00048620       PtrSsmGet_Pressure_Differential_Sensor_P26
 0000:00048624       PtrSsmGet_Fuel_Tank_Pressure_P27
 0000:00048628       PtrSsmGet_CO_Adjustment_P28
 0000:0004862C       PtrSsmGet_Learned_Ignition_Timing_P29
 0000:00048630       PtrSsmGet_Accelerator_Pedal_Angle_P30
 0000:00048634       PtrSsmGet_Fuel_Temperature_P31
 0000:00048638       PtrSsmGet_Front_O2_Heater_Current_1_P32
 0000:0004863C       PtrSsmGet_Rear_O2_Heater_Current_P33
 0000:00048640       PtrSsmGet_Front_O2_Heater_Current_2_P34
 0000:00048644       PtrSsmGet_Fuel_Level_P35
 0000:0004864C       PtrSsmGet_Primary_Wastegate_Duty_Cycle_P36
 0000:00048650       PtrSsmGet_Secondary_Wastegate_Duty_Cycle_P37
 0000:00048654       PtrSsmGet_CPC_Valve_Duty_Ratio_P38
 0000:00048658       PtrSsmGet_Tumble_Valve_Position_Sensor_Right_P39
 0000:0004865C       PtrSsmGet_Tumble_Valve_Position_Sensor_Left_P40
 0000:00048660       PtrSsmGet_Idle_Speed_Control_Valve_Duty_Ratio_P41
 0000:00048664       PtrSsmGet_AF_Lean_Correction_P42
 0000:00048668       PtrSsmGet_AF_Heater_Duty_P43
 0000:0004866C       PtrSsmGet_Idle_Speed_Control_Valve_Step_P44
 0000:00048670       PtrSsmGet_Number_of_Exh_Gas_Recirc_Steps_P45
 0000:00048674       PtrSsmGet_Alternator_Duty_P46
 0000:00048678       PtrSsmGet_Fuel_Pump_Duty_P47
 0000:0004867C       PtrSsmGet_Intake_VVT_Advance_Angle_Right_P48
 0000:00048680       PtrSsmGet_Intake_VVT_Advance_Angle_Left_P49
 0000:00048684       PtrSsmGet_Intake_OCV_Duty_Right_P50
 0000:00048688       PtrSsmGet_Intake_OCV_Duty_Left_P51
 0000:0004868C       PtrSsmGet_Intake_OCV_Current_Right_P52
 0000:00048690       PtrSsmGet_Intake_OCV_Current_Left_P53
 0000:00048694       PtrSsmGet_AF_Sensor_1_Current_P54
 0000:00048698       PtrSsmGet_AF_Sensor_2_Current_P55
 0000:0004869C       PtrSsmGet_AF_Sensor_1_Resistance_P56
 0000:000486A0       PtrSsmGet_AF_Sensor_2_Resistance_P57
 0000:000486A4       PtrSsmGet_AF_Sensor_1_P58
 0000:000486A8       PtrSsmGet_AF_Sensor_2_P59
 0000:000486B4       PtrSsmGet_Gear_Position_P60
 0000:000486D8       PtrSsmGet_AF_Sensor_1_Heater_Current_P61
 0000:000486DC       PtrSsmGet_AF_Sensor_2_Heater_Current_P62
 0000:00048710       PtrSsmGet_Switches_1_2_3
 0000:00048714       PtrSsmGet_Switches_4_5_6_7_8_9
 0000:00048718       PtrSsmGet_Switches_10_11_12_13_14_15_16_17
 0000:0004871C       PtrSsmGet_Switches_18_19_20_21_22_23_24_25
 0000:00048720       PtrSsmGet_Switches_26_27_28_29_30_31_32_33
 0000:00048724       PtrSsmGet_Switches_34_35_36_37_38_39_40_41
 0000:00048728       PtrSsmGet_Switches_42_43_44_45_46_47_48_49
 0000:0004872C       PtrSsmGet_Switches_50_51_52_53
 0000:00048730       PtrSsmGet_Switches_54_55_56_57_58_59_60_61
 0000:000488C4       PtrSsmGet_Roughness_Monitor_Cylinder_1_P63
 0000:000488C8       PtrSsmGet_Roughness_Monitor_Cylinder_2_P64
 0000:000488CC       PtrSsmGet_AF_Correction_3_32bit_ECU_P89
 0000:000488D0       PtrSsmGet_AF_Learning_3_P66
 0000:000488D4       PtrSsmGet_Rear_O2_Heater_Voltage_P67
 0000:000488D8       PtrSsmGet_AF_Adjustment_Voltage_P68
 0000:000488EC       PtrSsmGet_Roughness_Monitor_Cylinder_3_P69
 0000:000488F0       PtrSsmGet_Roughness_Monitor_Cylinder_4_P70
 0000:00048970       PtrSsmGet_IAM_P90
 0000:00048974       PtrSsmGet_Throttle_Motor_Duty_P71
 0000:00048978       PtrSsmGet_Throttle_Motor_Voltage_P72
 0000:0004898C       PtrSsmGet_Sub_Throttle_Sensor_P73
 0000:00048990       PtrSsmGet_Main_Throttle_Sensor_P74
 0000:00048994       PtrSsmGet_Sub_Accelerator_Sensor_P75
 0000:00048998       PtrSsmGet_Main_Accelerator_Sensor_P76
 0000:0004899C       PtrSsmGet_Brake_Booster_Pressure_P77
 0000:000489A0       PtrSsmGet_Fuel_Pressure_High_P78
 0000:000489A4       PtrSsmGet_Exhaust_Gas_Temperature_P79
 0000:000489AC       PtrSsmGet_Cold_Start_Injector_Air_Pump_P80
 0000:000489B0       PtrSsmGet_SCV_Step_P81
 0000:000489B4       PtrSsmGet_Memorised_Cruise_Speed_P82
 0000:000489EC       PtrSsmGet_Exhaust_VVT_Advance_Angle_Right_P83
 0000:000489F0       PtrSsmGet_Exhaust_VVT_Advance_Angle_Left_P84
 0000:000489F4       PtrSsmGet_Exhaust_OCV_Duty_Right_P85
 0000:000489F8       PtrSsmGet_Exhaust_OCV_Duty_Left_P86
 0000:000489FC       PtrSsmGet_Exhaust_OCV_Current_Right_P87
 0000:00048A00       PtrSsmGet_Exhaust_OCV_Current_Left_P88
 0000:00048A0C       PtrSsmGet_Switches_62
 0000:00048A10       PtrSsmGet_Switches_63_64_65_66_67_68
 0000:00048BF0       PtrSsmGet_Fine_Learning_Knock_Correction_P91
 0000:000492E0       a34512345
 0000:000534CE       aCJCJoAA7AA
 0000:0005ADFE       aCOVf0VLVi
 0000:0005D954       aCoDstbcm3P
 0000:0005DC3E       aCoTcdscm3P
 0000:0006AA34       P0335_CRANKSHAFT_POS_SENSOR_A_MALFUNCTION
 0000:0006AA35       P0336_CRANKSHAFT_POS_SENSOR_A_RANGEPERF
 0000:0006AA38       P0604_CONTROL_MODULE_RAM_ERROR
 0000:0006AA39       P0102_MAF_SENSOR_LOW_INPUT
 0000:0006AA3A       P0103_MAF_SENSOR_HIGH_INPUT
 0000:0006AA3C       P0327_KNOCK_SENSOR_1_LOW_INPUT
 0000:0006AA3D       P0328_KNOCK_SENSOR_1_HIGH_INPUT
 0000:0006AA3E       P0122_TPS_A_LOW_INPUT
 0000:0006AA3F       P0123_TPS_A_HIGH_INPUT
 0000:0006AA41       P0117_COOLANT_TEMP_SENSOR_LOW_INPUT
 0000:0006AA42       P0118_COOLANT_TEMP_SENSOR_HIGH_INPUT
 0000:0006AA43       P0464_FUEL_LEVEL_SENSOR_INTERMITTENT
 0000:0006AA44       P0125_INSUFFICIENT_COOLANT_TEMP_FUELING
 0000:0006AA45       P0462_FUEL_LEVEL_SENSOR_LOW_INPUT
 0000:0006AA46       P0463_FUEL_LEVEL_SENSOR_HIGH_INPUT
 0000:0006AA47       P0461_FUEL_LEVEL_SENSOR_RANGEPERF
 0000:0006AA49       P1518_STARTER_SWITCH_LOW_INPUT
 0000:0006AA4A       P0512_STARTER_REQUEST_CIRCUIT
 0000:0006AA4B       P0452_EVAP_PRESSURE_SENSOR_LOW_INPUT
 0000:0006AA4C       P0453_EVAP_PRESSURE_SENSOR_HIGH_INPUT
 0000:0006AA4D       P0451_EVAP_PRESSURE_SENSOR_RANGEPERF
 0000:0006AA4E       P0851_NEUTRAL_SWITCH_INPUT_LOW
 0000:0006AA4F       P0182_FUEL_TEMP_SENSOR_A_LOW_INPUT
 0000:0006AA50       P0183_FUEL_TEMP_SENSOR_A_HIGH_INPUT
 0000:0006AA51       P0181_FUEL_TEMP_SENSOR_A_RANGEPERF
 0000:0006AA52       P0852_NEUTRAL_SWITCH_INPUT_HIGH
 0000:0006AA53       P1446_FUEL_TANK_SENSOR_CONTROL_CIRCUIT_LOW
 0000:0006AA54       P1447_FUEL_TANK_SENSOR_CONTROL_CIRCUIT_HIGH
 0000:0006AA57       P0506_IDLE_CONTROL_RPM_LOWER_THAN_EXPECTED
 0000:0006AA58       P0507_IDLE_CONTROL_RPM_HIGH_THAN_EXPECTED
 0000:0006AA59       P1448_FUEL_TANK_SENSOR_CONTROL_RANGEPERF
 0000:0006AA5A       P0691_RADIATOR_FAN_CIRCUIT_LOW
 0000:0006AA5B       P0692_RADIATOR_FAN_CIRCUIT_HIGH
 0000:0006AA5C       P0483_RADIATOR_FAN_RATIONALITY_CHECK
 0000:0006AA60       P0011_CAMSHAFT_POS__TIMING_OVERADVANCED_1
 0000:0006AA61       P0021_CAMSHAFT_POS__TIMING_OVERADVANCED_2
 0000:0006AA62       P1400_FUEL_TANK_PRESSURE_SOL_LOW
 0000:0006AA63       P1420_FUEL_TANK_PRESSURE_SOL_HIGH_INPUT
 0000:0006AA64       P0458_EVAP_PURGE_VALVE_CIRCUIT_LOW
 0000:0006AA65       P0459_EVAP_PURGE_VALVE_CIRCUIT_HIGH
 0000:0006AA68       P1443_VENT_CONTROL_SOLENOID_FUNCTION_PROBLEM
 0000:0006AA69       P0447_EVAP_VENT_CONTROL_CIRCUIT_OPEN
 0000:0006AA6A       P0448_EVAP_VENT_CONTROL_CIRCUIT_SHORTED
 0000:0006AA6B       P0133_FRONT_O2_SENSOR_SLOW_RESPONSE
 0000:0006AA6C       P0139_REAR_O2_SENSOR_SLOW_RESPONSE
 0000:0006AA6D       P1152_FRONT_O2_SENSOR_RANGEPERF_LOW_B1_S1
 0000:0006AA6E       P1153_FRONT_O2_SENSOR_RANGEPERF_HIGH_B1_S1
 0000:0006AA6F       P0420_CAT_EFFICIENCY_BELOW_THRESHOLD
 0000:0006AA70       P0442_EVAP_LEAK_DETECTED_SMALL
 0000:0006AA71       P0456_EVAP_LEAK_DETECTED_VERY_SMALL
 0000:0006AA72       P0171_SYSTEM_TOO_LEAN
 0000:0006AA73       P0172_SYSTEM_TOO_RICH
 0000:0006AA74       P0301_MISFIRE_CYLINDER_1
 0000:0006AA75       P0302_MISFIRE_CYLINDER_2
 0000:0006AA76       P0303_MISFIRE_CYLINDER_3
 0000:0006AA77       P0304_MISFIRE_CYLINDER_4
 0000:0006AA79       P0457_EVAP_LEAK_DETECTED_FUEL_CAP
 0000:0006AA7A       P0000_PASS_CODE_NO_DTC_DETECTED
 0000:0006AA7B       P0000_PASS_CODE_NO_DTC_DETECTED_
 0000:0006AA7C       P0137_REAR_O2_SENSOR_LOW_VOLTAGE
 0000:0006AA7D       P0131_FRONT_O2_SENSOR_LOW_INPUT
 0000:0006AA7E       P0132_FRONT_O2_SENSOR_HIGH_INPUT
 0000:0006AA7F       P0138_REAR_O2_SENSOR_HIGH_VOLTAGE
 0000:0006AA80       P0112_IAT_SENSOR_LOW_INPUT
 0000:0006AA81       P0113_IAT_SENSOR_HIGH_INPUT
 0000:0006AA82       P0111_IAT_SENSOR_RANGEPERF
 0000:0006AA83       P0038_REAR_O2_SENSOR_HIGH_INPUT
 0000:0006AA84       P0032_FRONT_O2_SENSOR_HIGH_INPUT
 0000:0006AA85       P0037_REAR_O2_SENSOR_LOW_INPUT
 0000:0006AA86       P0031_FRONT_O2_SENSOR_LOW_INPUT
 0000:0006AA87       P0107_MAP_SENSOR_LOW_INPUT
 0000:0006AA88       P0108_MAP_SENSOR_HIGH_INPUT
 0000:0006AA89       P0128_THERMOSTAT_MALFUNCTION
 0000:0006AA8A       P1491_PCV_BLOWBY_FUNCTION_PROBLEM
 0000:0006AA8B       P1560_BACKUP_VOLTAGE_MALFUNCTION
 0000:0006AA8E       P0245_WASTEGATE_SOLENOID_A_LOW
 0000:0006AA8F       P0246_WASTEGATE_SOLENOID_A_HIGH
 0000:0006AA90       P0244_WASTEGATE_SOLENOID_A_RANGEPERF
 0000:0006AA99       P0502_VEHICLE_SPEED_SENSOR_LOW_INPUT
 0000:0006AA9A       P0230_FUEL_PUMP_PRIMARY_CIRCUIT
 0000:0006AA9B       P0068_MAP_SENSOR_RANGEPERF
 0000:0006AA9C       P0519_IDLE_CONTROL_MALFUNCTION_FAILSAFE
 0000:0006AA9D       P0101_MAF_SENSOR_RANGEPERF
 0000:0006AA9E       P0134_FRONT_O2_SENSOR_NO_ACTIVITY
 0000:0006AA9F       P0030_FRONT_O2_SENSOR_RANGEPERF
 0000:0006AAA0       P0503_VEHICLE_SPEED_SENSOR_INTERMITTENT
 0000:0006AAA1       P2109_TPS_A_MINIMUM_STOP_PERF
 0000:0006AAA2       P0222_TPS_B_LOW_INPUT
 0000:0006AAA3       P0223_TPS_B_HIGH_INPUT
 0000:0006AAA4       P1160_ABNORMAL_RETURN_SPRING
 0000:0006AAA5       P2102_THROTTLE_ACTUATOR_CIRCUIT_LOW
 0000:0006AAA6       P2103_THROTTLE_ACTUATOR_CIRCUIT_HIGH
 0000:0006AAA7       P2101_THROTTLE_ACTUATOR_CIRCUIT_RANGEPERF
 0000:0006AAA8       P2096_POST_CATALYST_TOO_LEAN_B1
 0000:0006AAA9       P0638_THROTTLE_ACTUATOR_RANGEPERF
 0000:0006AAAA       P0607_CONTROL_MODULE_PERFORMANCE
 0000:0006AAAB       P2138_TPS_DE_VOLTAGE
 0000:0006AAAC       P2127_TPS_E_CIRCUIT_LOW_INPUT
 0000:0006AAAD       P2128_TPS_E_CIRCUIT_HIGH_INPUT
 0000:0006AAAE       P2122_TPS_D_CIRCUIT_LOW_INPUT
 0000:0006AAAF       P2123_TPS_D_CIRCUIT_HIGH_INPUT
 0000:0006AAB0       P2135_TPS_AB_VOLTAGE
 0000:0006AAB1       P2097_POST_CATALYST_TOO_RICH_B1
 0000:0006AAB5       P0345_CAMSHAFT_POS_SENSOR_A_BANK_2
 0000:0006AAB6       P0340_CAMSHAFT_POS_SENSOR_A_MALFUNCTION_
 0000:0006AAB7       P0605_CONTROL_MODULE_ROM_ERROR
 0000:0006AABC       P2093_OCV_SOLENOID_A2_CIRCUIT_SHORT
 0000:0006AABD       P2092_OCV_SOLENOID_A2_CIRCUIT_OPEN
 0000:0006AABE       P2089_OCV_SOLENOID_A1_CIRCUIT_SHORT
 0000:0006AABF       P2088_OCV_SOLENOID_A1_CIRCUIT_OPEN
 0000:0006AAC3       P2004_TGV__INTAKE_MANIFOLD_RUNNER_1_STUCK_OPEN
 0000:0006AAC4       P2006_TGV__INTAKE_MANIFOLD_RUNNER_1_STUCK_CLOSED
 0000:0006AAC5       P2005_TGV__INTAKE_MANIFOLD_RUNNER_2_STUCK_OPEN
 0000:0006AAC6       P2007_TGV__INTAKE_MANIFOLD_RUNNER_2_STUCK_CLOSED
 0000:0006AAC7       P2227_BARO_PRESSURE_CIRCUIT_RANGEPERF
 0000:0006AAC8       P0126_INSUFFICIENT_COOLANT_TEMP_OPERATION
 0000:0006AAC9       P2229_BARO_PRESSURE_CIRCUIT_HIGH_INPUT
 0000:0006AACA       P2228_BARO_PRESSURE_CIRCUIT_LOW_INPUT
 0000:0006AACB       P2016_TGV__INTAKE_MANIFOLD_RUNNER_1_POS_SENSOR_LOW
 0000:0006AACC       P2017_TGV__INTAKE_MANIFOLD_RUNNER_1_POS_SENSOR_HIGH
 0000:0006AACD       P2021_TGV__INTAKE_MANIFOLD_RUNNER_2_POS_SENSOR_LOW
 0000:0006AACE       P2022_TGV__INTAKE_MANIFOLD_RUNNER_2_POS_SENSOR_HIGH
 0000:0006AACF       P2009_TGV__INTAKE_MANIFOLD_RUNNER_1_CIRCUIT_LOW
 0000:0006AAD0       P2012_TGV__INTAKE_MANIFOLD_RUNNER_2_CIRCUIT_LOW
 0000:0006AAD1       P2008_TGV__INTAKE_MANIFOLD_RUNNER_1_CIRCUIT_OPEN
 0000:0006AAD2       P2011_TGV__INTAKE_MANIFOLD_RUNNER_2_CIRCUIT_OPEN
 0000:0006DD62       Force_Pass_Readiness_Monitors
 0000:00070388       aBBF
 0000:000707D6       nullsub_12
 0000:000707DA       nullsub_13
 0000:00070B34       sCelTrigger
 0000:00070C4C       hCelTrigger
 0000:00071938       SBR_CEL_EVAL
 0000:00075C7A       aCOCClF
 0000:00078784       Table_Target_Boost_Compensation_Atm_Pressure_Multiplier_Offset
 0000:00078798       Table_Turbo_Dynamics_Proportional
 0000:000787AC       Table_Turbo_Dynamics_Integral_Negative
 0000:000787C0       Table_Turbo_Dynamics_Integral_Positive
 0000:000787E8       Table_Target_Boost_Compensation_Atm_Pressure_Multiplier
 0000:00078818       Table_InitialMax_Wastegate_Duty_Compensation_Atm_Pressure
 0000:0007886C       Table_Initial_Wastegate_Duty_KCA_Additive_Low
 0000:00078888       Table_Initial_Wastegate_Duty_KCA_Additive_High
 0000:000788C0       Table_Max_Wastegate_Duty
 0000:00078914       Table_Target_Boost_KCA_Additive_Low
 0000:00078930       Table_Target_Boost_KCA_Additive_High
 0000:00078BC0       Table_Front_Oxygen_Sensor_Compensation_Atm_Pressure
 0000:00078CB8       Table_Engine_Load_Compensation_MP
 0000:00078CD4       Table_MAF_Compensation_IAT
 0000:0007947C       Table_Cranking_Fuel_IPW_Compensation_Accelerator
 0000:000795AC       Table_Minimum_Primary_Open_Loop_Enrichment_Throttle
 0000:000795C0       Table_Primary_Open_Loop_Fueling_Compensation_Timing_Compensation_
 0000:00079674       Table_Tipin_Enrichment_Compensation_Boost_Error
 0000:00079A28       Table_Boost_Limit_Fuel_Cut
 0000:00079A9C       Table_Cranking_Fuel_IPW_Compensation_RPM
 0000:00079B28       Table_Min_Primary_Base_Enrichment_1_NonPrimary_OL
 0000:00079B44       Table_Primary_Open_Loop_Fueling_KCA_Additive_Low
 0000:00079B60       Table_Primary_Open_Loop_Fueling_KCA_Additive_High
 0000:00079B7C       Table_Primary_Open_Loop_Fueling_Failsafe_KCA_Additive_Low
 0000:00079B98       Table_Primary_Open_Loop_Fueling_Failsafe_KCA_Additive_High
 0000:00079CE0       Table_CL_Fueling_Target_Compensation_Load
 0000:00079DD4       Table_Base_Timing_Idle_Above_Speed_Threshold
 0000:00079FC8       Table_Rough_Correction_Learning_Delay_Increasing
 0000:0007A114       Table_Base_Timing_A
 0000:0007A210       Table_Knock_Correction_Advance_Max_Primary_Knock_Conditions_Low_IAM
 0000:0007A248       Table_Timing_Compensation_MRP
 0000:0007A89C       Table_Requested_Torque_Accelerator_Pedal
 0000:0007A93C       Table_Injector_Latency
 0000:0007A978       Table_MAF_Sensor_Scaling
 0000:0007A990       Table_Front_Oxygen_Sensor_Scaling
 0000:0007ACE4       Table_Intake_Cam_Advance_Angle_A_AVCS
 0000:0007AD00       Table_Intake_Cam_Advance_Angle_B_AVCS
 0000:0007AD44       Coolant_Temp_Sensor_Scaling_Y_Axis
 0000:0007ADB4       Coolant_Temp_Sensor_Scaling
 0000:0007AE24       Intake_Temp_Sensor_Scaling_Y_Axis
 0000:0007AE9C       Intake_Temp_Sensor_Scaling
 0000:000C0000       aA2zjb11j
 0000:000C0070       Atmospheric_Pressure_Sensor_Scaling
 0000:000C00C4       Manifold_Pressure_Sensor_Scaling
 0000:000C0420       aA
 0000:000C0432       aA_0
 0000:000C0539       Boost_Control_Disable_Delay_Fine_Correction
 0000:000C054C       TD_Activation_Thresholds_Target_Boost
 0000:000C0558       TD_Integral_Negative_Activation_Boost_Error
 0000:000C0560       TD_Integral_Positive_Activation_Boost_Error
 0000:000C0564       TD_Integral_Positive_Activation_Wastegate_Duty
 0000:000C0578       TD_Activation_Thresholds_RPM
 0000:000C0580       TD_Integral_Cumulative_Range_WGDC_Correction
 0000:000C0590       Boost_Control_Disable_Fine_Correction
 0000:000C0594       Boost_Control_Disable_IAM
 0000:000C05AC       Target_Boost_Compensation_1st_Gear_Speed_Disable
 0000:000C05B4       Target_Boost_Compensation_1st_Gear
 0000:000C05B8       InitialMax_Wastegate_Duty_Compensation_ECT_Y_Axis
 0000:000C0648       InitialMax_Wastegate_Duty_Compensation_IAT_Y_Axis
 0000:000C0688       InitialMax_Wastegate_Duty_Compensation_IAT
 0000:000C06A8       InitialMax_Wastegate_Duty_Compensation_ECT
 0000:000C06C8       Target_Boost_Compensation_ECT
 0000:000C06EC       Target_Boost_Compensation_Atm_Pressure_Multiplier_Offset_Y_Axis
 0000:000C06FC       Target_Boost_Compensation_Atm_Pressure_Multiplier_Offset
 0000:000C0700       Turbo_Dynamics_Proportional_Y_Axis
 0000:000C0724       Turbo_Dynamics_Proportional
 0000:000C0738       Turbo_Dynamics_Integral_Negative_Y_Axis
 0000:000C075C       Turbo_Dynamics_Integral_Negative
 0000:000C0770       Turbo_Dynamics_Integral_Positive_Y_Axis
 0000:000C0794       Turbo_Dynamics_Integral_Positive
 0000:000C07C0       Target_Boost_Compensation_Atm_Pressure_Multiplier_Y_Axis
 0000:000C07D0       Target_Boost_Compensation_Atm_Pressure_Multiplier
 0000:000C0818       InitialMax_Wastegate_Duty_Compensation_Atm_Pressure_X_Axis
 0000:000C0830       InitialMax_Wastegate_Duty_Compensation_Atm_Pressure_Y_Axis
 0000:000C0840       InitialMax_Wastegate_Duty_Compensation_Atm_Pressure
 0000:000C0A78       Initial_Wastegate_Duty_KCA_Additive_Low_X_Axis
 0000:000C0A98       Initial_Wastegate_Duty_KCA_Additive_Low_Y_Axis
 0000:000C0AC8       Initial_Wastegate_Duty_KCA_Additive_Low
 0000:000C0B88       Initial_Wastegate_Duty_KCA_Additive_High_X_Axis
 0000:000C0BA8       Initial_Wastegate_Duty_KCA_Additive_High_Y_Axis
 0000:000C0BD8       Initial_Wastegate_Duty_KCA_Additive_High
 0000:000C0D58       Max_Wastegate_Duty_X_Axis
 0000:000C0D78       Max_Wastegate_Duty_Y_Axis
 0000:000C0D98       Max_Wastegate_Duty
 0000:000C1038       Target_Boost_KCA_Additive_Low_X_Axis
 0000:000C1058       Target_Boost_KCA_Additive_Low_Y_Axis
 0000:000C1088       Target_Boost_KCA_Additive_Low
 0000:000C1148       Target_Boost_KCA_Additive_High_X_Axis
 0000:000C1168       Target_Boost_KCA_Additive_High_Y_Axis
 0000:000C1198       Target_Boost_KCA_Additive_High
 0000:000C1B30       aYBt33bI?bgo?bg
 0000:000C1B50       a@
 0000:000C1B58       a@_0
 0000:000C1B5C       aBIbU?a
 0000:000C1B6C       a?
 0000:000C1BDC       MAF_Limit_Maximum
 0000:000C1BE0       dLoadSmoothingA
 0000:000C1BE4       dLoadSmoothingB
 0000:000C1BE8       dLoadSmoothingFinal
 0000:000C1DEC       Gear_Determination_Thresholds
 0000:000C1E00       aAGoajAissaPgbU
 0000:000C1E18       a@a
 0000:000C1E1C       a@_1
 0000:000C1E20       aB_0
 0000:000C1E98       Speed_Limiting_Throttle
 0000:000C1FD4       Front_Oxygen_Sensor_Compensation_Atm_Pressure_Y_Axis
 0000:000C1FE4       Front_Oxygen_Sensor_Compensation_Atm_Pressure
 0000:000C2348       aLLLLLLDp
 0000:000C2390       Engine_Load_Compensation_MP_X_Axis
 0000:000C23BC       Engine_Load_Compensation_MP_Y_Axis
 0000:000C23EC       Engine_Load_Compensation_MP
 0000:000C2470       MAF_Compensation_IAT_X_Axis
 0000:000C2484       MAF_Compensation_IAT_Y_Axis
 0000:000C24A4       MAF_Compensation_IAT
 0000:000C2A0D       Manifold_Pressure_Sensor_CEL_Delays
 0000:000C2F34       aLL?333bm
 0000:000C2F48       aAa
 0000:000C2F4C       a@_2
 0000:000C2F54       aBh_0
 0000:000C355C       a@ras@ras@ras@r
 0000:000C3C08       aUPTJEAAiMshAId
 0000:000C3DA0       aLL33P?
 0000:000C4054       a@33@33@33@33?3
 0000:000C43D4       aCC3lCklCua
 0000:000C5AC7       Tipin_Enrichment_Disable_Applied_Counter_Threshold
 0000:000C5AC8       Tipin_Enrichment_Applied_Counter_Reset
 0000:000C5AC9       Tipin_Throttle_Cumulative_Reset
 0000:000C5B04       CL_to_OL_Delay
 0000:000C5BD0       Injector_Flow_Scaling
 0000:000C5BD4       Min_Primary_Base_Enrich_3_Decay_Multiplier
 0000:000C5BEC       aLLUtUP?a
 0000:000C5C00       aLG8qi@
 0000:000C5C6C       aL?fff?333?s33
 0000:000C5CE4       a5NuM4a
 0000:000C5D00       aPRJlZqaITKdL6z
 0000:000C5DEC       AF_Learning_1_Limits
 0000:000C5DF8       AF_Learning_1_Airflow_Ranges
 0000:000C5E40       Minimum_Active_Primary_Open_Loop_Enrichment
 0000:000C5E44       CL_to_OL_Transition_with_Delay_Throttle_Hysteresis
 0000:000C5E48       CL_to_OL_Transition_with_Delay_BPW_Hysteresis
 0000:000C5E4C       CL_Delay_Minimum_ECT
 0000:000C5E78       CL_Delay_Maximum_Engine_Speed_Per_Gear
 0000:000C5EA0       CL_Delay_Maximum_Engine_Speed_Neutral
 0000:000C5EB8       CL_Delay_Maximum_Throttle
 0000:000C5EBC       CL_Delay_Maximum_Vehicle_Speed
 0000:000C5EDC       Primary_Open_Loop_Fuel_Map_Switch_IAM
 0000:000C5FEC       Minimum_Tipin_Enrichment_Activation_Throttle
 0000:000C5FF0       Minimum_Tipin_Enrichment_Activation
 0000:000C5FF4       Tipin_Enrichment_Disable_Throttle_Cumulative_Threshold
 0000:000C6038       Rev_Limit_Fuel_Cut
 0000:000C6040       Rev_Limit_Fuel_Resume_Boost
 0000:000C6088       Speed_Limiting_Enable_Fuel_Cut
 0000:000C6090       Speed_Limiting_Disable_Fuel_Cut
 0000:000C60F4       Min_Primary_Base_Enrich_3_Decay_Delay_B_Y_Axis
 0000:000C6184       Cranking_Fuel_IPW_Compensation_Accelerator_Y_Axis
 0000:000C619C       Cranking_Fuel_IPW_Compensation_Accelerator
 0000:000C61B2       Min_Primary_Base_Enrich_3_Decay_Delay_A
 0000:000C61C2       Min_Primary_Base_Enrich_3_Decay_Delay_B
 0000:000C61F2       Min_Primary_Base_Enrichment_1
 0000:000C6370       CL_to_OL_Transition_with_Delay_Throttle_Y_Axis
 0000:000C63B0       CL_to_OL_Transition_with_Delay_Throttle
 0000:000C63C0       Minimum_Primary_Open_Loop_Enrichment_Throttle_Y_Axis
 0000:000C63D8       Minimum_Primary_Open_Loop_Enrichment_Throttle
 0000:000C63E0       Primary_Open_Loop_Fueling_Compensation_Timing_Compensation__Y_Axis
 0000:000C63F8       Primary_Open_Loop_Fueling_Compensation_Timing_Compensation_
 0000:000C6498       Tipin_Enrichment_Compensation_Boost_Error_Y_Axis
 0000:000C64BC       Tipin_Enrichment_Compensation_Boost_Error
 0000:000C6546       Cranking_Fuel_Injector_Pulse_Width_A_ECT
 0000:000C6566       Cranking_Fuel_Injector_Pulse_Width_B_ECT
 0000:000C6586       Cranking_Fuel_Injector_Pulse_Width_C_ECT
 0000:000C65A6       Cranking_Fuel_Injector_Pulse_Width_D_ECT
 0000:000C65C6       Min_Primary_Base_Enrich_3_Initial_Start_1A
 0000:000C65E6       Min_Primary_Base_Enrich_3_Initial_Start_1B
 0000:000C6606       Min_Primary_Base_Enrich_3_Initial_Start_2A
 0000:000C6626       Min_Primary_Base_Enrich_3_Initial_Start_2B
 0000:000C6646       Min_Primary_Base_Enrich_2_Initial_Start_1A
 0000:000C6666       Min_Primary_Base_Enrich_2_Initial_Start_2A
 0000:000C6686       Min_Primary_Base_Enrich_2_Initial_Start_1B
 0000:000C66A6       Min_Primary_Base_Enrich_2_Initial_Start_2B
 0000:000C66C6       Min_Primary_Base_Enrich_2_Decay_Step_1
 0000:000C66E6       Min_Primary_Base_Enrich_2_Decay_Step_2
 0000:000C6ABC       CL_to_OL_Transition_with_Delay_Base_Pulse_Width_Y_Axis
 0000:000C6AFC       CL_to_OL_Transition_with_Delay_Base_Pulse_Width
 0000:000C6B1C       Primary_Open_Loop_Fueling_Compensation_ECT
 0000:000C6B24       a1KDzgoqYA
 0000:000C6B34       aA_1
 0000:000C6B36       aA_2
 0000:000C6B38       aA_3
 0000:000C6B3A       aA_4
 0000:000C6B40       aC_0
 0000:000C6BDC       Throttle_Tipin_Enrichment_Y_Axis
 0000:000C6C24       Throttle_Tipin_Enrichment
 0000:000C6C48       Tipin_Enrichment_Compensation_ECT
 0000:000C6C88       Boost_Limit_Fuel_Cut_Y_Axis
 0000:000C6CA0       Boost_Limit_Fuel_Cut
 0000:000C6ED8       Cranking_Fuel_IPW_Compensation_RPM_X_Axis
 0000:000C6EEC       Cranking_Fuel_IPW_Compensation_RPM_Y_Axis
 0000:000C6F08       Cranking_Fuel_IPW_Compensation_RPM
 0000:000C6FD4       Min_Primary_Base_Enrichment_1_NonPrimary_OL_X_Axis
 0000:000C6FF4       Min_Primary_Base_Enrichment_1_NonPrimary_OL_Y_Axis
 0000:000C7000       Min_Primary_Base_Enrichment_1_NonPrimary_OL
 0000:000C7018       Primary_Open_Loop_Fueling_KCA_Additive_Low_X_Axis
 0000:000C7054       Primary_Open_Loop_Fueling_KCA_Additive_Low_Y_Axis
 0000:000C709C       Primary_Open_Loop_Fueling_KCA_Additive_Low
 0000:000C71AC       Primary_Open_Loop_Fueling_KCA_Additive_High_X_Axis
 0000:000C71E8       Primary_Open_Loop_Fueling_KCA_Additive_High_Y_Axis
 0000:000C7230       Primary_Open_Loop_Fueling_KCA_Additive_High
 0000:000C7340       Primary_Open_Loop_Fueling_Failsafe_KCA_Additive_Low_X_Axis
 0000:000C737C       Primary_Open_Loop_Fueling_Failsafe_KCA_Additive_Low_Y_Axis
 0000:000C73C4       Primary_Open_Loop_Fueling_Failsafe_KCA_Additive_Low
 0000:000C74D4       Primary_Open_Loop_Fueling_Failsafe_KCA_Additive_High_X_Axis
 0000:000C7510       Primary_Open_Loop_Fueling_Failsafe_KCA_Additive_High_Y_Axis
 0000:000C7558       Primary_Open_Loop_Fueling_Failsafe_KCA_Additive_High
 0000:000C7668       Per_Injector_Primary_Fuel_Offset_Compensation_A_X_Axis
 0000:000C76B0       Per_Injector_Primary_Fuel_Offset_Compensation_A_Y_Axis
 0000:000C76F0       Per_Injector_Primary_Fuel_Offset_Compensation_A
 0000:000C7810       Per_Injector_Primary_Fuel_Offset_Compensation_B_X_Axis
 0000:000C7858       Per_Injector_Primary_Fuel_Offset_Compensation_B_Y_Axis
 0000:000C7898       Per_Injector_Primary_Fuel_Offset_Compensation_B
 0000:000C79B8       Per_Injector_Primary_Fuel_Offset_Compensation_C_X_Axis
 0000:000C7A00       Per_Injector_Primary_Fuel_Offset_Compensation_C_Y_Axis
 0000:000C7A40       Per_Injector_Primary_Fuel_Offset_Compensation_C
 0000:000C7B60       Per_Injector_Primary_Fuel_Offset_Compensation_D_X_Axis
 0000:000C7BA8       Per_Injector_Primary_Fuel_Offset_Compensation_D_Y_Axis
 0000:000C7BE8       Per_Injector_Primary_Fuel_Offset_Compensation_D
 0000:000C7E84       CL_Fueling_Target_Compensation_A_ECT_Y_Axis
 0000:000C7E90       CL_Fueling_Target_Compensation_A_ECT
 0000:000C7F5C       CL_Fueling_Target_Compensation_B_ECT_Y_Axis
 0000:000C7F68       CL_Fueling_Target_Compensation_B_ECT
 0000:000C80F8       CL_Fueling_Target_Compensation_Load_X_Axis
 0000:000C812C       CL_Fueling_Target_Compensation_Load_Y_Axis
 0000:000C8154       CL_Fueling_Target_Compensation_Load
 0000:000C84AE       Knock_Correction_Advance_Alternate_Mode_
 0000:000C84D0       Feedback_Correction_Negative_Advance_Delay
 0000:000C84E0       Fine_Correction_Advance_Delay
 0000:000C8544       a?333?333?333?3
 0000:000C85A8       Base_Timing_Idle_Vehicle_Speed_Threshold
 0000:000C85D4       Base_Timing_Idle_Below_Speed_Threshold
 0000:000C85D8       Timing_Comp_Min_Load_IAT
 0000:000C86BC       Timing_Comp_Maximum_RPM_Per_Cylinder
 0000:000C86C0       Timing_Comp_Minimum_Load_Per_Cylinder
 0000:000C86C4       Timing_Comp_Minimum_Coolant_Temp_Per_Cylinder
 0000:000C86D8       Feedback_Correction_Retard_Limit
 0000:000C86DC       Feedback_Correction_Retard_Value
 0000:000C86E0       Feedback_Correction_Negative_Advance_Value
 0000:000C86F8       Feedback_Correction_Range_RPM
 0000:000C8708       Feedback_Correction_Minimum_Load
 0000:000C8710       Extended_Feedback_Correction_High_RPM_Compensation
 0000:000C878C       Knock_Correction_Advance_Additive_Range_RPM
 0000:000C87B4       Advance_Multiplier_Initial
 0000:000C87B8       Rough_Correction_Range_RPM
 0000:000C87C8       Rough_Correction_Range_Load
 0000:000C87D8       Rough_Correction_Minimum_KC_Advance_Map_Value
 0000:000C87DC       Advance_Multiplier_Step_Value
 0000:000C880C       Fine_Correction_Advance_Limit
 0000:000C8810       Fine_Correction_Retard_Limit
 0000:000C8814       Fine_Correction_Advance_Value
 0000:000C8818       Fine_Correction_Range_RPM
 0000:000C8828       Fine_Correction_Range_Load
 0000:000C8838       Fine_Correction_Columns_Load
 0000:000C8848       Fine_Correction_Rows_RPM
 0000:000C8860       Fine_Correction_Retard_Value
 0000:000C886C       Timing_Compensation_ECT_Y_Axis
 0000:000C899C       Base_Timing_Idle_Above_Speed_Threshold_Y_Axis
 0000:000C89C0       Base_Timing_Idle_Above_Speed_Threshold
 0000:000C89D9       Timing_Compensation_ECT
 0000:000C89EC       Timing_Compensation_IAT_Y_Axis
 0000:000C8A2C       Timing_Compensation_IAT
 0000:000C8B14       a999ggggg
 0000:000C8BB4       a99999999
 0000:000C8C04       aUuggg999
 0000:000C8C54       aUuggg999_0
 0000:000C8CCC       Rough_Correction_Learning_Delay_Increasing_Y_Axis
 0000:000C8CF4       Rough_Correction_Learning_Delay_Increasing
 0000:000C8FF0       Timing_Compensation_Per_Cylinder_A__Y_Axis
 0000:000C9030       Timing_Compensation_Per_Cylinder_A_
 0000:000C9070       Timing_Compensation_Per_Cylinder_B__Y_Axis
 0000:000C90B0       Timing_Compensation_Per_Cylinder_B_
 0000:000C90F0       Timing_Compensation_Per_Cylinder_C__Y_Axis
 0000:000C9130       Timing_Compensation_Per_Cylinder_C_
 0000:000C9170       Timing_Compensation_Per_Cylinder_D__Y_Axis
 0000:000C91B0       Timing_Compensation_Per_Cylinder_D_
 0000:000C9210       Base_Timing_A_X_Axis
 0000:000C924C       Base_Timing_A_Y_Axis
 0000:000C9294       Base_Timing_A
 0000:000C93A4       Base_Timing_B_X_Axis
 0000:000C93E0       Base_Timing_B_Y_Axis
 0000:000C9428       Base_Timing_B
 0000:000C96B0       Knock_Correction_Advance_Max_Primary_Knock_Conditions_High_IAM_X_Axis
 0000:000C96F0       Knock_Correction_Advance_Max_Primary_Knock_Conditions_High_IAM_Y_Axis
 0000:000C9738       Knock_Correction_Advance_Max_Primary_Knock_Conditions_High_IAM
 0000:000C9858       Knock_Correction_Advance_Max_Primary_Knock_Conditions_Low_IAM_X_Axis
 0000:000C9898       Knock_Correction_Advance_Max_Primary_Knock_Conditions_Low_IAM_Y_Axis
 0000:000C98E0       Knock_Correction_Advance_Max_Primary_Knock_Conditions_Low_IAM
 0000:000C9A00       Knock_Correction_Advance_Max_Additive_Knock_Conditions_X_Axis
 0000:000C9A40       Knock_Correction_Advance_Max_Additive_Knock_Conditions_Y_Axis
 0000:000C9A88       Knock_Correction_Advance_Max_Additive_Knock_Conditions
 0000:000C9BA8       Timing_Compensation_MRP_X_Axis
 0000:000C9BBC       Timing_Compensation_MRP_Y_Axis
 0000:000C9BC8       Timing_Compensation_MRP
 0000:000CA114       aP
 0000:000CA128       a@333
 0000:000CA130       aBa
 0000:000CA134       aL
 0000:000CA140       aBh
 0000:000CA144       aB
 0000:000CA148       aC
 0000:000CA14C       Idle_Speed_Target_C_Y_Axis
 0000:000CA6C8       Idle_Speed_Target_A
 0000:000CA708       Idle_Speed_Target_B
 0000:000CA748       Idle_Speed_Target_C
 0000:000CAE64       Target_Throttle_Plate_Position_A_Requested_Torque_X_Axis
 0000:000CAEA8       Target_Throttle_Plate_Position_A_Requested_Torque_Y_Axis
 0000:000CAEE8       Target_Throttle_Plate_Position_A_Requested_Torque
 0000:000CB108       Target_Throttle_Plate_Position_B_Requested_Torque_X_Axis
 0000:000CB14C       Target_Throttle_Plate_Position_B_Requested_Torque_Y_Axis
 0000:000CB18C       Target_Throttle_Plate_Position_B_Requested_Torque
 0000:000CB3AC       Requested_Torque_Accelerator_Pedal_X_Axis
 0000:000CB3E8       Requested_Torque_Accelerator_Pedal_Y_Axis
 0000:000CB42C       Requested_Torque_Accelerator_Pedal
 0000:000CB926       Manifold_Pressure_Sensor_Limits_CEL
 0000:000CB964       a@33@33?Zs?Goez
 0000:000CB978       a@p
 0000:000CB9CC       Injector_Latency_Y_Axis
 0000:000CB9E0       Injector_Latency
 0000:000CBB44       Fuel_Temp_Sensor_Scaling_Y_Axis
 0000:000CBBBC       Fuel_Temp_Sensor_Scaling
 0000:000CBC34       MAF_Sensor_Scaling_Y_Axis
 0000:000CBD0C       MAF_Sensor_Scaling
 0000:000CBED4       Front_Oxygen_Sensor_Scaling_Y_Axis
 0000:000CBF08       Front_Oxygen_Sensor_Scaling
 0000:000CC458       aSssSss?fff?
 0000:000CC68C       Radiator_Fan_Modes_ECT
 0000:000CC69C       Radiator_Fan_Modes_Veh_Speed
 0000:000CC6E4       dEcuId
 0000:000CD208       Intake_Cam_Advance_Angle_A_AVCS_X_Axis
 0000:000CD240       Intake_Cam_Advance_Angle_A_AVCS_Y_Axis
 0000:000CD288       Intake_Cam_Advance_Angle_A_AVCS
 0000:000CD480       Intake_Cam_Advance_Angle_B_AVCS_X_Axis
 0000:000CD4B8       Intake_Cam_Advance_Angle_B_AVCS_Y_Axis
 0000:000CD500       Intake_Cam_Advance_Angle_B_AVCS
 0000:000E1000       dRomHoleStart
 0000:000FFB80       Checksum_Fix
 0000:FFFF2004       pObdVinDirect
 0000:FFFF2534       E_AF_Learning_1_A_StoredExt_E44
 0000:FFFF253C       E_AF_Learning_1_B_StoredExt_E45
 0000:FFFF2544       E_AF_Learning_1_C_StoredExt_E46
 0000:FFFF254C       E_AF_Learning_1_D_StoredExt_E47
 0000:FFFF2588       E_IAM_4byteExt_E31
 0000:FFFF2D22       pMafSensorVoltage
 0000:FFFF2DB8       pIntakeAirTemp
 0000:FFFF2DC8       pCoolantTemp
 0000:FFFF2DF4       pMassAirFlow
 0000:FFFF2E34       pAtmoPress
 0000:FFFF4A48       pAf1Res
 0000:FFFF4BA4       E_Boost_ErrorExt_E35
 0000:FFFF4BA8       E_Target_Boost_4byteExt_E36
 0000:FFFF4BAC       E_Turbo_Dynamics_Proportional_4byteExt_E37
 0000:FFFF4BB0       E_Turbo_Dynamics_Integral_4byteExt_E34
 0000:FFFF4BCC       E_Primary_Wastegate_Duty_MaximumExt_4byteExt__E77
 0000:FFFF4C0C       pCruiseFlags
 0000:FFFF4D80       E_CruiseLight_Flags_4D80
 0000:FFFF4DB4       E_Manifold_Absolute_Pressure_DELTA_unk
 0000:FFFF4DC0       E_Manifold_Relative_Sea_Level_Pressure_4byteExt_E52
 0000:FFFF4DC4       E_Manifold_Relative_Pressure_4byteExt_E113
 0000:FFFF4E50       E_Throttle_Plate_Opening_Angle_4byteExt_E38
 0000:FFFF4E54       E_Tipin_ThrottleExt_E54
 0000:FFFF4F48       E_Engine_Load_4ByteExt_E32
 0000:FFFF5018       E_AF_Sensor_1_4byteExt_E91
 0000:FFFF5039       pClutchFlags
 0000:FFFF5058       pVehicleSpeed
 0000:FFFF5068       E_Engine_Speed
 0000:FFFF515D       E_Gear_CalculatedExt_E59
 0000:FFFF5290       E_Final_Fueling_Base_4byteExt_E123
 0000:FFFF52C0       E_Primary_Enrichment_Final_4byteExt_E115
 0000:FFFF533C       E_AF_Correction_1_4byteExt_E81
 0000:FFFF5384       E_Closed_Loop_Fueling_Target_4byteExt_E121
 0000:FFFF5484       E_AF_Learning_1_4byteExt_E48
 0000:FFFF548D       E_AF_Learning_Airflow_Range_CurrentExt_E61
 0000:FFFF54E4       E_Primary_Open_Loop_Map_Enrichment_4byteExt_E84
 0000:FFFF5600       E_Tipin_Enrichment_Last_CalculatedExt_E55
 0000:FFFF5650       pFlagsRevLimit
 0000:FFFF56B0       E_Fuel_Injector_1_Pulse_Width_4byteExt_E60
 0000:FFFF56C4       E_Fuel_Injector_1_Latency_4byteExt_E50
 0000:FFFF57E0       E_Ignition_Base_TimingExt_E53
 0000:FFFF58BC       E_Feedback_Knock_Correction_4byteExt_E39
 0000:FFFF58CC       E_Map_Ratio_PrimaryExt_E42
 0000:FFFF5908       E_Knock_Correction_Advance_Max_PrimaryExt_E118
 0000:FFFF590C       E_Knock_Correction_Advance_Primary_Map_RatioExt_E116
 0000:FFFF5910       E_Knock_Correction_Advance_IAM_onlyExt_E40
 0000:FFFF5914       E_Knock_Correction_Advance_AdditiveExt_E119
 0000:FFFF5928       E_Fine_Learning_Knock_Correction_4byteExt_E41
 0000:FFFF592E       E_Fine_Learning_Table_OffsetExt_E58
 0000:FFFF5AB0       E_Target_Throttle_Plate_PositionExt_E57
 0000:FFFF5AB4       E_Requested_TorqueExt_E56
 0000:FFFF5C2C       E_Idle_Speed_Map_SelectionExt_E49
 0000:FFFF6100       E_Map_Ratio_AlternateExt_E117
 0000:FFFF6B71       E_CLOL_FuelingExt_E33
 0000:FFFF6BD2       pCelSignalOem
 0000:FFFF6F50       E_CEL_SW_UNK
 0000:FFFF6F70       pRamHoleStart
 0000:FFFFBFFB       pMemoryResetLimit
