
 Start         Length     Name                   Class
 0000:00000000 000100000H ROM                    CODE
 0000:00000000 00000FFFFH RAM                    


  Address         Publics by Value

 0000:00000000       off_0
 0000:000001B4       SBR_HCAN_Reset_Init_1B4
 0000:00000AAC       SBR_Port_DEFIOR_Reset_Init_AAC
 0000:00000B7C       SBR_Clock_Reset_Init_B7C
 0000:00000BAA       SBR_Port_Reset_Init_BAA
 0000:000010AC       sSecondaryBootLoader
 0000:000011F6       LOC_Port_Init_11F6
 0000:00001AB2       SBR_Port_Init_1AB2
 0000:00001B78       sResetStackPointerAndRunR4
 0000:00002000       ECU_CALIBRATION
 0000:00002088       SBR_StatusReg_IntMask
 0000:00002098       SBR_SR_Restore
 0000:0000209C       SBR_Pull2d_float
 0000:00002118       SBR_Pull2d_NON_FLOAT
 0000:00002150       SBR_Pull3d_float
 0000:000021B0       SBR_Pull2d_unk
 0000:0000243C       SBR_Smoothing_Function
 0000:000024C8       SBR_BandpassFilter_HiLim
 0000:000024D8       SBR_BandpassFilter_HiLow
 0000:00002534       SBR_AddR4R5_LowPassFFFF
 0000:00002594       sShortToFloat
 0000:000028FC       int_IRQ0
 0000:00002914       int_IRQ1
 0000:0000292C       int_IRQ2
 0000:00002944       int_IRQ3
 0000:0000295C       int_IRQ4
 0000:00002974       int_IRQ5
 0000:0000298C       int_IRQ6
 0000:000029A4       int_IRQ7
 0000:000029BC       int_DMAC0
 0000:000029D4       int_DMAC1
 0000:000029EC       int_DMAC2
 0000:00002A04       int_DMAC3
 0000:00002A1C       int_ATU01
 0000:00002A34       int_ATU02_ICI0A
 0000:00002A4C       int_ATU02_ICI0B
 0000:00002A64       int_ATU03_ICI0C
 0000:00002A7C       int_ATU03_ICI0D
 0000:00002A94       int_ATU04_OVI0
 0000:00002AAC       int_ATU11_IMI1A_CMI1
 0000:00002AC4       int_ATU11_IMI1B
 0000:00002ADC       int_ATU11_IMI1C
 0000:00002AF4       int_ATU11_IMI1D
 0000:00002B0C       int_ATU12IMI1E
 0000:00002B6C       int_ATU13_OVI1AB
 0000:00002B84       int_ATU21_IMI2A_CMI2A
 0000:00002B9C       int_ATU21_IMI2B_CMI2B
 0000:00002BB4       int_ATU21_IMI2C_CMI2C
 0000:00002BCC       int_ATU21_IMI2D_CMI2D
 0000:00002BE4       int_ATU22_IMI2E_CMI2E
 0000:00002BFC       int_ATU22_IMI2F_CMI2F
 0000:00002C14       int_ATU22_IMI2G_CMI2G
 0000:00002C2C       int_ATU22_IMI2H_CMI2H
 0000:00002C44       int_ATU23_OVI2AB
 0000:00002E84       int_OSI8A
 0000:00002F44       int_OSI8I
 0000:00002F5C       int_OSI8J
 0000:00002F74       int_OSI8k
 0000:00002F8C       int_OSI8L
 0000:00003094       int_CMI10A
 0000:000030AC       int_CMI10B
 0000:000030C4       int_CMI10G
 0000:000037B8       SBR_CLEAR_FFFF12B8
 0000:00003948       LOC_STACK_RESTORE_JUMPTM
 0000:00003CC4       sMain
 0000:00003F44       SBR_MASTERJUMPS_ENDING
 0000:000048F0       MASTER_JUMPTABLE_BASE
 0000:00004A94       MASTER_JUMP_RETURN_HANDLERS
 0000:00004BDA       sResetStackPointerToR4
 0000:00004BE0       sInit_unk
 0000:00004C60       sInit_interrupt_unk?
 0000:00004C9E       SBR_ATU_INIT_4C9E
 0000:00004DF8       SBR_ATU_INIT_4DF8
 0000:00004E90       SBR_ATU_INIT_4E90
 0000:00004FB0       SBR_WDT_unk
 0000:00004FCA       SBR_SCI_unk
 0000:00004FE6       SBR_HCAN_unk
 0000:00005100       SBR_CEL_Light_2_ign_on?
 0000:00005144       SBR_Port_Init_Crank?_5144
 0000:000051E6       SBR_Port_Init_51E6
 0000:000052C0       SBR_Port_Init_52C0
 0000:000053EA       int_NMI
 0000:0000542C       int_null
 0000:00005442       int_UBC
 0000:00005446       int_?
 0000:0000544A       int_H_UDI
 0000:00006674       SBR_JUMPT_MASTER_6674
 0000:000068F4       SBR_JumpTable_68F4
 0000:00006A64       SBR_JUMPT_MASTER_6A64_mafcalc
 0000:00006B1A       SBR_JUMPT_MASTER_681A_BatteryVolts
 0000:00006BAC       SBR_JUMPT_MASTER_6BAC_unk
 0000:00006BEC       SBR_JUMPT_MASTER_6BEC_unk
 0000:00006BFA       SBR_JUMPT_MASTER_6BFA
 0000:00006C1A       SBR_JUMPT_MASTER_6C1A_fuel_unk
 0000:00006C2E       SBR_JUMPT_MASTER_6C2E_AD_Conv_unk
 0000:00006C5A       SBR_JUMPT_MASTER_6C5A_Sensor_Scaling
 0000:00006C7A       SBR_JUMPT_MASTER_6C7A_CLtarget_unk
 0000:00006C88       SBR_JUMPT_MASTER_6C88_UNK
 0000:00006C96       SBR_JUMPT_MASTER_6C96_hotstart_unk
 0000:00006CA4       SBR_JumpTable_6CA4
 0000:00006CD8       SBR_JumpTable_6CD8
 0000:00006F98       SBR_AD_Controller_Copy
 0000:00007EC0       SBR_IAT_Sensor_Scaling
 0000:00007EC8       LOC_IAT_Sensor_Scaling
 0000:00007F60       SBR_Battery_Volts_AD_Conv
 0000:00007F68       LOC_Battery_Volts_AD_Conv
 0000:00007FC8       SBR_Coolant_Temp_Sensor_Scaling
 0000:00007FD0       LOC_Coolant_Temp_Sensor_Scaling
 0000:0000810C       SBR_Rear02_AD_Conv
 0000:00008122       SBR_Rear02_Volts_Errset
 0000:000082B8       SBR_MAFCALC
 0000:000082DA       SBR_MAF_ErrCheck
 0000:00008314       HOOK_MAFCALC
 0000:0000834C       SBR_AtmoPress_Sensor_Conv
 0000:00008354       LOC_AtmoPRess_Sensor_Conv
 0000:000088A4       SBR_INT_CMI10B_88A4
 0000:000091F0       SBR_INT_CMI10B_91F0
 0000:00009480       SBR_ATU_CH8_Inj_DCNT_Zero
 0000:00009820       SBR_ATU_CH8_injector_unk
 0000:00009968       SBR_ATU_CH8_injector_unk_3
 0000:00009B6E       SBR_ATU_CH8_injector_unk_2
 0000:0000A0DE       SBR_ATU_CH8_injector_unk_0
 0000:0000A15A       SBR_ATU_CH8_injector_unk_1
 0000:0000A190       SBR_ATU_IGN_A190_TimerStart
 0000:0000A1E6       SBR_ATU_IGN_A1E6_5DEC_Stored
 0000:0000A20E       SBR_ATU_IGN_A20E_5DEC_Stored
 0000:0000A248       SBR_ATU_IGN_A248_5DEC_byteOps
 0000:0000A274       SBR_ATU_IGN_A274_5DEC_ByteFetch
 0000:0000A2E8       SBR_ATU_IGN_A2E8_PullDwell_ResetDCNT8
 0000:0000A338       SBR_ATU_IGN_A338_CRinit
 0000:0000A408       SBR_ATU_IGN_A408_5DEC_ByteOps
 0000:0000A458       SBR_ATU_IGN_A458_InitAllCylinders
 0000:0000A4DC       SBR_IgnDwell_Pull
 0000:0000A4E0       SBR_ATU_IGN_A4E0_TimerZero_OrStart
 0000:0000A5C6       SBR_ATU_IGN_A5C6_OCR_GR_UPDATES
 0000:0000A756       SPARK_CUT_OCR_START
 0000:0000A76C       SPARK_CUT_OCR_END
 0000:0000A7C6       SPARK_CUT_GR_START
 0000:0000A7CE       SPARK_CUT_GR_END
 0000:0000A828       SBR_ATU_IGN_A828_Software_Transfers
 0000:0000A878       LOC_IgnDwell_Pull
 0000:0000A8C0       SBR_FuelTankPress_Conv
 0000:0000A8C8       LOC_FuelTankPress_Conv
 0000:0000A95C       SBR_Fuel_Temp_Scaling
 0000:0000B580       SBR_ATU_CH3_unk2
 0000:0000BAE4       SBR_ATUII_3_4_unk
 0000:0000BE7E       SBR_AF1_res_unk
 0000:0000BEE0       SBR_FrontO2Scaling
 0000:0000C750       SBR_PortD_unk
 0000:0000CB76       SBR_CEL_CRUISE_UNK
 0000:0000DAAC       sInit_Main
 0000:0000DB86       sMovR4toFFFF6008
 0000:0000DBC8       hMemoryReset
 0000:0000DF1A       SBR_JumpTableInit_GetR4
 0000:0000ECA0       SBR_ATU_CH3_unk
 0000:0000F964       sBootAfterReset
 0000:0000FCAC       sMemoryReset
 0000:000112E0       LOC_ADconvBase_unk
 0000:0001188E       SBR_ATU_Ch3_unk1
 0000:00011978       SBR_ATU_CH3_Interrupt_Enable
 0000:000119AE       LOC_WGDC_ATU_CH3_input
 0000:00011BDE       SBR_AVCS_ADConv_Master
 0000:00011C18       SBR_AVCS_Sensor_AD_Conv
 0000:00011F20       LOC_ATU_FuelPumpDuty_Set
 0000:00012020       dPostResetStackPointer
 0000:00012038       hMemoryResetLimit
 0000:000120DC       E_ATU_Channel8_addresses
 0000:0001210C       ATU_Channel8_Ch2_addresses
 0000:00012828       SBR_JUMPT_Fuel_Timing_unk
 0000:0001313C       SBR_JumpTable_sub_1313C
 0000:000141A4       SBR_JUMPT_Fuelcuts
 0000:00014324       SBR_JUMPT_Fueling_unk
 0000:0001464C       SBR_JUMPS_2Bconv_CELS_unk
 0000:000147A0       HOOK_WGDC_JSR
 0000:00014964       HOOK_WGDC
 0000:00014A48       SBR_JUMPT_Hotstart_unk
 0000:00014AFE       SBR_Jumps_Timing_ATU_IGN_14AFE
 0000:00014C4C       SBR_JUMPS_Master_timing_unk_REV_dependent
 0000:00014C82       HOOKTEST_REVLIM
 0000:00014EB4       HOOK_REVLIM_DELETE
 0000:00014EE0       hPolf
 0000:00014F9C       HOOK_BASE_TIMING_SBR
 0000:00015198       SBR_JUMPS_subjumps
 0000:000153D0       SBR_Engine_Speed_unk3
 0000:000154E0       SBR_AccelPedalAngle_unk
 0000:000156CC       SBR_Engine_Speed_unk1
 0000:000156F6       SBR_VehSpeed_AccelPangle_unk
 0000:000159A8       SBR_Engine_Speed_unk2
 0000:00015B16       SBR_VehSpeed_unk
 0000:00015D5A       SBR_VehSpeed_MRP_unk
 0000:00017260       SBR_WGDC_HOOKED
 0000:000173AA       SBR_BCS_Disable_FineCorrection
 0000:000173D4       SBR_BCS_Disable_FineCorrectionDelay
 0000:00017408       SBR_BCS_Disable_FC_Reset
 0000:0001743C       SBR_BCS_Disable_IAM
 0000:00017506       SBR_Target_Boost_Pull
 0000:000175DE       SBR_Target_Boost_Comps
 0000:0001763A       SBR_BCS_1st_Gear_comp
 0000:000176B0       SBR_Boost_Error_Calc
 0000:000176C0       SBR_TD_integral
 0000:00017750       HOOKPULL_TARGET_BOOST
 0000:00017758       HOOKTABLE_TARGET_BOOST_ALT
 0000:00017764       HOOKTABLE_TARGET_BOOST
 0000:000179D4       SBR_WGDC_Pull_Comp
 0000:00017AC2       HOOKJSR_WGDC_INITIAL
 0000:00017B24       HOOKJSR_WGDC_MAX
 0000:00017BCC       HOOKPULL_WGDC
 0000:00017BD4       HOOKTABLE_WGDC_INITIAL
 0000:00017BDC       HOOKTABLE_WGDC_INITIAL_ALT
 0000:00017C10       HOOKTABLE_WGDC_MAX
 0000:00017C2C       HOOKTABLE_WGDC_MAX_ALT
 0000:00017DDC       Max_Wastegate_Duty_Limit_PostCompensation
 0000:00017EEE       SBR_BCS_Check_unk
 0000:00019530       SBR_Setcoast_swget_unk
 0000:00019534       CRUISE_COAST_BITMASK_0x02
 0000:00019544       SBR_Accelres_swget_unk
 0000:00019548       CRUISE_RESUME_BITMASK_0x04
 0000:0001956C       SBR_Brake_Swget
 0000:00019570       BRAKE_BITMASK_0x80
 0000:00019594       SBR_Stoplight_swget
 0000:0001C9F0       SBR_Cruise_unk
 0000:0002138C       SBR_EVAP_unk
 0000:000215E8       SBR_LOAD_CALCS
 0000:00021A32       SBR_MAF_UNKNOWN
 0000:00021AC4       Engine_Load_Limit_Maximum
 0000:00021BDE       SBR_MAF_LOAD_SET_ECT
 0000:0002387E       SBR_IDLE_Swget
 0000:00023A6C       Front_Oxygen_Sensor_Rich_Limit
 0000:00023CC2       SBR_AF_Sensor_1_Current_unk
 0000:00024A60       SBR_Clutch_swget
 0000:00024A64       CLUTCH_BITMASK_0x80
 0000:00024E2C       sFuelCut_unk
 0000:000257FC       SBR_GEAR_DETERMINATION
 0000:000259A8       SBR_Fuel_Temp_unk
 0000:00025B30       SBR_2byte_Conversions
 0000:00027A74       SBR_FFFF85C6_Bit4_get
 0000:0002A4C0       SBR_Switch_Lowrpm_unk
 0000:0002A58E       SBR_FFB_OUTPUT_UNK
 0000:0002ADEC       SBR_Switch_Return_6FAA_AVCSunk
 0000:0002AF36       SBR_Cranking_Enrich_Master
 0000:0002B25A       SBR_Cranking_Enrich_Pull
 0000:0002B3C4       SBR_FinalFuelBase_master
 0000:0002B5B0       SBR_FinalFuelBase_subcalc
 0000:0002B70C       LOC_Injector_Flow_Scaling
 0000:0002B738       HOOK_INJECTOR_SCALING
 0000:0002B744       SBR_Enrich_Initial_Start
 0000:0002B7D0       SBR_Enrich_Decay_3
 0000:0002B9CC       SBR_Enrich_Initial_Start_2
 0000:0002BA28       SBR_Enrich_Decay_2
 0000:0002BB98       SBR_Min_Primary_Base_Enrich_Pull
 0000:0002BD08       SBR_TAU_unk
 0000:0002C236       SBR_Engine_Load_Delta_unk
 0000:0002C3A0       SBR_AF_Sensor_unk
 0000:0002C4CA       SBR_CL_Target_ETC
 0000:0002C730       SBR_AF_Corr_unk
 0000:0002EC34       SBR_AF_Learning_Limits_1
 0000:0002EC6A       SBR_AF_Learning_unk1
 0000:0002EC9E       SBR_AF_Learning_unk2
 0000:0002F170       SBR_AF_Learning_unk
 0000:0002F3B2       SBR_AF_Learning_Limits_2
 0000:0003046C       sPolf
 0000:00030518       HOOKJSR_POLF
 0000:0003067C       hMapRatioPolf
 0000:000306A0       hPull3DPolf
 0000:000306A8       hTablePolfSwitched
 0000:000306AC       hTablePolf
 0000:00030752       SBR_CL_Delay
 0000:00030C14       SBR_Primary_OL_Enrich
 0000:00030E98       SBR_Enrichment_Coolant_IAT_unk
 0000:00030EDE       SBR_Enrich_unk1
 0000:00030FA0       SBR_Enrich_Hotstart_unk
 0000:000322CC       SBR_Per_Injector_Comp_PULL
 0000:00032724       SBR_FuelCut_Check_Master_unk
 0000:00033026       SBR_Tip_In_Enrichment
 0000:0003329C       SBR_FuelCut_Master_Set
 0000:00033352       SBR_FuelCut_Master_Reset
 0000:00033372       SBR_FuelCut_Check
 0000:00033D68       sRevlimStart
 0000:00033D7C       REVLIM_FUELCUT_BITMASK_0x80
 0000:00033D9E       REVLIM_END
 0000:00033DA4       SBR_Revlim_Fuel_Resume_unk
 0000:00033DCA       SBR_Fuel_Cut_check
 0000:00033F92       SBR_Vehicle_Engine_Speed_unk
 0000:00035844       SBR_FFB_OUTPUT_UNK_0
 0000:00035A7C       SBR_GET_FuelCut_Master
 0000:00035B00       SBR_INJ_UNK_2
 0000:00035B1A       SBR_Per_Cylinder_Fuel_unknown
 0000:00035BC6       SBR_INJ_UNK_0
 0000:00035C14       LOC_Injector_Latency_Addin
 0000:00035D7C       SBR_INJ_UNK_1
 0000:00035E06       SBR_INJ_UNK
 0000:00035E4A       SBR_Injector_Calcs
 0000:000373F6       SBR_Timing_Calcs
 0000:00037654       HOOK_SUBTRACTIVE_KCA
 0000:00037A1E       SBR_Idle_timing_Control_unk
 0000:00037C72       SBR_BASE_TIMING_HOOKED
 0000:00037DDC       HOOKPULL_BASE_TIMING
 0000:00037DE0       HOOKTABLE_BASE_TIMING
 0000:0003819E       SBR_Idle_base
 0000:00039DA8       SBR_Knock_unk
 0000:00039ECE       SBR_Engine_Speed_unk
 0000:0003A034       SBR_Per_Cylinder_Tming_pull
 0000:0003A0CE       SBR_Per_Cylinder_Timing_setzero
 0000:0003A1BC       SBR_Knock_Fine_Corr_unk
 0000:0003B166       SBR_FBKC_RANGE
 0000:0003B1CA       SBR_Fine_Correction_Range_check
 0000:0003C572       SBR_ATU_IGN_HR_3C572
 0000:0003C590       SBR_ATU_IGN_HR_3C590_Timing_Soft_0
 0000:0003C66E       SBR_ATU_IGN_HR_3C66E_IgnDwell_MultiplyX16
 0000:0003C67C       SBR_set_r0_zero
 0000:0003C680       SBR_ATU_IGN_HR_3C680_Soft_2
 0000:0003C704       SBR_ATU_IGN_HR_3C704_Calc_5DEC
 0000:0003C7AC       SBR_ATU_IGN_HR_3C7AC_Calc_5DEC
 0000:0003C866       SBR_ATU_IGN_HR_3C866
 0000:0003C900       SBR_ATU_Timing_Soft_1
 0000:0003C9FA       SBR_ATU_Timing_Soft_3
 0000:0003CA96       SBR_ATU_Timing_Soft_2_caller
 0000:0003CA9C       SBR_ATU_IGN_HR_3CA9C
 0000:0003CD7C       SBR_ATU_IGN_HR_3CD7C
 0000:0003CEE0       SBR_ATU_IGN_HR_3CEE0
 0000:0003CFB0       SBR_ATU_IGN_HR_3CFB0
 0000:0003D0EC       SBR_ATU_IGN_HR_3D0FC
 0000:0003D22E       SBR_ATU_IGN_HR_3D22E_Conditional_Timerstart
 0000:0003D3D8       SBR_FuelPumpDuty_SET100
 0000:0003D406       SBR_FuelPumpDuty_unk
 0000:00042C1C       SBR_Idle_control_unk
 0000:000481C2       SBR_CLOL_Switchget
 0000:00049B18       SBR_CSAP_Unknown_PortH
 0000:0004E25C       SBR_A8DH201x_copy
 0000:0004E4C8       SsmGet_Engine_Load_Relative_P1
 0000:0004E4D6       SsmGet_Coolant_Temperature_P2
 0000:0004E4E4       SsmGet_AF_Correction_1_P3
 0000:0004E500       SsmGet_AF_Learning_1_P4
 0000:0004E510       SsmGet_IAM_P90
 0000:0004E516       SsmGet_Manifold_Absolute_Pressure_P7
 0000:0004E524       SsmGet_Engine_Speed_P8
 0000:0004E552       SsmGet_Vehicle_Speed_P9
 0000:0004E55E       SsmGet_Ignition_Total_Timing_P10
 0000:0004E56E       SsmGet_Intake_Air_Temperature_P11
 0000:0004E57C       SsmGet_Mass_Airflow_P12
 0000:0004E5AA       SsmGet_Throttle_Opening_Angle_P13
 0000:0004E5B8       SsmGet_Rear_O2_Sensor_P15
 0000:0004E5E6       SsmGet_Battery_Voltage_P17
 0000:0004E5F4       SsmGet_Mass_Airflow_Sensor_Voltage_P18
 0000:0004E6CC       SsmGet_Throttle_Sensor_Voltage_P19
 0000:0004E6F0       SsmGet_Fuel_Injector_1_Pulse_Width_P21
 0000:0004E704       SsmGet_Knock_Correction_Advance_P23
 0000:0004E714       SsmGet_Atmospheric_Pressure_P24
 0000:0004E722       SsmGet_Manifold_Relative_Pressure_P25
 0000:0004E740       SsmGet_Fuel_Tank_Pressure_P27
 0000:0004E750       SsmGet_Accelerator_Pedal_Angle_P30
 0000:0004E75E       SsmGet_Fuel_Temperature_P31
 0000:0004E76C       SsmGet_Fuel_Level_P35
 0000:0004E77A       SsmGet_Primary_Wastegate_Duty_Cycle_P36
 0000:0004E788       SsmGet_CPC_Valve_Duty_Ratio_P38
 0000:0004E7A0       SsmGet_Tumble_Valve_Position_Sensor_Right_P39
 0000:0004E7C4       SsmGet_Tumble_Valve_Position_Sensor_Left_P40
 0000:0004E7E8       SsmGet_Idle_Speed_Control_Valve_Duty_Ratio_P41
 0000:0004E7FA       SsmGet_Alternator_Duty_P46
 0000:0004E80A       SsmGet_Fuel_Pump_Duty_P47
 0000:0004E818       SsmGet_Intake_VVT_Advance_Angle_Right_P48
 0000:0004E826       SsmGet_Intake_VVT_Advance_Angle_Left_P49
 0000:0004E834       SsmGet_Intake_OCV_Duty_Right_P50
 0000:0004E842       SsmGet_Intake_OCV_Duty_Left_P51
 0000:0004E850       SsmGet_Intake_OCV_Current_Right_P52
 0000:0004E85E       SsmGet_Intake_OCV_Current_Left_P53
 0000:0004E86C       SsmGet_AF_Sensor_1_Current_P54
 0000:0004E87C       SsmGet_AF_Sensor_1_Resistance_P56
 0000:0004E888       SsmGet_AF_Sensor_1_P58
 0000:0004E8A0       SsmGet_Switches_1_2_3
 0000:0004E8F4       dTGVGradient
 0000:0004EA0C       SsmGet_Switches_4_5_6_7_8_9
 0000:0004EAE4       SsmGet_Switches_10_11_12_13_14_15_16_17
 0000:0004EB96       SsmGet_Switches_18_19_20_21_22_23_24_25
 0000:0004ECFE       SsmGet_Switches_26_27_28_29_30_31_32_33
 0000:0004EDB0       SsmGet_Switches_34_35_36_37_38_39_40_41
 0000:0004EE6E       SsmGet_Switches_42_43_44_45_46_47_48_49
 0000:0004EE86       SsmGet_Switches_50_51_52_53
 0000:0004EF72       SsmGet_Switches_54_55_56_57_58_59_60_61
 0000:0004F0F0       SsmGet_Roughness_Monitor_Cylinder_1_P63
 0000:0004F0F6       SsmGet_Roughness_Monitor_Cylinder_2_P64
 0000:0004F0FC       SsmGet_AF_Correction_3_32bit_ECU_P89
 0000:0004F10C       SsmGet_AF_Learning_3_P66
 0000:0004F2E0       SsmGet_Roughness_Monitor_Cylinder_3_P69
 0000:0004F2E6       SsmGet_Roughness_Monitor_Cylinder_4_P70
 0000:0004F596       SsmGet_Throttle_Motor_Duty_P71
 0000:0004F5A6       SsmGet_Throttle_Motor_Voltage_P72
 0000:0004F5B4       SsmGet_Sub_Throttle_Sensor_P73
 0000:0004F5D8       SsmGet_Main_Throttle_Sensor_P74
 0000:0004F5FC       SsmGet_Sub_Accelerator_Sensor_P75
 0000:0004F620       SsmGet_Main_Accelerator_Sensor_P76
 0000:0004F644       SsmGet_Exhaust_Gas_Temperature_P79
 0000:0004F652       SsmGet_Cold_Start_Injector_Air_Pump_P80
 0000:0004F660       SsmGet_Memorised_Cruise_Speed_P82
 0000:0004F6A0       SsmGet_Exhaust_VVT_Advance_Angle_Right_P83
 0000:0004F6AC       SsmGet_Exhaust_VVT_Advance_Angle_Left_P84
 0000:0004F6B8       SsmGet_Exhaust_OCV_Duty_Right_P85
 0000:0004F764       SsmGet_Exhaust_OCV_Duty_Left_P86
 0000:0004F776       SsmGet_Exhaust_OCV_Current_Right_P87
 0000:0004F784       SsmGet_Exhaust_OCV_Current_Left_P88
 0000:0004F792       SsmGet_Switches_62
 0000:0004F896       SsmGet_Switches_63_64_65_66_67_68
 0000:0004FAB4       SsmGet_Fine_Learning_Knock_Correction_P91
 0000:0004FAB8       SSM_Reset
 0000:0004FABE       SSM_Global_Ignition_Correction
 0000:0004FAD0       SSM_Idle_Correction_ACoff
 0000:0004FAE6       SSM_Idle_Correction_ACon
 0000:00050D56       SBR_Vehicle_Speed_unk
 0000:000531FC       SBR_AVCS_Master
 0000:000552B8       SBR_Inj_Latency_logging_pull
 0000:000552D0       SBR_Inj_Latency_pull
 0000:000553D2       LOC_Vehicle_Speed_unk
 0000:00055F00       ATU_BitPositionTable
 0000:00056264       SSM_BASE
 0000:00056280       PtrSsmGet_Engine_Load_Relative_P1
 0000:00056284       PtrSsmGet_Coolant_Temperature_P2
 0000:00056288       PtrSsmGet_AF_Correction_1_P3
 0000:0005628C       PtrSsmGet_AF_Learning_1_P4
 0000:00056290       PtrSsmGet_AF_Correction_2_P5
 0000:00056294       PtrSsmGet_AF_Learning_2_P6
 0000:00056298       PtrSsmGet_Manifold_Absolute_Pressure_P7
 0000:0005629C       PtrSsmGet_Engine_Speed_P8
 0000:000562A4       PtrSsmGet_Vehicle_Speed_P9
 0000:000562A8       PtrSsmGet_Ignition_Total_Timing_P10
 0000:000562AC       PtrSsmGet_Intake_Air_Temperature_P11
 0000:000562B0       PtrSsmGet_Mass_Airflow_P12
 0000:000562B8       PtrSsmGet_Throttle_Opening_Angle_P13
 0000:000562BC       PtrSsmGet_Front_O2_Sensor_1_P14
 0000:000562C4       PtrSsmGet_Rear_O2_Sensor_P15
 0000:000562CC       PtrSsmGet_Front_O2_Sensor_2_P16
 0000:000562D4       PtrSsmGet_Battery_Voltage_P17
 0000:000562D8       PtrSsmGet_Mass_Airflow_Sensor_Voltage_P18
 0000:000562DC       PtrSsmGet_Throttle_Sensor_Voltage_P19
 0000:000562E0       PtrSsmGet_Differential_Pressure_Sensor_Voltage_P20
 0000:000562E4       PtrSsmGet_Fuel_Injector_1_Pulse_Width_P21
 0000:000562E8       PtrSsmGet_Fuel_Injector_2_Pulse_Width_P22
 0000:000562EC       PtrSsmGet_Knock_Correction_Advance_P23
 0000:000562F0       PtrSsmGet_Atmospheric_Pressure_P24
 0000:000562F4       PtrSsmGet_Manifold_Relative_Pressure_P25
 0000:000562F8       PtrSsmGet_Pressure_Differential_Sensor_P26
 0000:000562FC       PtrSsmGet_Fuel_Tank_Pressure_P27
 0000:00056300       PtrSsmGet_CO_Adjustment_P28
 0000:00056304       PtrSsmGet_Learned_Ignition_Timing_P29
 0000:00056308       PtrSsmGet_Accelerator_Pedal_Angle_P30
 0000:0005630C       PtrSsmGet_Fuel_Temperature_P31
 0000:00056310       PtrSsmGet_Front_O2_Heater_Current_1_P32
 0000:00056314       PtrSsmGet_Rear_O2_Heater_Current_P33
 0000:00056318       PtrSsmGet_Front_O2_Heater_Current_2_P34
 0000:0005631C       PtrSsmGet_Fuel_Level_P35
 0000:00056324       PtrSsmGet_Primary_Wastegate_Duty_Cycle_P36
 0000:00056328       PtrSsmGet_Secondary_Wastegate_Duty_Cycle_P37
 0000:0005632C       PtrSsmGet_CPC_Valve_Duty_Ratio_P38
 0000:00056330       PtrSsmGet_Tumble_Valve_Position_Sensor_Right_P39
 0000:00056334       PtrSsmGet_Tumble_Valve_Position_Sensor_Left_P40
 0000:00056338       PtrSsmGet_Idle_Speed_Control_Valve_Duty_Ratio_P41
 0000:0005633C       PtrSsmGet_AF_Lean_Correction_P42
 0000:00056340       PtrSsmGet_AF_Heater_Duty_P43
 0000:00056344       PtrSsmGet_Idle_Speed_Control_Valve_Step_P44
 0000:00056348       PtrSsmGet_Number_of_Exh_Gas_Recirc_Steps_P45
 0000:0005634C       PtrSsmGet_Alternator_Duty_P46
 0000:00056350       PtrSsmGet_Fuel_Pump_Duty_P47
 0000:00056354       PtrSsmGet_Intake_VVT_Advance_Angle_Right_P48
 0000:00056358       PtrSsmGet_Intake_VVT_Advance_Angle_Left_P49
 0000:0005635C       PtrSsmGet_Intake_OCV_Duty_Right_P50
 0000:00056360       PtrSsmGet_Intake_OCV_Duty_Left_P51
 0000:00056364       PtrSsmGet_Intake_OCV_Current_Right_P52
 0000:00056368       PtrSsmGet_Intake_OCV_Current_Left_P53
 0000:0005636C       PtrSsmGet_AF_Sensor_1_Current_P54
 0000:00056370       PtrSsmGet_AF_Sensor_2_Current_P55
 0000:00056374       PtrSsmGet_AF_Sensor_1_Resistance_P56
 0000:00056378       PtrSsmGet_AF_Sensor_2_Resistance_P57
 0000:0005637C       PtrSsmGet_AF_Sensor_1_P58
 0000:00056380       PtrSsmGet_AF_Sensor_2_P59
 0000:0005638C       PtrSsmGet_Gear_Position_P60
 0000:000563B0       PtrSsmGet_AF_Sensor_1_Heater_Current_P61
 0000:000563B4       PtrSsmGet_AF_Sensor_2_Heater_Current_P62
 0000:000563E8       PtrSsmGet_Switches_1_2_3
 0000:000563EC       PtrSsmGet_Switches_4_5_6_7_8_9
 0000:000563F0       PtrSsmGet_Switches_10_11_12_13_14_15_16_17
 0000:000563F4       PtrSsmGet_Switches_18_19_20_21_22_23_24_25
 0000:000563F8       PtrSsmGet_Switches_26_27_28_29_30_31_32_33
 0000:000563FC       PtrSsmGet_Switches_34_35_36_37_38_39_40_41
 0000:00056400       PtrSsmGet_Switches_42_43_44_45_46_47_48_49
 0000:00056404       PtrSsmGet_Switches_50_51_52_53
 0000:00056408       PtrSsmGet_Switches_54_55_56_57_58_59_60_61
 0000:0005659C       PtrSsmGet_Roughness_Monitor_Cylinder_1_P63
 0000:000565A0       PtrSsmGet_Roughness_Monitor_Cylinder_2_P64
 0000:000565A4       PtrSsmGet_AF_Correction_3_32bit_ECU_P89
 0000:000565A8       PtrSsmGet_AF_Learning_3_P66
 0000:000565AC       PtrSsmGet_Rear_O2_Heater_Voltage_P67
 0000:000565B0       PtrSsmGet_AF_Adjustment_Voltage_P68
 0000:000565C4       PtrSsmGet_Roughness_Monitor_Cylinder_3_P69
 0000:000565C8       PtrSsmGet_Roughness_Monitor_Cylinder_4_P70
 0000:00056648       PtrSsmGet_IAM_P90
 0000:0005664C       PtrSsmGet_Throttle_Motor_Duty_P71
 0000:00056650       PtrSsmGet_Throttle_Motor_Voltage_P72
 0000:00056664       PtrSsmGet_Sub_Throttle_Sensor_P73
 0000:00056668       PtrSsmGet_Main_Throttle_Sensor_P74
 0000:0005666C       PtrSsmGet_Sub_Accelerator_Sensor_P75
 0000:00056670       PtrSsmGet_Main_Accelerator_Sensor_P76
 0000:00056674       PtrSsmGet_Brake_Booster_Pressure_P77
 0000:00056678       PtrSsmGet_Fuel_Pressure_High_P78
 0000:0005667C       PtrSsmGet_Exhaust_Gas_Temperature_P79
 0000:00056684       PtrSsmGet_Cold_Start_Injector_Air_Pump_P80
 0000:00056688       PtrSsmGet_SCV_Step_P81
 0000:0005668C       PtrSsmGet_Memorised_Cruise_Speed_P82
 0000:000566C4       PtrSsmGet_Exhaust_VVT_Advance_Angle_Right_P83
 0000:000566C8       PtrSsmGet_Exhaust_VVT_Advance_Angle_Left_P84
 0000:000566CC       PtrSsmGet_Exhaust_OCV_Duty_Right_P85
 0000:000566D0       PtrSsmGet_Exhaust_OCV_Duty_Left_P86
 0000:000566D4       PtrSsmGet_Exhaust_OCV_Current_Right_P87
 0000:000566D8       PtrSsmGet_Exhaust_OCV_Current_Left_P88
 0000:000566E4       PtrSsmGet_Switches_62
 0000:000566E8       PtrSsmGet_Switches_63_64_65_66_67_68
 0000:000568C8       PtrSsmGet_Fine_Learning_Knock_Correction_P91
 0000:00058AFC       SBR_MAF_Cel_check_mastercall
 0000:00058B06       SBR_MAF_errcheck_call_unk
 0000:00059DE8       SBR_CEL_P0448_EVAP_VENT_CONTROL_CIRCUIT_SHORTED
 0000:00059DF2       SBR_CEL_P0447_EVAP_VENT_CONTROL_CIRCUIT_OPEN
 0000:00059F5C       SBR_CEL_check_unk4
 0000:0005A13C       SBR_P1491_PCV_BLOWBY_FUNCTION_PROBLEM_check
 0000:0005A1F4       SBR_P1560_BACKUP_VOLTAGE_MALFUNCTION_check
 0000:0005AA84       SBR_P0600_SERIAL_COMMUNICATION_LINK_check
 0000:0005BB20       SBR_EngSpd_BattVolts_unk
 0000:00063478       SBR_CEL_P0692_RADIATOR_FAN_CIRCUIT_HIGH
 0000:00063482       SBR_CEL_P0691_RADIATOR_FAN_CIRCUIT_LOW
 0000:000636A6       SBR_P0483_RADIATOR_FAN_RATIONALITY_CHECK_mastercall
 0000:00063736       LOC_P0483_RADIATOR_FAN_RATIONALITY_CHECK_check
 0000:0006377C       LOC_P0483_RADIATOR_FAN_RATIONALITY_CHECK_check1
 0000:000637A4       LOC_P0483_RADIATOR_FAN_RATIONALITY_CHECK_check2
 0000:00064D3E       SBR_AF_ClosedLoop_unk
 0000:00065E7E       SBR_Fueltankpress_unk
 0000:00070E8C       SBR_Jump_subjumps2
 0000:00071BD0       SBR_Jump_subjumps3_REARO2
 0000:000721F2       SBR_RearO2_unk
 0000:00072900       SBR_CLFuel_unk
 0000:00072C20       LOC_P0139_REAR_O2_SENSOR_SLOW_RESPONSE_check
 0000:000731C0       SBR_CEL_unk
 0000:000731CA       SBR_CEL_P1400_FUEL_TANK_PRESSURE_SOL_LOW
 0000:00073334       SBR_MAP_Func_Celcheck_mastercall
 0000:000733C8       SBR_MAP_ThrOpenAngle_Load_EngSpd_unk
 0000:00073452       SBR_MAP_ThrOpenAngle_Load_EngSpd_unk1
 0000:000735DC       SBR_MAP_Cel_Check_mastercall
 0000:00075800       SBR_BattVolts_StarterCEL_unk
 0000:0007580A       SBR_P0512_STARTER_REQUEST_CIRCUIT_check
 0000:00075FD4       SBR_CEL_check_unk1
 0000:000760FC       SBR_CEL_WASTEGATE_SOLENOID
 0000:00076162       SBR_BCS_CEL_Set
 0000:000761A8       SBR_BCS_CEL_Check
 0000:00076218       SBR_BCS_CEL_Set2
 0000:000762C0       SBR_CEL_check_unk3
 0000:0007813E       SBR_VehSpeed_P0125_INSUFFICIENT_COOLANT_TEMP_FUELING_check
 0000:0007817A       SBR_VehSpeed_unk1
 0000:00078318       SBR_CEL_check_unk2
 0000:00078BB0       SBR_P0018_CRANKSHAFTCAMSHAFT_CORRELATION_2A_func_check_mastercall
 0000:00079104       LOC_P0018_CRANKSHAFTCAMSHAFT_CORRELATION_2A_check
 0000:0007AA68       SBR_CEL_0xA6
 0000:0007AA72       SBR_CEL_P0418_SECONDARY_AIR_PUMP_RELAY_A
 0000:0007ABA8       SBR_CEL_0xA5
 0000:0007ABB2       SBR_CEL_P0413_SECONDARY_AIR_PUMP_A_OPEN
 0000:0007B558       SBR_CEL_0xA?
 0000:0007E21C       SBR_CEL_P2433_SECONDARY_AIR_PUMP_CIRCUIT_HIGH
 0000:0007E226       SBR_CEL_P2432_SECONDARY_AIR_PUMP_CIRCUIT_LOW
 0000:0007E35C       SBR_CEL_P2431_SECONDARY_AIR_PUMP_CIRCUIT_RANGEPERF
 0000:0007F338       SBR_Rear02_Volts_Celcheck
 0000:0007F34A       SBR_AF_CL_Correction_unk
 0000:0007F486       SBR_Rear02_Volts_Errcheck
 0000:0007F496       SBR_CEL_REar02_volts
 0000:000848FC       SBR_OBD_VIN
 0000:00084A18       SBR_OBD_Read_Calid
 0000:000855D8       P0335_CRANKSHAFT_POS_SENSOR_A_MALFUNCTION
 0000:000855D9       P0336_CRANKSHAFT_POS_SENSOR_A_RANGEPERF
 0000:000855DC       P0604_CONTROL_MODULE_RAM_ERROR
 0000:000855DD       P0102_MAF_SENSOR_LOW_INPUT
 0000:000855DE       P0103_MAF_SENSOR_HIGH_INPUT
 0000:000855E0       P0327_KNOCK_SENSOR_1_LOW_INPUT
 0000:000855E1       P0328_KNOCK_SENSOR_1_HIGH_INPUT
 0000:000855E2       P0122_TPS_A_LOW_INPUT
 0000:000855E3       P0123_TPS_A_HIGH_INPUT
 0000:000855E5       P0117_COOLANT_TEMP_SENSOR_LOW_INPUT
 0000:000855E6       P0118_COOLANT_TEMP_SENSOR_HIGH_INPUT
 0000:000855E7       P0464_FUEL_LEVEL_SENSOR_INTERMITTENT
 0000:000855E8       P0125_INSUFFICIENT_COOLANT_TEMP_FUELING
 0000:000855E9       P0462_FUEL_LEVEL_SENSOR_LOW_INPUT
 0000:000855EA       P0463_FUEL_LEVEL_SENSOR_HIGH_INPUT
 0000:000855EB       P0461_FUEL_LEVEL_SENSOR_RANGEPERF
 0000:000855ED       P1518_STARTER_SWITCH_LOW_INPUT
 0000:000855EE       P0512_STARTER_REQUEST_CIRCUIT
 0000:000855EF       P0452_EVAP_PRESSURE_SENSOR_LOW_INPUT
 0000:000855F0       P0453_EVAP_PRESSURE_SENSOR_HIGH_INPUT
 0000:000855F1       P0451_EVAP_PRESSURE_SENSOR_RANGEPERF
 0000:000855F2       P0851_NEUTRAL_SWITCH_INPUT_LOW
 0000:000855F3       P0182_FUEL_TEMP_SENSOR_A_LOW_INPUT
 0000:000855F4       P0183_FUEL_TEMP_SENSOR_A_HIGH_INPUT
 0000:000855F5       P0181_FUEL_TEMP_SENSOR_A_RANGEPERF
 0000:000855F6       P0852_NEUTRAL_SWITCH_INPUT_HIGH
 0000:000855FA       P0507_IDLE_CONTROL_RPM_HIGH_THAN_EXPECTED
 0000:000855FB       P0691_RADIATOR_FAN_CIRCUIT_LOW
 0000:000855FC       P0692_RADIATOR_FAN_CIRCUIT_HIGH
 0000:000855FD       P0483_RADIATOR_FAN_RATIONALITY_CHECK
 0000:00085601       P0011_CAMSHAFT_POS__TIMING_OVERADVANCED_1
 0000:00085602       P0021_CAMSHAFT_POS__TIMING_OVERADVANCED_2
 0000:00085603       P1400_FUEL_TANK_PRESSURE_SOL_LOW
 0000:00085604       P1420_FUEL_TANK_PRESSURE_SOL_HIGH_INPUT
 0000:00085605       P0458_EVAP_PURGE_VALVE_CIRCUIT_LOW
 0000:00085606       P0459_EVAP_PURGE_VALVE_CIRCUIT_HIGH
 0000:00085609       P1443_VENT_CONTROL_SOLENOID_FUNCTION_PROBLEM
 0000:0008560A       P0447_EVAP_VENT_CONTROL_CIRCUIT_OPEN
 0000:0008560B       P0448_EVAP_VENT_CONTROL_CIRCUIT_SHORTED
 0000:0008560C       P0133_FRONT_O2_SENSOR_SLOW_RESPONSE
 0000:0008560D       P0139_REAR_O2_SENSOR_SLOW_RESPONSE
 0000:0008560E       P1152_FRONT_O2_SENSOR_RANGEPERF_LOW_B1_S1
 0000:0008560F       P1153_FRONT_O2_SENSOR_RANGEPERF_HIGH_B1_S1
 0000:00085610       P0420_CAT_EFFICIENCY_BELOW_THRESHOLD
 0000:00085611       P0442_EVAP_LEAK_DETECTED_SMALL
 0000:00085612       P0456_EVAP_LEAK_DETECTED_VERY_SMALL
 0000:00085613       P0171_SYSTEM_TOO_LEAN
 0000:00085614       P0172_SYSTEM_TOO_RICH
 0000:00085615       P0301_MISFIRE_CYLINDER_1
 0000:00085616       P0302_MISFIRE_CYLINDER_2
 0000:00085617       P0303_MISFIRE_CYLINDER_3
 0000:00085618       P0304_MISFIRE_CYLINDER_4
 0000:0008561A       P0457_EVAP_LEAK_DETECTED_FUEL_CAP
 0000:0008561B       P0000_PASS_CODE_NO_DTC_DETECTED
 0000:0008561C       P0000_PASS_CODE_NO_DTC_DETECTED_
 0000:0008561D       P0137_REAR_O2_SENSOR_LOW_VOLTAGE
 0000:0008561E       P0131_FRONT_O2_SENSOR_LOW_INPUT
 0000:0008561F       P0132_FRONT_O2_SENSOR_HIGH_INPUT
 0000:00085620       P0138_REAR_O2_SENSOR_HIGH_VOLTAGE
 0000:00085621       P0112_IAT_SENSOR_LOW_INPUT
 0000:00085622       P0113_IAT_SENSOR_HIGH_INPUT
 0000:00085623       P0111_IAT_SENSOR_RANGEPERF
 0000:00085624       P0038_REAR_O2_SENSOR_HIGH_INPUT
 0000:00085625       P0032_FRONT_O2_SENSOR_HIGH_INPUT
 0000:00085626       P0037_REAR_O2_SENSOR_LOW_INPUT
 0000:00085627       P0031_FRONT_O2_SENSOR_LOW_INPUT
 0000:00085628       P0107_MAP_SENSOR_LOW_INPUT
 0000:00085629       P0108_MAP_SENSOR_HIGH_INPUT
 0000:0008562A       P0128_THERMOSTAT_MALFUNCTION
 0000:0008562B       P1491_PCV_BLOWBY_FUNCTION_PROBLEM
 0000:0008562C       P1560_BACKUP_VOLTAGE_MALFUNCTION
 0000:0008562F       P0245_WASTEGATE_SOLENOID_A_LOW
 0000:00085630       P0246_WASTEGATE_SOLENOID_A_HIGH
 0000:00085631       P0244_WASTEGATE_SOLENOID_A_RANGEPERF
 0000:0008563A       P0502_VEHICLE_SPEED_SENSOR_LOW_INPUT
 0000:0008563B       P0230_FUEL_PUMP_PRIMARY_CIRCUIT
 0000:0008563C       P0068_MAP_SENSOR_RANGEPERF
 0000:0008563D       P0519_IDLE_CONTROL_MALFUNCTION_FAILSAFE
 0000:0008563E       P0101_MAF_SENSOR_RANGEPERF
 0000:0008563F       P0134_FRONT_O2_SENSOR_NO_ACTIVITY
 0000:00085640       P0030_FRONT_O2_SENSOR_RANGEPERF
 0000:00085641       P0503_VEHICLE_SPEED_SENSOR_INTERMITTENT
 0000:00085642       P2109_TPS_A_MINIMUM_STOP_PERF
 0000:00085643       P0222_TPS_B_LOW_INPUT
 0000:00085644       P0223_TPS_B_HIGH_INPUT
 0000:00085645       P1160_ABNORMAL_RETURN_SPRING
 0000:00085646       P2102_THROTTLE_ACTUATOR_CIRCUIT_LOW
 0000:00085647       P2103_THROTTLE_ACTUATOR_CIRCUIT_HIGH
 0000:00085648       P2101_THROTTLE_ACTUATOR_CIRCUIT_RANGEPERF
 0000:00085649       P2096_POST_CATALYST_TOO_LEAN_B1
 0000:0008564A       P0638_THROTTLE_ACTUATOR_RANGEPERF
 0000:0008564B       P0607_CONTROL_MODULE_PERFORMANCE
 0000:0008564C       P2138_TPS_DE_VOLTAGE
 0000:0008564D       P2127_TPS_E_CIRCUIT_LOW_INPUT
 0000:0008564E       P2128_TPS_E_CIRCUIT_HIGH_INPUT
 0000:0008564F       P2122_TPS_D_CIRCUIT_LOW_INPUT
 0000:00085650       P2123_TPS_D_CIRCUIT_HIGH_INPUT
 0000:00085651       P2135_TPS_AB_VOLTAGE
 0000:00085652       P2097_POST_CATALYST_TOO_RICH_B1
 0000:00085653       P0600_SERIAL_COMMUNICATION_LINK
 0000:00085656       P0345_CAMSHAFT_POS_SENSOR_A_BANK_2
 0000:00085657       P0340_CAMSHAFT_POS_SENSOR_A_MALFUNCTION_
 0000:00085658       P0605_CONTROL_MODULE_ROM_ERROR
 0000:0008565D       P2093_OCV_SOLENOID_A2_CIRCUIT_SHORT
 0000:0008565E       P2092_OCV_SOLENOID_A2_CIRCUIT_OPEN
 0000:0008565F       P2089_OCV_SOLENOID_A1_CIRCUIT_SHORT
 0000:00085660       P2088_OCV_SOLENOID_A1_CIRCUIT_OPEN
 0000:00085661       P0700_TRANSMISSION_CONTROL_SYSTEM
 0000:00085664       P2004_TGV__INTAKE_MANIFOLD_RUNNER_1_STUCK_OPEN
 0000:00085665       P2006_TGV__INTAKE_MANIFOLD_RUNNER_1_STUCK_CLOSED
 0000:00085666       P2005_TGV__INTAKE_MANIFOLD_RUNNER_2_STUCK_OPEN
 0000:00085667       P2007_TGV__INTAKE_MANIFOLD_RUNNER_2_STUCK_CLOSED
 0000:00085668       P2227_BARO_PRESSURE_CIRCUIT_RANGEPERF
 0000:00085669       P0126_INSUFFICIENT_COOLANT_TEMP_OPERATION
 0000:0008566A       P2229_BARO_PRESSURE_CIRCUIT_HIGH_INPUT
 0000:0008566B       P2228_BARO_PRESSURE_CIRCUIT_LOW_INPUT
 0000:0008566C       P2016_TGV__INTAKE_MANIFOLD_RUNNER_1_POS_SENSOR_LOW
 0000:0008566D       P2017_TGV__INTAKE_MANIFOLD_RUNNER_1_POS_SENSOR_HIGH
 0000:0008566E       P2021_TGV__INTAKE_MANIFOLD_RUNNER_2_POS_SENSOR_LOW
 0000:0008566F       P2022_TGV__INTAKE_MANIFOLD_RUNNER_2_POS_SENSOR_HIGH
 0000:00085670       P2009_TGV__INTAKE_MANIFOLD_RUNNER_1_CIRCUIT_LOW
 0000:00085671       P2012_TGV__INTAKE_MANIFOLD_RUNNER_2_CIRCUIT_LOW
 0000:00085672       P2008_TGV__INTAKE_MANIFOLD_RUNNER_1_CIRCUIT_OPEN
 0000:00085673       P2011_TGV__INTAKE_MANIFOLD_RUNNER_2_CIRCUIT_OPEN
 0000:00085674       P2444_SECONDARY_AIR_PUMP_1_STUCK_ON_B1
 0000:00085675       P0411_SECONDARY_AIR_PUMP_INCORRECT_FLOW
 0000:00085676       P0410_SECONDARY_AIR_PUMP_SYSTEM
 0000:00085677       P2431_SECONDARY_AIR_PUMP_CIRCUIT_RANGEPERF
 0000:00085678       P2433_SECONDARY_AIR_PUMP_CIRCUIT_HIGH
 0000:00085679       P2432_SECONDARY_AIR_PUMP_CIRCUIT_LOW
 0000:0008567A       P0413_SECONDARY_AIR_PUMP_A_OPEN
 0000:0008567B       P0418_SECONDARY_AIR_PUMP_RELAY_A
 0000:0008567C       P0140_REAR_O2_SENSOR_NO_ACTIVITY
 0000:0008567D       P0414_SECONDARY_AIR_PUMP_A_SHORTED
 0000:0008567E       P1418_SECONDARY_AIR_PUMP_CIRCUIT_SHORTED
 0000:0008567F       P0018_CRANKSHAFTCAMSHAFT_CORRELATION_2A
 0000:00085680       P0016_CRANKSHAFTCAMSHAFT_CORRELATION_1A
 0000:00085681       P1410_SECONDARY_AIR_PUMP_VALVE_STUCK_OPEN
 0000:00085682       P2443_SECONDARY_AIR_PUMP_2_STUCK_CLOSED
 0000:00085683       P2442_SECONDARY_AIR_PUMP_VALVE_2_STUCK_OPEN
 0000:00085684       P2441_SECONDARY_AIR_PUMP_VALVE_1_STUCK_CLOSED
 0000:00085685       P2440_SECONDARY_AIR_PUMP_VALVE_1_STUCK_OPEN
 0000:00085686       P0417_SECONDARY_AIR_PUMP_B_SHORTED
 0000:00085687       P0416_SECONDARY_AIR_PUMP_B_OPEN
 0000:00086934       SBR_OBD_Unk
 0000:000883AC       SBR_JUMPS_1byteconv_unk
 0000:0008862C       SBR_CLOL_Unk_1
 0000:00088B2A       Force_Pass_Readiness_Monitors
 0000:0008ACC0       SBR_CLOL_Set
 0000:0008AF90       SBR_Ign_Total_Timing_1byteconv
 0000:0008BB9E       SBR_CEL_unk_clear_ram
 0000:0008BBC2       SBR_CEL_EVAL_JUMPS
 0000:0008BBEE       SBR_CEL_light_unk_master_0
 0000:0008BDF0       SBR_CEL_light_unk_master
 0000:0008BEA6       SBR_CEL_reset_unk
 0000:0008BEB4       SBR_CEL_reset
 0000:0008BEC2       SBR_CEL_reset_0
 0000:0008BED2       SBR_CEL_reset_1
 0000:0008BEE4       SBR_CEL_reset_2
 0000:0008C1FC       SBR_CEL_TRIGGER
 0000:0008C212       CEL_TRIGGER_BITMASK_0x01
 0000:0008C314       HOOK_CEL_TRIGGER
 0000:0008CF8E       SBR_CEL_EVAL_1
 0000:00090E90       SBR_CLOL_Unk_0
 0000:00093704       Table_TD_Proportional_Compensation_IAT
 0000:00093718       Table_TD_Integral_Negative_Compensation_IAT
 0000:0009372C       Table_TD_Integral_Positive_Compensation_IAT
 0000:00093754       Table_InitialMax_Wastegate_Duty_Compensation_IAT
 0000:000937A4       Table_InitialMax_Wastegate_Duty_Compensation_ECT
 0000:000937CC       Table_Target_Boost_Compensation_ECT
 0000:000937F4       Table_Target_Boost_Compensation_Atm_Pressure_Multiplier_Offset
 0000:00093808       Table_Turbo_Dynamics_Proportional
 0000:0009381C       Table_Turbo_Dynamics_Integral_Negative
 0000:00093830       Table_Turbo_Dynamics_Integral_Positive
 0000:00093858       Table_Target_Boost_Compensation_Atm_Pressure_Multiplier
 0000:000938AC       Table_InitialMax_Wastegate_Duty_Compensation_Atm_Pressure
 0000:00093900       Table_Initial_Alt_Wastegate_Duty
 0000:0009391C       Table_Initial_Wastegate_Duty
 0000:00093938       Table_Max_Wastegate_Duty_Alt
 0000:00093954       Table_Max_Wastegate_Duty
 0000:000939A8       Table_Target_Boost_Alternate
 0000:000939C4       Table_Target_Boost
 0000:00093D84       Table_2d_load_unk
 0000:00093DE8       Table_Front_Oxygen_Sensor_Compensation_Atm_Pressure
 0000:00093F68       Table_MAF_Compensation_IAT
 0000:00093F84       Table_Engine_Load_Compensation_MP
 0000:00094A14       Table_Cranking_Fuel_IPW_Compensation_Accelerator
 0000:00094A34       Table_Min_Primary_Base_Enrich_3_Decay_Delay_A
 0000:00094A40       Table_Min_Primary_Base_Enrich_3_Decay_Delay_B
 0000:00094A74       Table_Tau_RPM_FallingDload
 0000:00094A88       Table_Tau_A_inputA_RPM_falling
 0000:00094A9C       Table_Tau_Idle_ECT_unk
 0000:00094B40       Table_Primary_Open_Loop_Fueling_Compensation_Timing_Compensation
 0000:00094B54       Table_CL_to_OL_Transition_with_Delay_Throttle
 0000:00094B68       Table_Minimum_Primary_Open_Loop_Enrichment_Throttle
 0000:00094B90       Table_Tau_B_ECT_1
 0000:00094BA4       Table_Tau_B_ECT_2
 0000:00094BCC       Table_Tipin_Enrichment_Compensation_Boost_Error
 0000:00094CD0       Table_Cranking_Fuel_Injector_Pulse_Width_A_ECT
 0000:00094CE4       Table_Cranking_Fuel_Injector_Pulse_Width_B_ECT
 0000:00094CF8       Table_Cranking_Fuel_Injector_Pulse_Width_C_ECT
 0000:00094D0C       Table_Cranking_Fuel_Injector_Pulse_Width_D_ECT
 0000:00094D20       Table_Cranking_Fuel_Injector_Pulse_Width_E_ECT
 0000:00094D34       Table_Cranking_Fuel_Injector_Pulse_Width_F_ECT
 0000:00094D48       Table_Min_Primary_Base_Enrich_3_Initial_Start_1A
 0000:00094D5C       Table_Min_Primary_Base_Enrich_3_Initial_Start_1B
 0000:00094D70       Table_Min_Primary_Base_Enrich_3_Initial_Start_2A
 0000:00094D84       Table_Min_Primary_Base_Enrich_3_Initial_Start_2B
 0000:00094D98       Table_Min_Primary_Base_Enrich_2_Initial_Start_1A
 0000:00094DAC       Table_Min_Primary_Base_Enrich_2_Initial_Start_2A
 0000:00094DC0       Table_Min_Primary_Base_Enrich_2_Initial_Start_1B
 0000:00094DD4       Table_Min_Primary_Base_Enrich_2_Initial_Start_2B
 0000:00094DE8       Table_Min_Primary_Base_Enrich_2_Decay_Step_1
 0000:00094DFC       Table_Min_Primary_Base_Enrich_2_Decay_Step_2
 0000:00094E10       Table_Tau_A_Falling_Activation
 0000:00094E24       Table_Tau_A_Falling_ECT
 0000:00094E38       Table_Tau_A_ECT_falling
 0000:00094E4C       Table_Tau_B_Sigmoid
 0000:00094E60       Table_TauA_rising_load
 0000:00094E74       Table_Tau_B_Actiavtion_Engine_Load
 0000:00095004       Table_CL_to_OL_Transition_with_Delay_Base_Pulse_Width
 0000:00095018       Table_CL_to_OL_Transition_Counter_Step_Value_MAF
 0000:0009503C       Table_Primary_Open_Loop_Fueling_Compensation_ECT
 0000:0009508C       Table_Throttle_Tipin_Enrichment
 0000:000950A0       Table_Tipin_Enrichment_Compensation_ECT
 0000:000950C0       Table_Overrun_Fueling_RPM_Resume_Threshold
 0000:000950D4       Table_Boost_Limit_Fuel_Cut
 0000:000950F4       Table_Idle_Fuel_Resume_RPM
 0000:000951A8       Table_Injector_Latency
 0000:00095324       Table_Cranking_Fuel_IPW_Compensation_A_RPM
 0000:0009535C       Table_Cranking_Fuel_IPW_Compensation_B_RPM
 0000:000953B0       Table_Min_Primary_Base_Enrichment_1_A
 0000:000953CC       Table_Min_Primary_Base_Enrichment_1_B
 0000:000953E8       Table_Min_Primary_Base_Enrichment_1_NonPrimary_OL
 0000:00095404       Table_Primary_Open_Loop_Fueling_Switched
 0000:00095420       Table_Primary_Open_Loop_Fueling
 0000:0009543C       Table_Primary_Open_Loop_Fueling_Failsafe_Switched
 0000:00095458       Table_Primary_Open_Loop_Fueling_Failsafe
 0000:00095474       Table_Per_Injector_Pulse_Width_Compensation_A
 0000:00095490       Table_Per_Injector_Pulse_Width_Compensation_B
 0000:000954AC       Table_Per_Injector_Pulse_Width_Compensation_C
 0000:000954C8       Table_Per_Injector_Pulse_Width_Compensation_D
 0000:00095500       Table_Tau_A_Rising_Activation_Engine_Load
 0000:00095538       Table_CL_Fueling_Target_Compensation_A_ECT
 0000:00095570       Table_CL_Fueling_Target_Compensation_B_ECT
 0000:000955A8       Table_CL_Fueling_Target_Compensation_Load
 0000:00095694       Table_Base_Timing_Alternate_ECT
 0000:000956A8       NewTable_Timing_Minimum
 0000:00095720       Table_Base_Timing_Idle_Minimum
 0000:00095734       Table_Base_Timing_Idle_A_InGear
 0000:00095748       Table_Base_Timing_Idle_B_InGear
 0000:0009575C       Table_Base_Timing_Idle_A_Neutral
 0000:00095770       Table_Base_Timing_Idle_B_Neutral
 0000:000957AC       Table_Timing_Compensation_ECT
 0000:000957C0       Table_Timing_Compensation_A_IAT
 0000:000959DC       Table_Rough_Correction_Learning_Delay_Increasing
 0000:000959E8       Table_Timing_Compensation_B_IAT
 0000:00095B28       Table_Base_Timing
 0000:00095B44       Table_Timing_Compensation_A_IAT_Activation
 0000:00095C24       Table_Timing_Compensation_Per_Cylinder_A
 0000:00095C40       Table_Timing_Compensation_Per_Cylinder_B
 0000:00095C5C       Table_Timing_Compensation_Per_Cylinder_C
 0000:00095C78       Table_Timing_Compensation_Per_Cylinder_D
 0000:00095CCC       Table_Knock_Correction_Advance_Max
 0000:00095D04       Table_Timing_Compensation_MRP
 0000:00095F1C       Table_Idle_Speed_Target_A
 0000:00095F44       Table_Idle_Speed_Target_B
 0000:00095F6C       Table_Idle_Speed_Target_C
 0000:00096498       Table_Target_Throttle_Plate_Position_A_Requested_Torque
 0000:000964B4       Table_Target_Throttle_Plate_Position_B_Requested_Torque
 0000:000964D0       Table_Requested_Torque_Accelerator_Pedal
 0000:00096588       Table_knock_load_unk
 0000:000965B4       Table_knock_unk
 0000:000965C8       Table_knock_unk_0
 0000:000965E8       Table_Fuel_Temp_Sensor_Scaling
 0000:000965F4       Table_MAF_Sensor_Scaling
 0000:00096600       Table_Front_Oxygen_Sensor_Scaling
 0000:00096690       Table_IgnDwell_unk
 0000:000966A4       Table_Front_O2_Smoothing
 0000:000966B8       Table_Coolant_Temp_Sensor_Scaling
 0000:000966C4       Table_Intake_Temp_Sensor_Scaling
 0000:00096A28       Table_Intake_Cam_Advance_Angle_AVCS
 0000:00096A6C       Coolant_Temp_Sensor_Scaling_Y_Axis
 0000:00096ADC       Coolant_Temp_Sensor_Scaling
 0000:00096B4C       Intake_Temp_Sensor_Scaling_Y_Axis
 0000:00096BC4       Intake_Temp_Sensor_Scaling
 0000:000BE918       SBR_Req_Torque_Pull
 0000:000BEA7C       HOOKPULL_REQ_TORQUE
 0000:000C0250       Atmospheric_Pressure_Sensor_Scaling
 0000:000C028C       Manifold_Pressure_Sensor_Scaling
 0000:000C05C1       Boost_Control_Disable_Delay_Fine_Correction
 0000:000C05D4       TD_Activation_Thresholds_Target_Boost
 0000:000C05E0       TD_Integral_Negative_Activation_Boost_Error
 0000:000C05E8       TD_Integral_Positive_Activation_Boost_Error
 0000:000C05EC       TD_Integral_Positive_Activation_Wastegate_Duty
 0000:000C05F8       TD_Activation_Thresholds_RPM
 0000:000C0600       TD_Integral_Cumulative_Range_WGDC_Correction
 0000:000C0620       Boost_Control_Disable_Fine_Correction
 0000:000C0624       Boost_Control_Disable_IAM
 0000:000C0630       Target_Boost_Compensation_1st_Gear_Speed_Disable
 0000:000C0634       Target_Boost_Compensation_1st_Gear
 0000:000C063C       InitialMax_Wastegate_Duty_Compensation_ECT_Y_Axis
 0000:000C067C       TD_Proportional_Compensation_IAT_Y_Axis
 0000:000C068C       TD_Proportional_Compensation_IAT
 0000:000C0690       TD_Integral_Negative_Compensation_IAT_Y_Axis
 0000:000C06A0       TD_Integral_Negative_Compensation_IAT
 0000:000C06A4       TD_Integral_Positive_Compensation_IAT_Y_Axis
 0000:000C06B4       TD_Integral_Positive_Compensation_IAT
 0000:000C06C4       InitialMax_Wastegate_Duty_Compensation_IAT_Y_Axis
 0000:000C0704       InitialMax_Wastegate_Duty_Compensation_IAT
 0000:000C07C4       InitialMax_Wastegate_Duty_Compensation_ECT
 0000:000C07E4       Target_Boost_Compensation_ECT
 0000:000C0808       Target_Boost_Compensation_Atm_Pressure_Multiplier_Offset_Y_Axis
 0000:000C0818       Target_Boost_Compensation_Atm_Pressure_Multiplier_Offset
 0000:000C081C       Turbo_Dynamics_Proportional_Y_Axis
 0000:000C0840       Turbo_Dynamics_Proportional
 0000:000C0854       Turbo_Dynamics_Integral_Negative_Y_Axis
 0000:000C0878       Turbo_Dynamics_Integral_Negative
 0000:000C088C       Turbo_Dynamics_Integral_Positive_Y_Axis
 0000:000C08B0       Turbo_Dynamics_Integral_Positive
 0000:000C08DC       Target_Boost_Compensation_Atm_Pressure_Multiplier_Y_Axis
 0000:000C08EC       Target_Boost_Compensation_Atm_Pressure_Multiplier
 0000:000C0980       InitialMax_Wastegate_Duty_Compensation_Atm_Pressure_X_Axis
 0000:000C0998       InitialMax_Wastegate_Duty_Compensation_Atm_Pressure_Y_Axis
 0000:000C09A8       InitialMax_Wastegate_Duty_Compensation_Atm_Pressure
 0000:000C0A08       Initial_Wastegate_Duty_X_Axis
 0000:000C0A28       Initial_Wastegate_Duty_Y_Axis
 0000:000C0A48       Initial_Wastegate_Duty
 0000:000C0AE0       Max_Wastegate_Duty_X_Axis
 0000:000C0B00       Max_Wastegate_Duty_Y_Axis
 0000:000C0B20       Max_Wastegate_Duty
 0000:000C0BE8       Target_Boost_X_Axis
 0000:000C0C08       Target_Boost_Y_Axis
 0000:000C0C34       Target_Boost
 0000:000C2398       MAF_Limit_Maximum
 0000:000C23B8       dLoadSmoothingA
 0000:000C23BC       dLoadSmoothingB
 0000:000C23C8       dLoadSmoothingFinal
 0000:000C23EC       Const_6868_MP_switch
 0000:000C25D8       Gear_Determination_Thresholds
 0000:000C2890       Front_Oxygen_Sensor_Compensation_Atm_Pressure_Y_Axis
 0000:000C28A0       Front_Oxygen_Sensor_Compensation_Atm_Pressure
 0000:000C2CE4       MAF_Compensation_IAT_X_Axis
 0000:000C2CF8       MAF_Compensation_IAT_Y_Axis
 0000:000C2D18       MAF_Compensation_IAT
 0000:000C2D40       Engine_Load_Compensation_MP_X_Axis
 0000:000C2D6C       Engine_Load_Compensation_MP_Y_Axis
 0000:000C2DA8       Engine_Load_Compensation_MP
 0000:000C338C       Manifold_Pressure_Sensor_CEL_Delays
 0000:000C81A1       Tipin_Enrichment_Disable_Applied_Counter_Threshold
 0000:000C81A2       Tipin_Enrichment_Applied_Counter_Reset
 0000:000C81A3       Tipin_Throttle_Cumulative_Reset
 0000:000C81DA       CL_Delay_Engine_Load_Counter_Threshold
 0000:000C81DC       CL_to_OL_Delay
 0000:000C81E2       Hotstart_Enrich_Decay_Delay
 0000:000C81E4       Hotstart_Minimum_Enrichment_Limit_Runtime
 0000:000C81E6       Hotstart_Maximum_Non_Idle_Enrichment_Delay
 0000:000C82E8       Injector_Flow_Scaling
 0000:000C82EC       Min_Primary_Base_Enrich_3_Decay_Multiplier
 0000:000C8568       AF_Learning_1_Limits
 0000:000C856C       AF_Learning_Limit2
 0000:000C8578       AF_Learning_1_Airflow_Ranges
 0000:000C8594       Primary_Open_Loop_Fuel_Map_Switch_IAM
 0000:000C8598       Minimum_Active_Primary_Open_Loop_Enrichment
 0000:000C859C       CL_to_OL_Transition_with_Delay_Throttle_Hysteresis
 0000:000C85A0       CL_to_OL_Transition_with_Delay_BPW_Hysteresis
 0000:000C85A4       CL_Delay_Minimum_ECT
 0000:000C85A8       CL_Delay_Maximum_Engine_Speed_Per_Gear
 0000:000C85F8       CL_Delay_Maximum_Engine_Speed_Neutral
 0000:000C8618       CL_Delay_Maximum_Throttle
 0000:000C861C       CL_Delay_Maximum_Vehicle_Speed
 0000:000C862C       CL_Delay_Maximum_Engine_Load
 0000:000C8648       Hotstart_Enrich_Initial_High_Min_ECT
 0000:000C864C       Hotstart_Enrich_Initial_Low_Min_ECT
 0000:000C8650       Hotstart_Enrich_Initial_High_Min_IAT
 0000:000C8654       Hotstart_Enrich_Initial_Low_Min_IAT
 0000:000C8658       Hotstart_Enrich_Initial_High
 0000:000C865C       Hotstart_Enrich_Initial_Low
 0000:000C8660       Hotstart_Minimum_Enrichment_During_Delay_and_Runtime
 0000:000C8664       Hotstart_Enrichment_Decay_Step
 0000:000C8668       Hotstart_Maximum_Non_Idle_Enrichment_Post_Delay
 0000:000C8744       Overrun_Enrich_RPM_Delta_Activation
 0000:000C8748       Overrun_Initial_IPW
 0000:000C874C       Minimum_Tipin_Enrichment_Activation_Throttle
 0000:000C8750       Tipin_Enrichment_Disable_Throttle_Cumulative_Threshold
 0000:000C8754       Minimum_Tipin_Enrichment_Activation
 0000:000C8790       Overrun_Fueling_Cut_Counter_RPM_Threshold
 0000:000C879C       Rev_Limit_Fuel_Cut
 0000:000C87A4       Rev_Limit_Fuel_Resume_Boost
 0000:000C87EC       Speed_Limiting_Enable_Fuel_Cut
 0000:000C87F8       Speed_Limiting_Disable_Fuel_Cut
 0000:000C8974       Min_Primary_Base_Enrich_3_Decay_Delay_B_Y_Axis
 0000:000C8A58       Cranking_Fuel_IPW_Compensation_Accelerator_Y_Axis
 0000:000C8A70       Cranking_Fuel_IPW_Compensation_Accelerator
 0000:000C8A86       Min_Primary_Base_Enrich_3_Decay_Delay_A
 0000:000C8A96       Min_Primary_Base_Enrich_3_Decay_Delay_B
 0000:000C8C7C       Primary_Open_Loop_Fueling_Compensation_Timing_Compensation_Y_Axis
 0000:000C8C94       Primary_Open_Loop_Fueling_Compensation_Timing_Compensation
 0000:000C8C9C       CL_to_OL_Transition_with_Delay_Throttle_Y_Axis
 0000:000C8CDC       CL_to_OL_Transition_with_Delay_Throttle
 0000:000C8CEC       Minimum_Primary_Open_Loop_Enrichment_Throttle_Y_Axis
 0000:000C8D04       Minimum_Primary_Open_Loop_Enrichment_Throttle
 0000:000C8D64       Tipin_Enrichment_Compensation_Boost_Error_Y_Axis
 0000:000C8D88       Tipin_Enrichment_Compensation_Boost_Error
 0000:000C8F22       Cranking_Fuel_Injector_Pulse_Width_A_ECT
 0000:000C8F42       Cranking_Fuel_Injector_Pulse_Width_B_ECT
 0000:000C8F62       Cranking_Fuel_Injector_Pulse_Width_C_ECT
 0000:000C8F82       Cranking_Fuel_Injector_Pulse_Width_D_ECT
 0000:000C8FA2       Cranking_Fuel_Injector_Pulse_Width_E_ECT
 0000:000C8FC2       Cranking_Fuel_Injector_Pulse_Width_F_ECT
 0000:000C8FE2       Min_Primary_Base_Enrich_3_Initial_Start_1A
 0000:000C9002       Min_Primary_Base_Enrich_3_Initial_Start_1B
 0000:000C9022       Min_Primary_Base_Enrich_3_Initial_Start_2A
 0000:000C9042       Min_Primary_Base_Enrich_3_Initial_Start_2B
 0000:000C9062       Min_Primary_Base_Enrich_2_Initial_Start_1A
 0000:000C9082       Min_Primary_Base_Enrich_2_Initial_Start_2A
 0000:000C90A2       Min_Primary_Base_Enrich_2_Initial_Start_1B
 0000:000C90C2       Min_Primary_Base_Enrich_2_Initial_Start_2B
 0000:000C90E2       Min_Primary_Base_Enrich_2_Decay_Step_1
 0000:000C9102       Min_Primary_Base_Enrich_2_Decay_Step_2
 0000:000C9560       CL_to_OL_Transition_with_Delay_Base_Pulse_Width_Y_Axis
 0000:000C95A0       CL_to_OL_Transition_with_Delay_Base_Pulse_Width
 0000:000C95C0       CL_to_OL_Transition_Counter_Step_Value_MAF_Y_Axis
 0000:000C95E8       CL_to_OL_Transition_Counter_Step_Value_MAF
 0000:000C9674       Primary_Open_Loop_Fueling_Compensation_ECT
 0000:000C9734       Throttle_Tipin_Enrichment_Y_Axis
 0000:000C977C       Throttle_Tipin_Enrichment
 0000:000C97A0       Tipin_Enrichment_Compensation_ECT
 0000:000C9810       Boost_Limit_Fuel_Cut_Y_Axis
 0000:000C9828       Boost_Limit_Fuel_Cut
 0000:000C9B8C       Injector_Latency_Y_Axis
 0000:000C9BA0       Injector_Latency
 0000:000C9E3C       Cranking_Fuel_IPW_Compensation_A_RPM_X_Axis
 0000:000C9E50       Cranking_Fuel_IPW_Compensation_A_RPM_Y_Axis
 0000:000C9E6C       Cranking_Fuel_IPW_Compensation_A_RPM
 0000:000C9EA4       Cranking_Fuel_IPW_Compensation_B_RPM_X_Axis
 0000:000C9EB8       Cranking_Fuel_IPW_Compensation_B_RPM_Y_Axis
 0000:000C9ED4       Cranking_Fuel_IPW_Compensation_B_RPM
 0000:000C9F68       Min_Primary_Base_Enrichment_1_A_Y_Axis
 0000:000C9F88       Min_Primary_Base_Enrichment_1_A
 0000:000CA008       Min_Primary_Base_Enrichment_1_B_Y_Axis
 0000:000CA028       Min_Primary_Base_Enrichment_1_B
 0000:000CA0A8       Min_Primary_Base_Enrichment_1_NonPrimary_OL_X_Axis
 0000:000CA0D0       Min_Primary_Base_Enrichment_1_NonPrimary_OL_Y_Axis
 0000:000CA0DC       Min_Primary_Base_Enrichment_1_NonPrimary_OL
 0000:000CA110       Primary_Open_Loop_Fueling_X_Axis
 0000:000CA14C       Primary_Open_Loop_Fueling_Y_Axis
 0000:000CA194       Primary_Open_Loop_Fueling
 0000:000CA2B8       Primary_Open_Loop_Fueling_Failsafe_X_Axis
 0000:000CA2F4       Primary_Open_Loop_Fueling_Failsafe_Y_Axis
 0000:000CA33C       Primary_Open_Loop_Fueling_Failsafe
 0000:000CA44C       Per_Injector_Pulse_Width_Compensation_A_X_Axis
 0000:000CA490       Per_Injector_Pulse_Width_Compensation_A_Y_Axis
 0000:000CA4CC       Per_Injector_Pulse_Width_Compensation_A
 0000:000CA5CC       Per_Injector_Pulse_Width_Compensation_B_X_Axis
 0000:000CA610       Per_Injector_Pulse_Width_Compensation_B_Y_Axis
 0000:000CA64C       Per_Injector_Pulse_Width_Compensation_B
 0000:000CA74C       Per_Injector_Pulse_Width_Compensation_C_X_Axis
 0000:000CA790       Per_Injector_Pulse_Width_Compensation_C_Y_Axis
 0000:000CA7CC       Per_Injector_Pulse_Width_Compensation_C
 0000:000CA8CC       Per_Injector_Pulse_Width_Compensation_D_X_Axis
 0000:000CA910       Per_Injector_Pulse_Width_Compensation_D_Y_Axis
 0000:000CA94C       Per_Injector_Pulse_Width_Compensation_D
 0000:000CAB8C       CL_Fueling_Target_Compensation_A_ECT_Y_Axis
 0000:000CAB98       CL_Fueling_Target_Compensation_A_ECT
 0000:000CAC40       CL_Fueling_Target_Compensation_B_ECT_Y_Axis
 0000:000CAC4C       CL_Fueling_Target_Compensation_B_ECT
 0000:000CACC4       CL_Fueling_Target_Compensation_Load_X_Axis
 0000:000CACF0       CL_Fueling_Target_Compensation_Load_Y_Axis
 0000:000CAD18       CL_Fueling_Target_Compensation_Load
 0000:000CB636       Feedback_Correction_Negative_Advance_Delay
 0000:000CB644       Fine_Correction_Advance_Delay
 0000:000CB70C       Base_Timing_Idle_Minimum_Vehicle_Speed_Enable
 0000:000CB860       Timing_Comp_Maximum_RPM_Per_Cylinder
 0000:000CB864       Timing_Comp_Minimum_Load_Per_Cylinder
 0000:000CB868       Timing_Comp_Minimum_Coolant_Temp_Per_Cylinder
 0000:000CB86C       Feedback_Correction_Minimum_Load
 0000:000CB874       Feedback_Correction_Range_RPM
 0000:000CB88C       Feedback_Correction_Retard_Limit
 0000:000CB890       Feedback_Correction_Retard_Value
 0000:000CB898       Feedback_Correction_Negative_Advance_Value
 0000:000CB8A0       Extended_Feedback_Correction_High_RPM_Compensation
 0000:000CB8AC       Fine_Correction_Minimum_RPM
 0000:000CB93C       Rough_Correction_Range_RPM
 0000:000CB94C       Rough_Correction_Range_Load
 0000:000CB95C       Rough_Correction_Minimum_KC_Advance_Map_Value
 0000:000CB960       Advance_Multiplier_Initial
 0000:000CB964       Advance_Multiplier_Step_Value
 0000:000CB98C       Fine_Correction_Columns_Load
 0000:000CB99C       Fine_Correction_Rows_RPM
 0000:000CB9BC       Fine_Correction_Advance_Limit
 0000:000CB9C0       Fine_Correction_Advance_Value
 0000:000CB9C4       Fine_Correction_Retard_Limit
 0000:000CB9C8       Fine_Correction_Retard_Value
 0000:000CB9CC       Fine_Correction_Maximum_RPM
 0000:000CB9D4       Fine_Correction_Range_Load
 0000:000CB9EC       Timing_Compensation_B_IAT_Max_Additive
 0000:000CBA08       Timing_Compensation_B_IAT_IAM_Activation
 0000:000CBA0C       Timing_Compensation_ECT_Y_Axis
 0000:000CBA8C       Base_Timing_Alternate_ECT
 0000:000CBB20       Base_Timing_Idle_Minimum_Y_Axis
 0000:000CBB44       Base_Timing_Idle_Minimum
 0000:000CBB4D       Base_Timing_Idle_A_InGear
 0000:000CBB5D       Base_Timing_Idle_B_InGear
 0000:000CBB6D       Base_Timing_Idle_A_Neutral
 0000:000CBB7D       Base_Timing_Idle_B_Neutral
 0000:000CBBAD       Timing_Compensation_ECT
 0000:000CBBC0       Timing_Compensation_A_IAT_Y_Axis
 0000:000CBC00       Timing_Compensation_A_IAT
 0000:000CBFE4       Rough_Correction_Learning_Delay_Increasing_Y_Axis
 0000:000CC00C       Rough_Correction_Learning_Delay_Increasing
 0000:000CC018       Timing_Compensation_B_IAT_Y_Axis
 0000:000CC058       Timing_Compensation_B_IAT
 0000:000CC38C       Base_Timing_X_Axis
 0000:000CC3C8       Base_Timing_Y_Axis
 0000:000CC410       Base_Timing
 0000:000CC520       Timing_Compensation_A_IAT_Activation_X_Axis
 0000:000CC540       Timing_Compensation_A_IAT_Activation_Y_Axis
 0000:000CC560       Timing_Compensation_A_IAT_Activation
 0000:000CC728       Timing_Compensation_Per_Cylinder_A_X_Axis
 0000:000CC760       Timing_Compensation_Per_Cylinder_A_Y_Axis
 0000:000CC770       Timing_Compensation_Per_Cylinder_A
 0000:000CC7A8       Timing_Compensation_Per_Cylinder_B_X_Axis
 0000:000CC7E0       Timing_Compensation_Per_Cylinder_B_Y_Axis
 0000:000CC7F0       Timing_Compensation_Per_Cylinder_B
 0000:000CC828       Timing_Compensation_Per_Cylinder_C_X_Axis
 0000:000CC860       Timing_Compensation_Per_Cylinder_C_Y_Axis
 0000:000CC870       Timing_Compensation_Per_Cylinder_C
 0000:000CC8A8       Timing_Compensation_Per_Cylinder_D_X_Axis
 0000:000CC8E0       Timing_Compensation_Per_Cylinder_D_Y_Axis
 0000:000CC8F0       Timing_Compensation_Per_Cylinder_D
 0000:000CC95C       Knock_Correction_Advance_Max_X_Axis
 0000:000CC998       Knock_Correction_Advance_Max_Y_Axis
 0000:000CC9E0       Knock_Correction_Advance_Max
 0000:000CCB04       Timing_Compensation_MRP_X_Axis
 0000:000CCB18       Timing_Compensation_MRP_Y_Axis
 0000:000CCB24       Timing_Compensation_MRP
 0000:000CD128       Idle_Speed_Target_C_Y_Axis
 0000:000CD504       Idle_Speed_Target_A
 0000:000CD544       Idle_Speed_Target_B
 0000:000CD584       Idle_Speed_Target_C
 0000:000CE772       OBD_CALID_BASE
 0000:000CE922       Manifold_Pressure_Sensor_Limits_CEL
 0000:000CEAD8       knock_unk_RPMaxis
 0000:000CEBB0       Fuel_Temp_Sensor_Scaling_Y_Axis
 0000:000CEC28       Fuel_Temp_Sensor_Scaling
 0000:000CECA0       MAF_Sensor_Scaling_Y_Axis
 0000:000CED60       MAF_Sensor_Scaling
 0000:000CEE20       Front_Oxygen_Sensor_Scaling_Y_Axis
 0000:000CEE54       Front_Oxygen_Sensor_Scaling
 0000:000CF458       IgnDwell_RPM_axis_unk
 0000:000CF498       IgnDwell_Volts_axis_unk
 0000:000CF4AC       IgnDwell_Data_unk
 0000:000CF5DC       Radiator_Fan_Modes_A_ECT
 0000:000CF5EC       Radiator_Fan_Modes_B_ECT
 0000:000CF5FC       Radiator_Fan_Modes_Veh_Speed
 0000:000CFB8C       ECU_ID
 0000:000D0790       Intake_Cam_Advance_Angle_AVCS_X_Axis
 0000:000D07CC       Intake_Cam_Advance_Angle_AVCS_Y_Axis
 0000:000D080C       Intake_Cam_Advance_Angle_AVCS
 0000:000DB83C       Speed_Limiting_Throttle
 0000:000DBC6C       Target_Throttle_Plate_Position_A_Requested_Torque_X_Axis
 0000:000DBCB0       Target_Throttle_Plate_Position_A_Requested_Torque_Y_Axis
 0000:000DBCF0       Target_Throttle_Plate_Position_A_Requested_Torque
 0000:000DBF10       Target_Throttle_Plate_Position_B_Requested_Torque_X_Axis
 0000:000DBF54       Target_Throttle_Plate_Position_B_Requested_Torque_Y_Axis
 0000:000DBF94       Target_Throttle_Plate_Position_B_Requested_Torque
 0000:000DC1B4       Requested_Torque_Accelerator_Pedal_X_Axis
 0000:000DC1F0       Requested_Torque_Accelerator_Pedal_Y_Axis
 0000:000DC234       Requested_Torque_Accelerator_Pedal
 0000:000E1400       ROMHOLE_START
 0000:000FFB80       Checksum_Fix
 0000:000FFC50       InterruptVectorBase
 0000:FFFF119C       pStack_unk_0
 0000:FFFF2004       pObdVinDirect
 0000:FFFF203A       E_OBD_VIN_BASE
 0000:FFFF203C       E_OBD_VIN_?
 0000:FFFF217C       E_CSAP_FFFF217C
 0000:FFFF2A64       E_CSAP_FFFF2A64
 0000:FFFF2AD8       E_AF_Learning_1_A_StoredExt_E44
 0000:FFFF2AE0       E_AF_Learning_1_B_StoredExt_E45
 0000:FFFF2AE8       E_AF_Learning_1_C_StoredExt_E46
 0000:FFFF2AF0       E_AF_Learning_1_D_StoredExt_E47
 0000:FFFF2AF8       E_AF_Learning_3
 0000:FFFF2B3C       E_IAM_4byteExt_E31
 0000:FFFF5BE7       pTestMode_Unk
 0000:FFFF5BF8       E_AD_Conv_Base
 0000:FFFF5BFA       E_Battery_Volts_Analog
 0000:FFFF5BFC       E_MAP_Volts
 0000:FFFF5BFE       E_MAF_Volts_direct
 0000:FFFF5C00       E_SSM_Main_Accel_Sensor_Volts
 0000:FFFF5C02       E_SSM_Sub_Accelerator_Sensor_Volts
 0000:FFFF5C04       E_Rear_O2_Volts
 0000:FFFF5C06       E_CSAP_FFFF5C06
 0000:FFFF5C0A       E_SSM_Tumble_Valve_Pos_L
 0000:FFFF5C0C       E_SSM_Tumble_Valve_Pos_R
 0000:FFFF5C12       E_SSM_Throttle_Sensor_Volts
 0000:FFFF5C14       E_SSM_Sub_Throttle_Sensor_Volts
 0000:FFFF5C20       E_Fuel_Tank_Press_Volts
 0000:FFFF5C2A       E_Fuel_Temp_Sensor_Volts
 0000:FFFF5C2C       E_Atmospheric_Press_Sensor_Volts
 0000:FFFF5C30       E_Coolant_Temp_Sensor_Volts
 0000:FFFF5C32       E_IAT_Sensor_Volts
 0000:FFFF5C3B       E_AD_Conv_CTRL1
 0000:FFFF5C3C       AD_Conv_CTRL2
 0000:FFFF5C3D       AD_Conv_CTRL3
 0000:FFFF5C4C       E_ATU_CH3_Base
 0000:FFFF5C9C       E_IAT_DIRECT
 0000:FFFF5CA4       E_SSM_Battery_Volts
 0000:FFFF5CA8       E_Battery_Volts_Unk
 0000:FFFF5CAC       E_SSM_Coolant_Temperature
 0000:FFFF5CB4       E_Manifold_Absolue_Pressure_Direct
 0000:FFFF5CBC       E_SSM_RearO2
 0000:FFFF5CD0       E_MAF_GS_DIRECT
 0000:FFFF5CD4       E_Atmospheric_Pressure
 0000:FFFF5CEC       E_Prelim_RPM_unk_FFFF5CEC
 0000:FFFF5CF8       E_CMI10B_UNK_5CF8
 0000:FFFF5D02       E_CMI10B_UNK_5D02
 0000:FFFF5D04       E_ATU_Degrees?_root_5D04
 0000:FFFF5D0C       E_CMI10B_UNK_5D0C
 0000:FFFF5D0E       E_CMI10B_UNK_5D0E
 0000:FFFF5D18       E_CMI10B_copyICR10AH_5D18
 0000:FFFF5D1C       E_CMI10B_copy5D18_LastICR10AH_5D1C
 0000:FFFF5D20       E_CMI10B_copyICR0AH_5D20
 0000:FFFF5D30       E_CMI10B_UNK_5D30
 0000:FFFF5D32       E_CMI10B_UNK_5D32
 0000:FFFF5D38       E_CMI10B_UNK_5D38
 0000:FFFF5D3C       E_Prelim_RPM_unk_FFFF5D3C
 0000:FFFF5D70       E_Injector_Latency_Direct_Prelim_4byte
 0000:FFFF5D74       E_inj_unk_6
 0000:FFFF5D8B       E_inj_unk_5
 0000:FFFF5DE4       E_inj_unk_7
 0000:FFFF5DEC       E_ATU_Signals_PulseOffsets_5DEC
 0000:FFFF5DF0       E_ATU_Signal_unk_FFFF5DF0_5DECbyte4_base
 0000:FFFF5DF1       E_ATU_Signal_unk_FFFF5DF1_5DECbyte5base
 0000:FFFF5E0C       E_ATU_Signal_Ignition_Dwell_Offset_FFFF5E0C_4longwords
 0000:FFFF5E1C       E_Ignition_Dwell
 0000:FFFF5E24       E_ATU_Degrees@start?_5E24
 0000:FFFF5E28       E_ATU_countsPerDegree?_5E28
 0000:FFFF5E30       E_SSM_Fuel_Tank_Press
 0000:FFFF5E38       E_SSM_Fuel_Temperature
 0000:FFFF5F04       E_SSM_AF_Sensor_1_Current
 0000:FFFF5F08       E_SSM_AF_Sensor_1_Res
 0000:FFFF62A8       E_WGDC_Timer_input_unk
 0000:FFFF62B0       E_AVCS_Sensor_Base
 0000:FFFF62CC       E_CSAirPump_ms
 0000:FFFF62D0       E_CSAP_FFFF62D0
 0000:FFFF6360       pOverRun_output_unk
 0000:FFFF6361       E_FuelCut_UNK_6361
 0000:FFFF639C       E_BCS_Disable_Bits
 0000:FFFF63A0       E_SSM_Primary_WGDC
 0000:FFFF63A8       E_Boost_ErrorExt_E35
 0000:FFFF63AC       E_Target_Boost_4byteExt_E36
 0000:FFFF63B0       E_Turbo_Dynamics_Proportional_4byteExt_E37
 0000:FFFF63B4       E_Turbo_Dynamics_Integral_4byteExt_E34
 0000:FFFF63D0       E_Primary_Wastegate_Duty_MaximumExt_4byteExt__E77
 0000:FFFF63E9       E_BCS_Disable_FC_unk
 0000:FFFF63EA       E_BCS_Disable_FC_Counter
 0000:FFFF64B0       CRUISE_FLAGS
 0000:FFFF6654       E_CruiseLight_Flags_6654
 0000:FFFF667C       E_Switch_AVCS_unk_667C
 0000:FFFF668C       pDeltaMap
 0000:FFFF6698       E_Manifold_Relative_Sea_Level_Pressure_4byteExt_E52
 0000:FFFF669C       E_Manifold_Relative_Pressure_4byteExt_E113
 0000:FFFF6734       E_SSM_Throttle_Opening_Angle
 0000:FFFF673C       E_Throttle_Plate_Opening_Angle_4byteExt_E38
 0000:FFFF6744       E_Tipin_ThrottleExt_E54
 0000:FFFF67C4       pCoolantTemp
 0000:FFFF67C8       E_FFB_unk_0
 0000:FFFF67D0       E_IAT_USE4LOOKUPS
 0000:FFFF67F0       E_SSM_Fuel_Level
 0000:FFFF6820       E_MAF_GS_COPY
 0000:FFFF6824       E_MAF_GS_DIRECT_COPY_COPY
 0000:FFFF6828       E_MAF_GS_DIRECT_COPY_COPY_0
 0000:FFFF682C       E_MAF_GS_SMOOTH_0
 0000:FFFF6830       E_SSM_Maf_GS
 0000:FFFF6834       E_MAF_Smoothed_6834
 0000:FFFF6844       E_Load_Comp_MP_Direct
 0000:FFFF6848       E_Engine_Load_4ByteExt_E32
 0000:FFFF684C       E_LOAD_DELTA_684C
 0000:FFFF6868       E_Switch_MP_500mmhg_unk
 0000:FFFF6869       E_FFB_UNK
 0000:FFFF686C       E_MAF_GS_DIRECT_COPY_0
 0000:FFFF6870       E_MAF_GS_DIRECT_COPY
 0000:FFFF687C       E_SSM_OCV_Current_R
 0000:FFFF6880       E_SSM_OCV_Current_L
 0000:FFFF68E4       E_SSM_Accel_Pedal_Angle
 0000:FFFF6946       E_SSM_Idle_Switch_MSB
 0000:FFFF69A8       E_AF_Sensor_1_4byteExt_E91
 0000:FFFF69C4       E_CSAP_FFFF69C4
 0000:FFFF69C8       E_CSAP_FFFF69C8
 0000:FFFF69CC       E_CSAP_FFFF69CC
 0000:FFFF69D0       E_CSAP_FFFF69D0
 0000:FFFF69D4       E_CSAP_FFFF69D4
 0000:FFFF69D8       E_CSAP_FFFF69D8
 0000:FFFF69DC       E_CSAP_FFFF69DC
 0000:FFFF69E0       E_CSAP_FFFF69E0
 0000:FFFF69E4       E_CSAP_FFFF69E4
 0000:FFFF69E8       E_CSAP_FFFF69E8
 0000:FFFF69EC       pTestMode
 0000:FFFF69EF       E_SSM_Switches_NeutralH2
 0000:FFFF69F1       CLUTCH_FLAGS
 0000:FFFF69FF       E_Timing_Current_Cyl_unk_FFFF69FF
 0000:FFFF6A01       pFuelCutMasterResume
 0000:FFFF6A0C       E_Vehicle_Speed_filtered
 0000:FFFF6A10       E_Vehicle_Speed
 0000:FFFF6A18       E_Engine_Speed
 0000:FFFF6B08       E_Counter_6FAA_nonzero_6B08
 0000:FFFF6B0C       E_Counter_6FAA_nonzero_6B0C
 0000:FFFF6B21       E_Gear_CalculatedExt_E59
 0000:FFFF6B30       E_Primary_Wastegate_Duty_MaximumExt_2byteExtExt_E78
 0000:FFFF6B32       E_Turbo_Dynamics_Integral_2byteExtExt_E79
 0000:FFFF6B34       E_Turbo_Dynamics_Proportional_2byteExtExt_E80
 0000:FFFF6B36       E_Delta_Load_Fuel_Comp_2byte
 0000:FFFF6B38       E_AF_Correction_1_2byteExtExt_E82
 0000:FFFF6B3C       E_AF_Learning_1_2byteExtExt_E83
 0000:FFFF6B3E       E_Primary_Open_Loop_Map_Enrichment_2byteExtExt_E85
 0000:FFFF6B42       E_Final_Fueling_Base_2byteExt_E124
 0000:FFFF6B44       E_Engine_Load_2byteExtExt_E87
 0000:FFFF6B52       E_Manifold_Relative_Sea_Level_Pressure_2byteExtExt_E89
 0000:FFFF6B58       E_Target_Boost_2byteExtExt_E90
 0000:FFFF6B5A       E_AF_Sensor_1_2byteExtExt_E92
 0000:FFFF6B60       E_Closed_Loop_Fueling_Target_2byteExt_E122
 0000:FFFF6B62       E_Throttle_Plate_Opening_Angle_2byteExtExt_E93
 0000:FFFF6B6C       E_Feedback_Knock_Correction_1byteExtExt_E94
 0000:FFFF6B6F       E_Fine_Learning_Knock_Correction_1byteExtExt_E95
 0000:FFFF6B71       E_IAM_1byteExtExt_E96
 0000:FFFF6BC0       E_SSM_CPC_Valve_Duty
 0000:FFFF6F74       E_FuelCut_Master_FFFFcut_unk
 0000:FFFF6F8C       E_FFB_unk_6
 0000:FFFF6F90       E_FFB_unk_3
 0000:FFFF6F94       E_FFB_unk_1
 0000:FFFF6F98       E_FFB_unk_2
 0000:FFFF6F9C       E_FFB_unk_4
 0000:FFFF6FAA       E_Switch_AVCS_unk_6FAA
 0000:FFFF6FAC       E_FFB_unk_5
 0000:FFFF6FB2       E_RPM_Switch_OU_300_500
 0000:FFFF6FB8       E_FFB_unk
 0000:FFFF6FD4       E_Final_Fueling_Base_4byteExt_E123
 0000:FFFF6FD8       E_Final_Fueling_Base_1
 0000:FFFF6FDC       E_Final_Fueling_Base_2
 0000:FFFF6FE0       E_Final_Fueling_Base_3
 0000:FFFF6FE4       E_Final_Fueling_Base_4
 0000:FFFF6FE8       E_FFB_Output_0
 0000:FFFF6FEC       FFB_Output_2
 0000:FFFF6FF0       FFB_Output_3
 0000:FFFF6FF4       FFB_Output_4
 0000:FFFF6FF8       FFB_Output_5
 0000:FFFF6FFC       FFB_Output_6
 0000:FFFF7000       FFB_Output_7
 0000:FFFF7004       E_Primary_Enrichment_Final_4byteExt_E115
 0000:FFFF7008       E_FFB_unk_13
 0000:FFFF700C       FFB_Output_1
 0000:FFFF7010       E_InjScaling_Times_EngLoad
 0000:FFFF7038       E_Tau_Comp_A
 0000:FFFF7040       E_Delta_Load_unk
 0000:FFFF7044       E_Tau_InputA
 0000:FFFF7048       E_Tau_Input_A
 0000:FFFF704C       E_Tau_Input_B
 0000:FFFF7068       E_Engine_Load_Copy
 0000:FFFF7074       E_RPM_Copy
 0000:FFFF7079       E_Idle_Switch_Copy
 0000:FFFF707C       E_AF_Correction_1_4byteExt_E81
 0000:FFFF70C4       E_Closed_Loop_Fueling_Target_4byteExt_E121
 0000:FFFF70C9       E_FFB_unk_8
 0000:FFFF70D1       E_CLOL_Unk
 0000:FFFF7238       E_AF_Learning_1_4byteExt_E48
 0000:FFFF7241       E_AF_Learning_Airflow_Range_CurrentExt_E61
 0000:FFFF7274       E_AF_Correction_3
 0000:FFFF7324       E_Primary_Open_Loop_Map_Enrichment_4byteExt_E84
 0000:FFFF7370       E_Counter_start_unk
 0000:FFFF7374       E_Enrich_HOTSTART
 0000:FFFF7378       E_Enrichment_Adder_unk0
 0000:FFFF73A0       E_Enrich_unkC
 0000:FFFF73C4       E_Enrich_unkG
 0000:FFFF73F8       E_FFB_unk_7
 0000:FFFF7400       E_unk_flid1
 0000:FFFF7404       E_unk_flid1_0
 0000:FFFF7408       E_unk_flid1_1
 0000:FFFF740C       E_unk_flid1_2
 0000:FFFF7418       E_Enrich_unkF
 0000:FFFF743C       E_PerInj_PW_CompA
 0000:FFFF7440       E_PerInj_PW_CompB
 0000:FFFF7444       E_PerInj_PW_CompC
 0000:FFFF7448       E_PerInj_PW_CompD
 0000:FFFF744C       E_Tau_Comp_B_ECT1comp
 0000:FFFF7450       E_Tau_Comp_B_ECT2Comp
 0000:FFFF7454       E_Tau_Comp_B_ECT1and2comp
 0000:FFFF7458       E_Tau_Comp_B
 0000:FFFF7460       E_Enrich_PrimOL_unk
 0000:FFFF7470       E_Enrich_AFsens_PrimOL_unk
 0000:FFFF7494       E_Tipin_Enrichment_Last_CalculatedExt_E55
 0000:FFFF7498       E_Tipin_Copy_Direct
 0000:FFFF74AC       E_Tipin_Copy_Compd_Direct
 0000:FFFF74B4       E_FuelCut_Master_MSB_Highcut
 0000:FFFF74B8       fuelcut_unk
 0000:FFFF74C0       pOverRunResumeThreshold
 0000:FFFF74C8       pOverRun_unk_0
 0000:FFFF74CC       pOverRun_unk
 0000:FFFF74EC       REVLIM_FUELCUT_FLAGS
 0000:FFFF74F0       fuelcut_unk_0x80
 0000:FFFF74F4       fuelcut_unk_0_0x80
 0000:FFFF750C       fuelcut_unk_1_0x04
 0000:FFFF7510       fuelcut_unk_2_0x80
 0000:FFFF7518       fuelcut_unk_3
 0000:FFFF751C       fuelcut_unk_4_0x08
 0000:FFFF7538       E_Fuel_Cut_Idle_DeceL_unk
 0000:FFFF7550       E_FFB_unk_12
 0000:FFFF7554       E_FFB_unk_9
 0000:FFFF7558       E_FFB_unk_11
 0000:FFFF755C       E_FFB_unk_10
 0000:FFFF7568       E_Fuel_Injector_1_Pulse_Width_4byteExt_E60
 0000:FFFF7578       E_Fuel_Injector_PW_Plus_Latency
 0000:FFFF757C       E_Fuel_Injector_1_Latency_4byteExt_E50
 0000:FFFF7588       E_Injector_Pulse_Width_Prelim
 0000:FFFF7628       E_inj_unk_0
 0000:FFFF762C       E_Switch_ipw_unk
 0000:FFFF7630       E_inj_unk_3
 0000:FFFF7631       E_inj_unk_1
 0000:FFFF7632       E_inj_unk_2
 0000:FFFF7634       E_inj_unk_4
 0000:FFFF7635       E_inj_unk
 0000:FFFF7650       E_SSM_Ign_Total_Timing_Floating_Point
 0000:FFFF7660       E_Per_Cylinder_Timing_Comp_Final
 0000:FFFF7670       E_Per_Cylinder_Timing_Comp_compensation
 0000:FFFF76A4       E_Ignition_Base_TimingExt_E53
 0000:FFFF76AC       E_Idle_Timing_filtered3_compd
 0000:FFFF76B0       E_Idle_Timing_filtered3
 0000:FFFF76B8       E_Idle_timing_filtered
 0000:FFFF76BC       E_Idle_timing_unfiltered
 0000:FFFF76C4       E_Idle_Timing_filtered2
 0000:FFFF76D0       E_BaseTiming_Avgd
 0000:FFFF76E0       E_BaseTiming_Pulled
 0000:FFFF76E4       E_BaseTiming_Pulled_IfSwitched
 0000:FFFF76EE       E_BaseTiming_PullSwitch
 0000:FFFF77D4       E_Knock_SumExt_E114
 0000:FFFF77D8       E_knock_table_direct_unk
 0000:FFFF77DC       E_knock_table_2_direct_unk
 0000:FFFF77E0       E_knock_table_load_direct_unk
 0000:FFFF77E8       E_Per_Cylinder_Timing_Comp_ABCD_Direct
 0000:FFFF77F8       E_SSM_KC_Advance
 0000:FFFF77FC       E_Feedback_Knock_Correction_4byteExt_E39
 0000:FFFF7800       E_knock_load_unk
 0000:FFFF780C       pMapRatioAlt
 0000:FFFF7834       E_MasterSW_FineCorrectionBit7
 0000:FFFF7840       E_Knock_Correction_Advance_IAM_onlyExt_E40
 0000:FFFF784C       E_KCA_MAX_784C
 0000:FFFF7858       E_Fine_Learning_Knock_Correction_4byteExt_E41
 0000:FFFF785E       E_Fine_Learning_Table_OffsetExt_E58
 0000:FFFF7878       E_ATU_Timing_DataBase
 0000:FFFF78D0       E_ATU_IGN_78D0
 0000:FFFF78D2       E_ATU_IGN_78D2
 0000:FFFF78D5       E_ATU_IGN_78D5
 0000:FFFF78DC       E_SSM_Fuel_Pump_Duty
 0000:FFFF7AE8       E_Target_Throttle_Plate_PositionExt_E57
 0000:FFFF7AF0       E_Requested_TorqueExt_E56
 0000:FFFF7B04       E_Req_Torque_0_Copy
 0000:FFFF7B08       E_Req_Torque_0_Copy_NOT
 0000:FFFF7B0C       E_Req_Torque_0
 0000:FFFF7B10       E_Req_torque_NOT
 0000:FFFF7B34       E_Req_Torque_1
 0000:FFFF7C38       E_Idle_Speed_Target_A_Alt?
 0000:FFFF7C3C       E_Idle_Speed_Target
 0000:FFFF7CB4       E_Idle_Speed_Map_SelectionExt_E49
 0000:FFFF7F38       E_FrontO2_SmoothingValue
 0000:FFFF7F74       E_CSAP_FFFF7F74
 0000:FFFF7F84       E_CSAP_FFFF7F84
 0000:FFFF8204       E_AVCS_unk_FFFF8204
 0000:FFFF8240       E_SSM_AVCS_R
 0000:FFFF8244       E_SSM_AVCS_L
 0000:FFFF8284       E_SSM_OCV_R
 0000:FFFF8288       E_SSM_OCV_L
 0000:FFFF82A4       E_AVCS_unk_FFFF82A4
 0000:FFFF82C8       E_AVCS_unk_FFFF82C8
 0000:FFFF82CC       E_AVCS_unk_FFFF82CC
 0000:FFFF82D0       E_AVCS_unk_FFFF82D0
 0000:FFFF82D4       E_AVCS_unk_FFFF82D4
 0000:FFFF82D8       E_AVCS_Final
 0000:FFFF82DC       E_AVCS_unk_FFFF82DC
 0000:FFFF82E0       E_AVCS_unk_FFFF82E0
 0000:FFFF82E4       E_AVCS_unk_FFFF82E4
 0000:FFFF82EC       E_AVCS_unk_FFFF82EC
 0000:FFFF82F0       E_AVCS_Multiplier
 0000:FFFF82F4       E_Map_Ratio_PrimaryExt_E42
 0000:FFFF82FC       E_AVCS_unk_FFFF82FC
 0000:FFFF8300       E_AVCS_unk_FFFF8300
 0000:FFFF8304       E_AVCS_Multiplier_2
 0000:FFFF8308       E_AVCS_Direct_Current
 0000:FFFF830C       E_AVCS_unk_FFFF830C
 0000:FFFF8310       E_AVCS_unk_FFFF8310
 0000:FFFF8314       E_AVCS_unk_FFFF8314
 0000:FFFF8319       E_AVCS_unk_FFFF8319
 0000:FFFF8410       E_Injector_Latency_Direct_logging_only
 0000:FFFF843C       E_Enrich_unkD
 0000:FFFF85C6       E_MAF_Disabled_Sw_unk_FFFF85C6
 0000:FFFF9299       E_CLOL_FuelingExt_E33
 0000:FFFF92A5       E_Ign_Total_Timing_1byte
 0000:FFFF930E       CEL_TRIGGER_BYTE
 0000:FFFF9520       E_OBD_UNK_9520
 0000:FFFF9522       E_OBD_unk_9522
 0000:FFFF96A0       E_CEL_SW_Unk_1
 0000:FFFF96C0       RAMHOLE_START
 0000:FFFFBFBB       pMemoryResetLimit
