
 Start         Length     Name                   Class
 0000:00000000 000100000H ROM                    CODE
 0000:00000000 00000BFFFH RAM                    


  Address         Publics by Value

 0000:00000000       off_0
 0000:00002000       dCalId
 0000:00002038       aPf_24uh4tVer1_
 0000:0000209C       sPull2DFloat
 0000:00002110       sPull3DFloat
 0000:00004B62       nullsub_5
 0000:00004B66       nullsub_1
 0000:00004B6A       nullsub_6
 0000:00004D4E       nullsub_2
 0000:00004D90       nullsub_7
 0000:00004DA6       nullsub_3
 0000:00004DAA       nullsub_8
 0000:00004DC6       nullsub_9
 0000:00004EAE       nullsub_4
 0000:00004EB2       nullsub_10
 0000:00004F22       nullsub_11
 0000:000052F6       aFrcatqPmftoFkc
 0000:00006288       nullsub_12
 0000:000080CC       sMafCalc
 0000:00008128       hMafCalc
 0000:0000D9E8       hMemoryReset
 0000:0000F72C       sMemoryReset
 0000:00012150       hMemoryResetLimit
 0000:0001249C       aOJCJC
 0000:000145C0       hWgdc
 0000:00014720       aCOLcNcKb
 0000:00014731       aKc
 0000:00014737       aIb
 0000:0001473D       aIc
 0000:00014743       aIb_0
 0000:00014749       aIc_0
 0000:0001474F       aZb
 0000:00014755       aZc
 0000:0001475B       aJb
 0000:00014761       aJc
 0000:00014767       aEb
 0000:0001476D       aEc
 0000:00014773       aDb
 0000:00014779       aDc
 0000:0001477F       aGb
 0000:00014785       aGc
 0000:0001478B       aVb
 0000:00014791       aVc
 0000:00014797       aBb
 0000:0001479D       aBc
 0000:000147A3       aAb
 0000:000147A9       aAc
 0000:00014974       hRevLimDelete
 0000:00016D38       sWgdc
 0000:000174AC       sWgdc0
 0000:000178E8       Max_Wastegate_Duty_Limit_PostCompensation
 0000:00018616       aCJCJo
 0000:0001B7F4       sLoadCalcs
 0000:0001BC98       Engine_Load_Limit_Maximum
 0000:0001DC40       Front_Oxygen_Sensor_Rich_Limit
 0000:0001F13C       sClutchSwGet
 0000:0001F140       ClutchBitMask_0x80
 0000:00023228       aCuJC
 0000:0002D3C0       sRevLimStart
 0000:0002D3D4       RevLimBitMask_0x80
 0000:0002D3F6       sRevLimEnd
 0000:00036394       aCOBcF
 0000:0003A75C       aOFm@A@B
 0000:00046CC8       aDEcp0dqaadrabd
 0000:00047000       SsmGet_Engine_Load_Relative_P1
 0000:00047006       SsmGet_Coolant_Temperature_P2
 0000:00047014       SsmGet_AF_Correction_1_P3
 0000:00047030       SsmGet_AF_Learning_1_P4
 0000:00047040       SsmGet_Switches_168_169_170_171_172_x_x_x
 0000:00047046       SsmGet_Manifold_Absolute_Pressure_P7
 0000:00047054       SsmGet_Engine_Speed_P8
 0000:00047082       SsmGet_Vehicle_Speed_P9
 0000:0004708E       SsmGet_Ignition_Total_Timing_P10
 0000:0004709E       SsmGet_Intake_Air_Temperature_P11
 0000:000470AC       SsmGet_Mass_Airflow_P12
 0000:000470DA       SsmGet_Throttle_Opening_Angle_P13
 0000:000470E8       SsmGet_Rear_O2_Sensor_P15
 0000:00047116       SsmGet_Battery_Voltage_P17
 0000:00047124       SsmGet_Mass_Airflow_Sensor_Voltage_P18
 0000:00047148       SsmGet_Throttle_Sensor_Voltage_P19
 0000:0004716C       SsmGet_Fuel_Injector_1_Pulse_Width_P21
 0000:00047180       SsmGet_Atmospheric_Pressure_P24
 0000:00047198       SsmGet_Manifold_Relative_Pressure_P25
 0000:000471B6       SsmGet_Fuel_Tank_Pressure_P27
 0000:000471C4       SsmGet_Learned_Ignition_Timing_P29
 0000:000471DA       SsmGet_Accelerator_Pedal_Angle_P30
 0000:000472B4       SsmGet_Fuel_Temperature_P31
 0000:000472C0       SsmGet_Fuel_Level_P35
 0000:000472CE       SsmGet_Primary_Wastegate_Duty_Cycle_P36
 0000:000472DC       SsmGet_CPC_Valve_Duty_Ratio_P38
 0000:000472F4       SsmGet_Tumble_Valve_Position_Sensor_Right_P39
 0000:00047318       SsmGet_Tumble_Valve_Position_Sensor_Left_P40
 0000:0004733C       SsmGet_Idle_Speed_Control_Valve_Duty_Ratio_P41
 0000:0004734E       SsmGet_Alternator_Duty_P46
 0000:0004735A       SsmGet_Fuel_Pump_Duty_P47
 0000:00047368       SsmGet_Intake_VVT_Advance_Angle_Right_P48
 0000:00047376       SsmGet_Intake_VVT_Advance_Angle_Left_P49
 0000:00047384       SsmGet_Intake_OCV_Duty_Right_P50
 0000:00047392       SsmGet_Intake_OCV_Duty_Left_P51
 0000:000473A0       SsmGet_Intake_OCV_Current_Right_P52
 0000:000473AE       SsmGet_Intake_OCV_Current_Left_P53
 0000:000473BC       SsmGet_AF_Sensor_1_Current_P54
 0000:000473CC       SsmGet_AF_Sensor_1_Resistance_P56
 0000:000473D8       SsmGet_AF_Sensor_1_P58
 0000:000473F0       SsmGet_Switches_x_1_2_3_x_69_70_71
 0000:00047574       SsmGet_Switches_4_5_x_6_7_8_9_x
 0000:0004764C       SsmGet_Switches_10_11_12_13_14_15_16_17
 0000:000476FE       SsmGet_Switches_18_19_20_21_22_23_24_25
 0000:00047866       SsmGet_Switches_26_27_28_29_30_31_32_33
 0000:00047916       SsmGet_Switches_34_35_36_37_38_39_40_41
 0000:000479D4       SsmGet_Switches_42_43_44_45_46_47_48_49
 0000:000479EC       SsmGet_Switches_72_73_74_75_50_51_52_53
 0000:00047AE0       SsmGet_Switches_54_55_56_57_58_59_60_61
 0000:00047B18       SsmGet_Switches_x_x_x_x_x_x_82_x
 0000:00047B80       SsmGet_Switches_108_x_x_x_x_x_x_x
 0000:00047C6C       SsmGet_Roughness_Monitor_Cylinder_1_P63
 0000:00047C72       SsmGet_Roughness_Monitor_Cylinder_2_P64
 0000:00047C78       SsmGet_AF_Correction_3_32bit_ECU_P89
 0000:00047C88       SsmGet_AF_Learning_3_P66
 0000:00047D32       SsmGet_Switches_148_149_x_150_151_152_153_154
 0000:00047E5E       SsmGet_Roughness_Monitor_Cylinder_3_P69
 0000:00047E64       SsmGet_Roughness_Monitor_Cylinder_4_P70
 0000:00048114       SsmGet_Learned_Ignition_Timing_Correction_P153
 0000:00048122       SsmGet_Throttle_Motor_Duty_P71
 0000:00048132       SsmGet_Throttle_Motor_Voltage_P72
 0000:00048140       SsmGet_Sub_Throttle_Sensor_P73
 0000:00048164       SsmGet_Main_Throttle_Sensor_P74
 0000:00048188       SsmGet_Sub_Accelerator_Sensor_P75
 0000:000481AC       SsmGet_Main_Accelerator_Sensor_P76
 0000:000481D0       SsmGet_Exhaust_Gas_Temperature_P79
 0000:000481DE       SsmGet_Cold_Start_Injector_Air_Pump_P80
 0000:000481EC       SsmGet_Memorised_Cruise_Speed_P82
 0000:000481FC       SsmGet_Fuel_Level_Sensor_Resistance_P119
 0000:0004820E       SsmGet_Estimated_odometer_P120
 0000:00048230       SsmGet_Exhaust_VVT_Advance_Angle_Right_P83
 0000:0004823C       SsmGet_Exhaust_VVT_Advance_Angle_Left_P84
 0000:00048248       SsmGet_Exhaust_OCV_Duty_Right_P85
 0000:0004825A       SsmGet_Exhaust_OCV_Duty_Left_P86
 0000:0004826C       SsmGet_Exhaust_OCV_Current_Right_P87
 0000:0004827A       SsmGet_Exhaust_OCV_Current_Left_P88
 0000:00048288       SsmGet_Switches_130_62_131_x_x_x_x_x
 0000:00048436       SsmGet_Switches_63_64_65_66_67_132_68_133
 0000:00048596       SsmGet_Switches_155_156_157_x_x_x_x_x
 0000:000485D4       SsmGet_Fine_Learning_Knock_Correction_P91
 0000:000485E4       SsmGet_Fuel_Tank_Pressure_P154
 0000:0004E958       PtrSsmGet_Engine_Load_Relative_P1
 0000:0004E95C       PtrSsmGet_Coolant_Temperature_P2
 0000:0004E960       PtrSsmGet_AF_Correction_1_P3
 0000:0004E964       PtrSsmGet_AF_Learning_1_P4
 0000:0004E968       PtrSsmGet_AF_Correction_2_P5
 0000:0004E96C       PtrSsmGet_AF_Learning_2_P6
 0000:0004E970       PtrSsmGet_Manifold_Absolute_Pressure_P7
 0000:0004E974       PtrSsmGet_Engine_Speed_P8
 0000:0004E97C       PtrSsmGet_Vehicle_Speed_P9
 0000:0004E980       PtrSsmGet_Ignition_Total_Timing_P10
 0000:0004E984       PtrSsmGet_Intake_Air_Temperature_P11
 0000:0004E988       PtrSsmGet_Mass_Airflow_P12
 0000:0004E990       PtrSsmGet_Throttle_Opening_Angle_P13
 0000:0004E994       PtrSsmGet_Front_O2_Sensor_1_P14
 0000:0004E99C       PtrSsmGet_Rear_O2_Sensor_P15
 0000:0004E9A4       PtrSsmGet_Front_O2_Sensor_2_P16
 0000:0004E9AC       PtrSsmGet_Battery_Voltage_P17
 0000:0004E9B0       PtrSsmGet_Mass_Airflow_Sensor_Voltage_P18
 0000:0004E9B4       PtrSsmGet_Throttle_Sensor_Voltage_P19
 0000:0004E9B8       PtrSsmGet_Differential_Pressure_Sensor_Voltage_P20
 0000:0004E9BC       PtrSsmGet_Fuel_Injector_1_Pulse_Width_P21
 0000:0004E9C0       PtrSsmGet_Fuel_Injector_2_Pulse_Width_P22
 0000:0004E9C4       PtrSsmGet_Knock_Correction_Advance_P23
 0000:0004E9C8       PtrSsmGet_Atmospheric_Pressure_P24
 0000:0004E9CC       PtrSsmGet_Manifold_Relative_Pressure_P25
 0000:0004E9D0       PtrSsmGet_Pressure_Differential_Sensor_P26
 0000:0004E9D4       PtrSsmGet_Fuel_Tank_Pressure_P27
 0000:0004E9D8       PtrSsmGet_CO_Adjustment_P28
 0000:0004E9DC       PtrSsmGet_Learned_Ignition_Timing_P29
 0000:0004E9E0       PtrSsmGet_Accelerator_Pedal_Angle_P30
 0000:0004E9E4       PtrSsmGet_Fuel_Temperature_P31
 0000:0004E9E8       PtrSsmGet_Front_O2_Heater_Current_1_P32
 0000:0004E9EC       PtrSsmGet_Rear_O2_Heater_Current_P33
 0000:0004E9F0       PtrSsmGet_Front_O2_Heater_Current_2_P34
 0000:0004E9F4       PtrSsmGet_Fuel_Level_P35
 0000:0004E9F8       PtrSsmGet_Radiator_Fan_Control_P92
 0000:0004E9FC       PtrSsmGet_Primary_Wastegate_Duty_Cycle_P36
 0000:0004EA00       PtrSsmGet_Secondary_Wastegate_Duty_Cycle_P37
 0000:0004EA04       PtrSsmGet_CPC_Valve_Duty_Ratio_P38
 0000:0004EA08       PtrSsmGet_Tumble_Valve_Position_Sensor_Right_P39
 0000:0004EA0C       PtrSsmGet_Tumble_Valve_Position_Sensor_Left_P40
 0000:0004EA10       PtrSsmGet_Idle_Speed_Control_Valve_Duty_Ratio_P41
 0000:0004EA14       PtrSsmGet_AF_Lean_Correction_P42
 0000:0004EA18       PtrSsmGet_AF_Heater_Duty_P43
 0000:0004EA1C       PtrSsmGet_Idle_Speed_Control_Valve_Step_P44
 0000:0004EA20       PtrSsmGet_Number_of_Exh_Gas_Recirc_Steps_P45
 0000:0004EA24       PtrSsmGet_Alternator_Duty_P46
 0000:0004EA28       PtrSsmGet_Fuel_Pump_Duty_P47
 0000:0004EA2C       PtrSsmGet_Intake_VVT_Advance_Angle_Right_P48
 0000:0004EA30       PtrSsmGet_Intake_VVT_Advance_Angle_Left_P49
 0000:0004EA34       PtrSsmGet_Intake_OCV_Duty_Right_P50
 0000:0004EA38       PtrSsmGet_Intake_OCV_Duty_Left_P51
 0000:0004EA3C       PtrSsmGet_Intake_OCV_Current_Right_P52
 0000:0004EA40       PtrSsmGet_Intake_OCV_Current_Left_P53
 0000:0004EA44       PtrSsmGet_AF_Sensor_1_Current_P54
 0000:0004EA48       PtrSsmGet_AF_Sensor_2_Current_P55
 0000:0004EA4C       PtrSsmGet_AF_Sensor_1_Resistance_P56
 0000:0004EA50       PtrSsmGet_AF_Sensor_2_Resistance_P57
 0000:0004EA54       PtrSsmGet_AF_Sensor_1_P58
 0000:0004EA58       PtrSsmGet_AF_Sensor_2_P59
 0000:0004EA64       PtrSsmGet_Gear_Position_P60
 0000:0004EA88       PtrSsmGet_AF_Sensor_1_Heater_Current_P61
 0000:0004EA8C       PtrSsmGet_AF_Sensor_2_Heater_Current_P62
 0000:0004EAC0       PtrSsmGet_Switches_x_1_2_3_x_69_70_71
 0000:0004EAC4       PtrSsmGet_Switches_4_5_x_6_7_8_9_x
 0000:0004EAC8       PtrSsmGet_Switches_10_11_12_13_14_15_16_17
 0000:0004EACC       PtrSsmGet_Switches_18_19_20_21_22_23_24_25
 0000:0004EAD0       PtrSsmGet_Switches_26_27_28_29_30_31_32_33
 0000:0004EAD4       PtrSsmGet_Switches_34_35_36_37_38_39_40_41
 0000:0004EAD8       PtrSsmGet_Switches_42_43_44_45_46_47_48_49
 0000:0004EADC       PtrSsmGet_Switches_72_73_74_75_50_51_52_53
 0000:0004EAE0       PtrSsmGet_Switches_54_55_56_57_58_59_60_61
 0000:0004EAE4       PtrSsmGet_Switches_x_x_x_x_x_x_82_x
 0000:0004EAF4       PtrSsmGet_Switches_108_x_x_x_x_x_x_x
 0000:0004EC74       PtrSsmGet_Roughness_Monitor_Cylinder_1_P63
 0000:0004EC78       PtrSsmGet_Roughness_Monitor_Cylinder_2_P64
 0000:0004EC7C       PtrSsmGet_AF_Correction_3_32bit_ECU_P89
 0000:0004EC80       PtrSsmGet_AF_Learning_3_P66
 0000:0004EC84       PtrSsmGet_Rear_O2_Heater_Voltage_P67
 0000:0004EC88       PtrSsmGet_AF_Adjustment_Voltage_P68
 0000:0004EC98       PtrSsmGet_Switches_148_149_x_150_151_152_153_154
 0000:0004EC9C       PtrSsmGet_Roughness_Monitor_Cylinder_3_P69
 0000:0004ECA0       PtrSsmGet_Roughness_Monitor_Cylinder_4_P70
 0000:0004ECF8       PtrSsmGet_Roughness_Monitor_Cylinder_5_P151
 0000:0004ED1C       PtrSsmGet_Roughness_Monitor_Cylinder_6_P152
 0000:0004ED20       PtrSsmGet_Learned_Ignition_Timing_Correction_P153
 0000:0004ED24       PtrSsmGet_Throttle_Motor_Duty_P71
 0000:0004ED28       PtrSsmGet_Throttle_Motor_Voltage_P72
 0000:0004ED3C       PtrSsmGet_Sub_Throttle_Sensor_P73
 0000:0004ED40       PtrSsmGet_Main_Throttle_Sensor_P74
 0000:0004ED44       PtrSsmGet_Sub_Accelerator_Sensor_P75
 0000:0004ED48       PtrSsmGet_Main_Accelerator_Sensor_P76
 0000:0004ED4C       PtrSsmGet_Brake_Booster_Pressure_P77
 0000:0004ED50       PtrSsmGet_Fuel_Pressure_High_P78
 0000:0004ED54       PtrSsmGet_Exhaust_Gas_Temperature_P79
 0000:0004ED58       PtrSsmGet_Exhaust_Gas_Temperature_2_P116
 0000:0004ED5C       PtrSsmGet_Cold_Start_Injector_Air_Pump_P80
 0000:0004ED60       PtrSsmGet_SCV_Step_P81
 0000:0004ED64       PtrSsmGet_Memorised_Cruise_Speed_P82
 0000:0004ED68       PtrSsmGet_AirFuel_Correction_4_P117
 0000:0004ED6C       PtrSsmGet_AirFuel_Learning_4_P118
 0000:0004ED70       PtrSsmGet_Fuel_Level_Sensor_Resistance_P119
 0000:0004ED74       PtrSsmGet_Estimated_odometer_P120
 0000:0004ED88       PtrSsmGet_Oil_Temperature_P122
 0000:0004ED8C       PtrSsmGet_Oil_Switching_Solenoid_Valve_OSV_Duty_Right_P123
 0000:0004ED90       PtrSsmGet_Oil_Switching_Solenoid_Valve_OSV_Duty_Left_P124
 0000:0004ED94       PtrSsmGet_Oil_Switching_Solenoid_Valve_OSV_Current_Right_P125
 0000:0004ED98       PtrSsmGet_Oil_Switching_Solenoid_Valve_OSV_Current_Left_P126
 0000:0004ED9C       PtrSsmGet_Exhaust_VVT_Advance_Angle_Right_P83
 0000:0004EDA0       PtrSsmGet_Exhaust_VVT_Advance_Angle_Left_P84
 0000:0004EDA4       PtrSsmGet_Exhaust_OCV_Duty_Right_P85
 0000:0004EDA8       PtrSsmGet_Exhaust_OCV_Duty_Left_P86
 0000:0004EDAC       PtrSsmGet_Exhaust_OCV_Current_Right_P87
 0000:0004EDB0       PtrSsmGet_Exhaust_OCV_Current_Left_P88
 0000:0004EDB4       PtrSsmGet_VVL_Lift_Mode_P127
 0000:0004EDBC       PtrSsmGet_Switches_130_62_131_x_x_x_x_x
 0000:0004EDC0       PtrSsmGet_Switches_63_64_65_66_67_132_68_133
 0000:0004EEE4       PtrSsmGet_SIDrive_Mode_P114
 0000:0004EEE8       PtrSsmGet_Throttle_Sensor_Closed_Voltage_P115
 0000:0004EF04       PtrSsmGet_Fuel_Tank_Air_Pressure_P121
 0000:0004EF94       PtrSsmGet_Switches_155_156_157_x_x_x_x_x
 0000:0004EF98       PtrSsmGet_Switches_158_159_160_161_162_163_164_165
 0000:0004EFA0       PtrSsmGet_Fine_Learning_Knock_Correction_P91
 0000:0004EFA4       PtrSsmGet_Fuel_Tank_Pressure_P154
 0000:0004F074       PtrSsmGet_Switches_168_169_170_171_172_x_x_x
 0000:0004F0C0       PtrSsmGet_Main_Injection_Period_P155
 0000:0004F0C4       PtrSsmGet_Final_Injection_Amount_P156
 0000:0004F0CC       PtrSsmGet_Number_of_Times_Injected_P157
 0000:0004F0D0       PtrSsmGet_Target_Intake_Manifold_Pressure_P158
 0000:0004F0D4       PtrSsmGet_Target_Intake_Air_Amount_P159
 0000:0004F0D8       PtrSsmGet_Air_Mass_P160
 0000:0004F0DC       PtrSsmGet_Exhaust_Gas_Recirculation_EGR_Target_Valve_Opening_Angle_P161
 0000:0004F0E0       PtrSsmGet_Exhaust_Gas_Recirculation_EGR_Valve_Opening_Angle_P162
 0000:0004F0E4       PtrSsmGet_Exhaust_Gas_Recirculation_EGR_Duty_P163
 0000:0004F0E8       PtrSsmGet_Common_Rail_Target_Pressure_P164
 0000:0004F0EC       PtrSsmGet_Common_Rail_Pressure_P165
 0000:0004F0F0       PtrSsmGet_Intake_Air_Temperature_combined_P166
 0000:0004F0F4       PtrSsmGet_Target_Engine_Speed_P167
 0000:0004F0FC       PtrSsmGet_Boost_Pressure_Feedback_P168
 0000:0004F110       PtrSsmGet_Electric_Power_Steering_Current_P169
 0000:0004F114       PtrSsmGet_Fuel_Pump_Suction_Control_Valve_Current_Target_P170
 0000:0004F11C       PtrSsmGet_Fuel_Pump_Suction_Control_Valve_Current_Actual_P175
 0000:0004F124       PtrSsmGet_Mileage_after_Injector_Learning_P176
 0000:0004F14C       PtrSsmGet_Mileage_after_Injector_Replacement_P177
 0000:0004F1B8       PtrSsmGet_Actual_Common_Rail_Pressure_Time_Synchronized_P204
 0000:0004F1F8       PtrSsmGet_PreInjection_Amount_P234
 0000:0004F200       PtrSsmGet_PreInjection_Interval_P235
 0000:0004F204       PtrSsmGet_Final_Initial_Torque_P238
 0000:0004F21C       PtrSsmGet_Individual_Pump_Difference_Learning_Value_P228
 0000:0004F230       PtrSsmGet_MicroQuantityInjection_Final_Learning_Value_11_P208
 0000:0004F234       PtrSsmGet_MicroQuantityInjection_Final_Learning_Value_12_P209
 0000:0004F238       PtrSsmGet_MicroQuantityInjection_Final_Learning_Value_13_P210
 0000:0004F23C       PtrSsmGet_MicroQuantityInjection_Final_Learning_Value_14_P211
 0000:0004F240       PtrSsmGet_MicroQuantityInjection_Final_Learning_Value_21_P212
 0000:0004F244       PtrSsmGet_MicroQuantityInjection_Final_Learning_Value_22_P213
 0000:0004F248       PtrSsmGet_MicroQuantityInjection_Final_Learning_Value_23_P214
 0000:0004F24C       PtrSsmGet_MicroQuantityInjection_Final_Learning_Value_24_P215
 0000:0004F250       PtrSsmGet_MicroQuantityInjection_Final_Learning_Value_31_P216
 0000:0004F254       PtrSsmGet_MicroQuantityInjection_Final_Learning_Value_32_P217
 0000:0004F258       PtrSsmGet_MicroQuantityInjection_Final_Learning_Value_33_P218
 0000:0004F25C       PtrSsmGet_MicroQuantityInjection_Final_Learning_Value_34_P219
 0000:0004F260       PtrSsmGet_MicroQuantityInjection_Final_Learning_Value_41_P220
 0000:0004F264       PtrSsmGet_MicroQuantityInjection_Final_Learning_Value_42_P221
 0000:0004F268       PtrSsmGet_MicroQuantityInjection_Final_Learning_Value_43_P222
 0000:0004F26C       PtrSsmGet_MicroQuantityInjection_Final_Learning_Value_44_P223
 0000:0004F270       PtrSsmGet_MicroQuantityInjection_Final_Learning_Value_51_P224
 0000:0004F274       PtrSsmGet_MicroQuantityInjection_Final_Learning_Value_52_P225
 0000:0004F278       PtrSsmGet_MicroQuantityInjection_Final_Learning_Value_53_P226
 0000:0004F27C       PtrSsmGet_MicroQuantityInjection_Final_Learning_Value_54_P227
 0000:0004F290       PtrSsmGet_PreInjection_Final_Period_P233
 0000:0004F298       PtrSsmGet_Final_Main_Injection_Period_P229
 0000:0004F2B0       PtrSsmGet_Quantity_Correction_Cylinder_1_P179
 0000:0004F2B4       PtrSsmGet_Quantity_Correction_Cylinder_2_P180
 0000:0004F2B8       PtrSsmGet_Quantity_Correction_Cylinder_3_P181
 0000:0004F2BC       PtrSsmGet_Quantity_Correction_Cylinder_4_P182
 0000:0004F2FC       PtrSsmGet_Interior_Heater_P178
 0000:0004F300       PtrSsmGet_Battery_Current_P183
 0000:0004F304       PtrSsmGet_Alternator_Control_Mode_P185
 0000:0004F308       PtrSsmGet_Battery_Temperature_P184
 0000:0004F310       PtrSsmGet_Cumulative_Ash_Ratio_P186
 0000:0004F314       PtrSsmGet_Pressure_Difference_between_Diesel_Particulate_Filter_DPF_Inlet_and_Outlet_P187
 0000:0004F318       PtrSsmGet_Exhaust_Gas_Temperature_at_Catalyst_Inlet_P188
 0000:0004F31C       PtrSsmGet_Exhaust_Gas_Temperature_at_Diesel_Particulate_Filter_DPF_Inlet_P189
 0000:0004F320       PtrSsmGet_Estimated_Catalyst_Temperature_P190
 0000:0004F324       PtrSsmGet_Estimated_Temperature_of_the_Diesel_Particulate_Filter_DPF_P191
 0000:0004F328       PtrSsmGet_Soot_Accumulation_Ratio_P192
 0000:0004F32C       PtrSsmGet_Oil_Dilution_Ratio_P193
 0000:0004F39C       PtrSsmGet_Accumulated_Count_of_Overspeed_Instances_Very_High_RPM_P198
 0000:0004F3A0       PtrSsmGet_Accumulated_Count_of_Overspeed_Instances_High_RPM_P199
 0000:0004F3A4       PtrSsmGet_Estimated_Distance_to_Oil_Change_P205
 0000:0004F3A8       PtrSsmGet_Running_Distance_since_last_Diesel_Particulate_Filter_DPF_Regeneration_P206
 0000:0004F3B0       PtrSsmGet_Diesel_Particulate_Filter_DPF_Regeneration_Count_P207
 0000:0004F3C4       PtrSsmGet_Cumulative_oil_diesel_entry_P236
 0000:00050490       a34512345
 0000:00059888       aCJCJs
 0000:0005B6C4       aCOC
 0000:0005CA38       aCONNf0N
 0000:0005FAF2       aCoTDscm3P
 0000:0005FDB8       aCoDstCm3P
 0000:00067244       aCoD0DlHp
 0000:0006EE10       P0335_CRANKSHAFT_POS_SENSOR_A_MALFUNCTION
 0000:0006EE14       P0604_CONTROL_MODULE_RAM_ERROR
 0000:0006EE15       P0102_MAF_SENSOR_LOW_INPUT
 0000:0006EE16       P0103_MAF_SENSOR_HIGH_INPUT
 0000:0006EE1A       P0327_KNOCK_SENSOR_1_LOW_INPUT
 0000:0006EE1B       P0328_KNOCK_SENSOR_1_HIGH_INPUT
 0000:0006EE1C       P0122_TPS_A_LOW_INPUT
 0000:0006EE1D       P0123_TPS_A_HIGH_INPUT
 0000:0006EE1E       P0117_COOLANT_TEMP_SENSOR_LOW_INPUT
 0000:0006EE1F       P0118_COOLANT_TEMP_SENSOR_HIGH_INPUT
 0000:0006EE21       P0125_INSUFFICIENT_COOLANT_TEMP_FUELING
 0000:0006EE22       P0462_FUEL_LEVEL_SENSOR_LOW_INPUT
 0000:0006EE23       P0463_FUEL_LEVEL_SENSOR_HIGH_INPUT
 0000:0006EE26       P1518_STARTER_SWITCH_LOW_INPUT
 0000:0006EE27       P0512_STARTER_REQUEST_CIRCUIT
 0000:0006EE2B       P0851_NEUTRAL_SWITCH_INPUT_LOW
 0000:0006EE2F       P0852_NEUTRAL_SWITCH_INPUT_HIGH
 0000:0006EE3A       P0691_RADIATOR_FAN_CIRCUIT_LOW
 0000:0006EE3B       P0692_RADIATOR_FAN_CIRCUIT_HIGH
 0000:0006EE3D       P0011_CAMSHAFT_POS__TIMING_OVERADVANCED_1
 0000:0006EE3E       P0021_CAMSHAFT_POS__TIMING_OVERADVANCED_2
 0000:0006EE41       P0458_EVAP_PURGE_VALVE_CIRCUIT_LOW
 0000:0006EE42       P0459_EVAP_PURGE_VALVE_CIRCUIT_HIGH
 0000:0006EE46       P0133_FRONT_O2_SENSOR_SLOW_RESPONSE
 0000:0006EE4C       P0420_CAT_EFFICIENCY_BELOW_THRESHOLD
 0000:0006EE50       P0171_SYSTEM_TOO_LEAN
 0000:0006EE51       P0172_SYSTEM_TOO_RICH
 0000:0006EE52       P0301_MISFIRE_CYLINDER_1
 0000:0006EE53       P0302_MISFIRE_CYLINDER_2
 0000:0006EE54       P0303_MISFIRE_CYLINDER_3
 0000:0006EE55       P0304_MISFIRE_CYLINDER_4
 0000:0006EE59       P0000_PASS_CODE_NO_DTC_DETECTED
 0000:0006EE5A       P0000_PASS_CODE_NO_DTC_DETECTED_
 0000:0006EE5C       P0131_FRONT_O2_SENSOR_LOW_INPUT
 0000:0006EE5E       P0132_FRONT_O2_SENSOR_HIGH_INPUT
 0000:0006EE62       P0112_IAT_SENSOR_LOW_INPUT
 0000:0006EE63       P0113_IAT_SENSOR_HIGH_INPUT
 0000:0006EE65       P0038_REAR_O2_SENSOR_HIGH_INPUT
 0000:0006EE66       P0032_FRONT_O2_SENSOR_HIGH_INPUT
 0000:0006EE67       P0037_REAR_O2_SENSOR_LOW_INPUT
 0000:0006EE68       P0031_FRONT_O2_SENSOR_LOW_INPUT
 0000:0006EE69       P0107_MAP_SENSOR_LOW_INPUT
 0000:0006EE6A       P0108_MAP_SENSOR_HIGH_INPUT
 0000:0006EE71       P1560_BACKUP_VOLTAGE_MALFUNCTION
 0000:0006EE74       P0245_WASTEGATE_SOLENOID_A_LOW
 0000:0006EE75       P0246_WASTEGATE_SOLENOID_A_HIGH
 0000:0006EE76       P0244_WASTEGATE_SOLENOID_A_RANGEPERF
 0000:0006EE7F       P0502_VEHICLE_SPEED_SENSOR_LOW_INPUT
 0000:0006EE80       P0230_FUEL_PUMP_PRIMARY_CIRCUIT
 0000:0006EE82       P0519_IDLE_CONTROL_MALFUNCTION_FAILSAFE
 0000:0006EE85       P0134_FRONT_O2_SENSOR_NO_ACTIVITY
 0000:0006EE87       P0030_FRONT_O2_SENSOR_RANGEPERF
 0000:0006EE88       P0503_VEHICLE_SPEED_SENSOR_INTERMITTENT
 0000:0006EE8E       P2109_TPS_A_MINIMUM_STOP_PERF
 0000:0006EE8F       P0222_TPS_B_LOW_INPUT
 0000:0006EE90       P0223_TPS_B_HIGH_INPUT
 0000:0006EE91       P1160_ABNORMAL_RETURN_SPRING
 0000:0006EE92       P2102_THROTTLE_ACTUATOR_CIRCUIT_LOW
 0000:0006EE93       P2103_THROTTLE_ACTUATOR_CIRCUIT_HIGH
 0000:0006EE94       P2101_THROTTLE_ACTUATOR_CIRCUIT_RANGEPERF
 0000:0006EE96       P0638_THROTTLE_ACTUATOR_RANGEPERF
 0000:0006EE97       P0607_CONTROL_MODULE_PERFORMANCE
 0000:0006EE98       P2138_TPS_DE_VOLTAGE
 0000:0006EE99       P2127_TPS_E_CIRCUIT_LOW_INPUT
 0000:0006EE9A       P2128_TPS_E_CIRCUIT_HIGH_INPUT
 0000:0006EE9B       P2122_TPS_D_CIRCUIT_LOW_INPUT
 0000:0006EE9C       P2123_TPS_D_CIRCUIT_HIGH_INPUT
 0000:0006EE9D       P2135_TPS_AB_VOLTAGE
 0000:0006EEA2       P0345_CAMSHAFT_POS_SENSOR_A_BANK_2
 0000:0006EEA3       P0340_CAMSHAFT_POS_SENSOR_A_MALFUNCTION_
 0000:0006EEA4       P0605_CONTROL_MODULE_ROM_ERROR
 0000:0006EEA9       P2093_OCV_SOLENOID_A2_CIRCUIT_SHORT
 0000:0006EEAA       P2092_OCV_SOLENOID_A2_CIRCUIT_OPEN
 0000:0006EEAB       P2089_OCV_SOLENOID_A1_CIRCUIT_SHORT
 0000:0006EEAC       P2088_OCV_SOLENOID_A1_CIRCUIT_OPEN
 0000:0006EEB9       P2504_CHARGING_SYSTEM_VOLTAGE_HIGH
 0000:0006EEBA       P2503_CHARGING_SYSTEM_VOLTAGE_LOW
 0000:0006EEBB       P2004_TGV__INTAKE_MANIFOLD_RUNNER_1_STUCK_OPEN
 0000:0006EEBC       P2006_TGV__INTAKE_MANIFOLD_RUNNER_1_STUCK_CLOSED
 0000:0006EEBD       P2005_TGV__INTAKE_MANIFOLD_RUNNER_2_STUCK_OPEN
 0000:0006EEBE       P2007_TGV__INTAKE_MANIFOLD_RUNNER_2_STUCK_CLOSED
 0000:0006EEC1       P2229_BARO_PRESSURE_CIRCUIT_HIGH_INPUT
 0000:0006EEC2       P2228_BARO_PRESSURE_CIRCUIT_LOW_INPUT
 0000:0006EEC3       P2016_TGV__INTAKE_MANIFOLD_RUNNER_1_POS_SENSOR_LOW
 0000:0006EEC4       P2017_TGV__INTAKE_MANIFOLD_RUNNER_1_POS_SENSOR_HIGH
 0000:0006EEC5       P2021_TGV__INTAKE_MANIFOLD_RUNNER_2_POS_SENSOR_LOW
 0000:0006EEC6       P2022_TGV__INTAKE_MANIFOLD_RUNNER_2_POS_SENSOR_HIGH
 0000:0006EEC7       P2009_TGV__INTAKE_MANIFOLD_RUNNER_1_CIRCUIT_LOW
 0000:0006EEC8       P2012_TGV__INTAKE_MANIFOLD_RUNNER_2_CIRCUIT_LOW
 0000:0006EEC9       P2008_TGV__INTAKE_MANIFOLD_RUNNER_1_CIRCUIT_OPEN
 0000:0006EECA       P2011_TGV__INTAKE_MANIFOLD_RUNNER_2_CIRCUIT_OPEN
 0000:0006EECB       P2444_SECONDARY_AIR_PUMP_1_STUCK_ON_B1
 0000:0006EECD       P0410_SECONDARY_AIR_PUMP_SYSTEM
 0000:0006EECF       P2433_SECONDARY_AIR_PUMP_CIRCUIT_HIGH
 0000:0006EED0       P2432_SECONDARY_AIR_PUMP_CIRCUIT_LOW
 0000:0006EED1       P0413_SECONDARY_AIR_PUMP_A_OPEN
 0000:0006EED2       P0418_SECONDARY_AIR_PUMP_RELAY_A
 0000:0006EED3       P0140_REAR_O2_SENSOR_NO_ACTIVITY
 0000:0006EED6       P0414_SECONDARY_AIR_PUMP_A_SHORTED
 0000:0006EED7       P1418_SECONDARY_AIR_PUMP_CIRCUIT_SHORTED
 0000:0006EEDA       P1410_SECONDARY_AIR_PUMP_VALVE_STUCK_OPEN
 0000:0006EEDD       P2441_SECONDARY_AIR_PUMP_VALVE_1_STUCK_CLOSED
 0000:0006EEDE       P2440_SECONDARY_AIR_PUMP_VALVE_1_STUCK_OPEN
 0000:0007254E       nullsub_13
 0000:00072552       nullsub_14
 0000:000728AC       sCelTrigger
 0000:000729C4       hCelSignal
 0000:00077B3C       aCOFGlF
 0000:00079DF6       Force_Pass_Readiness_Monitors
 0000:0007C7DC       aBBF
 0000:0007D1E8       Table_TD_Proportional_Compensation_IAT
 0000:0007D1FC       Table_TD_Integral_Negative_Compensation_IAT
 0000:0007D210       Table_TD_Integral_Positive_Compensation_IAT
 0000:0007D2D8       Table_Target_Boost_Compensation_Atm_Pressure_Multiplier_Offset
 0000:0007D2EC       Table_Turbo_Dynamics_Proportional
 0000:0007D300       Table_Turbo_Dynamics_Integral_Negative
 0000:0007D314       Table_Turbo_Dynamics_Integral_Positive
 0000:0007D33C       Table_Target_Boost_Compensation_Atm_Pressure_Multiplier
 0000:0007D390       Table_InitialMax_Wastegate_Duty_Compensation_Atm_Pressure
 0000:0007D400       Table_Initial_Wastegate_Duty
 0000:0007D438       Table_Max_Wastegate_Duty
 0000:0007D4A8       Table_Target_Boost
 0000:0007D4E4       Table_Front_Oxygen_Sensor_Compensation_Atm_Pressure
 0000:0007D6DC       Table_MAF_Compensation_IAT
 0000:0007D6F8       Table_Engine_Load_Compensation_MP
 0000:0007DF90       Table_Cranking_Fuel_IPW_Compensation_Accelerator
 0000:0007E0BC       Table_Primary_Open_Loop_Fueling_Compensation_Timing_Compensation
 0000:0007E0E4       Table_Minimum_Primary_Open_Loop_Enrichment_Throttle
 0000:0007E148       Table_Tipin_Enrichment_Compensation_Boost_Error
 0000:0007E580       Table_CL_to_OL_Transition_Counter_Step_Value_MAF
 0000:0007E6DC       Table_Boost_Limit_Fuel_Cut
 0000:0007E718       Table_Injector_Latency
 0000:0007E850       Table_Cranking_Fuel_IPW_Compensation_A_RPM
 0000:0007E888       Table_Cranking_Fuel_IPW_Compensation_B_RPM
 0000:0007E914       Table_Min_Primary_Base_Enrichment_1_NonPrimary_OL
 0000:0007E94C       Table_Primary_Open_Loop_Fueling
 0000:0007E984       Table_Primary_Open_Loop_Fueling_Failsafe
 0000:0007EB0C       Table_CL_Fueling_Target_Compensation_A_Load
 0000:0007EB44       Table_CL_Fueling_Target_Compensation_B_Load
 0000:0007EC24       Table_Rough_Correction_Learning_Delay_Increasing
 0000:0007EF14       Table_Timing_Compensation_B_IAT
 0000:0007F054       Table_Timing_Compensation_Per_Cylinder_B
 0000:0007F070       Table_Timing_Compensation_Per_Cylinder_C
 0000:0007F08C       Table_Timing_Compensation_Per_Cylinder_D
 0000:0007F0E0       Table_Knock_Correction_Advance_Max
 0000:0007F134       Table_Base_Timing
 0000:0007F150       Table_Timing_Compensation_A_IAT_Activation
 0000:0007F24C       Table_Timing_Compensation_MRP
 0000:0007F9AC       Table_Requested_Torque_Accelerator_Pedal
 0000:0007FAD0       Table_MAF_Sensor_Scaling
 0000:0007FADC       Table_Front_Oxygen_Sensor_Scaling
 0000:0007FF04       Table_Intake_Cam_Advance_Angle_AVCS
 0000:0007FF48       Coolant_Temp_Sensor_Scaling_Y_Axis
 0000:0007FFB8       Coolant_Temp_Sensor_Scaling
 0000:00080028       Intake_Temp_Sensor_Scaling_Y_Axis
 0000:000800A0       Intake_Temp_Sensor_Scaling
 0000:000BF2A4       aMsr_rfcc1_00r1
 0000:000C0000       aA8dk100y
 0000:000C0250       Atmospheric_Pressure_Sensor_Scaling
 0000:000C028C       Manifold_Pressure_Sensor_Scaling
 0000:000C0669       Boost_Control_Disable_Delay_Fine_Correction
 0000:000C067C       TD_Activation_Thresholds_Target_Boost
 0000:000C0688       TD_Integral_Negative_Activation_Boost_Error
 0000:000C0690       TD_Integral_Positive_Activation_Boost_Error
 0000:000C0694       TD_Integral_Positive_Activation_Wastegate_Duty
 0000:000C06A0       TD_Activation_Thresholds_RPM
 0000:000C06A8       TD_Integral_Cumulative_Range_WGDC_Correction
 0000:000C06C8       Boost_Control_Disable_Fine_Correction
 0000:000C06CC       Boost_Control_Disable_IAM
 0000:000C06D8       Target_Boost_Compensation_1st_Gear_Speed_Disable
 0000:000C06DC       Target_Boost_Compensation_1st_Gear
 0000:000C06E4       InitialMax_Wastegate_Duty_Compensation_ECT_Y_Axis
 0000:000C0724       TD_Proportional_Compensation_IAT_Y_Axis
 0000:000C0734       TD_Proportional_Compensation_IAT
 0000:000C0738       TD_Integral_Negative_Compensation_IAT_Y_Axis
 0000:000C0748       TD_Integral_Negative_Compensation_IAT
 0000:000C074C       TD_Integral_Positive_Compensation_IAT_Y_Axis
 0000:000C075C       TD_Integral_Positive_Compensation_IAT
 0000:000C076C       InitialMax_Wastegate_Duty_Compensation_IAT_Y_Axis
 0000:000C07AC       InitialMax_Wastegate_Duty_Compensation_IAT
 0000:000C086C       InitialMax_Wastegate_Duty_Compensation_ECT
 0000:000C088C       Target_Boost_Compensation_ECT
 0000:000C08B0       Target_Boost_Compensation_Atm_Pressure_Multiplier_Offset_Y_Axis
 0000:000C08C0       Target_Boost_Compensation_Atm_Pressure_Multiplier_Offset
 0000:000C08C4       Turbo_Dynamics_Proportional_Y_Axis
 0000:000C08E8       Turbo_Dynamics_Proportional
 0000:000C08FC       Turbo_Dynamics_Integral_Negative_Y_Axis
 0000:000C0920       Turbo_Dynamics_Integral_Negative
 0000:000C0934       Turbo_Dynamics_Integral_Positive_Y_Axis
 0000:000C0958       Turbo_Dynamics_Integral_Positive
 0000:000C0984       Target_Boost_Compensation_Atm_Pressure_Multiplier_Y_Axis
 0000:000C0994       Target_Boost_Compensation_Atm_Pressure_Multiplier
 0000:000C0A28       InitialMax_Wastegate_Duty_Compensation_Atm_Pressure_X_Axis
 0000:000C0A40       InitialMax_Wastegate_Duty_Compensation_Atm_Pressure_Y_Axis
 0000:000C0A50       InitialMax_Wastegate_Duty_Compensation_Atm_Pressure
 0000:000C0AB0       Initial_Wastegate_Duty_X_Axis
 0000:000C0AD0       Initial_Wastegate_Duty_Y_Axis
 0000:000C0AF0       Initial_Wastegate_Duty
 0000:000C0B88       Max_Wastegate_Duty_X_Axis
 0000:000C0BA8       Max_Wastegate_Duty_Y_Axis
 0000:000C0BC8       Max_Wastegate_Duty
 0000:000C0C90       Target_Boost_X_Axis
 0000:000C0CB0       Target_Boost_Y_Axis
 0000:000C0CDC       Target_Boost
 0000:000C0E08       a?Pg?bgoO4?m?cA
 0000:000C0E7C       aA1?Lla?AkA
 0000:000C0E90       a@a
 0000:000C0F4C       MAF_Limit_Maximum
 0000:000C0F6C       dLoadSmoothingA
 0000:000C0F70       dLoadSmoothingB
 0000:000C0F7C       dLoadSmoothingFinal
 0000:000C1178       Gear_Determination_Thresholds
 0000:000C12EC       Front_Oxygen_Sensor_Compensation_Atm_Pressure_Y_Axis
 0000:000C12FC       Front_Oxygen_Sensor_Compensation_Atm_Pressure
 0000:000C1570       aEMyuxQfOWfa
 0000:000C1658       aGUPSgoLLDc
 0000:000C18A0       MAF_Compensation_IAT_X_Axis
 0000:000C18B4       MAF_Compensation_IAT_Y_Axis
 0000:000C18D4       MAF_Compensation_IAT
 0000:000C18FC       Engine_Load_Compensation_MP_X_Axis
 0000:000C1928       Engine_Load_Compensation_MP_Y_Axis
 0000:000C1964       Engine_Load_Compensation_MP
 0000:000C1F21       Manifold_Pressure_Sensor_CEL_Delays
 0000:000C254C       aAi33axqiazAfQc
 0000:000C3384       aUPTJEAAiMshAI
 0000:000C33BC       aD
 0000:000C5DF6       Tipin_Enrichment_Disable_Applied_Counter_Threshold
 0000:000C5DF7       Tipin_Enrichment_Applied_Counter_Reset
 0000:000C5DF8       Tipin_Throttle_Cumulative_Reset
 0000:000C5E2A       CL_Delay_Engine_Load_Counter_Threshold
 0000:000C5E2E       CL_to_OL_Delay
 0000:000C5F30       Injector_Flow_Scaling
 0000:000C5F34       Min_Primary_Base_Enrich_3_Decay_Multiplier
 0000:000C5F4C       aLLEAUPGGG8qi?a
 0000:000C60B4       a?yssL?fff?@
 0000:000C60C8       a?333?s33A
 0000:000C60D4       a@a_3
 0000:000C60D8       aB_0
 0000:000C60DC       a?yss?fff?a
 0000:000C61B0       AF_Learning_1_Limits
 0000:000C61C0       AF_Learning_1_Airflow_Ranges
 0000:000C61DC       Primary_Open_Loop_Fuel_Map_Switch_IAM
 0000:000C61E0       Minimum_Active_Primary_Open_Loop_Enrichment
 0000:000C61E4       CL_to_OL_Transition_with_Delay_Throttle_Hysteresis
 0000:000C61E8       CL_to_OL_Transition_with_Delay_BPW_Hysteresis
 0000:000C61EC       CL_Delay_Minimum_ECT
 0000:000C61F0       CL_Delay_Maximum_Engine_Speed_Per_Gear
 0000:000C6240       CL_Delay_Maximum_Engine_Speed_Neutral
 0000:000C6260       CL_Delay_Maximum_Throttle
 0000:000C6264       CL_Delay_Maximum_Vehicle_Speed
 0000:000C6274       CL_Delay_Maximum_Engine_Load
 0000:000C63A4       Minimum_Tipin_Enrichment_Activation_Throttle
 0000:000C63A8       Tipin_Enrichment_Disable_Throttle_Cumulative_Threshold
 0000:000C63AC       Minimum_Tipin_Enrichment_Activation
 0000:000C63F4       Rev_Limit_Fuel_Cut
 0000:000C63FC       Rev_Limit_Fuel_Resume_Boost
 0000:000C6444       Speed_Limiting_Enable_Fuel_Cut
 0000:000C6450       Speed_Limiting_Disable_Fuel_Cut
 0000:000C65A0       Min_Primary_Base_Enrich_3_Decay_Delay_B_Y_Axis
 0000:000C6674       Cranking_Fuel_IPW_Compensation_Accelerator_Y_Axis
 0000:000C668C       Cranking_Fuel_IPW_Compensation_Accelerator
 0000:000C66A2       Min_Primary_Base_Enrich_3_Decay_Delay_A
 0000:000C66B2       Min_Primary_Base_Enrich_3_Decay_Delay_B
 0000:000C6898       Primary_Open_Loop_Fueling_Compensation_Timing_Compensation_Y_Axis
 0000:000C68B0       Primary_Open_Loop_Fueling_Compensation_Timing_Compensation
 0000:000C68B8       CL_to_OL_Transition_with_Delay_Throttle_Y_Axis
 0000:000C68F8       CL_to_OL_Transition_with_Delay_Throttle
 0000:000C6908       Minimum_Primary_Open_Loop_Enrichment_Throttle_Y_Axis
 0000:000C6920       Minimum_Primary_Open_Loop_Enrichment_Throttle
 0000:000C6980       Tipin_Enrichment_Compensation_Boost_Error_Y_Axis
 0000:000C69A4       Tipin_Enrichment_Compensation_Boost_Error
 0000:000C6A30       aEeeeeeee333mfa
 0000:000C6B0E       Cranking_Fuel_Injector_Pulse_Width_A_ECT
 0000:000C6B2E       Cranking_Fuel_Injector_Pulse_Width_B_ECT
 0000:000C6B4E       Cranking_Fuel_Injector_Pulse_Width_C_ECT
 0000:000C6B6E       Cranking_Fuel_Injector_Pulse_Width_D_ECT
 0000:000C6B8E       Cranking_Fuel_Injector_Pulse_Width_E_ECT
 0000:000C6BAE       Cranking_Fuel_Injector_Pulse_Width_F_ECT
 0000:000C6BCE       Min_Primary_Base_Enrich_3_Initial_Start_1A
 0000:000C6BEE       Min_Primary_Base_Enrich_3_Initial_Start_1B
 0000:000C6C0E       Min_Primary_Base_Enrich_3_Initial_Start_2A
 0000:000C6C2E       Min_Primary_Base_Enrich_3_Initial_Start_2B
 0000:000C6C4E       Min_Primary_Base_Enrich_2_Initial_Start_1A
 0000:000C6C6E       Min_Primary_Base_Enrich_2_Initial_Start_2A
 0000:000C6C8E       Min_Primary_Base_Enrich_2_Initial_Start_1B
 0000:000C6CAE       Min_Primary_Base_Enrich_2_Initial_Start_2B
 0000:000C6CCE       Min_Primary_Base_Enrich_2_Decay_Step_1
 0000:000C6CEE       Min_Primary_Base_Enrich_2_Decay_Step_2
 0000:000C7020       aJfjfjfjfjfjfjf
 0000:000C7042       aA_2
 0000:000C7044       aA_3
 0000:000C7046       aA_4
 0000:000C7048       aA_5
 0000:000C704A       aA_6
 0000:000C704C       aA_7
 0000:000C704E       aA_8
 0000:000C7050       aA_9
 0000:000C7052       aA_10
 0000:000C7054       aA_11
 0000:000C7056       aA_12
 0000:000C7058       aA_13
 0000:000C705A       aA_14
 0000:000C705C       aA_15
 0000:000C705E       aA_16
 0000:000C7060       aSSSSSSSSSSSSSS
 0000:000C714C       CL_to_OL_Transition_with_Delay_Base_Pulse_Width_Y_Axis
 0000:000C718C       CL_to_OL_Transition_with_Delay_Base_Pulse_Width
 0000:000C71AC       CL_to_OL_Transition_Counter_Step_Value_MAF_Y_Axis
 0000:000C71D4       CL_to_OL_Transition_Counter_Step_Value_MAF
 0000:000C7260       Primary_Open_Loop_Fueling_Compensation_ECT
 0000:000C7268       a1KDzgoqYA
 0000:000C7278       aA_17
 0000:000C727A       aA_18
 0000:000C727C       aA_19
 0000:000C727E       aA_20
 0000:000C7620       Throttle_Tipin_Enrichment_Y_Axis
 0000:000C7668       Throttle_Tipin_Enrichment
 0000:000C768C       Tipin_Enrichment_Compensation_ECT
 0000:000C76FC       Boost_Limit_Fuel_Cut_Y_Axis
 0000:000C7714       Boost_Limit_Fuel_Cut
 0000:000C7760       Injector_Latency_Y_Axis
 0000:000C7774       Injector_Latency
 0000:000C78E8       Cranking_Fuel_IPW_Compensation_A_RPM_X_Axis
 0000:000C78FC       Cranking_Fuel_IPW_Compensation_A_RPM_Y_Axis
 0000:000C7918       Cranking_Fuel_IPW_Compensation_A_RPM
 0000:000C7950       Cranking_Fuel_IPW_Compensation_B_RPM_X_Axis
 0000:000C7964       Cranking_Fuel_IPW_Compensation_B_RPM_Y_Axis
 0000:000C7980       Cranking_Fuel_IPW_Compensation_B_RPM
 0000:000C7A14       Min_Primary_Base_Enrichment_1_A_Y_Axis
 0000:000C7A34       Min_Primary_Base_Enrichment_1_A
 0000:000C7AB4       Min_Primary_Base_Enrichment_1_B_Y_Axis
 0000:000C7AD4       Min_Primary_Base_Enrichment_1_B
 0000:000C7B54       Min_Primary_Base_Enrichment_1_NonPrimary_OL_X_Axis
 0000:000C7B7C       Min_Primary_Base_Enrichment_1_NonPrimary_OL_Y_Axis
 0000:000C7B88       Min_Primary_Base_Enrichment_1_NonPrimary_OL
 0000:000C7BBC       Primary_Open_Loop_Fueling_X_Axis
 0000:000C7BF8       Primary_Open_Loop_Fueling_Y_Axis
 0000:000C7C40       Primary_Open_Loop_Fueling
 0000:000C7D64       Primary_Open_Loop_Fueling_Failsafe_X_Axis
 0000:000C7DA0       Primary_Open_Loop_Fueling_Failsafe_Y_Axis
 0000:000C7DE8       Primary_Open_Loop_Fueling_Failsafe
 0000:000C7EF8       Per_Injector_Pulse_Width_Compensation_A_X_Axis
 0000:000C7F3C       Per_Injector_Pulse_Width_Compensation_A_Y_Axis
 0000:000C7F78       Per_Injector_Pulse_Width_Compensation_A
 0000:000C8078       Per_Injector_Pulse_Width_Compensation_B_X_Axis
 0000:000C80BC       Per_Injector_Pulse_Width_Compensation_B_Y_Axis
 0000:000C80F8       Per_Injector_Pulse_Width_Compensation_B
 0000:000C81F8       Per_Injector_Pulse_Width_Compensation_C_X_Axis
 0000:000C823C       Per_Injector_Pulse_Width_Compensation_C_Y_Axis
 0000:000C8278       Per_Injector_Pulse_Width_Compensation_C
 0000:000C8378       Per_Injector_Pulse_Width_Compensation_D_X_Axis
 0000:000C83BC       Per_Injector_Pulse_Width_Compensation_D_Y_Axis
 0000:000C83F8       Per_Injector_Pulse_Width_Compensation_D
 0000:000C8728       CL_Fueling_Target_Compensation_A_ECT_Y_Axis
 0000:000C8734       CL_Fueling_Target_Compensation_A_ECT
 0000:000C87DC       CL_Fueling_Target_Compensation_B_ECT_Y_Axis
 0000:000C87E8       CL_Fueling_Target_Compensation_B_ECT
 0000:000C87F8       aA_21
 0000:000C87FA       aA_22
 0000:000C87FC       aA_23
 0000:000C87FE       aA_24
 0000:000C8800       aAdadadadjfjfjf
 0000:000C881C       aA_25
 0000:000C881E       aA_26
 0000:000C8834       aJfjfjfsSMAdada
 0000:000C8860       CL_Fueling_Target_Compensation_A_Load_X_Axis
 0000:000C888C       CL_Fueling_Target_Compensation_A_Load_Y_Axis
 0000:000C88B4       CL_Fueling_Target_Compensation_A_Load
 0000:000C89A8       CL_Fueling_Target_Compensation_B_Load_X_Axis
 0000:000C89D4       CL_Fueling_Target_Compensation_B_Load_Y_Axis
 0000:000C89FC       CL_Fueling_Target_Compensation_B_Load
 0000:000C92C0       a33333333
 0000:000C92FC       Feedback_Correction_Negative_Advance_Delay
 0000:000C930A       Fine_Correction_Advance_Delay
 0000:000C932C       Timing_Comp_Maximum_RPM_Per_Cylinder
 0000:000C9330       Timing_Comp_Minimum_Load_Per_Cylinder
 0000:000C9334       Timing_Comp_Minimum_Coolant_Temp_Per_Cylinder
 0000:000C9338       Feedback_Correction_Minimum_Load
 0000:000C9340       Feedback_Correction_Range_RPM
 0000:000C9358       Feedback_Correction_Retard_Limit
 0000:000C935C       Feedback_Correction_Retard_Value
 0000:000C9364       Feedback_Correction_Negative_Advance_Value
 0000:000C936C       Extended_Feedback_Correction_High_RPM_Compensation
 0000:000C9378       Fine_Correction_Minimum_RPM
 0000:000C9408       Rough_Correction_Range_RPM
 0000:000C9418       Rough_Correction_Range_Load
 0000:000C9428       Rough_Correction_Minimum_KC_Advance_Map_Value
 0000:000C942C       Advance_Multiplier_Initial
 0000:000C9430       Advance_Multiplier_Step_Value
 0000:000C9458       Fine_Correction_Columns_Load
 0000:000C9468       Fine_Correction_Rows_RPM
 0000:000C9488       Fine_Correction_Advance_Limit
 0000:000C948C       Fine_Correction_Advance_Value
 0000:000C9490       Fine_Correction_Retard_Limit
 0000:000C9494       Fine_Correction_Retard_Value
 0000:000C9498       Fine_Correction_Maximum_RPM
 0000:000C94A0       Fine_Correction_Range_Load
 0000:000C94EC       a?333?333?333?3
 0000:000C9550       Base_Timing_Idle_Minimum_Vehicle_Speed_Enable
 0000:000C9654       aLLB
 0000:000C9688       Timing_Compensation_B_IAT_Max_Additive
 0000:000C96A4       Timing_Compensation_B_IAT_IAM_Activation
 0000:000C96CC       Timing_Compensation_ECT_Y_Axis
 0000:000C974C       Rough_Correction_Learning_Delay_Increasing_Y_Axis
 0000:000C9774       Rough_Correction_Learning_Delay_Increasing
 0000:000C977E       Base_Timing_Alternate_ECT
 0000:000C9814       Base_Timing_Idle_Minimum_Y_Axis
 0000:000C9838       Base_Timing_Idle_Minimum
 0000:000C9841       Base_Timing_Idle_A_InGear
 0000:000C9851       Base_Timing_Idle_B_InGear
 0000:000C9861       Base_Timing_Idle_A_Neutral
 0000:000C9871       Base_Timing_Idle_B_Neutral
 0000:000C98A1       Timing_Compensation_ECT
 0000:000C98B4       Timing_Compensation_A_IAT_Y_Axis
 0000:000C98F4       Timing_Compensation_A_IAT
 0000:000C9A8C       a99999999
 0000:000C9BA4       Timing_Compensation_B_IAT_Y_Axis
 0000:000C9BE4       Timing_Compensation_B_IAT
 0000:000C9F04       Timing_Compensation_Per_Cylinder_A_X_Axis
 0000:000C9F3C       Timing_Compensation_Per_Cylinder_A_Y_Axis
 0000:000C9F4C       Timing_Compensation_Per_Cylinder_A
 0000:000C9F84       Timing_Compensation_Per_Cylinder_B_X_Axis
 0000:000C9FBC       Timing_Compensation_Per_Cylinder_B_Y_Axis
 0000:000C9FCC       Timing_Compensation_Per_Cylinder_B
 0000:000CA004       Timing_Compensation_Per_Cylinder_C_X_Axis
 0000:000CA03C       Timing_Compensation_Per_Cylinder_C_Y_Axis
 0000:000CA04C       Timing_Compensation_Per_Cylinder_C
 0000:000CA084       Timing_Compensation_Per_Cylinder_D_X_Axis
 0000:000CA0BC       Timing_Compensation_Per_Cylinder_D_Y_Axis
 0000:000CA0CC       Timing_Compensation_Per_Cylinder_D
 0000:000CA138       Knock_Correction_Advance_Max_X_Axis
 0000:000CA174       Knock_Correction_Advance_Max_Y_Axis
 0000:000CA1BC       Knock_Correction_Advance_Max
 0000:000CA2F4       Base_Timing_X_Axis
 0000:000CA330       Base_Timing_Y_Axis
 0000:000CA378       Base_Timing
 0000:000CA488       Timing_Compensation_A_IAT_Activation_X_Axis
 0000:000CA4A8       Timing_Compensation_A_IAT_Activation_Y_Axis
 0000:000CA4C8       Timing_Compensation_A_IAT_Activation
 0000:000CA4D8       aAaaaaaaaaaaaaa
 0000:000CA6D8       Timing_Compensation_MRP_X_Axis
 0000:000CA6EC       Timing_Compensation_MRP_Y_Axis
 0000:000CA6F8       Timing_Compensation_MRP
 0000:000CA734       aBPbPafpAfpA
 0000:000CA748       aA@
 0000:000CABC8       aP
 0000:000CABDC       a@333
 0000:000CABE4       aBa
 0000:000CABE8       aL
 0000:000CABF4       aBh
 0000:000CABF8       aB
 0000:000CABFC       aC
 0000:000CAC00       aA
 0000:000CAC04       a@a_0
 0000:000CAC90       Idle_Speed_Target_C_Y_Axis
 0000:000CB06C       Idle_Speed_Target_A
 0000:000CB0AC       Idle_Speed_Target_B
 0000:000CB0EC       Idle_Speed_Target_C
 0000:000CBF68       Manifold_Pressure_Sensor_Limits_CEL
 0000:000CC300       MAF_Sensor_Scaling_Y_Axis
 0000:000CC3C0       MAF_Sensor_Scaling
 0000:000CC480       Front_Oxygen_Sensor_Scaling_Y_Axis
 0000:000CC4B4       Front_Oxygen_Sensor_Scaling
 0000:000CC53C       a@fff@fff@fff@c
 0000:000CC552       a33@fff@iss@iss
 0000:000CCA04       aSssSss?fff?
 0000:000CCC3C       Radiator_Fan_Modes_A_ECT
 0000:000CCC4C       Radiator_Fan_Modes_B_ECT
 0000:000CCC5C       Radiator_Fan_Modes_Veh_Speed
 0000:000CD1EC       dEcuId
 0000:000CD5F4       a?La33bs33b
 0000:000CD608       aA_0
 0000:000CD60C       a@a_1
 0000:000CD610       aA_1
 0000:000CD614       a@a_2
 0000:000CD618       a?a
 0000:000CD61C       a?a_0
 0000:000CD620       a?
 0000:000CD624       a?_0
 0000:000CD628       a?a_1
 0000:000CD62C       a?a_2
 0000:000CDE20       Intake_Cam_Advance_Angle_AVCS_X_Axis
 0000:000CDE5C       Intake_Cam_Advance_Angle_AVCS_Y_Axis
 0000:000CDE9C       Intake_Cam_Advance_Angle_AVCS
 0000:000CDEA8       aLLLLLLLLL
 0000:000DB808       aAtqia733atqia7
 0000:000DB81C       a@En
 0000:000DB824       a@
 0000:000DB83C       Speed_Limiting_Throttle
 0000:000DBC6C       Target_Throttle_Plate_Position_Requested_Torque_X_Axis
 0000:000DBCB0       Target_Throttle_Plate_Position_Requested_Torque_Y_Axis
 0000:000DBCF0       Target_Throttle_Plate_Position_Requested_Torque
 0000:000DBF10       Target_Throttle_Plate_Position_Maximum_Requested_Torque_X_Axis
 0000:000DBF54       Target_Throttle_Plate_Position_Maximum_Requested_Torque_Y_Axis
 0000:000DBF94       Target_Throttle_Plate_Position_Maximum_Requested_Torque
 0000:000DC1B4       Requested_Torque_Accelerator_Pedal_X_Axis
 0000:000DC1F0       Requested_Torque_Accelerator_Pedal_Y_Axis
 0000:000DC234       Requested_Torque_Accelerator_Pedal
 0000:000E1000       dRomHoleStart
 0000:000FFAF0       dRomHoleEnd
 0000:000FFB80       Checksum_Fix
 0000:FFFF2004       pObdVinDirect
 0000:FFFF2A70       E_AF_Learning_1_A_StoredExt_E44
 0000:FFFF2A78       E_AF_Learning_1_B_StoredExt_E45
 0000:FFFF2A80       E_AF_Learning_1_C_StoredExt_E46
 0000:FFFF2A88       E_AF_Learning_1_D_StoredExt_E47
 0000:FFFF2AD4       E_IAM_4byteExt_E31
 0000:FFFF5C02       pMafSensorVoltage
 0000:FFFF5CA4       pIntakeAirTemp
 0000:FFFF5CB4       pCoolantTemp
 0000:FFFF5CD8       pMassAirFlow
 0000:FFFF5F10       pAf1Res
 0000:FFFF6418       E_Boost_ErrorExt_E35
 0000:FFFF641C       E_Target_Boost_4byteExt_E36
 0000:FFFF6420       E_Turbo_Dynamics_Proportional_4byteExt_E37
 0000:FFFF6424       E_Turbo_Dynamics_Integral_4byteExt_E34
 0000:FFFF6440       E_Primary_Wastegate_Duty_MaximumExt_4byteExt__E77
 0000:FFFF64C8       E_Manifold_Relative_Sea_Level_Pressure_4byteExt_E52
 0000:FFFF64CC       E_Manifold_Relative_Pressure_4byteExt_E113
 0000:FFFF656C       E_Throttle_Plate_Opening_Angle_4byteExt_E38
 0000:FFFF6574       E_Tipin_ThrottleExt_E54
 0000:FFFF6678       E_Engine_Load_4ByteExt_E32
 0000:FFFF67D8       E_AF_Sensor_1_4byteExt_E91
 0000:FFFF6835       pClutchFlags
 0000:FFFF6854       pVehicleSpeed
 0000:FFFF685C       pEngineSpeed
 0000:FFFF6965       E_Gear_CalculatedExt_E59
 0000:FFFF6974       E_Primary_Wastegate_Duty_MaximumExt_2byteExtExt_E78
 0000:FFFF6976       E_Turbo_Dynamics_Integral_2byteExtExt_E79
 0000:FFFF6978       E_Turbo_Dynamics_Proportional_2byteExtExt_E80
 0000:FFFF697C       E_AF_Correction_1_2byteExtExt_E82
 0000:FFFF6980       E_AF_Learning_1_2byteExtExt_E83
 0000:FFFF6982       E_Primary_Open_Loop_Map_Enrichment_2byteExtExt_E85
 0000:FFFF6986       E_Final_Fueling_Base_2byteExt_E124
 0000:FFFF6988       E_Engine_Load_2byteExtExt_E87
 0000:FFFF6996       E_Manifold_Relative_Sea_Level_Pressure_2byteExtExt_E89
 0000:FFFF699C       E_Target_Boost_2byteExtExt_E90
 0000:FFFF699E       E_AF_Sensor_1_2byteExtExt_E92
 0000:FFFF69A4       E_Closed_Loop_Fueling_Target_2byteExt_E122
 0000:FFFF69A6       E_Throttle_Plate_Opening_Angle_2byteExtExt_E93
 0000:FFFF69B0       E_Feedback_Knock_Correction_1byteExtExt_E94
 0000:FFFF69B3       E_Fine_Learning_Knock_Correction_1byteExtExt_E95
 0000:FFFF69B5       E_IAM_1byteExtExt_E96
 0000:FFFF6BD8       E_Final_Fueling_Base_4byteExt_E123
 0000:FFFF6C08       E_Primary_Enrichment_Final_4byteExt_E115
 0000:FFFF6C84       E_AF_Correction_1_4byteExt_E81
 0000:FFFF6CCC       E_Closed_Loop_Fueling_Target_4byteExt_E121
 0000:FFFF6E40       E_AF_Learning_1_4byteExt_E48
 0000:FFFF6E49       E_AF_Learning_Airflow_Range_CurrentExt_E61
 0000:FFFF6F2C       E_Primary_Open_Loop_Map_Enrichment_4byteExt_E84
 0000:FFFF7068       E_Tipin_Enrichment_Last_CalculatedExt_E55
 0000:FFFF70C0       pFlagsRevLim
 0000:FFFF7124       E_Fuel_Injector_1_Pulse_Width_4byteExt_E60
 0000:FFFF7138       E_Fuel_Injector_1_Latency_4byteExt_E50
 0000:FFFF7260       E_Ignition_Base_TimingExt_E53
 0000:FFFF7374       E_Knock_SumExt_E114
 0000:FFFF7398       E_Knock_Correction_Advance_4byteExt_E43
 0000:FFFF739C       E_Feedback_Knock_Correction_4byteExt_E39
 0000:FFFF73E0       E_Knock_Correction_Advance_IAM_onlyExt_E40
 0000:FFFF73F8       E_Fine_Learning_Knock_Correction_4byteExt_E41
 0000:FFFF73FE       E_Fine_Learning_Table_OffsetExt_E58
 0000:FFFF7688       E_Target_Throttle_Plate_PositionExt_E57
 0000:FFFF7690       E_Requested_TorqueExt_E56
 0000:FFFF7854       E_Idle_Speed_Map_SelectionExt_E49
 0000:FFFF7EA0       E_Map_Ratio_PrimaryExt_E42
 0000:FFFF8004       pAtmoPress
 0000:FFFF8BAA       pCelSignalOem
 0000:FFFF8D69       E_CLOL_FuelingExt_E33
 0000:FFFF9000       pRamHoleStart
 0000:FFFFBF70       pRamHoleEnd
 0000:FFFFBFBB       pMemoryResetLimit
