
 Start         Length     Name                   Class
 0000:00000000 000100000H ROM                    CODE
 0000:00000000 00000BFFFH RAM                    


  Address         Publics by Value

 0000:00000000       off_0
 0000:00002004       dCalId
 0000:0000203C       aPf_07cyh4tVer1
 0000:0000205C       aObd_07cyh4nVer
 0000:00003374       aCopyright1999H
 0000:00004208       nullsub_15
 0000:00004AB4       sMafCalc
 0000:00004AD6       SBR_MAF_ERRCHECK
 0000:00004B10       hMafCalc
 0000:00004D52       nullsub_16
 0000:00004F72       nullsub_1
 0000:000065EC       nullsub_13
 0000:00006BF2       nullsub_17
 0000:0000929E       nullsub_18
 0000:0000A804       nullsub_19
 0000:0000B06A       nullsub_6
 0000:0000B06E       nullsub_2
 0000:0000B072       nullsub_7
 0000:0000B28E       nullsub_3
 0000:0000B292       nullsub_8
 0000:0000B2D2       nullsub_4
 0000:0000B2D6       nullsub_9
 0000:0000B350       nullsub_10
 0000:0000B438       nullsub_5
 0000:0000B43C       nullsub_11
 0000:0000B47E       nullsub_12
 0000:0000C914       nullsub_14
 0000:0000C918       nullsub_20
 0000:0000CB32       nullsub_21
 0000:0000E66C       SBR_PortWrite_0
 0000:0000E99C       aFscattOkfafmca
 0000:0000F968       aCMcLsDJdXf
 0000:0000FC04       hMemoryReset
 0000:000102A4       sMemoryReset
 0000:0001077E       aCJo04cX
 0000:00011C58       hMemoryResetLimit
 0000:000135C4       sWgdc
 0000:00013778       SBR_TARGET_BOOST_PULL
 0000:00013AD4       sWgdc0
 0000:00013D80       Max_Wastegate_Duty_Limit_PostCompensation
 0000:0001F43C       sLoadCalcs
 0000:0001F96C       Engine_Load_Limit_A_Maximum
 0000:000210C0       Front_Oxygen_Sensor_Rich_Limit
 0000:00024994       aJCoSa
 0000:00024A1C       aJCoB
 0000:00028F18       aOSUfpbDlQo
 0000:0002CFD0       aCoBAqBArAsDu5x
 0000:00035370       SBR_Tip_in
 0000:0003633C       sRevLimStart
 0000:0003634C       RevLimBitMask_0x01
 0000:0003637C       sRevLimEnd
 0000:00038168       aJCJCoR
 0000:000409A6       aVbEBsbB2xbB
 0000:00040CD8       aCoMaBU
 0000:0004312A       HOOK_CELFLASH_JSR
 0000:000432DC       hWgdc
 0000:000438A8       hRevLimDelete
 0000:000505F4       aOJCJC
 0000:00052F7C       aIbIDaaqdbardca
 0000:00053178       SsmGet_SCV_Step_P81
 0000:000531A6       SsmGet_Engine_Load_Relative_P1
 0000:000531AC       SsmGet_Coolant_Temperature_P2
 0000:000531C2       SsmGet_AF_Correction_1_P3
 0000:000531DC       SsmGet_AF_Learning_1_P4
 0000:000531F4       SsmGet_AF_Correction_2_P5
 0000:0005320A       SsmGet_AF_Learning_2_P6
 0000:000532C8       SsmGet_Manifold_Absolute_Pressure_P7
 0000:000532DE       SsmGet_Engine_Speed_P8
 0000:00053314       SsmGet_Vehicle_Speed_P9
 0000:00053328       SsmGet_Ignition_Total_Timing_P10
 0000:00053340       SsmGet_Intake_Air_Temperature_P11
 0000:00053356       SsmGet_Mass_Airflow_P12
 0000:0005338C       SsmGet_Throttle_Opening_Angle_P13
 0000:000533A2       SsmGet_Front_O2_Sensor_1_P14
 0000:000533AA       SsmGet_Rear_O2_Sensor_P15
 0000:000533E0       SsmGet_Front_O2_Sensor_2_P16
 0000:000533E8       SsmGet_Battery_Voltage_P17
 0000:000533FE       SsmGet_Mass_Airflow_Sensor_Voltage_P18
 0000:00053422       SsmGet_Fuel_Injector_1_Pulse_Width_P21
 0000:00053438       SsmGet_Fuel_Injector_2_Pulse_Width_P22
 0000:00053450       SsmGet_Atmospheric_Pressure_P24
 0000:00053466       SsmGet_Manifold_Relative_Pressure_P25
 0000:00053484       SsmGet_Learned_Ignition_Timing_P29
 0000:000534A2       SsmGet_Accelerator_Pedal_Angle_P30
 0000:000534B8       SsmGet_Fuel_Temperature_P31
 0000:000534CE       SsmGet_Fuel_Level_P35
 0000:000534F6       SsmGet_Primary_Wastegate_Duty_Cycle_P36
 0000:0005350C       SsmGet_CPC_Valve_Duty_Ratio_P38
 0000:00053528       SsmGet_Tumble_Valve_Position_Sensor_Right_P39
 0000:0005354C       SsmGet_Tumble_Valve_Position_Sensor_Left_P40
 0000:00053574       SsmGet_Number_of_Exh_Gas_Recirc_Steps_P45
 0000:00053586       SsmGet_Alternator_Duty_P46
 0000:00053630       SsmGet_Fuel_Pump_Duty_P47
 0000:00053646       SsmGet_Intake_VVT_Advance_Angle_Right_P48
 0000:0005365C       SsmGet_Intake_VVT_Advance_Angle_Left_P49
 0000:00053672       SsmGet_Intake_OCV_Duty_Right_P50
 0000:00053688       SsmGet_Intake_OCV_Duty_Left_P51
 0000:0005369E       SsmGet_Intake_OCV_Current_Right_P52
 0000:000536B4       SsmGet_Intake_OCV_Current_Left_P53
 0000:000536CA       SsmGet_AF_Sensor_1_Current_P54
 0000:000536E2       SsmGet_AF_Sensor_2_Current_P55
 0000:000536F8       SsmGet_AF_Sensor_1_Resistance_P56
 0000:0005370C       SsmGet_AF_Sensor_2_Resistance_P57
 0000:0005371E       SsmGet_AF_Sensor_1_P58
 0000:00053734       SsmGet_AF_Sensor_2_P59
 0000:0005375A       SsmGet_Switches_1_2_3
 0000:000537DA       SsmGet_Switches_4_5_6_7_8_9
 0000:00053864       SsmGet_Switches_10_11_12_13_14_15_16_17
 0000:00053940       SsmGet_Switches_18_19_20_21_22_23_24_25
 0000:000539CC       SsmGet_Switches_26_27_28_29_30_31_32_33
 0000:00053A26       SsmGet_Switches_34_35_36_37_38_39_40_41
 0000:00053A9C       SsmGet_Switches_42_43_44_45_46_47_48_49
 0000:00053AA6       SsmGet_Switches_50_51_52_53
 0000:00053B3C       SsmGet_Switches_54_55_56_57_58_59_60_61
 0000:00053CC0       SsmGet_Roughness_Monitor_Cylinder_1_P63
 0000:00053CC6       SsmGet_Roughness_Monitor_Cylinder_2_P64
 0000:00053CCC       SsmGet_AF_Correction_3_32bit_ECU_P89
 0000:00053CE4       SsmGet_AF_Learning_3_P66
 0000:00053DEE       SsmGet_Roughness_Monitor_Cylinder_3_P69
 0000:00053DF4       SsmGet_Roughness_Monitor_Cylinder_4_P70
 0000:00053FB4       SsmGet_IAM_P90
 0000:00053FCA       SsmGet_Throttle_Motor_Duty_P71
 0000:00053FE2       SsmGet_Throttle_Motor_Voltage_P72
 0000:00053FF8       SsmGet_Sub_Throttle_Sensor_P73
 0000:0005401C       SsmGet_Main_Throttle_Sensor_P74
 0000:00054040       SsmGet_Sub_Accelerator_Sensor_P75
 0000:00054064       SsmGet_Main_Accelerator_Sensor_P76
 0000:00054088       SsmGet_Brake_Booster_Pressure_P77
 0000:0005409C       SsmGet_Cold_Start_Injector_Air_Pump_P80
 0000:000540B2       SsmGet_Memorised_Cruise_Speed_P82
 0000:00054238       SsmGet_Exhaust_VVT_Advance_Angle_Right_P83
 0000:0005424C       SsmGet_Exhaust_VVT_Advance_Angle_Left_P84
 0000:00054260       SsmGet_Exhaust_OCV_Duty_Right_P85
 0000:00054274       SsmGet_Exhaust_OCV_Duty_Left_P86
 0000:00054288       SsmGet_Exhaust_OCV_Current_Right_P87
 0000:0005429C       SsmGet_Exhaust_OCV_Current_Left_P88
 0000:000542B4       SsmGet_Switches_62
 0000:00054346       SsmGet_Switches_63_64_65_66_67_68
 0000:0005436E       ClutchBitMask_0x01
 0000:0005438A       CoastBitMask_0x01
 0000:00054398       ResumeBitMask_0x01
 0000:000543A6       BrakeBitMask_0x01
 0000:000545A4       SsmGet_Fine_Learning_Knock_Correction_P91
 0000:00055B2E       nullsub_22
 0000:00055B32       nullsub_23
 0000:00055CD0       nullsub_24
 0000:00059D48       SSM_BASE
 0000:00059D64       PtrSsmGet_Engine_Load_Relative_P1
 0000:00059D68       PtrSsmGet_Coolant_Temperature_P2
 0000:00059D6C       PtrSsmGet_AF_Correction_1_P3
 0000:00059D70       PtrSsmGet_AF_Learning_1_P4
 0000:00059D74       PtrSsmGet_AF_Correction_2_P5
 0000:00059D78       PtrSsmGet_AF_Learning_2_P6
 0000:00059D7C       PtrSsmGet_Manifold_Absolute_Pressure_P7
 0000:00059D80       PtrSsmGet_Engine_Speed_P8
 0000:00059D88       PtrSsmGet_Vehicle_Speed_P9
 0000:00059D8C       PtrSsmGet_Ignition_Total_Timing_P10
 0000:00059D90       PtrSsmGet_Intake_Air_Temperature_P11
 0000:00059D94       PtrSsmGet_Mass_Airflow_P12
 0000:00059D9C       PtrSsmGet_Throttle_Opening_Angle_P13
 0000:00059DA0       PtrSsmGet_Front_O2_Sensor_1_P14
 0000:00059DA8       PtrSsmGet_Rear_O2_Sensor_P15
 0000:00059DB0       PtrSsmGet_Front_O2_Sensor_2_P16
 0000:00059DB8       PtrSsmGet_Battery_Voltage_P17
 0000:00059DBC       PtrSsmGet_Mass_Airflow_Sensor_Voltage_P18
 0000:00059DC0       PtrSsmGet_Throttle_Sensor_Voltage_P19
 0000:00059DC4       PtrSsmGet_Differential_Pressure_Sensor_Voltage_P20
 0000:00059DC8       PtrSsmGet_Fuel_Injector_1_Pulse_Width_P21
 0000:00059DCC       PtrSsmGet_Fuel_Injector_2_Pulse_Width_P22
 0000:00059DD0       PtrSsmGet_Knock_Correction_Advance_P23
 0000:00059DD4       PtrSsmGet_Atmospheric_Pressure_P24
 0000:00059DD8       PtrSsmGet_Manifold_Relative_Pressure_P25
 0000:00059DDC       PtrSsmGet_Pressure_Differential_Sensor_P26
 0000:00059DE0       PtrSsmGet_Fuel_Tank_Pressure_P27
 0000:00059DE4       PtrSsmGet_CO_Adjustment_P28
 0000:00059DE8       PtrSsmGet_Learned_Ignition_Timing_P29
 0000:00059DEC       PtrSsmGet_Accelerator_Pedal_Angle_P30
 0000:00059DF0       PtrSsmGet_Fuel_Temperature_P31
 0000:00059DF4       PtrSsmGet_Front_O2_Heater_Current_1_P32
 0000:00059DF8       PtrSsmGet_Rear_O2_Heater_Current_P33
 0000:00059DFC       PtrSsmGet_Front_O2_Heater_Current_2_P34
 0000:00059E00       PtrSsmGet_Fuel_Level_P35
 0000:00059E08       PtrSsmGet_Primary_Wastegate_Duty_Cycle_P36
 0000:00059E0C       PtrSsmGet_Secondary_Wastegate_Duty_Cycle_P37
 0000:00059E10       PtrSsmGet_CPC_Valve_Duty_Ratio_P38
 0000:00059E14       PtrSsmGet_Tumble_Valve_Position_Sensor_Right_P39
 0000:00059E18       PtrSsmGet_Tumble_Valve_Position_Sensor_Left_P40
 0000:00059E1C       PtrSsmGet_Idle_Speed_Control_Valve_Duty_Ratio_P41
 0000:00059E20       PtrSsmGet_AF_Lean_Correction_P42
 0000:00059E24       PtrSsmGet_AF_Heater_Duty_P43
 0000:00059E28       PtrSsmGet_Idle_Speed_Control_Valve_Step_P44
 0000:00059E2C       PtrSsmGet_Number_of_Exh_Gas_Recirc_Steps_P45
 0000:00059E30       PtrSsmGet_Alternator_Duty_P46
 0000:00059E34       PtrSsmGet_Fuel_Pump_Duty_P47
 0000:00059E38       PtrSsmGet_Intake_VVT_Advance_Angle_Right_P48
 0000:00059E3C       PtrSsmGet_Intake_VVT_Advance_Angle_Left_P49
 0000:00059E40       PtrSsmGet_Intake_OCV_Duty_Right_P50
 0000:00059E44       PtrSsmGet_Intake_OCV_Duty_Left_P51
 0000:00059E48       PtrSsmGet_Intake_OCV_Current_Right_P52
 0000:00059E4C       PtrSsmGet_Intake_OCV_Current_Left_P53
 0000:00059E50       PtrSsmGet_AF_Sensor_1_Current_P54
 0000:00059E54       PtrSsmGet_AF_Sensor_2_Current_P55
 0000:00059E58       PtrSsmGet_AF_Sensor_1_Resistance_P56
 0000:00059E5C       PtrSsmGet_AF_Sensor_2_Resistance_P57
 0000:00059E60       PtrSsmGet_AF_Sensor_1_P58
 0000:00059E64       PtrSsmGet_AF_Sensor_2_P59
 0000:00059E70       PtrSsmGet_Gear_Position_P60
 0000:00059E94       PtrSsmGet_AF_Sensor_1_Heater_Current_P61
 0000:00059E98       PtrSsmGet_AF_Sensor_2_Heater_Current_P62
 0000:00059ECC       PtrSsmGet_Switches_1_2_3
 0000:00059ED0       PtrSsmGet_Switches_4_5_6_7_8_9
 0000:00059ED4       PtrSsmGet_Switches_10_11_12_13_14_15_16_17
 0000:00059ED8       PtrSsmGet_Switches_18_19_20_21_22_23_24_25
 0000:00059EDC       PtrSsmGet_Switches_26_27_28_29_30_31_32_33
 0000:00059EE0       PtrSsmGet_Switches_34_35_36_37_38_39_40_41
 0000:00059EE4       PtrSsmGet_Switches_42_43_44_45_46_47_48_49
 0000:00059EE8       PtrSsmGet_Switches_50_51_52_53
 0000:00059EEC       PtrSsmGet_Switches_54_55_56_57_58_59_60_61
 0000:0005A080       PtrSsmGet_Roughness_Monitor_Cylinder_1_P63
 0000:0005A084       PtrSsmGet_Roughness_Monitor_Cylinder_2_P64
 0000:0005A088       PtrSsmGet_AF_Correction_3_32bit_ECU_P89
 0000:0005A08C       PtrSsmGet_AF_Learning_3_P66
 0000:0005A090       PtrSsmGet_Rear_O2_Heater_Voltage_P67
 0000:0005A094       PtrSsmGet_AF_Adjustment_Voltage_P68
 0000:0005A0A8       PtrSsmGet_Roughness_Monitor_Cylinder_3_P69
 0000:0005A0AC       PtrSsmGet_Roughness_Monitor_Cylinder_4_P70
 0000:0005A12C       PtrSsmGet_IAM_P90
 0000:0005A130       PtrSsmGet_Throttle_Motor_Duty_P71
 0000:0005A134       PtrSsmGet_Throttle_Motor_Voltage_P72
 0000:0005A148       PtrSsmGet_Sub_Throttle_Sensor_P73
 0000:0005A14C       PtrSsmGet_Main_Throttle_Sensor_P74
 0000:0005A150       PtrSsmGet_Sub_Accelerator_Sensor_P75
 0000:0005A154       PtrSsmGet_Main_Accelerator_Sensor_P76
 0000:0005A158       PtrSsmGet_Brake_Booster_Pressure_P77
 0000:0005A15C       PtrSsmGet_Fuel_Pressure_High_P78
 0000:0005A160       PtrSsmGet_Exhaust_Gas_Temperature_P79
 0000:0005A168       PtrSsmGet_Cold_Start_Injector_Air_Pump_P80
 0000:0005A16C       PtrSsmGet_SCV_Step_P81
 0000:0005A170       PtrSsmGet_Memorised_Cruise_Speed_P82
 0000:0005A1A8       PtrSsmGet_Exhaust_VVT_Advance_Angle_Right_P83
 0000:0005A1AC       PtrSsmGet_Exhaust_VVT_Advance_Angle_Left_P84
 0000:0005A1B0       PtrSsmGet_Exhaust_OCV_Duty_Right_P85
 0000:0005A1B4       PtrSsmGet_Exhaust_OCV_Duty_Left_P86
 0000:0005A1B8       PtrSsmGet_Exhaust_OCV_Current_Right_P87
 0000:0005A1BC       PtrSsmGet_Exhaust_OCV_Current_Left_P88
 0000:0005A1C8       PtrSsmGet_Switches_62
 0000:0005A1CC       PtrSsmGet_Switches_63_64_65_66_67_68
 0000:0005A3AC       PtrSsmGet_Fine_Learning_Knock_Correction_P91
 0000:0005B89C       a34512345
 0000:0006D298       aCDloCDlC
 0000:00079794       aCoZbLIfF
 0000:000843B8       aJCkcDS
 0000:00085904       P0335_CRANKSHAFT_POS_SENSOR_A_MALFUNCTION
 0000:00085905       P0336_CRANKSHAFT_POS_SENSOR_A_RANGEPERF
 0000:00085908       P0604_CONTROL_MODULE_RAM_ERROR
 0000:00085909       P0102_MAF_SENSOR_LOW_INPUT
 0000:0008590A       P0103_MAF_SENSOR_HIGH_INPUT
 0000:0008590B       P0500_VEHICLE_SPEED_SENSOR_A
 0000:0008590E       P0327_KNOCK_SENSOR_1_LOW_INPUT
 0000:0008590F       P0328_KNOCK_SENSOR_1_HIGH_INPUT
 0000:00085910       P0122_TPS_A_LOW_INPUT
 0000:00085911       P0123_TPS_A_HIGH_INPUT
 0000:00085912       P0117_COOLANT_TEMP_SENSOR_LOW_INPUT
 0000:00085913       P0118_COOLANT_TEMP_SENSOR_HIGH_INPUT
 0000:00085914       P0464_FUEL_LEVEL_SENSOR_INTERMITTENT
 0000:00085915       P0125_INSUFFICIENT_COOLANT_TEMP_FUELING
 0000:00085916       P0462_FUEL_LEVEL_SENSOR_LOW_INPUT
 0000:00085917       P0463_FUEL_LEVEL_SENSOR_HIGH_INPUT
 0000:00085918       P0461_FUEL_LEVEL_SENSOR_RANGEPERF
 0000:0008591A       P0512_STARTER_REQUEST_CIRCUIT
 0000:0008591B       P0452_EVAP_PRESSURE_SENSOR_LOW_INPUT
 0000:0008591C       P0453_EVAP_PRESSURE_SENSOR_HIGH_INPUT
 0000:0008591D       P0451_EVAP_PRESSURE_SENSOR_RANGEPERF
 0000:0008591E       P0851_NEUTRAL_SWITCH_INPUT_LOW
 0000:0008591F       P0182_FUEL_TEMP_SENSOR_A_LOW_INPUT
 0000:00085920       P0183_FUEL_TEMP_SENSOR_A_HIGH_INPUT
 0000:00085921       P0181_FUEL_TEMP_SENSOR_A_RANGEPERF
 0000:00085922       P0852_NEUTRAL_SWITCH_INPUT_HIGH
 0000:0008592F       P0011_CAMSHAFT_POS__TIMING_OVERADVANCED_1
 0000:00085930       P0021_CAMSHAFT_POS__TIMING_OVERADVANCED_2
 0000:00085931       P1400_FUEL_TANK_PRESSURE_SOL_LOW
 0000:00085932       P1420_FUEL_TANK_PRESSURE_SOL_HIGH_INPUT
 0000:00085933       P0458_EVAP_PURGE_VALVE_CIRCUIT_LOW
 0000:00085934       P0459_EVAP_PURGE_VALVE_CIRCUIT_HIGH
 0000:00085935       P1443_VENT_CONTROL_SOLENOID_FUNCTION_PROBLEM
 0000:00085936       P0447_EVAP_VENT_CONTROL_CIRCUIT_OPEN
 0000:00085937       P0448_EVAP_VENT_CONTROL_CIRCUIT_SHORTED
 0000:00085938       P0133_FRONT_O2_SENSOR_SLOW_RESPONSE
 0000:00085939       P0139_REAR_O2_SENSOR_SLOW_RESPONSE
 0000:0008593A       P1152_FRONT_O2_SENSOR_RANGEPERF_LOW_B1_S1
 0000:0008593B       P1153_FRONT_O2_SENSOR_RANGEPERF_HIGH_B1_S1
 0000:0008593E       P0420_CAT_EFFICIENCY_BELOW_THRESHOLD
 0000:0008593F       P0442_EVAP_LEAK_DETECTED_SMALL
 0000:00085940       P0456_EVAP_LEAK_DETECTED_VERY_SMALL
 0000:00085942       P0171_SYSTEM_TOO_LEAN
 0000:00085943       P0172_SYSTEM_TOO_RICH
 0000:00085944       P0301_MISFIRE_CYLINDER_1
 0000:00085945       P0302_MISFIRE_CYLINDER_2
 0000:00085946       P0303_MISFIRE_CYLINDER_3
 0000:00085947       P0304_MISFIRE_CYLINDER_4
 0000:0008594A       P0457_EVAP_LEAK_DETECTED_FUEL_CAP
 0000:0008594B       P0000_PASS_CODE_NO_DTC_DETECTED
 0000:0008594C       P0000_PASS_CODE_NO_DTC_DETECTED_
 0000:0008594D       P0137_REAR_O2_SENSOR_LOW_VOLTAGE
 0000:0008594E       P0131_FRONT_O2_SENSOR_LOW_INPUT
 0000:00085950       P0132_FRONT_O2_SENSOR_HIGH_INPUT
 0000:00085952       P0138_REAR_O2_SENSOR_HIGH_VOLTAGE
 0000:00085954       P0112_IAT_SENSOR_LOW_INPUT
 0000:00085955       P0113_IAT_SENSOR_HIGH_INPUT
 0000:00085956       P0111_IAT_SENSOR_RANGEPERF
 0000:00085957       P0038_REAR_O2_SENSOR_HIGH_INPUT
 0000:00085958       P0032_FRONT_O2_SENSOR_HIGH_INPUT
 0000:00085959       P0037_REAR_O2_SENSOR_LOW_INPUT
 0000:0008595A       P0031_FRONT_O2_SENSOR_LOW_INPUT
 0000:0008595B       P0107_MAP_SENSOR_LOW_INPUT
 0000:0008595C       P0108_MAP_SENSOR_HIGH_INPUT
 0000:00085961       P0128_THERMOSTAT_MALFUNCTION
 0000:00085962       P1491_PCV_BLOWBY_FUNCTION_PROBLEM
 0000:00085963       P1560_BACKUP_VOLTAGE_MALFUNCTION
 0000:00085966       P0245_WASTEGATE_SOLENOID_A_LOW
 0000:00085967       P0246_WASTEGATE_SOLENOID_A_HIGH
 0000:00085968       P0244_WASTEGATE_SOLENOID_A_RANGEPERF
 0000:0008596A       P0230_FUEL_PUMP_PRIMARY_CIRCUIT
 0000:0008596B       P0068_MAP_SENSOR_RANGEPERF
 0000:0008596C       P0101_MAF_SENSOR_RANGEPERF
 0000:0008596E       P0134_FRONT_O2_SENSOR_NO_ACTIVITY
 0000:00085970       P0030_FRONT_O2_SENSOR_RANGEPERF
 0000:00085977       P2109_TPS_A_MINIMUM_STOP_PERF
 0000:00085978       P0222_TPS_B_LOW_INPUT
 0000:00085979       P0223_TPS_B_HIGH_INPUT
 0000:0008597A       P1160_ABNORMAL_RETURN_SPRING
 0000:0008597B       P2102_THROTTLE_ACTUATOR_CIRCUIT_LOW
 0000:0008597C       P2103_THROTTLE_ACTUATOR_CIRCUIT_HIGH
 0000:0008597D       P2101_THROTTLE_ACTUATOR_CIRCUIT_RANGEPERF
 0000:0008597E       P2096_POST_CATALYST_TOO_LEAN_B1
 0000:0008597F       P0638_THROTTLE_ACTUATOR_RANGEPERF
 0000:00085980       P0607_CONTROL_MODULE_PERFORMANCE
 0000:00085981       P2138_TPS_DE_VOLTAGE
 0000:00085982       P2127_TPS_E_CIRCUIT_LOW_INPUT
 0000:00085983       P2128_TPS_E_CIRCUIT_HIGH_INPUT
 0000:00085984       P2122_TPS_D_CIRCUIT_LOW_INPUT
 0000:00085985       P2123_TPS_D_CIRCUIT_HIGH_INPUT
 0000:00085986       P2135_TPS_AB_VOLTAGE
 0000:00085987       P2097_POST_CATALYST_TOO_RICH_B1
 0000:00085988       P0600_SERIAL_COMMUNICATION_LINK
 0000:0008598B       P0345_CAMSHAFT_POS_SENSOR_A_BANK_2
 0000:0008598C       P0340_CAMSHAFT_POS_SENSOR_A_MALFUNCTION
 0000:0008598D       P0605_CONTROL_MODULE_ROM_ERROR
 0000:00085992       P2093_OCV_SOLENOID_A2_CIRCUIT_SHORT
 0000:00085993       P2092_OCV_SOLENOID_A2_CIRCUIT_OPEN
 0000:00085994       P2089_OCV_SOLENOID_A1_CIRCUIT_SHORT
 0000:00085995       P2088_OCV_SOLENOID_A1_CIRCUIT_OPEN
 0000:00085999       P0700_TRANSMISSION_CONTROL_SYSTEM
 0000:000859A4       P2004_TGV__INTAKE_MANIFOLD_RUNNER_1_STUCK_OPEN
 0000:000859A5       P2006_TGV__INTAKE_MANIFOLD_RUNNER_1_STUCK_CLOSED
 0000:000859A6       P2005_TGV__INTAKE_MANIFOLD_RUNNER_2_STUCK_OPEN
 0000:000859A7       P2007_TGV__INTAKE_MANIFOLD_RUNNER_2_STUCK_CLOSED
 0000:000859A9       P0126_INSUFFICIENT_COOLANT_TEMP_OPERATION
 0000:000859AC       P2016_TGV__INTAKE_MANIFOLD_RUNNER_1_POS_SENSOR_LOW
 0000:000859AD       P2017_TGV__INTAKE_MANIFOLD_RUNNER_1_POS_SENSOR_HIGH
 0000:000859AE       P2021_TGV__INTAKE_MANIFOLD_RUNNER_2_POS_SENSOR_LOW
 0000:000859AF       P2022_TGV__INTAKE_MANIFOLD_RUNNER_2_POS_SENSOR_HIGH
 0000:000859B0       P2009_TGV__INTAKE_MANIFOLD_RUNNER_1_CIRCUIT_LOW
 0000:000859B1       P2012_TGV__INTAKE_MANIFOLD_RUNNER_2_CIRCUIT_LOW
 0000:000859B2       P2008_TGV__INTAKE_MANIFOLD_RUNNER_1_CIRCUIT_OPEN
 0000:000859B3       P2011_TGV__INTAKE_MANIFOLD_RUNNER_2_CIRCUIT_OPEN
 0000:000859B4       P2444_SECONDARY_AIR_PUMP_1_STUCK_ON_B1
 0000:000859B5       P0411_SECONDARY_AIR_PUMP_INCORRECT_FLOW
 0000:000859B6       P0410_SECONDARY_AIR_PUMP_SYSTEM
 0000:000859B7       P2431_SECONDARY_AIR_PUMP_CIRCUIT_RANGEPERF
 0000:000859B8       P2433_SECONDARY_AIR_PUMP_CIRCUIT_HIGH
 0000:000859B9       P2432_SECONDARY_AIR_PUMP_CIRCUIT_LOW
 0000:000859BA       P0413_SECONDARY_AIR_PUMP_A_OPEN
 0000:000859BB       P0418_SECONDARY_AIR_PUMP_RELAY_A
 0000:000859BC       P0140_REAR_O2_SENSOR_NO_ACTIVITY
 0000:000859BE       P1602_CONTROL_MODULE_PROGRAMMING_ERROR
 0000:000859BF       P0414_SECONDARY_AIR_PUMP_A_SHORTED
 0000:000859C0       P1418_SECONDARY_AIR_PUMP_CIRCUIT_SHORTED
 0000:000859C1       P0018_CRANKSHAFTCAMSHAFT_CORRELATION_2A
 0000:000859C2       P0016_CRANKSHAFTCAMSHAFT_CORRELATION_1A
 0000:000859C3       P1410_SECONDARY_AIR_PUMP_VALVE_STUCK_OPEN
 0000:000859C4       P2443_SECONDARY_AIR_PUMP_2_STUCK_CLOSED
 0000:000859C5       P2442_SECONDARY_AIR_PUMP_VALVE_2_STUCK_OPEN
 0000:000859C6       P2441_SECONDARY_AIR_PUMP_VALVE_1_STUCK_CLOSED
 0000:000859C7       P2440_SECONDARY_AIR_PUMP_VALVE_1_STUCK_OPEN
 0000:000859C8       P0417_SECONDARY_AIR_PUMP_B_SHORTED
 0000:000859C9       P0416_SECONDARY_AIR_PUMP_B_OPEN
 0000:000859CC       P1616_SBDS_INTERACTIVE_CODES
 0000:000859CD       P1520_IMRC_CIRCUIT_MALFUNCTION
 0000:000859CE       P1519_IMRC_STUCK_CLOSED
 0000:000859CF       P0441_EVAP_INCORRECT_PURGE_FLOW
 0000:000859D0       P2419_EVAP_SWITCHING_VALVE_LOW
 0000:000859D1       P2420_EVAP_SWITCHING_VALVE_HIGH
 0000:0008902A       SBR_CEL_EVAL_JUMPS
 0000:0008919C       nullsub_25
 0000:000891A0       nullsub_26
 0000:00089278       SBR_CEL_LIGHT_TRIGGER
 0000:000897CE       aJCoA
 0000:0008988E       aJCo0u
 0000:0008E908       aCoZfHlcu
 0000:00090B30       Force_Pass_Readiness_Monitors_
 0000:00093A58       Table_Turbo_Dynamics_Proportional
 0000:00093A6C       Table_Turbo_Dynamics_Integral_Negative
 0000:00093A80       Table_Turbo_Dynamics_Integral_Positive
 0000:00093AB8       Table_Target_Boost_Compensation_IAT_
 0000:00093AC4       Table_InitialMax_Wastegate_Duty_Compensation_Atm_Pressure
 0000:00093AE0       Table_Target_Boost_Compensation_Atm_Pressure_
 0000:00093AFC       Table_Max_Wastegate_Duty_
 0000:00093B18       Table_Initial_Wastegate_Duty_
 0000:00093B34       Table_Target_Boost_
 0000:00093F2C       Table_Engine_Load_Limit_B_Maximum_RPM
 0000:00093FA4       Table_Front_Oxygen_Sensor_Compensation_Atm_Pressure
 0000:00094078       Table_MAF_Compensation_IAT
 0000:00094094       Table_Engine_Load_Compensation_Cruise_MP
 0000:000940B0       Table_Engine_Load_Compensation_NonCruise_MP
 0000:00094DF4       Table_Cranking_Fuel_IPW_Compensation_MAP
 0000:00094E08       Table_Cranking_Fuel_IPW_Compensation_Accelerator
 0000:00094E1C       Table_Cranking_Fuel_IPW_Compensation_IAT
 0000:00095078       Table_Minimum_Primary_Open_Loop_Enrichment_Throttle
 0000:0009508C       Table_Minimum_Primary_Open_Loop_Enrichment_Accelerator
 0000:0009526C       Table_Tipin_Enrichment_Compensation_Boost_Error
 0000:00095280       Table_Tipin_Enrichment_Compensation_A_ECT
 0000:000952A0       Table_Tipin_Enrichment_Disable_Applied_Counter_Threshold_B_ECT
 0000:000953C8       Table_Cranking_Fuel_Injector_Pulse_Width_E_ECT
 0000:00095B40       Table_CL_to_OL_Transition_Counter_Step_Value_MAF
 0000:00095FC4       Table_Cranking_Fuel_IPW_Compensation_Imm_NonCruise_RPM
 0000:00095FE0       Table_Cranking_Fuel_IPW_Compensation_Imm_Cruise_RPM
 0000:000960DC       Table_Primary_Open_Loop_Fueling
 0000:000960F8       Table_Primary_Open_Loop_Fueling_Failsafe
 0000:0009622C       Table_Injector_Latency_
 0000:00096304       Table_CL_Fueling_Target_Compensation_A_Load
 0000:0009633C       Table_CL_Fueling_Target_Compensation_B_Load
 0000:00096454       Table_Boost_Limit_Fuel_Cut_
 0000:00096574       Table_Base_Timing_Idle_Minimum
 0000:000965C4       Table_Base_Timing_Idle_B_Neutral
 0000:00096614       Table_Timing_Compensation_Imm_NonCruise_B_ECT
 0000:00096A5C       Table_Rough_Correction_Learning_Delay_Increasing_
 0000:00096C34       Table_Timing_Compensation_Per_Cylinder_A
 0000:00096C50       Table_Timing_Compensation_Per_Cylinder_B
 0000:00096C6C       Table_Timing_Compensation_Per_Cylinder_C
 0000:00096C88       Table_Timing_Compensation_Per_Cylinder_D
 0000:00096CDC       Table_Knock_Correction_Advance_Max_Cruise
 0000:00096CF8       Table_Knock_Correction_Advance_Max_NonCruise
 0000:00096D68       Table_Base_Timing_Primary_Cruise
 0000:00096D84       Table_Base_Timing_Primary_NonCruise
 0000:00096DA0       Table_Base_Timing_Reference_Cruise_AVCS_related
 0000:00096DBC       Table_Base_Timing_Reference_NonCruise_AVCS_related
 0000:00096DD8       Table_Timing_Compensation_A_IAT_Activation
 0000:00097934       Table_Requested_Torque_A_Accelerator_Pedal
 0000:00097950       Table_Requested_Torque_B_Accelerator_Pedal
 0000:0009796C       Table_Requested_Torque_C_Accelerator_Pedal
 0000:00097AC0       Table_Fuel_Temp_Sensor_Scaling
 0000:00097ACC       Table_MAF_Sensor_Scaling
 0000:00097AD8       Table_Front_Oxygen_Sensor_Scaling
 0000:00097F78       Table_Intake_Cam_Advance_Angle_Cruise_AVCS
 0000:00097F94       Table_Intake_Cam_Advance_Angle_NonCruise_AVCS
 0000:000BE750       SBR_StatusReg_IntMask
 0000:000BE760       SBR_SR_Restore
 0000:000BE764       sPull2DFloat
 0000:000BE818       sPull3DFloat
 0000:000BF258       aMsr_rfcc_shcv9
 0000:000C0000       aAz1e401a
 0000:000C0581       Boost_Control_Disable_Delay_Fine_Correction
 0000:000C05A8       TD_Activation_Thresholds_Target_Boost_
 0000:000C05B0       TD_Integral_Negative_Activation_Boost_Error
 0000:000C05B4       TD_Integral_Positive_Activation_Boost_Error
 0000:000C05B8       TD_Integral_Positive_Activation_Wastegate_Duty
 0000:000C05BC       TD_Activation_Thresholds_RPM
 0000:000C05C4       TD_Integral_Cumulative_Range_WGDC_Correction
 0000:000C05CC       Boost_Control_Disable_Fine_Correction
 0000:000C05D0       Boost_Control_Disable_IAM
 0000:000C05DC       Target_Boost_Compensation_1st_Gear_Speed_Disable
 0000:000C05E4       Target_Boost_Compensation_1st_Gear
 0000:000C05E8       InitialMax_Wastegate_Duty_Compensation_ECT_Y_Axis
 0000:000C0628       TD_Integral_Negative_Compensation_IAT_Y_Axis
 0000:000C0668       InitialMax_Wastegate_Duty_Compensation_IAT
 0000:000C0688       InitialMax_Wastegate_Duty_Compensation_ECT
 0000:000C0698       TD_Proportional_Compensation_IAT
 0000:000C06A8       TD_Integral_Negative_Compensation_IAT
 0000:000C06B8       TD_Integral_Positive_Compensation_IAT
 0000:000C06C8       Target_Boost_Compensation_ECT
 0000:000C06D8       Turbo_Dynamics_Proportional_Y_Axis
 0000:000C06FC       Turbo_Dynamics_Proportional
 0000:000C0710       Turbo_Dynamics_Integral_Negative_Y_Axis
 0000:000C0734       Turbo_Dynamics_Integral_Negative
 0000:000C0748       Turbo_Dynamics_Integral_Positive_Y_Axis
 0000:000C076C       Turbo_Dynamics_Integral_Positive
 0000:000C07F8       Target_Boost_Compensation_IAT__Y_Axis
 0000:000C0810       Target_Boost_Compensation_IAT_
 0000:000C0828       InitialMax_Wastegate_Duty_Compensation_Atm_Pressure_X_Axis
 0000:000C0840       InitialMax_Wastegate_Duty_Compensation_Atm_Pressure_Y_Axis
 0000:000C0850       InitialMax_Wastegate_Duty_Compensation_Atm_Pressure
 0000:000C0868       Target_Boost_Compensation_Atm_Pressure__X_Axis
 0000:000C0880       Target_Boost_Compensation_Atm_Pressure__Y_Axis
 0000:000C0898       Target_Boost_Compensation_Atm_Pressure_
 0000:000C08BC       Max_Wastegate_Duty__X_Axis
 0000:000C08F8       Max_Wastegate_Duty__Y_Axis
 0000:000C092C       Max_Wastegate_Duty_
 0000:000C0AB4       Initial_Wastegate_Duty__X_Axis
 0000:000C0AF0       Initial_Wastegate_Duty__Y_Axis
 0000:000C0B24       Initial_Wastegate_Duty_
 0000:000C0CAC       Target_Boost__X_Axis
 0000:000C0CD8       Target_Boost__Y_Axis
 0000:000C0D14       Target_Boost_
 0000:000C0F48       aDzpfff
 0000:000C0F50       aDh
 0000:000C1060       aLSss?
 0000:000C17EC       a@Ss@Ss??B
 0000:000C1800       a@
 0000:000C19CC       aLSssCff?
 0000:000C19E4       a?a_12
 0000:000C264C       MAF_Limit_Maximum
 0000:000C266C       dLoadSmoothingAlt
 0000:000C2670       dLoadSmoothingB
 0000:000C2674       dLoadSmoothingA
 0000:000C2680       dLoadSmoothingFinal
 0000:000C2684       aBm
 0000:000C2688       aEia
 0000:000C2844       Gear_Determination_Thresholds_A
 0000:000C2858       Gear_Determination_Thresholds_B
 0000:000C286C       Gear_Determination_Thresholds_C
 0000:000C29E8       Engine_Load_Limit_B_Maximum_RPM_Y_Axis
 0000:000C29F0       Engine_Load_Limit_B_Maximum_RPM
 0000:000C2AE0       Front_Oxygen_Sensor_Compensation_Atm_Pressure_Y_Axis
 0000:000C2AF0       Front_Oxygen_Sensor_Compensation_Atm_Pressure
 0000:000C2C10       aEMyuxQfOWfa
 0000:000C2D90       MAF_Compensation_IAT_X_Axis
 0000:000C2DA4       MAF_Compensation_IAT_Y_Axis
 0000:000C2DC4       MAF_Compensation_IAT
 0000:000C2DEC       Engine_Load_Compensation_Cruise_MP_X_Axis
 0000:000C2E18       Engine_Load_Compensation_Cruise_MP_Y_Axis
 0000:000C2E50       Engine_Load_Compensation_Cruise_MP
 0000:000C2EEC       Engine_Load_Compensation_NonCruise_MP_X_Axis
 0000:000C2F18       Engine_Load_Compensation_NonCruise_MP_Y_Axis
 0000:000C2F50       Engine_Load_Compensation_NonCruise_MP
 0000:000C3684       Manifold_Pressure_Sensor_CEL_Delays
 0000:000C399C       aGL33?a
 0000:000C39B0       aSssb4
 0000:000C39B8       aAp
 0000:000C3A30       aAi33axqiazAfQd
 0000:000C3A44       aA_10
 0000:000C3B58       aA33ac33?Ss?Ssa
 0000:000C3B70       a?_2
 0000:000C3B74       aDma
 0000:000C3B78       aB_1
 0000:000C3B7C       aB_2
 0000:000C3B80       a?bp?a
 0000:000C3B8C       aA_9
 0000:000C3B90       a?fff
 0000:000C3BA0       a@_7
 0000:000C3D0C       aL9aiqL?333bm
 0000:000C3D24       aAa
 0000:000C3D28       a@_6
 0000:000C3EF4       aHbsa@Ffhbsad
 0000:000C3F04       aLcxe
 0000:000C4804       aIaiaiaiaiaiaia
 0000:000C517C       aSssSssSssSssSs
 0000:000C533C       aSssSssSssSss33
 0000:000C5378       aE
 0000:000C537C       aEz
 0000:000C6010       aXrxrxrxrxrxrcC
 0000:000C6028       aA_11
 0000:000C8064       aG
 0000:000C808C       aLLL
 0000:000C80A1       aLLL_0
 0000:000C80D8       aG_0
 0000:000C8100       aLLL_1
 0000:000C8115       aLLL_2
 0000:000C8161       Tipin_Enrichment_Applied_Counter_Reset
 0000:000C8162       Tipin_Throttle_Cumulative_Reset
 0000:000C81AE       CL_Delay_Engine_Load_Counter_Threshold
 0000:000C81B6       CL_to_OL_Delay_
 0000:000C837C       Injector_Flow_Scaling
 0000:000C83A8       aEAGEAUPLL
 0000:000C83CC       a?yss?a
 0000:000C83D4       a@_5
 0000:000C845C       aL?s33L?fff
 0000:000C8474       aBu
 0000:000C8498       a?s33?s33?yss?j
 0000:000C84AC       aB_0
 0000:000C84B4       a?yss?sss?fff?a
 0000:000C84C4       a?a_4
 0000:000C85B0       AF_Learning_1_Limits
 0000:000C85C0       AF_Learning_1_Airflow_Ranges
 0000:000C8634       aAiq?Q?zsg?Q?zs
 0000:000C864C       aA_4
 0000:000C8688       aLUPLUP
 0000:000C86A0       aA_5
 0000:000C86A4       aA_6
 0000:000C86A8       Primary_Open_Loop_Fuel_Map_Switch_IAM
 0000:000C86AC       Minimum_Active_Primary_Open_Loop_Enrichment
 0000:000C86B0       CL_to_OL_Transition_with_Delay_BPW_Hysteresis
 0000:000C86B4       CL_to_OL_Transition_with_Delay_Throttle_Hysteresis
 0000:000C86B8       CL_Delay_Minimum_ECT
 0000:000C86BC       CL_Delay_Maximum_Engine_Speed_Per_Gear
 0000:000C86E4       CL_Delay_Maximum_Engine_Speed_Neutral
 0000:000C8714       CL_Delay_Maximum_Throttle
 0000:000C8730       CL_Delay_Maximum_Vehicle_Speed
 0000:000C8740       CL_Delay_Maximum_Engine_Load
 0000:000C87BC       aLL?
 0000:000C87D0       aLLA
 0000:000C87DC       aA_7
 0000:000C87E0       a?_1
 0000:000C87E4       aA_8
 0000:000C87E8       a@a_3
 0000:000C87EC       aCc
 0000:000C89CC       Minimum_Tipin_Enrichment_Activation_Throttle
 0000:000C89D0       Minimum_Tipin_Enrichment_Activation
 0000:000C89D4       Tipin_Enrichment_Compensation_D_ECT_Activation
 0000:000C8A2C       Rev_Limit_Fuel_Cut
 0000:000C8A30       Rev_Limit_Fuel_Resume
 0000:000C8A34       Rev_Limit_Fuel_Resume_Boost
 0000:000C8A7C       Speed_Limiting_Enable_Fuel_Cut
 0000:000C8A84       Speed_Limiting_Disable_Fuel_Cut
 0000:000C8AD8       Min_Primary_Base_Enrichment_1_NonPrimary_OL__Y_Axis
 0000:000C8B18       Tipin_Enrichment_Compensation_D_ECT_Y_Axis
 0000:000C8CF4       Cranking_Fuel_IPW_Compensation_MAP_Y_Axis
 0000:000C8D1C       Cranking_Fuel_IPW_Compensation_MAP
 0000:000C8D28       Cranking_Fuel_IPW_Compensation_Accelerator_Y_Axis
 0000:000C8D50       Cranking_Fuel_IPW_Compensation_Accelerator
 0000:000C8D5C       Cranking_Fuel_IPW_Compensation_IAT_Y_Axis
 0000:000C8D70       Cranking_Fuel_IPW_Compensation_IAT
 0000:000C8DD5       Min_Primary_Base_Enrichment_1_NonPrimary_OL_
 0000:000C91CC       Primary_Open_Loop_Fueling_Compensation_Timing_Compensation__Y_Axis
 0000:000C91E4       Primary_Open_Loop_Fueling_Compensation_Timing_Compensation_
 0000:000C91EC       CL_to_OL_Transition_with_Delay_Throttle_Y_Axis
 0000:000C922C       CL_to_OL_Transition_with_Delay_Throttle
 0000:000C923C       Minimum_Primary_Open_Loop_Enrichment_Throttle_Y_Axis
 0000:000C9254       Minimum_Primary_Open_Loop_Enrichment_Throttle
 0000:000C925C       Minimum_Primary_Open_Loop_Enrichment_Accelerator_Y_Axis
 0000:000C9274       Minimum_Primary_Open_Loop_Enrichment_Accelerator
 0000:000C944C       aAaaaaaaaaaaaaa
 0000:000C952C       aVxnzgbaaaaaaaa
 0000:000C958C       Tipin_Enrichment_Compensation_RPM_Y_Axis
 0000:000C95CC       Tipin_Enrichment_Compensation_RPM
 0000:000C95DC       Tipin_Enrichment_Compensation_Boost_Error_Y_Axis
 0000:000C9600       Tipin_Enrichment_Compensation_Boost_Error
 0000:000C9609       Tipin_Enrichment_Compensation_A_ECT
 0000:000C9619       Tipin_Enrichment_Disable_Applied_Counter_Threshold_A_ECT
 0000:000C9629       Tipin_Enrichment_Disable_Applied_Counter_Threshold_B_ECT
 0000:000C9701       aDcfcfcfcfcfcfc
 0000:000C9728       aR
 0000:000C972A       aCfcfcfcfcfcfcf
 0000:000C9748       aR_0
 0000:000C974A       aCfcfcfcfcfcf_0
 0000:000C976D       a?_3
 0000:000C976F       a?_4
 0000:000C9771       a?_5
 0000:000C9773       a?_6
 0000:000C9775       a?_7
 0000:000C9777       a?_8
 0000:000C979A       Cranking_Fuel_Injector_Pulse_Width_A_ECT
 0000:000C97BA       Cranking_Fuel_Injector_Pulse_Width_B_ECT
 0000:000C97DA       Cranking_Fuel_Injector_Pulse_Width_C_ECT
 0000:000C97FA       Cranking_Fuel_Injector_Pulse_Width_D_ECT
 0000:000C981A       Cranking_Fuel_Injector_Pulse_Width_E_ECT
 0000:000C983A       Cranking_Fuel_Injector_Pulse_Width_F_ECT
 0000:000C9F58       aLSss?l?a
 0000:000C9FA8       aLSss?l?a_0
 0000:000CA32C       aLLLLLLLLLL33?
 0000:000CA3F0       a33333333333333
 0000:000CA684       aZszszszszsyYYY
 0000:000CA784       aZszszszszsyY_0
 0000:000CAA5C       CL_to_OL_Transition_with_Delay_Base_Pulse_Width_Y_Axis
 0000:000CAA9C       CL_to_OL_Transition_with_Delay_Base_Pulse_Width
 0000:000CAABC       CL_to_OL_Transition_Counter_Step_Value_MAF_Y_Axis
 0000:000CAAE4       CL_to_OL_Transition_Counter_Step_Value_MAF
 0000:000CAB70       Primary_Open_Loop_Fueling_Compensation_ECT
 0000:000CAB78       a1KDzgoqYA
 0000:000CAB88       aA_12
 0000:000CAB8A       aA_13
 0000:000CAB8C       aA_14
 0000:000CAB8E       aA_15
 0000:000CABF0       aG3g3g3g3g3g3g3
 0000:000CAC1C       aA_16
 0000:000CAC1E       aA_17
 0000:000CAC20       aA_18
 0000:000CAC22       aA_19
 0000:000CAC24       aA_20
 0000:000CAC26       aA_21
 0000:000CAC28       aLSss?_0
 0000:000CAC34       a?333?fff?m?jff
 0000:000CB180       Throttle_Tipin_Enrichment_A_Y_Axis
 0000:000CB1C8       Throttle_Tipin_Enrichment_A
 0000:000CB1EC       Throttle_Tipin_Enrichment_B_Y_Axis
 0000:000CB234       Throttle_Tipin_Enrichment_B
 0000:000CB258       Tipin_Enrichment_Compensation_B_ECT
 0000:000CB278       Tipin_Enrichment_Compensation_C_ECT
 0000:000CB2B8       Tipin_Enrichment_Compensation_D_ECT
 0000:000CB2D8       Tipin_Enrichment_Disable_Throttle_Cumulative_Threshold_A_ECT
 0000:000CB2F8       Tipin_Enrichment_Disable_Throttle_Cumulative_Threshold_B_ECT
 0000:000CB494       a?l?l?l@s33@u33
 0000:000CBA70       aAaaaAavpcaamFa
 0000:000CBA94       aBc
 0000:000CBAC4       aAaaaAavpcaam_0
 0000:000CBAE8       Cranking_Fuel_IPW_Compensation_Imm_NonCruise_RPM_X_Axis
 0000:000CBAFC       Cranking_Fuel_IPW_Compensation_Imm_NonCruise_RPM_Y_Axis
 0000:000CBB18       Cranking_Fuel_IPW_Compensation_Imm_NonCruise_RPM
 0000:000CBB3C       Cranking_Fuel_IPW_Compensation_Imm_Cruise_RPM_X_Axis
 0000:000CBB50       Cranking_Fuel_IPW_Compensation_Imm_Cruise_RPM_Y_Axis
 0000:000CBB6C       Cranking_Fuel_IPW_Compensation_Imm_Cruise_RPM
 0000:000CBD00       Min_Primary_Base_Enrichment_1_NonCruise_Y_Axis
 0000:000CBD20       Min_Primary_Base_Enrichment_1_NonCruise
 0000:000CBDA0       Min_Primary_Base_Enrichment_1_Cruise_Y_Axis
 0000:000CBDC4       Min_Primary_Base_Enrichment_1_Cruise
 0000:000CC10C       Primary_Open_Loop_Fueling_X_Axis
 0000:000CC148       Primary_Open_Loop_Fueling_Y_Axis
 0000:000CC190       Primary_Open_Loop_Fueling
 0000:000CC2A0       Primary_Open_Loop_Fueling_Failsafe_X_Axis
 0000:000CC2DC       Primary_Open_Loop_Fueling_Failsafe_Y_Axis
 0000:000CC324       Primary_Open_Loop_Fueling_Failsafe
 0000:000CC958       Per_Injector_Pulse_Width_Compensation_A_X_Axis
 0000:000CC99C       Per_Injector_Pulse_Width_Compensation_A_Y_Axis
 0000:000CC9E0       Per_Injector_Pulse_Width_Compensation_A
 0000:000CCB04       Per_Injector_Pulse_Width_Compensation_B_X_Axis
 0000:000CCB48       Per_Injector_Pulse_Width_Compensation_B_Y_Axis
 0000:000CCB8C       Per_Injector_Pulse_Width_Compensation_B
 0000:000CCCB0       Per_Injector_Pulse_Width_Compensation_C_X_Axis
 0000:000CCCF4       Per_Injector_Pulse_Width_Compensation_C_Y_Axis
 0000:000CCD38       Per_Injector_Pulse_Width_Compensation_C
 0000:000CCE5C       Per_Injector_Pulse_Width_Compensation_D_X_Axis
 0000:000CCEA0       Per_Injector_Pulse_Width_Compensation_D_Y_Axis
 0000:000CCEE4       Per_Injector_Pulse_Width_Compensation_D
 0000:000CD200       Injector_Latency__X_Axis
 0000:000CD214       Injector_Latency__Y_Axis
 0000:000CD220       Injector_Latency_
 0000:000CD558       CL_Fueling_Target_Compensation_Imm_Cruise_ECT_Y_Axis
 0000:000CD564       CL_Fueling_Target_Compensation_Imm_Cruise_ECT
 0000:000CD576       aA_22
 0000:000CD578       aA_23
 0000:000CD57A       aA_24
 0000:000CD57C       aA_25
 0000:000CD57E       aA_26
 0000:000CD580       aA_27
 0000:000CD582       aA_28
 0000:000CD584       aSSSMJfsSMA
 0000:000CD596       aA_29
 0000:000CD598       aA_30
 0000:000CD59A       aA_31
 0000:000CD59C       aA_32
 0000:000CD59E       aA_33
 0000:000CD5A0       aA_34
 0000:000CD5A2       aA_35
 0000:000CD5A4       aJfjfjfsJfsSMA
 0000:000CD5B6       aA_36
 0000:000CD5B8       aA_37
 0000:000CD5BA       aA_38
 0000:000CD5BC       aA_39
 0000:000CD5BE       aA_40
 0000:000CD5C0       aA_41
 0000:000CD5C2       aA_42
 0000:000CD5C4       CL_Fueling_Target_Compensation_Imm_NonCruise_ECT_Y_Axis
 0000:000CD5D0       CL_Fueling_Target_Compensation_Imm_NonCruise_ECT
 0000:000CD5E0       aA_43
 0000:000CD5E2       aA_44
 0000:000CD5E4       aA_45
 0000:000CD5E6       aA_46
 0000:000CD5E8       aA_47
 0000:000CD5EA       aA_48
 0000:000CD5EC       aA_49
 0000:000CD5EE       aA_50
 0000:000CD5F0       aJfjfjfjfsSSSSA
 0000:000CD604       aA_51
 0000:000CD606       aA_52
 0000:000CD608       aA_53
 0000:000CD60A       aA_54
 0000:000CD60C       aA_55
 0000:000CD60E       aA_56
 0000:000CD610       aJfjfjfjfjfjfjf
 0000:000CD626       aA_57
 0000:000CD628       aA_58
 0000:000CD62A       aA_59
 0000:000CD62C       aA_60
 0000:000CD62E       aA_61
 0000:000CD630       CL_Fueling_Target_Compensation_A_Load_X_Axis
 0000:000CD65C       CL_Fueling_Target_Compensation_A_Load_Y_Axis
 0000:000CD688       CL_Fueling_Target_Compensation_A_Load
 0000:000CD8C8       CL_Fueling_Target_Compensation_B_Load_X_Axis
 0000:000CD8F4       CL_Fueling_Target_Compensation_B_Load_Y_Axis
 0000:000CD91C       CL_Fueling_Target_Compensation_B_Load
 0000:000CE518       aFfffffffffffff
 0000:000CE52E       aFfffffffffff_0
 0000:000CE544       a@_8
 0000:000CE546       aFflFfffffffff9
 0000:000CE5BC       Boost_Limit_Fuel_Cut__X_Axis
 0000:000CE5D4       Boost_Limit_Fuel_Cut__Y_Axis
 0000:000CE5EC       Boost_Limit_Fuel_Cut_
 0000:000CEA1A       Feedback_Correction_Negative_Advance_Delay
 0000:000CEA2A       Fine_Correction_Advance_Delay
 0000:000CEAA0       Timing_Comp_Maximum_RPM_Per_Cylinder
 0000:000CEAA4       Timing_Comp_Minimum_Load_Per_Cylinder
 0000:000CEAA8       Timing_Comp_Minimum_Coolant_Temp_Per_Cylinder
 0000:000CEAAC       Feedback_Correction_Minimum_Load
 0000:000CEAB4       Feedback_Correction_Range_RPM
 0000:000CEAD0       Feedback_Correction_Retard_Limit
 0000:000CEAD4       Feedback_Correction_Retard_Value
 0000:000CEAD8       Feedback_Correction_Negative_Advance_Value
 0000:000CEAE0       Extended_Feedback_Correction_High_RPM_Compensation
 0000:000CEBA0       Rough_Correction_Range_RPM
 0000:000CEBB0       Rough_Correction_Range_Load
 0000:000CEBC0       Rough_Correction_Minimum_KC_Advance_Map_Value
 0000:000CEBC4       Advance_Multiplier_Initial
 0000:000CEBC8       Advance_Multiplier_Step_Value
 0000:000CEBF0       Fine_Correction_Rows_RPM
 0000:000CEC0C       Fine_Correction_Columns_Load
 0000:000CEC24       Fine_Correction_Advance_Limit
 0000:000CEC28       Fine_Correction_Advance_Value
 0000:000CEC2C       Fine_Correction_Retard_Limit
 0000:000CEC30       Fine_Correction_Retard_Value
 0000:000CEC34       Fine_Correction_Range_RPM
 0000:000CEC44       Fine_Correction_Range_Load
 0000:000CED3C       Base_Timing_Idle_Minimum_Vehicle_Speed_Enable
 0000:000CEDCC       a9x9x?a
 0000:000CEDE0       a?a_5
 0000:000CEDE4       a?a_6
 0000:000CEDE8       a?a_7
 0000:000CEDEC       aH
 0000:000CEE68       aLLLAa
 0000:000CEE7C       aA
 0000:000CEE80       aA_0
 0000:000CEE88       aEA
 0000:000CEE8C       a?a_0
 0000:000CEE90       a?a_1
 0000:000CEECC       Timing_Compensation_B_IAT_Max_Additive
 0000:000CEEE8       Timing_Compensation_B_IAT_IAM_Activation
 0000:000CEF2C       Timing_Compensation_Imm_NonCruise_B_ECT_Y_Axis
 0000:000CEFAC       Base_Timing_Idle_Minimum_Y_Axis
 0000:000CF084       aRrrrrrrrdug
 0000:000CF0A8       a3ahkp
 0000:000CF0B0       aD_0
 0000:000CF0C4       a9ahkp
 0000:000CF0CC       aD
 0000:000CF179       Base_Timing_Idle_Minimum
 0000:000CF182       Base_Timing_Idle_A_InGear
 0000:000CF192       Base_Timing_Idle_B_InGear
 0000:000CF1A2       Base_Timing_Idle_A_Neutral
 0000:000CF1B2       Base_Timing_Idle_B_Neutral
 0000:000CF1E2       Timing_Compensation_Imm_NonCruise_A_ECT
 0000:000CF1F2       Timing_Compensation_Imm_NonCruise_B_ECT
 0000:000CF202       Timing_Compensation_Imm_Cruise_A_ECT
 0000:000CF212       Timing_Compensation_Imm_Cruise_B_ECT
 0000:000CF224       Timing_Compensation_A_IAT_Y_Axis
 0000:000CF264       Timing_Compensation_A_IAT
 0000:000CF4B4       a9uuuuuuu
 0000:000CF504       a9uuuuuuu_0
 0000:000CF52C       aGggggggg
 0000:000CF554       a9uuuuuuu_1
 0000:000CF57C       aGggggggg_0
 0000:000CF5A4       a9uuuuuuu_2
 0000:000CF5CC       aGggggggg_1
 0000:000CF5F4       a9uuuuuuu_3
 0000:000CF644       aAaaaaaaa3@Aaaa
 0000:000CF81C       Timing_Compensation_B_IAT_Y_Axis
 0000:000CF85C       Timing_Compensation_B_IAT
 0000:000CFA24       Rough_Correction_Learning_Delay_Increasing__Y_Axis
 0000:000CFA4C       Rough_Correction_Learning_Delay_Increasing_
 0000:000CFAA0       aIIIPnwfrRNS
 0000:000CFAC0       aIIIPnwfrRNS_0
 0000:000CFC68       a@fff@fff@fff@f
 0000:000CFC94       a@@@@@@@
 0000:000D03C8       Timing_Compensation_Per_Cylinder_A_X_Axis
 0000:000D0400       Timing_Compensation_Per_Cylinder_A_Y_Axis
 0000:000D0414       Timing_Compensation_Per_Cylinder_A
 0000:000D045C       Timing_Compensation_Per_Cylinder_B_X_Axis
 0000:000D0494       Timing_Compensation_Per_Cylinder_B_Y_Axis
 0000:000D04A8       Timing_Compensation_Per_Cylinder_B
 0000:000D04F0       Timing_Compensation_Per_Cylinder_C_X_Axis
 0000:000D0528       Timing_Compensation_Per_Cylinder_C_Y_Axis
 0000:000D053C       Timing_Compensation_Per_Cylinder_C
 0000:000D0584       Timing_Compensation_Per_Cylinder_D_X_Axis
 0000:000D05BC       Timing_Compensation_Per_Cylinder_D_Y_Axis
 0000:000D05D4       Timing_Compensation_Per_Cylinder_D
 0000:000D07DC       Knock_Correction_Advance_Max_Cruise_X_Axis
 0000:000D0818       Knock_Correction_Advance_Max_Cruise_Y_Axis
 0000:000D0860       Knock_Correction_Advance_Max_Cruise
 0000:000D0970       Knock_Correction_Advance_Max_NonCruise_X_Axis
 0000:000D09AC       Knock_Correction_Advance_Max_NonCruise_Y_Axis
 0000:000D09F4       Knock_Correction_Advance_Max_NonCruise
 0000:000D0B3C       aOooooooooooooo
 0000:000D0B74       aGggggggggggg
 0000:000D0B88       Base_Timing_Primary_Cruise_X_Axis
 0000:000D0BC4       Base_Timing_Primary_Cruise_Y_Axis
 0000:000D0C0C       Base_Timing_Primary_Cruise
 0000:000D0D0A       aWQtkgYphd_W
 0000:000D0D1C       Base_Timing_Primary_NonCruise_X_Axis
 0000:000D0D58       Base_Timing_Primary_NonCruise_Y_Axis
 0000:000D0DA0       Base_Timing_Primary_NonCruise
 0000:000D0EB0       Base_Timing_Reference_Cruise_AVCS_related_X_Axis
 0000:000D0EEC       Base_Timing_Reference_Cruise_AVCS_related_Y_Axis
 0000:000D0F34       Base_Timing_Reference_Cruise_AVCS_related
 0000:000D1044       Base_Timing_Reference_NonCruise_AVCS_related_X_Axis
 0000:000D1080       Base_Timing_Reference_NonCruise_AVCS_related_Y_Axis
 0000:000D10C8       Base_Timing_Reference_NonCruise_AVCS_related
 0000:000D11D8       Timing_Compensation_A_IAT_Activation_X_Axis
 0000:000D11F8       Timing_Compensation_A_IAT_Activation_Y_Axis
 0000:000D1218       Timing_Compensation_A_IAT_Activation
 0000:000D1228       aAaaaaaaaaaaa_4
 0000:000D1288       aSvAjnucfpvAkua
 0000:000D12A4       aH_0
 0000:000D12D4       aSvAjnucfpvAk_0
 0000:000D12F0       aH_1
 0000:000D1454       aIJyalcVdoxaisK
 0000:000D1468       aC_0
 0000:000D1494       aZzfsaraaazzfsa
 0000:000D1584       aAaaaaaaaaaaa_0
 0000:000D18F0       a?????a
 0000:000D1904       a?a
 0000:000D1908       a@_0
 0000:000D190C       a?a_2
 0000:000D1910       a@_2
 0000:000D1914       a@@
 0000:000D1918       a@@_0
 0000:000D191C       a@@_1
 0000:000D1920       a?a_3
 0000:000D1924       a@_3
 0000:000D1928       a@@_2
 0000:000D192C       a@@_3
 0000:000D1930       a@@_4
 0000:000D1934       a@@_5
 0000:000D193C       a@a_0
 0000:000D1C90       aP
 0000:000D1CA4       a@_1
 0000:000D1CAC       aBa
 0000:000D1CB0       aL
 0000:000D1CBC       aBh
 0000:000D1CC0       aB
 0000:000D1CC4       aC
 0000:000D1CC8       aA_1
 0000:000D1CCC       a@a
 0000:000D1CD0       a@_4
 0000:000D1DB4       Idle_Speed_Target_C_Y_Axis
 0000:000D1EC8       aAaaaaaaaaaaa_1
 0000:000D2400       Idle_Speed_Target_A
 0000:000D2440       Idle_Speed_Target_B
 0000:000D2480       Idle_Speed_Target_C
 0000:000D2B54       aAjffbFfbyssbjf
 0000:000D2BE0       aDsiieatEgEs0
 0000:000D2BF0       aEjQeEpe
 0000:000D2C4C       aDh_0
 0000:000D3BC4       a33333
 0000:000D3BCC       aDc
 0000:000D3C88       aLSss?_1
 0000:000D3D21       aUaz1e401a
 0000:000D3E70       a00000000000000
 0000:000D3EA6       Manifold_Pressure_Sensor_Limits_CEL
 0000:000D3EE0       Manifold_Pressure_Sensor_Scaling_
 0000:000D3EF4       a@33@33?Zs?Gob
 0000:000D3F28       Coolant_Temp_Sensor_Scaling_Y_Axis
 0000:000D3F98       Coolant_Temp_Sensor_Scaling
 0000:000D4008       Intake_Temp_Sensor_Scaling_Y_Axis
 0000:000D4080       Intake_Temp_Sensor_Scaling
 0000:000D4178       Fuel_Temp_Sensor_Scaling_Y_Axis
 0000:000D41F0       Fuel_Temp_Sensor_Scaling
 0000:000D4268       MAF_Sensor_Scaling_Y_Axis
 0000:000D4340       MAF_Sensor_Scaling
 0000:000D4418       Front_Oxygen_Sensor_Scaling_Y_Axis
 0000:000D444C       Front_Oxygen_Sensor_Scaling
 0000:000D4710       Radiator_Fan_Modes_A_ECT
 0000:000D4720       Radiator_Fan_Modes_B_ECT
 0000:000D4730       Radiator_Fan_Modes_Veh_Speed
 0000:000D4B22       a5utltltltltltl
 0000:000D4B32       a8lLsususususus
 0000:000D4BD0       dEcuId
 0000:000D515C       aFffff
 0000:000D55AC       a?La33bs33b
 0000:000D55C0       aA_2
 0000:000D55C4       a@a_1
 0000:000D55C8       aA_3
 0000:000D55CC       a@a_2
 0000:000D55D0       a?a_8
 0000:000D55D4       a?a_9
 0000:000D55D8       a?
 0000:000D55DC       a?_0
 0000:000D55E0       a?a_10
 0000:000D55E4       a?a_11
 0000:000D5ED8       Intake_Cam_Advance_Angle_Cruise_AVCS_X_Axis
 0000:000D5F14       Intake_Cam_Advance_Angle_Cruise_AVCS_Y_Axis
 0000:000D5F54       Intake_Cam_Advance_Angle_Cruise_AVCS
 0000:000D6134       Intake_Cam_Advance_Angle_NonCruise_AVCS_X_Axis
 0000:000D6170       Intake_Cam_Advance_Angle_NonCruise_AVCS_Y_Axis
 0000:000D61B0       Intake_Cam_Advance_Angle_NonCruise_AVCS
 0000:000DC644       Speed_Limiting_A_Throttle
 0000:000DC65C       Speed_Limiting_B_Throttle
 0000:000DC7F8       Requested_Torque_Base_RPM_Y_Axis
 0000:000DC838       Requested_Torque_Base_RPM
 0000:000DCB28       aAaaaaaaaaaaa_2
 0000:000DCBA8       aAaaaaaaaaaaa_3
 0000:000DCC68       Target_Throttle_Plate_Position_Cruise_Requested_Torque_Ratio_X_Axis
 0000:000DCC6C       aLLSss?
 0000:000DCCA8       Target_Throttle_Plate_Position_Cruise_Requested_Torque_Ratio_Y_Axis
 0000:000DCCE8       Target_Throttle_Plate_Position_Cruise_Requested_Torque_Ratio
 0000:000DCEE8       Target_Throttle_Plate_Position_NonCruise_Requested_Torque_Ratio_X_Axis
 0000:000DCEEC       aLLSss?_0
 0000:000DCF28       Target_Throttle_Plate_Position_NonCruise_Requested_Torque_Ratio_Y_Axis
 0000:000DCF68       Target_Throttle_Plate_Position_NonCruise_Requested_Torque_Ratio
 0000:000DD168       Target_Throttle_Plate_Position_Maximum_Requested_Torque_Ratio_X_Axis
 0000:000DD16C       aLLSss?_1
 0000:000DD1A8       Target_Throttle_Plate_Position_Maximum_Requested_Torque_Ratio_Y_Axis
 0000:000DD1E8       Target_Throttle_Plate_Position_Maximum_Requested_Torque_Ratio
 0000:000DD618       Requested_Torque_A_Accelerator_Pedal_X_Axis
 0000:000DD654       Requested_Torque_A_Accelerator_Pedal_Y_Axis
 0000:000DD698       Requested_Torque_A_Accelerator_Pedal
 0000:000DD898       Requested_Torque_B_Accelerator_Pedal_X_Axis
 0000:000DD8D4       Requested_Torque_B_Accelerator_Pedal_Y_Axis
 0000:000DD918       Requested_Torque_B_Accelerator_Pedal
 0000:000DDB18       Requested_Torque_C_Accelerator_Pedal_X_Axis
 0000:000DDB54       Requested_Torque_C_Accelerator_Pedal_Y_Axis
 0000:000DDB98       Requested_Torque_C_Accelerator_Pedal
 0000:000E1000       dRomHoleStart
 0000:000FFB80       Checksum_Fix
 0000:FFFF2F48       E_AF_Learning_1_A_StoredExt_E44
 0000:FFFF2F50       E_AF_Learning_1_B_StoredExt_E45
 0000:FFFF2F58       E_AF_Learning_1_C_StoredExt_E46
 0000:FFFF2F60       E_AF_Learning_1_D_StoredExt_E47
 0000:FFFF2FDC       E_IAM_4byteExt_E31
 0000:FFFF4046       pMafSensorVoltage
 0000:FFFF40B4       pMassAirFlow
 0000:FFFF40C8       pAf1Res
 0000:FFFF4124       pIntakeAirTemp
 0000:FFFF413C       pCoolantTemp
 0000:FFFF5E7C       E_Boost_ErrorExt_E35
 0000:FFFF5E80       E_Target_Boost_Relative_4byteExt_E120
 0000:FFFF5E84       E_Target_Boost_4byteExt_E36
 0000:FFFF5E88       E_Turbo_Dynamics_Proportional_4byteExt_E37
 0000:FFFF5E8C       E_Turbo_Dynamics_Integral_4byteExt_E34
 0000:FFFF5EA0       E_Primary_Wastegate_Duty_MaximumExt_4byteExt__E77
 0000:FFFF6172       pCoastFlags
 0000:FFFF6173       pResumeFlags
 0000:FFFF6174       pBrakeFlags
 0000:FFFF63B8       E_Manifold_Relative_Sea_Level_Pressure_4byteExt_E52
 0000:FFFF63BC       E_Manifold_Relative_Pressure_4byteExt_E113
 0000:FFFF6488       E_Throttle_Plate_Opening_Angle_4byteExt_E38
 0000:FFFF6490       E_Tipin_ThrottleExt_E54
 0000:FFFF659C       E_Engine_Load_4ByteExt_E32
 0000:FFFF66D8       E_AF_Sensor_1_4byteExt_E91
 0000:FFFF6767       pClutchFlags
 0000:FFFF6794       pVehicleSpeed
 0000:FFFF67B8       pEngineSpeed
 0000:FFFF69A5       E_Gear_CalculatedExt_E59
 0000:FFFF69B8       E_Manifold_Relative_Sea_Level_Pressure_2byteExtExt_E89
 0000:FFFF69BA       E_Throttle_Plate_Opening_Angle_2byteExtExt_E93
 0000:FFFF69C0       E_AF_Sensor_1_2byteExtExt_E92
 0000:FFFF69CE       E_Final_Fueling_Base_2byteExt_E124
 0000:FFFF69D2       E_AF_Correction_1_2byteExtExt_E82
 0000:FFFF69D4       E_Closed_Loop_Fueling_Target_2byteExt_E122
 0000:FFFF69D6       E_AF_Learning_1_2byteExtExt_E83
 0000:FFFF69DC       E_Primary_Open_Loop_Map_Enrichment_2byteExtExt_E85
 0000:FFFF69E8       E_Target_Boost_2byteExtExt_E90
 0000:FFFF69EE       E_Engine_Load_1byteExtExt_E86
 0000:FFFF69F8       E_Feedback_Knock_Correction_1byteExtExt_E94
 0000:FFFF69FA       E_IAM_1byteExtExt_E96
 0000:FFFF69FB       E_Fine_Learning_Knock_Correction_1byteExtExt_E95
 0000:FFFF6A04       E_Primary_WGDC_Maximum_1byteExtExt_E112
 0000:FFFF6A18       pAtmoPress
 0000:FFFF7184       E_Final_Fueling_Base_4byteExt_E123
 0000:FFFF71C4       E_Fuel_Injector_1_Latency_4byteExt_E50
 0000:FFFF7494       E_AF_Correction_1_4byteExt_E81
 0000:FFFF757C       E_Closed_Loop_Fueling_Target_4byteExt_E121
 0000:FFFF7618       E_AF_Learning_1_4byteExt_E48
 0000:FFFF761F       E_AF_Learning_Airflow_Range_CurrentExt_E61
 0000:FFFF7728       E_Primary_Open_Loop_Map_Enrichment_4byteExt_E84
 0000:FFFF79A0       E_Tipin_Enrichment_Last_CalculatedExt_E55
 0000:FFFF7A2C       pFlagsRevLim
 0000:FFFF7AF0       E_Fuel_Injector_1_Pulse_Width_4byteExt_E60
 0000:FFFF7C4C       E_Ignition_Base_TimingExt_E53
 0000:FFFF7EE0       E_Knock_Correction_Advance_4byteExt_E43
 0000:FFFF7EE4       E_Feedback_Knock_Correction_4byteExt_E39
 0000:FFFF7F40       E_Knock_Correction_Advance_Max_PrimaryExt_E118
 0000:FFFF7F48       E_Knock_Correction_Advance_IAM_onlyExt_E40
 0000:FFFF7F68       E_Fine_Learning_Knock_Correction_4byteExt_E41
 0000:FFFF7F6E       E_Fine_Learning_Table_OffsetExt_E58
 0000:FFFF821C       E_Target_Throttle_Plate_PositionExt_E57
 0000:FFFF8224       E_Requested_TorqueExt_E56
 0000:FFFF85B4       E_Idle_Speed_Map_SelectionExt_E49
 0000:FFFFA042       E_CEL_TRIGGER_BIT
 0000:FFFFA1FD       E_CLOL_FuelingExt_E33
 0000:FFFFAD50       pRamHoleStart
 0000:FFFFBF9F       pMemoryResetLimit
