
 Start         Length     Name                   Class
 0000:00000000 000100000H ROM                    CODE
 0000:00000000 00000BFFFH RAM                    


  Address         Publics by Value

 0000:00000000       off_0
 0000:00002004       ECU_CALIBRATION
 0000:00002005       OLD_CALIBRATION_ID_AZ1G202G
 0000:0000203C       aPf_07cyh4tVer1
 0000:0000205C       aObd_07cyh4nVer
 0000:00003374       aCopyright1999H
 0000:00004208       nullsub_15
 0000:00004AB4       SBR_MAFCALC
 0000:00004B10       HOOK_MAFCALC
 0000:00004D52       nullsub_16
 0000:00004F72       nullsub_1
 0000:000065EC       nullsub_13
 0000:00006BF2       nullsub_17
 0000:0000929E       nullsub_18
 0000:0000A804       nullsub_19
 0000:0000B06A       nullsub_6
 0000:0000B06E       nullsub_2
 0000:0000B072       nullsub_7
 0000:0000B28E       nullsub_3
 0000:0000B292       nullsub_8
 0000:0000B2D2       nullsub_4
 0000:0000B2D6       nullsub_9
 0000:0000B350       nullsub_10
 0000:0000B438       nullsub_5
 0000:0000B43C       nullsub_11
 0000:0000B47E       nullsub_12
 0000:0000C914       nullsub_14
 0000:0000C918       nullsub_20
 0000:0000CB32       nullsub_21
 0000:0000E99C       aFscattOkfafmca
 0000:0000F968       aCMcLsDJdXf
 0000:0000FC04       hMemoryReset
 0000:000102A4       sMemoryReset
 0000:0001077E       aCJo04cX
 0000:00011958       ATU_CH2_Addresses_Ignition
 0000:00011C58       hMemoryResetLimit
 0000:00013E80       SBR_WGDC_HOOKED
 0000:00014034       SBR_TARGET_BOOST_PULL
 0000:0001439C       SBR_PULL_WGDC
 0000:00014624       Max_Wastegate_Duty_Limit_PostCompensation
 0000:0001FAB8       sLoadCalcs
 0000:0001FFAC       Engine_Load_Limit_A_Maximum
 0000:0002187C       Front_Oxygen_Sensor_Rich_Limit
 0000:000250B8       aJCoSa
 0000:00025140       aJCoB
 0000:00028548       aOSUfpbDlQo
 0000:0002C200       aCoBAqBArAsDu5x
 0000:0002E844       aODDaaDDe@@
 0000:00034B28       SBR_REVLIM_START
 0000:00034B38       REVLIM_FUELCUT_BITMASK_0x01
 0000:00034B68       REVLIM_END
 0000:0003F966       aVbEBsbB2xbB
 0000:0003FC98       aCoMaBU
 0000:00042000       HOOK_CELFLASH_JSR
 0000:000421A4       HOOK_WGDC
 0000:000421A8       HOOK_CELFLASH_DATA
 0000:00042684       HOOK_REVLIM_DELETE
 0000:0004AF4A       aYAjdcakdaaldd
 0000:0004FA74       aOJCJC
 0000:000520A8       aZbZDaaqdbardca
 0000:0005229E       SsmGet_SCV_Step_P81
 0000:000522C8       SsmGet_Engine_Load_Relative_P1
 0000:000522D2       SsmGet_Coolant_Temperature_P2
 0000:000522E8       SsmGet_AF_Correction_1_P3
 0000:00052302       SsmGet_AF_Learning_1_P4
 0000:0005231A       SsmGet_AF_Correction_2_P5
 0000:00052330       SsmGet_AF_Learning_2_P6
 0000:000523EC       SsmGet_Manifold_Absolute_Pressure_P7
 0000:00052402       SsmGet_Engine_Speed_P8
 0000:00052438       SsmGet_Vehicle_Speed_P9
 0000:0005244C       SsmGet_Ignition_Total_Timing_P10
 0000:00052464       SsmGet_Intake_Air_Temperature_P11
 0000:0005247A       SsmGet_Mass_Airflow_P12
 0000:000524B0       SsmGet_Throttle_Opening_Angle_P13
 0000:000524C6       SsmGet_Front_O2_Sensor_1_P14
 0000:000524CE       SsmGet_Rear_O2_Sensor_P15
 0000:00052504       SsmGet_Front_O2_Sensor_2_P16
 0000:0005250C       SsmGet_Battery_Voltage_P17
 0000:00052522       SsmGet_Mass_Airflow_Sensor_Voltage_P18
 0000:00052546       SsmGet_Fuel_Injector_1_Pulse_Width_P21
 0000:0005255C       SsmGet_Fuel_Injector_2_Pulse_Width_P22
 0000:00052574       SsmGet_Atmospheric_Pressure_P24
 0000:0005258A       SsmGet_Manifold_Relative_Pressure_P25
 0000:000525A8       SsmGet_Learned_Ignition_Timing_P29
 0000:000525C6       SsmGet_Accelerator_Pedal_Angle_P30
 0000:000525DC       SsmGet_Fuel_Temperature_P31
 0000:000525F0       SsmGet_Fuel_Level_P35
 0000:00052618       SsmGet_Primary_Wastegate_Duty_Cycle_P36
 0000:0005262E       SsmGet_CPC_Valve_Duty_Ratio_P38
 0000:0005264A       SsmGet_Tumble_Valve_Position_Sensor_Right_P39
 0000:0005266E       SsmGet_Tumble_Valve_Position_Sensor_Left_P40
 0000:00052696       SsmGet_Number_of_Exh_Gas_Recirc_Steps_P45
 0000:000526A8       SsmGet_Alternator_Duty_P46
 0000:00052754       SsmGet_Fuel_Pump_Duty_P47
 0000:0005276A       SsmGet_Intake_VVT_Advance_Angle_Right_P48
 0000:00052780       SsmGet_Intake_VVT_Advance_Angle_Left_P49
 0000:00052796       SsmGet_Intake_OCV_Duty_Right_P50
 0000:000527AC       SsmGet_Intake_OCV_Duty_Left_P51
 0000:000527C2       SsmGet_Intake_OCV_Current_Right_P52
 0000:000527D8       SsmGet_Intake_OCV_Current_Left_P53
 0000:000527EE       SsmGet_AF_Sensor_1_Current_P54
 0000:00052806       SsmGet_AF_Sensor_2_Current_P55
 0000:0005281C       SsmGet_AF_Sensor_1_Resistance_P56
 0000:00052830       SsmGet_AF_Sensor_2_Resistance_P57
 0000:00052842       SsmGet_AF_Sensor_1_P58
 0000:00052858       SsmGet_AF_Sensor_2_P59
 0000:0005287E       SsmGet_Switches_1_2_3
 0000:000528FE       SsmGet_Switches_4_5_6_7_8_9
 0000:00052988       SsmGet_Switches_10_11_12_13_14_15_16_17
 0000:00052A64       SsmGet_Switches_18_19_20_21_22_23_24_25
 0000:00052AF0       SsmGet_Switches_26_27_28_29_30_31_32_33
 0000:00052B4A       SsmGet_Switches_34_35_36_37_38_39_40_41
 0000:00052BA0       SsmGet_Switches_42_43_44_45_46_47_48_49
 0000:00052BAA       SsmGet_Switches_50_51_52_53
 0000:00052C30       SsmGet_Switches_54_55_56_57_58_59_60_61
 0000:00052DBC       SsmGet_Roughness_Monitor_Cylinder_1_P63
 0000:00052DC2       SsmGet_Roughness_Monitor_Cylinder_2_P64
 0000:00052DC8       SsmGet_AF_Correction_3_32bit_ECU_P89
 0000:00052DE0       SsmGet_AF_Learning_3_P66
 0000:00052EDC       SsmGet_Roughness_Monitor_Cylinder_3_P69
 0000:00052EE2       SsmGet_Roughness_Monitor_Cylinder_4_P70
 0000:00053090       SsmGet_IAM_P90
 0000:000530A6       SsmGet_Throttle_Motor_Duty_P71
 0000:000530BE       SsmGet_Throttle_Motor_Voltage_P72
 0000:000530D4       SsmGet_Sub_Throttle_Sensor_P73
 0000:000530F8       SsmGet_Main_Throttle_Sensor_P74
 0000:0005311C       SsmGet_Sub_Accelerator_Sensor_P75
 0000:00053140       SsmGet_Main_Accelerator_Sensor_P76
 0000:00053164       SsmGet_Brake_Booster_Pressure_P77
 0000:00053178       SsmGet_Cold_Start_Injector_Air_Pump_P80
 0000:0005318E       SsmGet_Memorised_Cruise_Speed_P82
 0000:00053314       SsmGet_Exhaust_VVT_Advance_Angle_Right_P83
 0000:0005332A       SsmGet_Exhaust_VVT_Advance_Angle_Left_P84
 0000:00053340       SsmGet_Exhaust_OCV_Duty_Right_P85
 0000:00053356       SsmGet_Exhaust_OCV_Duty_Left_P86
 0000:0005336C       SsmGet_Exhaust_OCV_Current_Right_P87
 0000:00053382       SsmGet_Exhaust_OCV_Current_Left_P88
 0000:0005339C       SsmGet_Switches_62
 0000:0005342E       SsmGet_Switches_63_64_65_66_67_68
 0000:00053438       CLUTCH_BITMASK_0x01
 0000:0005343C       CRUISE_COAST_BITMASK_0x01
 0000:00053440       CRUISE_RESUME_BITMASK_0x01
 0000:00053444       BRAKE_BITMASK_0x01
 0000:00053690       SsmGet_Fine_Learning_Knock_Correction_P91
 0000:00054BB0       nullsub_22
 0000:00054BB4       nullsub_23
 0000:00054D98       nullsub_24
 0000:0005A870       SSM_BASE
 0000:0005A88C       PtrSsmGet_Engine_Load_Relative_P1
 0000:0005A890       PtrSsmGet_Coolant_Temperature_P2
 0000:0005A894       PtrSsmGet_AF_Correction_1_P3
 0000:0005A898       PtrSsmGet_AF_Learning_1_P4
 0000:0005A89C       PtrSsmGet_AF_Correction_2_P5
 0000:0005A8A0       PtrSsmGet_AF_Learning_2_P6
 0000:0005A8A4       PtrSsmGet_Manifold_Absolute_Pressure_P7
 0000:0005A8A8       PtrSsmGet_Engine_Speed_P8
 0000:0005A8B0       PtrSsmGet_Vehicle_Speed_P9
 0000:0005A8B4       PtrSsmGet_Ignition_Total_Timing_P10
 0000:0005A8B8       PtrSsmGet_Intake_Air_Temperature_P11
 0000:0005A8BC       PtrSsmGet_Mass_Airflow_P12
 0000:0005A8C4       PtrSsmGet_Throttle_Opening_Angle_P13
 0000:0005A8C8       PtrSsmGet_Front_O2_Sensor_1_P14
 0000:0005A8D0       PtrSsmGet_Rear_O2_Sensor_P15
 0000:0005A8D8       PtrSsmGet_Front_O2_Sensor_2_P16
 0000:0005A8E0       PtrSsmGet_Battery_Voltage_P17
 0000:0005A8E4       PtrSsmGet_Mass_Airflow_Sensor_Voltage_P18
 0000:0005A8E8       PtrSsmGet_Throttle_Sensor_Voltage_P19
 0000:0005A8EC       PtrSsmGet_Differential_Pressure_Sensor_Voltage_P20
 0000:0005A8F0       PtrSsmGet_Fuel_Injector_1_Pulse_Width_P21
 0000:0005A8F4       PtrSsmGet_Fuel_Injector_2_Pulse_Width_P22
 0000:0005A8F8       PtrSsmGet_Knock_Correction_Advance_P23
 0000:0005A8FC       PtrSsmGet_Atmospheric_Pressure_P24
 0000:0005A900       PtrSsmGet_Manifold_Relative_Pressure_P25
 0000:0005A904       PtrSsmGet_Pressure_Differential_Sensor_P26
 0000:0005A908       PtrSsmGet_Fuel_Tank_Pressure_P27
 0000:0005A90C       PtrSsmGet_CO_Adjustment_P28
 0000:0005A910       PtrSsmGet_Learned_Ignition_Timing_P29
 0000:0005A914       PtrSsmGet_Accelerator_Pedal_Angle_P30
 0000:0005A918       PtrSsmGet_Fuel_Temperature_P31
 0000:0005A91C       PtrSsmGet_Front_O2_Heater_Current_1_P32
 0000:0005A920       PtrSsmGet_Rear_O2_Heater_Current_P33
 0000:0005A924       PtrSsmGet_Front_O2_Heater_Current_2_P34
 0000:0005A928       PtrSsmGet_Fuel_Level_P35
 0000:0005A930       PtrSsmGet_Primary_Wastegate_Duty_Cycle_P36
 0000:0005A934       PtrSsmGet_Secondary_Wastegate_Duty_Cycle_P37
 0000:0005A938       PtrSsmGet_CPC_Valve_Duty_Ratio_P38
 0000:0005A93C       PtrSsmGet_Tumble_Valve_Position_Sensor_Right_P39
 0000:0005A940       PtrSsmGet_Tumble_Valve_Position_Sensor_Left_P40
 0000:0005A944       PtrSsmGet_Idle_Speed_Control_Valve_Duty_Ratio_P41
 0000:0005A948       PtrSsmGet_AF_Lean_Correction_P42
 0000:0005A94C       PtrSsmGet_AF_Heater_Duty_P43
 0000:0005A950       PtrSsmGet_Idle_Speed_Control_Valve_Step_P44
 0000:0005A954       PtrSsmGet_Number_of_Exh_Gas_Recirc_Steps_P45
 0000:0005A958       PtrSsmGet_Alternator_Duty_P46
 0000:0005A95C       PtrSsmGet_Fuel_Pump_Duty_P47
 0000:0005A960       PtrSsmGet_Intake_VVT_Advance_Angle_Right_P48
 0000:0005A964       PtrSsmGet_Intake_VVT_Advance_Angle_Left_P49
 0000:0005A968       PtrSsmGet_Intake_OCV_Duty_Right_P50
 0000:0005A96C       PtrSsmGet_Intake_OCV_Duty_Left_P51
 0000:0005A970       PtrSsmGet_Intake_OCV_Current_Right_P52
 0000:0005A974       PtrSsmGet_Intake_OCV_Current_Left_P53
 0000:0005A978       PtrSsmGet_AF_Sensor_1_Current_P54
 0000:0005A97C       PtrSsmGet_AF_Sensor_2_Current_P55
 0000:0005A980       PtrSsmGet_AF_Sensor_1_Resistance_P56
 0000:0005A984       PtrSsmGet_AF_Sensor_2_Resistance_P57
 0000:0005A988       PtrSsmGet_AF_Sensor_1_P58
 0000:0005A98C       PtrSsmGet_AF_Sensor_2_P59
 0000:0005A998       PtrSsmGet_Gear_Position_P60
 0000:0005A9BC       PtrSsmGet_AF_Sensor_1_Heater_Current_P61
 0000:0005A9C0       PtrSsmGet_AF_Sensor_2_Heater_Current_P62
 0000:0005A9F4       PtrSsmGet_Switches_1_2_3
 0000:0005A9F8       PtrSsmGet_Switches_4_5_6_7_8_9
 0000:0005A9FC       PtrSsmGet_Switches_10_11_12_13_14_15_16_17
 0000:0005AA00       PtrSsmGet_Switches_18_19_20_21_22_23_24_25
 0000:0005AA04       PtrSsmGet_Switches_26_27_28_29_30_31_32_33
 0000:0005AA08       PtrSsmGet_Switches_34_35_36_37_38_39_40_41
 0000:0005AA0C       PtrSsmGet_Switches_42_43_44_45_46_47_48_49
 0000:0005AA10       PtrSsmGet_Switches_50_51_52_53
 0000:0005AA14       PtrSsmGet_Switches_54_55_56_57_58_59_60_61
 0000:0005ABA8       PtrSsmGet_Roughness_Monitor_Cylinder_1_P63
 0000:0005ABAC       PtrSsmGet_Roughness_Monitor_Cylinder_2_P64
 0000:0005ABB0       PtrSsmGet_AF_Correction_3_32bit_ECU_P89
 0000:0005ABB4       PtrSsmGet_AF_Learning_3_P66
 0000:0005ABB8       PtrSsmGet_Rear_O2_Heater_Voltage_P67
 0000:0005ABBC       PtrSsmGet_AF_Adjustment_Voltage_P68
 0000:0005ABD0       PtrSsmGet_Roughness_Monitor_Cylinder_3_P69
 0000:0005ABD4       PtrSsmGet_Roughness_Monitor_Cylinder_4_P70
 0000:0005AC54       PtrSsmGet_IAM_P90
 0000:0005AC58       PtrSsmGet_Throttle_Motor_Duty_P71
 0000:0005AC5C       PtrSsmGet_Throttle_Motor_Voltage_P72
 0000:0005AC70       PtrSsmGet_Sub_Throttle_Sensor_P73
 0000:0005AC74       PtrSsmGet_Main_Throttle_Sensor_P74
 0000:0005AC78       PtrSsmGet_Sub_Accelerator_Sensor_P75
 0000:0005AC7C       PtrSsmGet_Main_Accelerator_Sensor_P76
 0000:0005AC80       PtrSsmGet_Brake_Booster_Pressure_P77
 0000:0005AC84       PtrSsmGet_Fuel_Pressure_High_P78
 0000:0005AC88       PtrSsmGet_Exhaust_Gas_Temperature_P79
 0000:0005AC90       PtrSsmGet_Cold_Start_Injector_Air_Pump_P80
 0000:0005AC94       PtrSsmGet_SCV_Step_P81
 0000:0005AC98       PtrSsmGet_Memorised_Cruise_Speed_P82
 0000:0005ACD0       PtrSsmGet_Exhaust_VVT_Advance_Angle_Right_P83
 0000:0005ACD4       PtrSsmGet_Exhaust_VVT_Advance_Angle_Left_P84
 0000:0005ACD8       PtrSsmGet_Exhaust_OCV_Duty_Right_P85
 0000:0005ACDC       PtrSsmGet_Exhaust_OCV_Duty_Left_P86
 0000:0005ACE0       PtrSsmGet_Exhaust_OCV_Current_Right_P87
 0000:0005ACE4       PtrSsmGet_Exhaust_OCV_Current_Left_P88
 0000:0005ACF0       PtrSsmGet_Switches_62
 0000:0005ACF4       PtrSsmGet_Switches_63_64_65_66_67_68
 0000:0005AED4       PtrSsmGet_Fine_Learning_Knock_Correction_P91
 0000:0005C3C4       a34512345
 0000:00066D06       aCDloCDlC
 0000:00071A54       aCoTnTmF
 0000:00077F18       aJCkcDS
 0000:00079464       P0335_CRANKSHAFT_POS_SENSOR_A_MALFUNCTION
 0000:00079468       P0604_CONTROL_MODULE_RAM_ERROR
 0000:00079469       P0102_MAF_SENSOR_LOW_INPUT
 0000:0007946A       P0103_MAF_SENSOR_HIGH_INPUT
 0000:0007946B       P0500_VEHICLE_SPEED_SENSOR_A
 0000:0007946E       P0327_KNOCK_SENSOR_1_LOW_INPUT
 0000:0007946F       P0328_KNOCK_SENSOR_1_HIGH_INPUT
 0000:00079470       P0122_TPS_A_LOW_INPUT
 0000:00079471       P0123_TPS_A_HIGH_INPUT
 0000:00079472       P0117_COOLANT_TEMP_SENSOR_LOW_INPUT
 0000:00079473       P0118_COOLANT_TEMP_SENSOR_HIGH_INPUT
 0000:00079475       P0125_INSUFFICIENT_COOLANT_TEMP_FUELING
 0000:00079476       P0462_FUEL_LEVEL_SENSOR_LOW_INPUT
 0000:00079477       P0463_FUEL_LEVEL_SENSOR_HIGH_INPUT
 0000:0007947A       P0512_STARTER_REQUEST_CIRCUIT
 0000:0007947E       P0851_NEUTRAL_SWITCH_INPUT_LOW
 0000:00079482       P0852_NEUTRAL_SWITCH_INPUT_HIGH
 0000:0007948D       P0011_CAMSHAFT_POS__TIMING_OVERADVANCED_1
 0000:0007948E       P0021_CAMSHAFT_POS__TIMING_OVERADVANCED_2
 0000:00079491       P0458_EVAP_PURGE_VALVE_CIRCUIT_LOW
 0000:00079492       P0459_EVAP_PURGE_VALVE_CIRCUIT_HIGH
 0000:00079496       P0133_FRONT_O2_SENSOR_SLOW_RESPONSE
 0000:0007949C       P0420_CAT_EFFICIENCY_BELOW_THRESHOLD
 0000:000794A0       P0171_SYSTEM_TOO_LEAN
 0000:000794A1       P0172_SYSTEM_TOO_RICH
 0000:000794A2       P0301_MISFIRE_CYLINDER_1
 0000:000794A3       P0302_MISFIRE_CYLINDER_2
 0000:000794A4       P0303_MISFIRE_CYLINDER_3
 0000:000794A5       P0304_MISFIRE_CYLINDER_4
 0000:000794A9       P0000_PASS_CODE_NO_DTC_DETECTED
 0000:000794AA       P0000_PASS_CODE_NO_DTC_DETECTED_
 0000:000794AC       P0131_FRONT_O2_SENSOR_LOW_INPUT
 0000:000794AE       P0132_FRONT_O2_SENSOR_HIGH_INPUT
 0000:000794B2       P0112_IAT_SENSOR_LOW_INPUT
 0000:000794B3       P0113_IAT_SENSOR_HIGH_INPUT
 0000:000794B5       P0038_REAR_O2_SENSOR_HIGH_INPUT
 0000:000794B6       P0032_FRONT_O2_SENSOR_HIGH_INPUT
 0000:000794B7       P0037_REAR_O2_SENSOR_LOW_INPUT
 0000:000794B8       P0031_FRONT_O2_SENSOR_LOW_INPUT
 0000:000794B9       P0107_MAP_SENSOR_LOW_INPUT
 0000:000794BA       P0108_MAP_SENSOR_HIGH_INPUT
 0000:000794C1       P1560_BACKUP_VOLTAGE_MALFUNCTION
 0000:000794C2       P0562_SYSTEM_VOLTAGE_LOW
 0000:000794C3       P0563_SYSTEM_VOLTAGE_HIGH
 0000:000794C4       P0245_WASTEGATE_SOLENOID_A_LOW
 0000:000794C5       P0246_WASTEGATE_SOLENOID_A_HIGH
 0000:000794C6       P0244_WASTEGATE_SOLENOID_A_RANGEPERF
 0000:000794C8       P0230_FUEL_PUMP_PRIMARY_CIRCUIT
 0000:000794CC       P0134_FRONT_O2_SENSOR_NO_ACTIVITY
 0000:000794CE       P0030_FRONT_O2_SENSOR_RANGEPERF
 0000:000794D5       P2109_TPS_A_MINIMUM_STOP_PERF
 0000:000794D6       P0222_TPS_B_LOW_INPUT
 0000:000794D7       P0223_TPS_B_HIGH_INPUT
 0000:000794D8       P1160_ABNORMAL_RETURN_SPRING
 0000:000794D9       P2102_THROTTLE_ACTUATOR_CIRCUIT_LOW
 0000:000794DA       P2103_THROTTLE_ACTUATOR_CIRCUIT_HIGH
 0000:000794DB       P2101_THROTTLE_ACTUATOR_CIRCUIT_RANGEPERF
 0000:000794DD       P0638_THROTTLE_ACTUATOR_RANGEPERF
 0000:000794DE       P0607_CONTROL_MODULE_PERFORMANCE
 0000:000794DF       P2138_TPS_DE_VOLTAGE
 0000:000794E0       P2127_TPS_E_CIRCUIT_LOW_INPUT
 0000:000794E1       P2128_TPS_E_CIRCUIT_HIGH_INPUT
 0000:000794E2       P2122_TPS_D_CIRCUIT_LOW_INPUT
 0000:000794E3       P2123_TPS_D_CIRCUIT_HIGH_INPUT
 0000:000794E4       P2135_TPS_AB_VOLTAGE
 0000:000794E6       P0600_SERIAL_COMMUNICATION_LINK
 0000:000794E7       P0390_CAMSHAFT_POS_SENSOR_B_BANK_2
 0000:000794E8       P0365_CAMSHAFT_POS_SENSOR_B_BANK_1
 0000:000794E9       P0345_CAMSHAFT_POS_SENSOR_A_BANK_2
 0000:000794EA       P0340_CAMSHAFT_POS_SENSOR_A_MALFUNCTION
 0000:000794EB       P0605_CONTROL_MODULE_ROM_ERROR
 0000:000794EC       P2095_OCV_SOLENOID_B2_CIRCUIT_SHORT
 0000:000794ED       P2094_OCV_SOLENOID_B2_CIRCUIT_OPEN
 0000:000794EE       P2091_OCV_SOLENOID_B1_CIRCUIT_SHORT
 0000:000794EF       P2090_OCV_SOLENOID_B1_CIRCUIT_OPEN
 0000:000794F0       P2093_OCV_SOLENOID_A2_CIRCUIT_SHORT
 0000:000794F1       P2092_OCV_SOLENOID_A2_CIRCUIT_OPEN
 0000:000794F2       P2089_OCV_SOLENOID_A1_CIRCUIT_SHORT
 0000:000794F3       P2088_OCV_SOLENOID_A1_CIRCUIT_OPEN
 0000:00079500       P2004_TGV__INTAKE_MANIFOLD_RUNNER_1_STUCK_OPEN
 0000:00079501       P2006_TGV__INTAKE_MANIFOLD_RUNNER_1_STUCK_CLOSED
 0000:00079502       P2005_TGV__INTAKE_MANIFOLD_RUNNER_2_STUCK_OPEN
 0000:00079503       P2007_TGV__INTAKE_MANIFOLD_RUNNER_2_STUCK_CLOSED
 0000:00079508       P2016_TGV__INTAKE_MANIFOLD_RUNNER_1_POS_SENSOR_LOW
 0000:00079509       P2017_TGV__INTAKE_MANIFOLD_RUNNER_1_POS_SENSOR_HIGH
 0000:0007950A       P2021_TGV__INTAKE_MANIFOLD_RUNNER_2_POS_SENSOR_LOW
 0000:0007950B       P2022_TGV__INTAKE_MANIFOLD_RUNNER_2_POS_SENSOR_HIGH
 0000:0007950C       P2009_TGV__INTAKE_MANIFOLD_RUNNER_1_CIRCUIT_LOW
 0000:0007950D       P2012_TGV__INTAKE_MANIFOLD_RUNNER_2_CIRCUIT_LOW
 0000:0007950E       P2008_TGV__INTAKE_MANIFOLD_RUNNER_1_CIRCUIT_OPEN
 0000:0007950F       P2011_TGV__INTAKE_MANIFOLD_RUNNER_2_CIRCUIT_OPEN
 0000:00079510       P2444_SECONDARY_AIR_PUMP_1_STUCK_ON_B1
 0000:00079512       P0410_SECONDARY_AIR_PUMP_SYSTEM
 0000:00079514       P2433_SECONDARY_AIR_PUMP_CIRCUIT_HIGH
 0000:00079515       P2432_SECONDARY_AIR_PUMP_CIRCUIT_LOW
 0000:00079516       P0413_SECONDARY_AIR_PUMP_A_OPEN
 0000:00079517       P0418_SECONDARY_AIR_PUMP_RELAY_A
 0000:00079518       P0140_REAR_O2_SENSOR_NO_ACTIVITY
 0000:0007951B       P0414_SECONDARY_AIR_PUMP_A_SHORTED
 0000:0007951C       P1418_SECONDARY_AIR_PUMP_CIRCUIT_SHORTED
 0000:0007951D       P0018_CRANKSHAFTCAMSHAFT_CORRELATION_2A
 0000:0007951E       P0016_CRANKSHAFTCAMSHAFT_CORRELATION_1A
 0000:0007951F       P1410_SECONDARY_AIR_PUMP_VALVE_STUCK_OPEN
 0000:00079522       P2441_SECONDARY_AIR_PUMP_VALVE_1_STUCK_CLOSED
 0000:00079526       P0024_EXHAUST_AVCS_SYSTEM_2_RANGEPERF
 0000:00079527       P0014_EXHAUST_AVCS_SYSTEM_1_RANGEPERF
 0000:00079528       P1616_SBDS_INTERACTIVE_CODES
 0000:00079529       P1520_IMRC_CIRCUIT_MALFUNCTION
 0000:0007952A       P1519_IMRC_STUCK_CLOSED
 0000:0007952E       P0019_CRANKCAM_TIMING_B_FAILURE_2
 0000:0007952F       P0017_CRANKCAM_TIMING_B_FAILURE_1
 0000:0007C846       SBR_CEL_EVAL_JUMPS
 0000:0007C9B8       nullsub_25
 0000:0007C9BC       nullsub_26
 0000:0007CA94       SBR_CEL_TRIGGER
 0000:0007CB6C       HOOK_CEL_TRIGGER
 0000:0007CFEA       aJCoA
 0000:0007D0AA       aJCo0u
 0000:0007D89A       aCoBPNcU
 0000:0007D9B0       aJCJCoS
 0000:00081FF0       aCoZfHlcu
 0000:0008416C       Force_Pass_Readiness_Monitors_
 0000:00086B74       Table_Turbo_Dynamics_Proportional
 0000:00086B88       Table_Turbo_Dynamics_Integral_Negative
 0000:00086B9C       Table_Turbo_Dynamics_Integral_Positive
 0000:00086BD4       Table_Target_Boost_Compensation_IAT_
 0000:00086BE0       Table_InitialMax_Wastegate_Duty_Compensation_Atm_Pressure
 0000:00086BFC       Table_Target_Boost_Compensation_Atm_Pressure_
 0000:00086C18       Table_Max_Wastegate_Duty_
 0000:00086C34       Table_Initial_Wastegate_Duty_
 0000:00086C50       Table_Target_Boost_
 0000:00087080       Table_Engine_Load_Limit_B_Maximum_RPM
 0000:000870F8       Table_Front_Oxygen_Sensor_Compensation_Atm_Pressure
 0000:000871CC       Table_MAF_Compensation_IAT
 0000:000871E8       Table_Engine_Load_Compensation_Cruise_MP
 0000:00087204       Table_Engine_Load_Compensation_NonCruise_MP
 0000:00087D50       Table_Cranking_Fuel_IPW_Compensation_MAP
 0000:00087D64       Table_Cranking_Fuel_IPW_Compensation_Accelerator
 0000:00087D78       Table_Cranking_Fuel_IPW_Compensation_IAT
 0000:00087FAC       Table_Primary_Open_Loop_Fueling_Compensation_Timing_Compensation_
 0000:00087FD4       Table_Minimum_Primary_Open_Loop_Enrichment_Throttle
 0000:00087FE8       Table_Minimum_Primary_Open_Loop_Enrichment_Accelerator
 0000:000881C8       Table_Tipin_Enrichment_Compensation_Boost_Error
 0000:00088A74       Table_CL_to_OL_Transition_Counter_Step_Value_MAF
 0000:00088A98       Table_Primary_Open_Loop_Fueling_Compensation_ECT
 0000:00088F0C       Table_Cranking_Fuel_IPW_Compensation_Imm_NonCruise_RPM
 0000:00088F28       Table_Cranking_Fuel_IPW_Compensation_Imm_Cruise_RPM
 0000:00089190       Table_Injector_Latency_
 0000:00089268       Table_CL_Fueling_Target_Compensation_A_Load
 0000:000892A0       Table_CL_Fueling_Target_Compensation_B_Load
 0000:000893B8       Table_Boost_Limit_Fuel_Cut_
 0000:00089488       Table_Base_Timing_Idle_Minimum
 0000:0008949C       Table_Base_Timing_Idle_A_InGear
 0000:00089514       Table_Timing_Compensation_Imm_NonCruise_A_ECT
 0000:00089564       Table_Timing_Compensation_A_IAT
 0000:000899D0       Table_Rough_Correction_Learning_Delay_Increasing_
 0000:00089C10       Table_Timing_Compensation_A_IAT_Activation
 0000:00089D7C       Table_Timing_Compensation_Per_Cylinder_A
 0000:00089D98       Table_Timing_Compensation_Per_Cylinder_B
 0000:00089DB4       Table_Timing_Compensation_Per_Cylinder_C
 0000:00089DD0       Table_Timing_Compensation_Per_Cylinder_D
 0000:0008AB64       Table_MAF_Sensor_Scaling
 0000:0008AB70       Table_Front_Oxygen_Sensor_Scaling
 0000:000BE804       SBR_PULL2D_FLOAT
 0000:000BE8B8       SBR_PULL3D_FLOAT
 0000:000BEA14       SBR_Smoothing_Function
 0000:000BF258       aMsr_rfcc_shcv9
 0000:000C0000       aAz1g202g
 0000:000C0104       aBoff
 0000:000C0599       Boost_Control_Disable_Delay_Fine_Correction
 0000:000C05C0       TD_Activation_Thresholds_Target_Boost_
 0000:000C05C8       TD_Integral_Negative_Activation_Boost_Error
 0000:000C05CC       TD_Integral_Positive_Activation_Boost_Error
 0000:000C05D0       TD_Integral_Negative_Activation_Wastegate_Duty
 0000:000C05D4       TD_Activation_Thresholds_RPM
 0000:000C05DC       TD_Integral_Cumulative_Range_WGDC_Correction
 0000:000C05E4       Boost_Control_Disable_Fine_Correction
 0000:000C05E8       Boost_Control_Disable_IAM
 0000:000C05F4       Target_Boost_Compensation_1st_Gear_Speed_Disable
 0000:000C05F8       Target_Boost_Compensation_1st_Gear
 0000:000C0600       InitialMax_Wastegate_Duty_Compensation_ECT_Y_Axis
 0000:000C0640       TD_Integral_Negative_Compensation_IAT_Y_Axis
 0000:000C0680       InitialMax_Wastegate_Duty_Compensation_IAT
 0000:000C06A0       InitialMax_Wastegate_Duty_Compensation_ECT
 0000:000C06B0       TD_Proportional_Compensation_IAT
 0000:000C06C0       TD_Integral_Negative_Compensation_IAT
 0000:000C06D0       TD_Integral_Positive_Compensation_IAT
 0000:000C06E0       Target_Boost_Compensation_ECT
 0000:000C06F0       Turbo_Dynamics_Proportional_Y_Axis
 0000:000C0714       Turbo_Dynamics_Proportional
 0000:000C0728       Turbo_Dynamics_Integral_Negative_Y_Axis
 0000:000C074C       Turbo_Dynamics_Integral_Negative
 0000:000C0760       Turbo_Dynamics_Integral_Positive_Y_Axis
 0000:000C0784       Turbo_Dynamics_Integral_Positive
 0000:000C0810       Target_Boost_Compensation_IAT__Y_Axis
 0000:000C083C       Target_Boost_Compensation_IAT_
 0000:000C0868       InitialMax_Wastegate_Duty_Compensation_Atm_Pressure_X_Axis
 0000:000C0880       InitialMax_Wastegate_Duty_Compensation_Atm_Pressure_Y_Axis
 0000:000C0890       InitialMax_Wastegate_Duty_Compensation_Atm_Pressure
 0000:000C08A8       Target_Boost_Compensation_Atm_Pressure__X_Axis
 0000:000C08C0       Target_Boost_Compensation_Atm_Pressure__Y_Axis
 0000:000C08D8       Target_Boost_Compensation_Atm_Pressure_
 0000:000C08FC       Max_Wastegate_Duty__X_Axis
 0000:000C0928       Max_Wastegate_Duty__Y_Axis
 0000:000C0950       Max_Wastegate_Duty_
 0000:000C0A2C       Initial_Wastegate_Duty__X_Axis
 0000:000C0A58       Initial_Wastegate_Duty__Y_Axis
 0000:000C0A80       Initial_Wastegate_Duty_
 0000:000C0B5C       Target_Boost__X_Axis
 0000:000C0B94       Target_Boost__Y_Axis
 0000:000C0BCC       Target_Boost_
 0000:000C0EB0       aDzpfff
 0000:000C0EB8       aDh
 0000:000C0FC8       aLSss?
 0000:000C1D14       aLSssCff?
 0000:000C1D2C       a?a_3
 0000:000C2998       MAF_Limit_Maximum
 0000:000C29B8       dLoadSmoothingAlt
 0000:000C29BC       dLoadSmoothingB
 0000:000C29C0       dLoadSmoothingA
 0000:000C29CC       dLoadSmoothingFinal
 0000:000C2B30       aLQiUtD@
 0000:000C2B40       aD
 0000:000C2B44       aEia
 0000:000C2B48       aEma
 0000:000C2B90       Gear_Determination_Thresholds_A
 0000:000C2BA4       Gear_Determination_Thresholds_B
 0000:000C2BB8       Gear_Determination_Thresholds_C
 0000:000C2D34       Engine_Load_Limit_B_Maximum_RPM_Y_Axis
 0000:000C2D3C       Engine_Load_Limit_B_Maximum_RPM
 0000:000C2E2C       Front_Oxygen_Sensor_Compensation_Atm_Pressure_Y_Axis
 0000:000C2E3C       Front_Oxygen_Sensor_Compensation_Atm_Pressure
 0000:000C2F5C       aEMyuxQfOWfa
 0000:000C2F70       aA_4
 0000:000C30DC       MAF_Compensation_IAT_X_Axis
 0000:000C30F0       MAF_Compensation_IAT_Y_Axis
 0000:000C3110       MAF_Compensation_IAT
 0000:000C3138       Engine_Load_Compensation_Cruise_MP_X_Axis
 0000:000C3164       Engine_Load_Compensation_Cruise_MP_Y_Axis
 0000:000C31C0       Engine_Load_Compensation_Cruise_MP
 0000:000C32C0       Engine_Load_Compensation_NonCruise_MP_X_Axis
 0000:000C32EC       Engine_Load_Compensation_NonCruise_MP_Y_Axis
 0000:000C3340       Engine_Load_Compensation_NonCruise_MP
 0000:000C36FC       aL_0
 0000:000C3AE4       Manifold_Pressure_Sensor_CEL_Delays
 0000:000C3D08       aG
 0000:000C3D1C       aC_0
 0000:000C3E54       a9aiqL?333bm
 0000:000C44B8       aDddddddddddddd
 0000:000C44C8       aAp
 0000:000C4568       aYYYFfffffffs3a
 0000:000C457C       aD_0
 0000:000C46A8       aIaiaiaiaiaiaia
 0000:000C46BC       aD_1
 0000:000C4E54       a33UPEASssMshAI
 0000:000C4E8C       aD_2
 0000:000C76D3       Tipin_Enrichment_Applied_Counter_Reset
 0000:000C76D4       Tipin_Throttle_Cumulative_Reset
 0000:000C770E       CL_Delay_Engine_Load_Counter_Threshold
 0000:000C7710       CL_to_OL_DelaySwitch_SIDRIVE_Intelligent
 0000:000C7716       CL_to_OL_Delay_
 0000:000C78A8       Injector_Flow_Scaling
 0000:000C78DC       aUPUPLLLL
 0000:000C78F8       a?yss?a
 0000:000C7900       a@_1
 0000:000C798C       a?s33L?s33
 0000:000C79A0       aBu
 0000:000C79C4       a?s33?s33?yss?s
 0000:000C79D8       aB_0
 0000:000C79E0       a?yss?sss?fff?a
 0000:000C79F0       aGAa
 0000:000C7ADC       AF_Learning_1_Limits
 0000:000C7AEC       AF_Learning_1_Airflow_Ranges
 0000:000C7B68       aAiq?Q?zsg?Q?zs
 0000:000C7B90       Primary_Open_Loop_Fuel_Map_Switch_IAM
 0000:000C7B94       Minimum_Active_Primary_Open_Loop_Enrichment
 0000:000C7B98       CL_to_OL_Transition_with_Delay_BPW_Hysteresis
 0000:000C7B9C       CL_to_OL_Transition_with_Delay_Throttle_Hysteresis
 0000:000C7BA0       CL_Delay_Minimum_ECT
 0000:000C7BA4       CL_Delay_Maximum_Engine_Speed_Per_Gear
 0000:000C7BCC       CL_Delay_Maximum_Engine_Speed_Neutral
 0000:000C7BFC       CL_Delay_Maximum_Throttle
 0000:000C7C18       CL_Delay_Maximum_Vehicle_Speed
 0000:000C7C28       CL_Delay_Maximum_Engine_Load
 0000:000C7CA4       aLL?
 0000:000C7CB8       aLLA
 0000:000C7CC4       aA_2
 0000:000C7CC8       a?_1
 0000:000C7CCC       aA_3
 0000:000C7CD0       a@a_2
 0000:000C7CD4       aCc
 0000:000C7EB4       Minimum_Tipin_Enrichment_Activation_Throttle
 0000:000C7EB8       Minimum_Tipin_Enrichment_Activation
 0000:000C7EBC       Tipin_Enrichment_Compensation_D_ECT_Activation
 0000:000C7F14       Revlim
 0000:000C7F1C       Rev_Limit_Fuel_Resume_Boost
 0000:000C7F64       Speed_Limiting_Enable_Fuel_Cut
 0000:000C7F6C       Speed_Limiting_Disable_Fuel_Cut
 0000:000C7FF4       Min_Primary_Base_Enrichment_1_NonPrimary_OL__Y_Axis
 0000:000C8034       Tipin_Enrichment_Compensation_D_ECT_Y_Axis
 0000:000C81D0       Cranking_Fuel_IPW_Compensation_MAP_Y_Axis
 0000:000C81F8       Cranking_Fuel_IPW_Compensation_MAP
 0000:000C8204       Cranking_Fuel_IPW_Compensation_Accelerator_Y_Axis
 0000:000C822C       Cranking_Fuel_IPW_Compensation_Accelerator
 0000:000C8238       Cranking_Fuel_IPW_Compensation_IAT_Y_Axis
 0000:000C824C       Cranking_Fuel_IPW_Compensation_IAT
 0000:000C82B1       Min_Primary_Base_Enrichment_1_NonPrimary_OL_
 0000:000C86A8       Primary_Open_Loop_Fueling_Compensation_Timing_Compensation__Y_Axis
 0000:000C86C0       Primary_Open_Loop_Fueling_Compensation_Timing_Compensation_
 0000:000C86C8       CL_to_OL_Transition_with_Delay_Throttle_Y_Axis
 0000:000C8708       CL_to_OL_Transition_with_Delay_Throttle
 0000:000C8718       Minimum_Primary_Open_Loop_Enrichment_Throttle_Y_Axis
 0000:000C8730       Minimum_Primary_Open_Loop_Enrichment_Throttle
 0000:000C8738       Minimum_Primary_Open_Loop_Enrichment_Accelerator_Y_Axis
 0000:000C8754       Minimum_Primary_Open_Loop_Enrichment_Accelerator
 0000:000C8A0C       aVxnzgbaaaaaaaa
 0000:000C8A44       Tipin_Enrichment_Compensation_RPM_Y_Axis
 0000:000C8A84       Tipin_Enrichment_Compensation_RPM
 0000:000C8A94       Tipin_Enrichment_Compensation_Boost_Error_Y_Axis
 0000:000C8AB8       Tipin_Enrichment_Compensation_Boost_Error
 0000:000C8AC1       Tipin_Enrichment_Compensation_A_ECT
 0000:000C8AD1       Tipin_Enrichment_Disable_Applied_Counter_Threshold_A_ECT
 0000:000C8AE1       Tipin_Enrichment_Disable_Applied_Counter_Threshold_B_ECT
 0000:000C8BFC       aCfcfcfcfcfcfcf
 0000:000C8C25       a?_2
 0000:000C8C27       a?_3
 0000:000C8C29       a?_4
 0000:000C8C2B       a?_5
 0000:000C8C2D       a?_6
 0000:000C8C2F       a?_7
 0000:000C8C52       Cranking_Fuel_Injector_Pulse_Width_A_ECT
 0000:000C8C72       Cranking_Fuel_Injector_Pulse_Width_B_ECT
 0000:000C8C92       Cranking_Fuel_Injector_Pulse_Width_C_ECT
 0000:000C8CB2       Cranking_Fuel_Injector_Pulse_Width_D_ECT
 0000:000C8CD2       Cranking_Fuel_Injector_Pulse_Width_E_ECT
 0000:000C8CF2       Cranking_Fuel_Injector_Pulse_Width_F_ECT
 0000:000C9410       aLSss?l?a
 0000:000C9460       aLSss?l?a_0
 0000:000C97BC       aPPUtZqaQi
 0000:000C98B0       a33333333333333
 0000:000C9B44       aZszszszszsyYYY
 0000:000C9C44       aZszszszszsyY_0
 0000:000C9EBC       CL_to_OL_Transition_with_Delay_Base_Pulse_Width_Y_Axis
 0000:000C9EFC       CL_to_OL_Transition_with_Delay_Base_Pulse_Width
 0000:000C9F1C       CL_to_OL_Transition_Counter_Step_Value_MAF_Y_Axis
 0000:000C9F44       CL_to_OL_Transition_Counter_Step_Value_MAF
 0000:000C9FD0       Primary_Open_Loop_Fueling_Compensation_ECT
 0000:000C9FD8       a1KDzgoqYA
 0000:000C9FE8       aA_5
 0000:000C9FEA       aA_6
 0000:000C9FEC       aA_7
 0000:000C9FEE       aA_8
 0000:000CA050       aL_1
 0000:000CA088       aG3g3g3g3g3g3g3
 0000:000CA0A6       aA_9
 0000:000CA0A8       aA_10
 0000:000CA0AA       aA_11
 0000:000CA0AC       aA_12
 0000:000CA0AE       aA_13
 0000:000CA0B0       aA_14
 0000:000CA0B4       aSss?
 0000:000CA70C       Throttle_Tipin_Enrichment_A_Y_Axis
 0000:000CA754       Throttle_Tipin_Enrichment_A
 0000:000CA778       Throttle_Tipin_Enrichment_B_Y_Axis
 0000:000CA7C0       Throttle_Tipin_Enrichment_B
 0000:000CA7E4       Tipin_Enrichment_Compensation_B_ECT
 0000:000CA804       Tipin_Enrichment_Compensation_C_ECT
 0000:000CA844       Tipin_Enrichment_Compensation_D_ECT
 0000:000CA864       Tipin_Enrichment_Disable_Throttle_Cumulative_Threshold_A_ECT
 0000:000CA884       Tipin_Enrichment_Disable_Throttle_Cumulative_Threshold_B_ECT
 0000:000CAFFC       aAmZfamZfaamzfa
 0000:000CB020       aBc
 0000:000CB050       aAmZfamZfaamz_0
 0000:000CB074       Cranking_Fuel_IPW_Compensation_Imm_NonCruise_RPM_X_Axis
 0000:000CB088       Cranking_Fuel_IPW_Compensation_Imm_NonCruise_RPM_Y_Axis
 0000:000CB0A4       Cranking_Fuel_IPW_Compensation_Imm_NonCruise_RPM
 0000:000CB0C8       Cranking_Fuel_IPW_Compensation_Imm_Cruise_RPM_X_Axis
 0000:000CB0DC       Cranking_Fuel_IPW_Compensation_Imm_Cruise_RPM_Y_Axis
 0000:000CB0F8       Cranking_Fuel_IPW_Compensation_Imm_Cruise_RPM
 0000:000CB28C       Min_Primary_Base_Enrichment_1_NonCruise_Y_Axis
 0000:000CB2AC       Min_Primary_Base_Enrichment_1_NonCruise
 0000:000CB32C       Min_Primary_Base_Enrichment_1_Cruise_Y_Axis
 0000:000CB350       Min_Primary_Base_Enrichment_1_Cruise
 0000:000CB67C       aZzzzzzzz
 0000:000CB6C4       Primary_Open_Loop_Fueling_X_Axis
 0000:000CB710       Primary_Open_Loop_Fueling_Y_Axis
 0000:000CB758       Primary_Open_Loop_Fueling
 0000:000CB8B0       Primary_Open_Loop_Fueling_Failsafe_X_Axis
 0000:000CB8FC       Primary_Open_Loop_Fueling_Failsafe_Y_Axis
 0000:000CB944       Primary_Open_Loop_Fueling_Failsafe
 0000:000CC0DC       Per_Injector_Pulse_Width_Compensation_A_X_Axis
 0000:000CC11C       Per_Injector_Pulse_Width_Compensation_A_Y_Axis
 0000:000CC15C       Per_Injector_Pulse_Width_Compensation_A
 0000:000CC25C       Per_Injector_Pulse_Width_Compensation_B_X_Axis
 0000:000CC29C       Per_Injector_Pulse_Width_Compensation_B_Y_Axis
 0000:000CC2DC       Per_Injector_Pulse_Width_Compensation_B
 0000:000CC3DC       Per_Injector_Pulse_Width_Compensation_C_X_Axis
 0000:000CC41C       Per_Injector_Pulse_Width_Compensation_C_Y_Axis
 0000:000CC45C       Per_Injector_Pulse_Width_Compensation_C
 0000:000CC55C       Per_Injector_Pulse_Width_Compensation_D_X_Axis
 0000:000CC59C       Per_Injector_Pulse_Width_Compensation_D_Y_Axis
 0000:000CC5DC       Per_Injector_Pulse_Width_Compensation_D
 0000:000CC8E0       Injector_Latency__X_Axis
 0000:000CC8F4       Injector_Latency__Y_Axis
 0000:000CC900       Injector_Latency_
 0000:000CCD34       CL_Fueling_Target_Compensation_Imm_Cruise_ECT_Y_Axis
 0000:000CCD40       CL_Fueling_Target_Compensation_Imm_Cruise_ECT
 0000:000CCD56       aA_15
 0000:000CCD58       aA_16
 0000:000CCD5A       aA_17
 0000:000CCD5C       aA_18
 0000:000CCD5E       aA_19
 0000:000CCD60       aJfjfjfjfjfjfjf
 0000:000CCD70       aA_20
 0000:000CCD72       aA_21
 0000:000CCD74       aA_22
 0000:000CCD76       aA_23
 0000:000CCD78       aA_24
 0000:000CCD7A       aA_25
 0000:000CCD7C       aA_26
 0000:000CCD7E       aA_27
 0000:000CCD80       aJfjfjfjfjfjfa
 0000:000CCD8E       aA_28
 0000:000CCD90       aA_29
 0000:000CCD92       aA_30
 0000:000CCD94       aA_31
 0000:000CCD96       aA_32
 0000:000CCD98       aA_33
 0000:000CCD9A       aA_34
 0000:000CCD9C       aA_35
 0000:000CCD9E       aA_36
 0000:000CCDA0       CL_Fueling_Target_Compensation_Imm_NonCruise_ECT_Y_Axis
 0000:000CCDAC       CL_Fueling_Target_Compensation_Imm_NonCruise_ECT
 0000:000CCDBC       aA_37
 0000:000CCDBE       aA_38
 0000:000CCDC0       aA_39
 0000:000CCDC2       aA_40
 0000:000CCDC4       aA_41
 0000:000CCDC6       aA_42
 0000:000CCDC8       aA_43
 0000:000CCDCA       aA_44
 0000:000CCDCC       aJfjfjfjfjfjf_0
 0000:000CCDE0       aA_45
 0000:000CCDE2       aA_46
 0000:000CCDE4       aA_47
 0000:000CCDE6       aA_48
 0000:000CCDE8       aA_49
 0000:000CCDEA       aA_50
 0000:000CCDEC       aJfjfjfjfjfjf_1
 0000:000CCE06       aA_51
 0000:000CCE08       aA_52
 0000:000CCE0A       aA_53
 0000:000CCE0C       CL_Fueling_Target_Compensation_A_Load_X_Axis
 0000:000CCE38       CL_Fueling_Target_Compensation_A_Load_Y_Axis
 0000:000CCE60       CL_Fueling_Target_Compensation_A_Load
 0000:000CCF24       aZss3s3s3s3s3s3
 0000:000CCF3A       aYLSss?
 0000:000CD06C       CL_Fueling_Target_Compensation_B_Load_X_Axis
 0000:000CD098       CL_Fueling_Target_Compensation_B_Load_Y_Axis
 0000:000CD0C0       CL_Fueling_Target_Compensation_B_Load
 0000:000CDC88       a33333333
 0000:000CDCA8       Boost_Limit_Fuel_Cut__X_Axis
 0000:000CDCC0       Boost_Limit_Fuel_Cut__Y_Axis
 0000:000CDCD8       Boost_Limit_Fuel_Cut_
 0000:000CDD86       Feedback_Correction_Negative_Advance_Delay
 0000:000CDD96       Fine_Correction_Advance_Delay
 0000:000CDE84       Base_Timing_Idle_Minimum_Vehicle_Speed_Enable
 0000:000CE018       Timing_Compensation_B_IAT_Max_Additive
 0000:000CE034       Timing_Compensation_B_IAT_IAM_Activation
 0000:000CE0AC       Timing_Comp_Maximum_RPM_Per_Cylinder
 0000:000CE0B0       Timing_Comp_Minimum_Load_Per_Cylinder
 0000:000CE0B4       Timing_Comp_Minimum_Coolant_Temp_Per_Cylinder
 0000:000CE0B8       Feedback_Correction_Minimum_Load
 0000:000CE0C0       Feedback_Correction_Range_RPM
 0000:000CE0DC       Feedback_Correction_Retard_Limit
 0000:000CE0E0       Feedback_Correction_Retard_Value
 0000:000CE0E4       Feedback_Correction_Negative_Advance_Value
 0000:000CE0EC       Extended_Feedback_Correction_High_RPM_Compensation
 0000:000CE1D0       Rough_Correction_Range_RPM
 0000:000CE1E0       Rough_Correction_Range_Load
 0000:000CE1F0       Rough_Correction_Minimum_KC_Advance_Map_Value
 0000:000CE1F4       Advance_Multiplier_Initial
 0000:000CE1F8       Advance_Multiplier_Step_Value
 0000:000CE228       Fine_Correction_Rows_RPM
 0000:000CE244       Fine_Correction_Columns_Load
 0000:000CE260       Fine_Correction_Advance_Limit
 0000:000CE264       Fine_Correction_Advance_Value
 0000:000CE268       Fine_Correction_Retard_Limit
 0000:000CE26C       Fine_Correction_Retard_Value
 0000:000CE288       Fine_Correction_Range_RPM
 0000:000CE298       Fine_Correction_Range_Load
 0000:000CE2D4       Timing_Compensation_Imm_NonCruise_B_ECT_Y_Axis
 0000:000CE354       Base_Timing_Idle_Minimum_Y_Axis
 0000:000CE3F0       aRrrrrrrrdug
 0000:000CE400       aDh_0
 0000:000CE4E5       Base_Timing_Idle_Minimum
 0000:000CE4EE       Base_Timing_Idle_A_InGear
 0000:000CE4FE       Base_Timing_Idle_B_InGear
 0000:000CE50E       Base_Timing_Idle_A_Neutral
 0000:000CE51E       Base_Timing_Idle_B_Neutral
 0000:000CE54E       Timing_Compensation_Imm_NonCruise_A_ECT
 0000:000CE55E       Timing_Compensation_Imm_NonCruise_B_ECT
 0000:000CE56E       Timing_Compensation_Imm_Cruise_A_ECT
 0000:000CE57E       Timing_Compensation_Imm_Cruise_B_ECT
 0000:000CE590       Timing_Compensation_A_IAT_Y_Axis
 0000:000CE5D0       Timing_Compensation_A_IAT
 0000:000CE70C       aAaaaaaaaiRmgg9
 0000:000CE7D0       aGggggggg
 0000:000CE960       aAaaaaaaa3@Aaaa
 0000:000CEB38       Timing_Compensation_B_IAT_Y_Axis
 0000:000CEB78       Timing_Compensation_B_IAT
 0000:000CED04       aIIIPnwfwfwfwfS
 0000:000CED24       aGGGGGGGGGGGGGG
 0000:000CED45       aB_1
 0000:000CED47       aB_2
 0000:000CED49       aB_3
 0000:000CED4B       aB_4
 0000:000CED4D       aB_5
 0000:000CED4F       aB_6
 0000:000CED51       aB_7
 0000:000CED53       aB_8
 0000:000CED63       aDz
 0000:000CEE1C       Rough_Correction_Learning_Delay_Increasing__Y_Axis
 0000:000CEE44       Rough_Correction_Learning_Delay_Increasing_
 0000:000CF7DC       aOooooooooooooo
 0000:000CF814       aAaaRjaaaaxpaaa
 0000:000CF828       Base_Timing_Primary_Cruise_X_Axis
 0000:000CF874       Base_Timing_Primary_Cruise_Y_Axis
 0000:000CF8BC       Base_Timing_Primary_Cruise
 0000:000CFA14       Base_Timing_Primary_NonCruise_X_Axis
 0000:000CFA60       Base_Timing_Primary_NonCruise_Y_Axis
 0000:000CFAA8       Base_Timing_Primary_NonCruise
 0000:000CFC00       Base_Timing_Reference_Cruise_AVCS_related_X_Axis
 0000:000CFC18       a?u33?jff?Ss??r
 0000:000CFC4C       Base_Timing_Reference_Cruise_AVCS_related_Y_Axis
 0000:000CFC94       Base_Timing_Reference_Cruise_AVCS_related
 0000:000CFDEC       Base_Timing_Reference_NonCruise_AVCS_related_X_Axis
 0000:000CFE38       Base_Timing_Reference_NonCruise_AVCS_related_Y_Axis
 0000:000CFE80       Base_Timing_Reference_NonCruise_AVCS_related
 0000:000CFFD8       Timing_Compensation_A_IAT_Activation_X_Axis
 0000:000CFFF8       Timing_Compensation_A_IAT_Activation_Y_Axis
 0000:000D0018       Timing_Compensation_A_IAT_Activation
 0000:000D0032       a@@@@@@aaaa@@@@
 0000:000D0088       aSvzAjnucsvzAjn
 0000:000D00A4       aH
 0000:000D00D4       aSvzAjnucfmszak
 0000:000D00F0       aH_0
 0000:000D0254       aIJyalcVdoxaisK
 0000:000D0268       aC_1
 0000:000D0294       aZzfsaraaazzfsa
 0000:000D0384       aAaaaaaaaaaaaaa
 0000:000D046C       Timing_Compensation_Per_Cylinder_A_X_Axis
 0000:000D04A4       Timing_Compensation_Per_Cylinder_A_Y_Axis
 0000:000D04B4       Timing_Compensation_Per_Cylinder_A
 0000:000D04EC       Timing_Compensation_Per_Cylinder_B_X_Axis
 0000:000D0524       Timing_Compensation_Per_Cylinder_B_Y_Axis
 0000:000D0534       Timing_Compensation_Per_Cylinder_B
 0000:000D056C       Timing_Compensation_Per_Cylinder_C_X_Axis
 0000:000D05A4       Timing_Compensation_Per_Cylinder_C_Y_Axis
 0000:000D05B4       Timing_Compensation_Per_Cylinder_C
 0000:000D05EC       Timing_Compensation_Per_Cylinder_D_X_Axis
 0000:000D0624       Timing_Compensation_Per_Cylinder_D_Y_Axis
 0000:000D0634       Timing_Compensation_Per_Cylinder_D
 0000:000D0878       Knock_Correction_Advance_Max_Cruise_X_Axis
 0000:000D08C4       Knock_Correction_Advance_Max_Cruise_Y_Axis
 0000:000D090C       Knock_Correction_Advance_Max_Cruise
 0000:000D0A64       Knock_Correction_Advance_Max_NonCruise_X_Axis
 0000:000D0AB0       Knock_Correction_Advance_Max_NonCruise_Y_Axis
 0000:000D0AF8       Knock_Correction_Advance_Max_NonCruise
 0000:000D0FBC       a@s33@s33@s33@s
 0000:000D117C       a@s33@s33@s33_0
 0000:000D1354       aBbBbB8ffb8ff6f
 0000:000D1370       aA@
 0000:000D1994       aP
 0000:000D19A8       a@
 0000:000D19B0       aBa
 0000:000D19B4       aL
 0000:000D19C0       aBh
 0000:000D19C4       aB
 0000:000D19C8       aC
 0000:000D19CC       aA
 0000:000D19D0       a@a
 0000:000D19D4       a@_0
 0000:000D1AB8       Idle_Speed_Target_C_Y_Axis
 0000:000D1BCC       aAaaaaaaaaaaa_0
 0000:000D20CE       Idle_Speed_Target_A
 0000:000D210E       Idle_Speed_Target_B
 0000:000D214E       Idle_Speed_Target_C
 0000:000D2838       aAjffbFfbyssbjf
 0000:000D28C4       aDsiieatEgEs0
 0000:000D28D4       aEjQeEpe
 0000:000D3C48       a33333
 0000:000D3C50       aDc
 0000:000D3D0C       aLSss?_0
 0000:000D3F1E       Manifold_Pressure_Sensor_Limits_CEL
 0000:000D3F54       Manifold_Pressure_Sensor_Scaling_
 0000:000D3FA4       Coolant_Temp_Sensor_Scaling_Y_Axis
 0000:000D4014       Coolant_Temp_Sensor_Scaling
 0000:000D4084       Intake_Temp_Sensor_Scaling_Y_Axis
 0000:000D40FC       Intake_Temp_Sensor_Scaling
 0000:000D41F4       MAF_Sensor_Scaling_Y_Axis
 0000:000D42CC       MAF_Sensor_Scaling
 0000:000D43A4       Front_Oxygen_Sensor_Scaling_Y_Axis
 0000:000D43D8       Front_Oxygen_Sensor_Scaling
 0000:000D478C       Radiator_Fan_Modes_A_ECT
 0000:000D479C       Radiator_Fan_Modes_B_ECT
 0000:000D47AC       Radiator_Fan_Modes_Veh_Speed
 0000:000D4C4C       ECU_ID
 0000:000D51D8       aFffff
 0000:000D5638       a?La33bs33b
 0000:000D564C       aA_0
 0000:000D5650       a@a_0
 0000:000D5654       aA_1
 0000:000D5658       a@a_1
 0000:000D565C       a?a
 0000:000D5660       a?a_0
 0000:000D5664       a?
 0000:000D5668       a?_0
 0000:000D566C       a?a_1
 0000:000D5670       a?a_2
 0000:000D6370       Intake_Cam_Advance_Angle_Cruise_AVCS_X_Axis
 0000:000D63BC       Intake_Cam_Advance_Angle_Cruise_AVCS_Y_Axis
 0000:000D6404       Intake_Cam_Advance_Angle_Cruise_AVCS
 0000:000D66B0       Intake_Cam_Advance_Angle_NonCruise_AVCS_X_Axis
 0000:000D66FC       Intake_Cam_Advance_Angle_NonCruise_AVCS_Y_Axis
 0000:000D6744       Intake_Cam_Advance_Angle_NonCruise_AVCS
 0000:000D6DB8       Exhaust_Cam_Retard_Angle_Cruise_AVCS_X_Axis
 0000:000D6E04       Exhaust_Cam_Retard_Angle_Cruise_AVCS_Y_Axis
 0000:000D6E4C       Exhaust_Cam_Retard_Angle_Cruise_AVCS
 0000:000D70F8       Exhaust_Cam_Retard_Angle_NonCruise_AVCS_X_Axis
 0000:000D7144       Exhaust_Cam_Retard_Angle_NonCruise_AVCS_Y_Axis
 0000:000D718C       Exhaust_Cam_Retard_Angle_NonCruise_AVCS
 0000:000DC644       Speed_Limiting_A_Throttle_SIDRIVE_SportSport_Sharp
 0000:000DC650       Speed_Limiting_Throttle_SIDRIVE_Intelligent
 0000:000DC65C       Speed_Limiting_B_Throttle_SIDRIVE_SportSport_Sharp
 0000:000DC7FC       Requested_Torque_Base_RPM_Y_Axis
 0000:000DC83C       Requested_Torque_Base_RPM
 0000:000DC84C       aPRRNLjinvVDh
 0000:000DC9FC       aLAgoUPG@@
 0000:000DCB2C       aAaaaaaaaaaaa_1
 0000:000DCBAC       aAaaaaaaaaaaa_2
 0000:000DCC6C       Target_Throttle_Plate_Position_Cruise_Requested_Torque_Ratio_X_Axis
 0000:000DCCC8       Target_Throttle_Plate_Position_Cruise_Requested_Torque_Ratio_Y_Axis
 0000:000DCD08       Target_Throttle_Plate_Position_Cruise_Requested_Torque_Ratio
 0000:000DCFE8       Target_Throttle_Plate_Position_NonCruise_Requested_Torque_Ratio_X_Axis
 0000:000DD044       Target_Throttle_Plate_Position_NonCruise_Requested_Torque_Ratio_Y_Axis
 0000:000DD084       Target_Throttle_Plate_Position_NonCruise_Requested_Torque_Ratio
 0000:000DD364       Target_Throttle_Plate_Position_Maximum_Requested_Torque_Ratio_X_Axis
 0000:000DD3C0       Target_Throttle_Plate_Position_Maximum_Requested_Torque_Ratio_Y_Axis
 0000:000DD400       Target_Throttle_Plate_Position_Maximum_Requested_Torque_Ratio
 0000:000DD81C       Requested_Torque_Accelerator_Pedal_SIDRIVE_Sport_X_Axis
 0000:000DD85C       Requested_Torque_Accelerator_Pedal_SIDRIVE_Sport_Y_Axis
 0000:000DD8A0       Requested_Torque_Accelerator_Pedal_SIDRIVE_Sport
 0000:000DDAC0       Requested_Torque_Accelerator_Pedal_SIDRIVE_Sport_Sharp_X_Axis
 0000:000DDB00       Requested_Torque_Accelerator_Pedal_SIDRIVE_Sport_Sharp_Y_Axis
 0000:000DDB44       Requested_Torque_Accelerator_Pedal_SIDRIVE_Sport_Sharp
 0000:000DDD64       Requested_Torque_Accelerator_Pedal_SIDRIVE_Intelligent_X_Axis
 0000:000DDDA4       Requested_Torque_Accelerator_Pedal_SIDRIVE_Intelligent_Y_Axis
 0000:000DDDE8       Requested_Torque_Accelerator_Pedal_SIDRIVE_Intelligent
 0000:000E1400       ROMHOLE_START
 0000:000FFB80       Checksum_Fix
 0000:FFFF2004       pObdVinDirect
 0000:FFFF2CA8       E_AF_Learning_Airflow_Range_CurrentExt_E61
 0000:FFFF2CB0       E_AF_Learning_1_B_StoredExt_E45
 0000:FFFF2CB8       E_AF_Learning_1_C_StoredExt_E46
 0000:FFFF2CC0       E_AF_Learning_1_D_StoredExt_E47
 0000:FFFF2D34       E_IAM_4byteExt_E31
 0000:FFFF4046       E_MAF_VOLTS_DIRECT
 0000:FFFF40B4       E_MAF_GS_DIRECT
 0000:FFFF40C8       E_AF_SENSOR_1_RES
 0000:FFFF4124       pIntakeAirTemp
 0000:FFFF413C       pCoolantTemp
 0000:FFFF5EE4       E_Boost_ErrorExt_E35
 0000:FFFF5EE8       E_Target_Boost_Relative_4byteExt_E120
 0000:FFFF5EEC       E_Target_Boost_4byteExt_E36
 0000:FFFF5EF0       E_Turbo_Dynamics_Proportional_4byteExt_E37
 0000:FFFF5EF4       E_Turbo_Dynamics_Integral_4byteExt_E34
 0000:FFFF5F08       E_Primary_Wastegate_Duty_MaximumExt_4byteExt__E77
 0000:FFFF61B6       CRUISE_COAST_FLAGS
 0000:FFFF61B7       CRUISE_RESUME_FLAGS
 0000:FFFF61B8       BRAKE_FLAGS
 0000:FFFF63FC       E_Manifold_Relative_Sea_Level_Pressure_4byteExt_E52
 0000:FFFF6400       E_Manifold_Relative_Pressure_4byteExt_E113
 0000:FFFF64C4       E_Throttle_Plate_Opening_Angle_4byteExt_E38
 0000:FFFF64D4       E_Tipin_ThrottleExt_E54
 0000:FFFF65D4       E_Engine_Load_4ByteExt_E32
 0000:FFFF6730       E_AF_Sensor_1_4byteExt_E91
 0000:FFFF67BF       CLUTCH_FLAGS
 0000:FFFF67EC       E_VEHICLE_SPEED
 0000:FFFF6810       E_ENGINE_SPEED
 0000:FFFF69FD       E_Gear_CalculatedExt_E59
 0000:FFFF6A10       E_Manifold_Relative_Sea_Level_Pressure_2byteExtExt_E89
 0000:FFFF6A12       E_Throttle_Plate_Opening_Angle_2byteExtExt_E93
 0000:FFFF6A18       E_AF_Sensor_1_2byteExtExt_E92
 0000:FFFF6A26       E_Final_Fueling_Base_2byteExt_E124
 0000:FFFF6A2A       E_AF_Correction_1_2byteExtExt_E82
 0000:FFFF6A2C       E_Closed_Loop_Fueling_Target_2byteExt_E122
 0000:FFFF6A2E       E_AF_Learning_1_2byteExtExt_E83
 0000:FFFF6A32       E_Primary_Open_Loop_Map_Enrichment_2byteExtExt_E85
 0000:FFFF6A3E       E_Target_Boost_2byteExtExt_E90
 0000:FFFF6A43       E_Engine_Load_1byteExtExt_E86
 0000:FFFF6A4D       E_Feedback_Knock_Correction_1byteExtExt_E94
 0000:FFFF6A4F       E_IAM_1byteExtExt_E96
 0000:FFFF6A50       E_Fine_Learning_Knock_Correction_1byteExtExt_E95
 0000:FFFF6A59       E_Primary_WGDC_Maximum_1byteExtExt_E112
 0000:FFFF6A70       pAtmoPress
 0000:FFFF6F04       E_Final_Fueling_Base_4byteExt_E123
 0000:FFFF6F44       E_Fuel_Injector_1_Latency_4byteExt_E50
 0000:FFFF7210       E_AF_Correction_1_4byteExt_E81
 0000:FFFF72F8       E_Closed_Loop_Fueling_Target_4byteExt_E121
 0000:FFFF7390       E_AF_Learning_1_4byteExt_E48
 0000:FFFF7458       E_Primary_Open_Loop_Map_Enrichment_4byteExt_E84
 0000:FFFF76DC       E_Tipin_Enrichment_Last_CalculatedExt_E55
 0000:FFFF7768       REVLIM_FUELCUT_FLAGS
 0000:FFFF782C       E_Fuel_Injector_1_Pulse_Width_4byteExt_E60
 0000:FFFF7988       E_Ignition_Base_TimingExt_E53
 0000:FFFF7C3C       E_Knock_Correction_Advance_4byteExt_E43
 0000:FFFF7C40       E_Feedback_Knock_Correction_4byteExt_E39
 0000:FFFF7CA8       E_Knock_Correction_Advance_Max_PrimaryExt_E118
 0000:FFFF7CB0       E_Knock_Correction_Advance_IAM_onlyExt_E40
 0000:FFFF7CDC       E_Fine_Learning_Knock_Correction_4byteExt_E41
 0000:FFFF7CE8       E_Fine_Learning_Table_OffsetExt_E58
 0000:FFFF7F9C       E_Target_Throttle_Plate_PositionExt_E57
 0000:FFFF7FA4       E_Requested_TorqueExt_E56
 0000:FFFF834C       E_Idle_Speed_Map_SelectionExt_E49
 0000:FFFF9B3A       CEL_TRIGGER_BYTE
 0000:FFFF9CF1       E_CLOL_FuelingExt_E33
 0000:FFFFA840       RAMHOLE_START
 0000:FFFFBF9F       pMemoryResetLimit
