
 Start         Length     Name                   Class
 0000:00000000 000100000H ROM                    CODE
 0000:00000000 00000BFFFH RAM                    


  Address         Publics by Value

 0000:00000000       off_0
 0000:00002004       dCalId
 0000:0000203C       aPf_08cyh4tVer_
 0000:0000205C       aObd_07cyh4nVer
 0000:00003374       aCopyright1999H
 0000:00003F88       nullsub_13
 0000:000047A4       sMafCalc
 0000:00004800       hMafCalc
 0000:00004A42       nullsub_14
 0000:00004C62       nullsub_1
 0000:00006318       nullsub_11
 0000:0000691E       nullsub_15
 0000:00008E5A       nullsub_16
 0000:0000A3E4       nullsub_17
 0000:0000AC5E       nullsub_5
 0000:0000AE8E       nullsub_2
 0000:0000AE92       nullsub_6
 0000:0000AED2       nullsub_3
 0000:0000AED6       nullsub_7
 0000:0000AF50       nullsub_8
 0000:0000B05C       nullsub_4
 0000:0000B060       nullsub_9
 0000:0000B0CA       nullsub_10
 0000:0000C5B8       nullsub_12
 0000:0000C5BC       nullsub_18
 0000:0000C7D2       nullsub_19
 0000:0000E630       aFzcatOFaftcatv
 0000:0000F5C4       aCMcLsDJdXf
 0000:0000F930       hMemoryReset
 0000:0000FED8       sMemoryReset
 0000:000103B2       aCJo04cX
 0000:0001187C       hMemoryResetLimit
 0000:00013AA4       sWgdc
 0000:00013FC0       hWgdc0
 0000:00014248       Max_Wastegate_Duty_Limit_PostCompensation
 0000:0001B7B4       Engine_Load_Limit_A_Maximum
 0000:0001D060       Front_Oxygen_Sensor_Rich_Limit
 0000:0002089C       aJCoCa
 0000:00023D0C       aOSUfpbDlQo
 0000:000243EC       nullsub_25
 0000:000243F0       nullsub_26
 0000:00026AA4       aCoBAqBArAsDu5x
 0000:000290E8       aODDaaDDe@@
 0000:0002F340       sRevLimStart
 0000:0002F36A       RevLimBitMask_0x01
 0000:0002F380       sRevLimEnd
 0000:000310E0       aJCJCoR
 0000:0003A1FA       aVbEBsbB2xbB
 0000:0003A52C       aCoMaBU
 0000:0003C900       hWgdc
 0000:0003CDE4       hRevLimDelete
 0000:00045906       aYAjdcakdaaldd
 0000:0004A420       aOJCJC
 0000:0004CA50       aZbZDaaqdbardca
 0000:0004CC46       SsmGet_Switches_168_169_170_171_172_x_x_x
 0000:0004CC70       SsmGet_Engine_Load_Relative_P1
 0000:0004CC7A       SsmGet_Coolant_Temperature_P2
 0000:0004CC90       SsmGet_AF_Correction_1_P3
 0000:0004CCAA       SsmGet_AF_Learning_1_P4
 0000:0004CCC2       SsmGet_AF_Correction_2_P5
 0000:0004CCD8       SsmGet_AF_Learning_2_P6
 0000:0004CD94       SsmGet_Manifold_Absolute_Pressure_P7
 0000:0004CDAA       SsmGet_Engine_Speed_P8
 0000:0004CDE0       SsmGet_Vehicle_Speed_P9
 0000:0004CDF4       SsmGet_Ignition_Total_Timing_P10
 0000:0004CE0C       SsmGet_Intake_Air_Temperature_P11
 0000:0004CE22       SsmGet_Mass_Airflow_P12
 0000:0004CE58       SsmGet_Throttle_Opening_Angle_P13
 0000:0004CE6E       SsmGet_Front_O2_Sensor_1_P14
 0000:0004CE76       SsmGet_Rear_O2_Sensor_P15
 0000:0004CEAC       SsmGet_Front_O2_Sensor_2_P16
 0000:0004CEB4       SsmGet_Battery_Voltage_P17
 0000:0004CECA       SsmGet_Mass_Airflow_Sensor_Voltage_P18
 0000:0004CEEE       SsmGet_Fuel_Injector_1_Pulse_Width_P21
 0000:0004CF04       SsmGet_Fuel_Injector_2_Pulse_Width_P22
 0000:0004CF1C       SsmGet_Atmospheric_Pressure_P24
 0000:0004CF32       SsmGet_Manifold_Relative_Pressure_P25
 0000:0004CF50       SsmGet_Learned_Ignition_Timing_P29
 0000:0004CF6E       SsmGet_Accelerator_Pedal_Angle_P30
 0000:0004CF84       SsmGet_Fuel_Temperature_P31
 0000:0004CF98       SsmGet_Fuel_Level_P35
 0000:0004CFAE       SsmGet_Radiator_Fan_Control_P92
 0000:0004CFC0       SsmGet_Primary_Wastegate_Duty_Cycle_P36
 0000:0004CFD6       SsmGet_CPC_Valve_Duty_Ratio_P38
 0000:0004CFF2       SsmGet_Tumble_Valve_Position_Sensor_Right_P39
 0000:0004D016       SsmGet_Tumble_Valve_Position_Sensor_Left_P40
 0000:0004D03E       SsmGet_Number_of_Exh_Gas_Recirc_Steps_P45
 0000:0004D050       SsmGet_Alternator_Duty_P46
 0000:0004D0FC       SsmGet_Fuel_Pump_Duty_P47
 0000:0004D112       SsmGet_Intake_VVT_Advance_Angle_Right_P48
 0000:0004D128       SsmGet_Intake_VVT_Advance_Angle_Left_P49
 0000:0004D13E       SsmGet_Intake_OCV_Duty_Right_P50
 0000:0004D154       SsmGet_Intake_OCV_Duty_Left_P51
 0000:0004D16A       SsmGet_Intake_OCV_Current_Right_P52
 0000:0004D180       SsmGet_Intake_OCV_Current_Left_P53
 0000:0004D196       SsmGet_AF_Sensor_1_Current_P54
 0000:0004D1AE       SsmGet_AF_Sensor_2_Current_P55
 0000:0004D1C4       SsmGet_AF_Sensor_1_Resistance_P56
 0000:0004D1D8       SsmGet_AF_Sensor_2_Resistance_P57
 0000:0004D1EA       SsmGet_AF_Sensor_1_P58
 0000:0004D200       SsmGet_AF_Sensor_2_P59
 0000:0004D226       SsmGet_Switches_x_1_2_3_x_69_70_71
 0000:0004D2A6       SsmGet_Switches_4_5_x_6_7_8_9_x
 0000:0004D3C4       SsmGet_Switches_10_11_12_13_14_15_16_17
 0000:0004D418       SsmGet_Switches_18_19_20_21_22_23_24_25
 0000:0004D4A4       SsmGet_Switches_26_27_28_29_30_31_32_33
 0000:0004D514       SsmGet_Switches_34_35_36_37_38_39_40_41
 0000:0004D56A       SsmGet_Switches_42_43_44_45_46_47_48_49
 0000:0004D574       SsmGet_Switches_72_73_74_75_50_51_52_53
 0000:0004D5FA       SsmGet_Switches_54_55_56_57_58_59_60_61
 0000:0004D680       SsmGet_Switches_x_x_x_x_x_x_82_x
 0000:0004D6BC       SsmGet_Switches_108_x_x_x_x_x_x_x
 0000:0004D77E       SsmGet_Roughness_Monitor_Cylinder_1_P63
 0000:0004D784       SsmGet_Roughness_Monitor_Cylinder_2_P64
 0000:0004D78A       SsmGet_AF_Correction_3_32bit_ECU_P89
 0000:0004D7A2       SsmGet_AF_Learning_3_P66
 0000:0004D7FE       SsmGet_Switches_148_149_x_150_151_152_153_154
 0000:0004D87A       SsmGet_Roughness_Monitor_Cylinder_3_P69
 0000:0004D880       SsmGet_Roughness_Monitor_Cylinder_4_P70
 0000:0004DA4A       SsmGet_Roughness_Monitor_Cylinder_5_P151
 0000:0004DA4E       SsmGet_Roughness_Monitor_Cylinder_6_P152
 0000:0004DA52       SsmGet_Learned_Ignition_Timing_Correction_P153
 0000:0004DA68       SsmGet_Throttle_Motor_Duty_P71
 0000:0004DA80       SsmGet_Throttle_Motor_Voltage_P72
 0000:0004DA96       SsmGet_Sub_Throttle_Sensor_P73
 0000:0004DABA       SsmGet_Main_Throttle_Sensor_P74
 0000:0004DADE       SsmGet_Sub_Accelerator_Sensor_P75
 0000:0004DB02       SsmGet_Main_Accelerator_Sensor_P76
 0000:0004DB26       SsmGet_Brake_Booster_Pressure_P77
 0000:0004DB3A       SsmGet_Cold_Start_Injector_Air_Pump_P80
 0000:0004DB50       SsmGet_Memorised_Cruise_Speed_P82
 0000:0004DB62       SsmGet_AirFuel_Correction_4_P117
 0000:0004DB78       SsmGet_AirFuel_Learning_4_P118
 0000:0004DB8E       SsmGet_Fuel_Level_Sensor_Resistance_P119
 0000:0004DBA4       SsmGet_Estimated_odometer_P120
 0000:0004DBCE       SsmGet_Oil_Temperature_P122
 0000:0004DBE2       SsmGet_Oil_Switching_Solenoid_Valve_OSV_Duty_Right_P123
 0000:0004DBF6       SsmGet_Oil_Switching_Solenoid_Valve_OSV_Duty_Left_P124
 0000:0004DC0A       SsmGet_Oil_Switching_Solenoid_Valve_OSV_Current_Right_P125
 0000:0004DC1E       SsmGet_Oil_Switching_Solenoid_Valve_OSV_Current_Left_P126
 0000:0004DC32       SsmGet_Exhaust_VVT_Advance_Angle_Right_P83
 0000:0004DC48       SsmGet_Exhaust_VVT_Advance_Angle_Left_P84
 0000:0004DCF0       SsmGet_Exhaust_OCV_Duty_Right_P85
 0000:0004DD06       SsmGet_Exhaust_OCV_Duty_Left_P86
 0000:0004DD1C       SsmGet_Exhaust_OCV_Current_Right_P87
 0000:0004DD32       SsmGet_Exhaust_OCV_Current_Left_P88
 0000:0004DD48       SsmGet_VVL_Lift_Mode_P127
 0000:0004DD4C       SsmGet_Switches_130_62_131_x_x_x_x_x
 0000:0004DDDE       SsmGet_Switches_63_64_65_66_67_132_68_133
 0000:0004DDE8       ClutchBitMask_0x01
 0000:0004DE50       SsmGet_SIDrive_Mode_P114
 0000:0004DF0A       SsmGet_Switches_155_156_157_x_x_x_x_x
 0000:0004DF36       SsmGet_Fine_Learning_Knock_Correction_P91
 0000:0004DF4E       SsmGet_Fuel_Tank_Pressure_P154
 0000:0004F534       nullsub_20
 0000:0004F538       nullsub_21
 0000:0004F6FA       nullsub_22
 0000:00055104       PtrSsmGet_Engine_Load_Relative_P1
 0000:00055108       PtrSsmGet_Coolant_Temperature_P2
 0000:0005510C       PtrSsmGet_AF_Correction_1_P3
 0000:00055110       PtrSsmGet_AF_Learning_1_P4
 0000:00055114       PtrSsmGet_AF_Correction_2_P5
 0000:00055118       PtrSsmGet_AF_Learning_2_P6
 0000:0005511C       PtrSsmGet_Manifold_Absolute_Pressure_P7
 0000:00055120       PtrSsmGet_Engine_Speed_P8
 0000:00055128       PtrSsmGet_Vehicle_Speed_P9
 0000:0005512C       PtrSsmGet_Ignition_Total_Timing_P10
 0000:00055130       PtrSsmGet_Intake_Air_Temperature_P11
 0000:00055134       PtrSsmGet_Mass_Airflow_P12
 0000:0005513C       PtrSsmGet_Throttle_Opening_Angle_P13
 0000:00055140       PtrSsmGet_Front_O2_Sensor_1_P14
 0000:00055148       PtrSsmGet_Rear_O2_Sensor_P15
 0000:00055150       PtrSsmGet_Front_O2_Sensor_2_P16
 0000:00055158       PtrSsmGet_Battery_Voltage_P17
 0000:0005515C       PtrSsmGet_Mass_Airflow_Sensor_Voltage_P18
 0000:00055160       PtrSsmGet_Throttle_Sensor_Voltage_P19
 0000:00055164       PtrSsmGet_Differential_Pressure_Sensor_Voltage_P20
 0000:00055168       PtrSsmGet_Fuel_Injector_1_Pulse_Width_P21
 0000:0005516C       PtrSsmGet_Fuel_Injector_2_Pulse_Width_P22
 0000:00055170       PtrSsmGet_Knock_Correction_Advance_P23
 0000:00055174       PtrSsmGet_Atmospheric_Pressure_P24
 0000:00055178       PtrSsmGet_Manifold_Relative_Pressure_P25
 0000:0005517C       PtrSsmGet_Pressure_Differential_Sensor_P26
 0000:00055180       PtrSsmGet_Fuel_Tank_Pressure_P27
 0000:00055184       PtrSsmGet_CO_Adjustment_P28
 0000:00055188       PtrSsmGet_Learned_Ignition_Timing_P29
 0000:0005518C       PtrSsmGet_Accelerator_Pedal_Angle_P30
 0000:00055190       PtrSsmGet_Fuel_Temperature_P31
 0000:00055194       PtrSsmGet_Front_O2_Heater_Current_1_P32
 0000:00055198       PtrSsmGet_Rear_O2_Heater_Current_P33
 0000:0005519C       PtrSsmGet_Front_O2_Heater_Current_2_P34
 0000:000551A0       PtrSsmGet_Fuel_Level_P35
 0000:000551A4       PtrSsmGet_Radiator_Fan_Control_P92
 0000:000551A8       PtrSsmGet_Primary_Wastegate_Duty_Cycle_P36
 0000:000551AC       PtrSsmGet_Secondary_Wastegate_Duty_Cycle_P37
 0000:000551B0       PtrSsmGet_CPC_Valve_Duty_Ratio_P38
 0000:000551B4       PtrSsmGet_Tumble_Valve_Position_Sensor_Right_P39
 0000:000551B8       PtrSsmGet_Tumble_Valve_Position_Sensor_Left_P40
 0000:000551BC       PtrSsmGet_Idle_Speed_Control_Valve_Duty_Ratio_P41
 0000:000551C0       PtrSsmGet_AF_Lean_Correction_P42
 0000:000551C4       PtrSsmGet_AF_Heater_Duty_P43
 0000:000551C8       PtrSsmGet_Idle_Speed_Control_Valve_Step_P44
 0000:000551CC       PtrSsmGet_Number_of_Exh_Gas_Recirc_Steps_P45
 0000:000551D0       PtrSsmGet_Alternator_Duty_P46
 0000:000551D4       PtrSsmGet_Fuel_Pump_Duty_P47
 0000:000551D8       PtrSsmGet_Intake_VVT_Advance_Angle_Right_P48
 0000:000551DC       PtrSsmGet_Intake_VVT_Advance_Angle_Left_P49
 0000:000551E0       PtrSsmGet_Intake_OCV_Duty_Right_P50
 0000:000551E4       PtrSsmGet_Intake_OCV_Duty_Left_P51
 0000:000551E8       PtrSsmGet_Intake_OCV_Current_Right_P52
 0000:000551EC       PtrSsmGet_Intake_OCV_Current_Left_P53
 0000:000551F0       PtrSsmGet_AF_Sensor_1_Current_P54
 0000:000551F4       PtrSsmGet_AF_Sensor_2_Current_P55
 0000:000551F8       PtrSsmGet_AF_Sensor_1_Resistance_P56
 0000:000551FC       PtrSsmGet_AF_Sensor_2_Resistance_P57
 0000:00055200       PtrSsmGet_AF_Sensor_1_P58
 0000:00055204       PtrSsmGet_AF_Sensor_2_P59
 0000:00055210       PtrSsmGet_Gear_Position_P60
 0000:00055234       PtrSsmGet_AF_Sensor_1_Heater_Current_P61
 0000:00055238       PtrSsmGet_AF_Sensor_2_Heater_Current_P62
 0000:0005526C       PtrSsmGet_Switches_x_1_2_3_x_69_70_71
 0000:00055270       PtrSsmGet_Switches_4_5_x_6_7_8_9_x
 0000:00055274       PtrSsmGet_Switches_10_11_12_13_14_15_16_17
 0000:00055278       PtrSsmGet_Switches_18_19_20_21_22_23_24_25
 0000:0005527C       PtrSsmGet_Switches_26_27_28_29_30_31_32_33
 0000:00055280       PtrSsmGet_Switches_34_35_36_37_38_39_40_41
 0000:00055284       PtrSsmGet_Switches_42_43_44_45_46_47_48_49
 0000:00055288       PtrSsmGet_Switches_72_73_74_75_50_51_52_53
 0000:0005528C       PtrSsmGet_Switches_54_55_56_57_58_59_60_61
 0000:00055290       PtrSsmGet_Switches_x_x_x_x_x_x_82_x
 0000:000552A0       PtrSsmGet_Switches_108_x_x_x_x_x_x_x
 0000:00055420       PtrSsmGet_Roughness_Monitor_Cylinder_1_P63
 0000:00055424       PtrSsmGet_Roughness_Monitor_Cylinder_2_P64
 0000:00055428       PtrSsmGet_AF_Correction_3_32bit_ECU_P89
 0000:0005542C       PtrSsmGet_AF_Learning_3_P66
 0000:00055430       PtrSsmGet_Rear_O2_Heater_Voltage_P67
 0000:00055434       PtrSsmGet_AF_Adjustment_Voltage_P68
 0000:00055444       PtrSsmGet_Switches_148_149_x_150_151_152_153_154
 0000:00055448       PtrSsmGet_Roughness_Monitor_Cylinder_3_P69
 0000:0005544C       PtrSsmGet_Roughness_Monitor_Cylinder_4_P70
 0000:000554A4       PtrSsmGet_Roughness_Monitor_Cylinder_5_P151
 0000:000554C8       PtrSsmGet_Roughness_Monitor_Cylinder_6_P152
 0000:000554CC       PtrSsmGet_Learned_Ignition_Timing_Correction_P153
 0000:000554D0       PtrSsmGet_Throttle_Motor_Duty_P71
 0000:000554D4       PtrSsmGet_Throttle_Motor_Voltage_P72
 0000:000554E8       PtrSsmGet_Sub_Throttle_Sensor_P73
 0000:000554EC       PtrSsmGet_Main_Throttle_Sensor_P74
 0000:000554F0       PtrSsmGet_Sub_Accelerator_Sensor_P75
 0000:000554F4       PtrSsmGet_Main_Accelerator_Sensor_P76
 0000:000554F8       PtrSsmGet_Brake_Booster_Pressure_P77
 0000:000554FC       PtrSsmGet_Fuel_Pressure_High_P78
 0000:00055500       PtrSsmGet_Exhaust_Gas_Temperature_P79
 0000:00055504       PtrSsmGet_Exhaust_Gas_Temperature_2_P116
 0000:00055508       PtrSsmGet_Cold_Start_Injector_Air_Pump_P80
 0000:0005550C       PtrSsmGet_SCV_Step_P81
 0000:00055510       PtrSsmGet_Memorised_Cruise_Speed_P82
 0000:00055514       PtrSsmGet_AirFuel_Correction_4_P117
 0000:00055518       PtrSsmGet_AirFuel_Learning_4_P118
 0000:0005551C       PtrSsmGet_Fuel_Level_Sensor_Resistance_P119
 0000:00055520       PtrSsmGet_Estimated_odometer_P120
 0000:00055534       PtrSsmGet_Oil_Temperature_P122
 0000:00055538       PtrSsmGet_Oil_Switching_Solenoid_Valve_OSV_Duty_Right_P123
 0000:0005553C       PtrSsmGet_Oil_Switching_Solenoid_Valve_OSV_Duty_Left_P124
 0000:00055540       PtrSsmGet_Oil_Switching_Solenoid_Valve_OSV_Current_Right_P125
 0000:00055544       PtrSsmGet_Oil_Switching_Solenoid_Valve_OSV_Current_Left_P126
 0000:00055548       PtrSsmGet_Exhaust_VVT_Advance_Angle_Right_P83
 0000:0005554C       PtrSsmGet_Exhaust_VVT_Advance_Angle_Left_P84
 0000:00055550       PtrSsmGet_Exhaust_OCV_Duty_Right_P85
 0000:00055554       PtrSsmGet_Exhaust_OCV_Duty_Left_P86
 0000:00055558       PtrSsmGet_Exhaust_OCV_Current_Right_P87
 0000:0005555C       PtrSsmGet_Exhaust_OCV_Current_Left_P88
 0000:00055560       PtrSsmGet_VVL_Lift_Mode_P127
 0000:00055568       PtrSsmGet_Switches_130_62_131_x_x_x_x_x
 0000:0005556C       PtrSsmGet_Switches_63_64_65_66_67_132_68_133
 0000:00055690       PtrSsmGet_SIDrive_Mode_P114
 0000:00055694       PtrSsmGet_Throttle_Sensor_Closed_Voltage_P115
 0000:000556B0       PtrSsmGet_Fuel_Tank_Air_Pressure_P121
 0000:00055740       PtrSsmGet_Switches_155_156_157_x_x_x_x_x
 0000:00055744       PtrSsmGet_Switches_158_159_160_161_162_163_164_165
 0000:0005574C       PtrSsmGet_Fine_Learning_Knock_Correction_P91
 0000:00055750       PtrSsmGet_Fuel_Tank_Pressure_P154
 0000:00055820       PtrSsmGet_Switches_168_169_170_171_172_x_x_x
 0000:0005586C       PtrSsmGet_Main_Injection_Period_P155
 0000:00055870       PtrSsmGet_Final_Injection_Amount_P156
 0000:00055878       PtrSsmGet_Number_of_Times_Injected_P157
 0000:0005587C       PtrSsmGet_Target_Intake_Manifold_Pressure_P158
 0000:00055880       PtrSsmGet_Target_Intake_Air_Amount_P159
 0000:00055884       PtrSsmGet_Air_Mass_P160
 0000:00055888       PtrSsmGet_Exhaust_Gas_Recirculation_EGR_Target_Valve_Opening_Angle_P161
 0000:0005588C       PtrSsmGet_Exhaust_Gas_Recirculation_EGR_Valve_Opening_Angle_P162
 0000:00055890       PtrSsmGet_Exhaust_Gas_Recirculation_EGR_Duty_P163
 0000:00055894       PtrSsmGet_Common_Rail_Target_Pressure_P164
 0000:00055898       PtrSsmGet_Common_Rail_Pressure_P165
 0000:0005589C       PtrSsmGet_Intake_Air_Temperature_combined_P166
 0000:000558A0       PtrSsmGet_Target_Engine_Speed_P167
 0000:000558A8       PtrSsmGet_Boost_Pressure_Feedback_P168
 0000:000558BC       PtrSsmGet_Electric_Power_Steering_Current_P169
 0000:000558C0       PtrSsmGet_Fuel_Pump_Suction_Control_Valve_Current_Target_P170
 0000:000558C8       PtrSsmGet_Fuel_Pump_Suction_Control_Valve_Current_Actual_P175
 0000:000558D0       PtrSsmGet_Mileage_after_Injector_Learning_P176
 0000:000558F8       PtrSsmGet_Mileage_after_Injector_Replacement_P177
 0000:00055964       PtrSsmGet_Actual_Common_Rail_Pressure_Time_Synchronized_P204
 0000:000559A4       PtrSsmGet_PreInjection_Amount_P234
 0000:000559AC       PtrSsmGet_PreInjection_Interval_P235
 0000:000559B0       PtrSsmGet_Final_Initial_Torque_P238
 0000:000559C8       PtrSsmGet_Individual_Pump_Difference_Learning_Value_P228
 0000:000559DC       PtrSsmGet_MicroQuantityInjection_Final_Learning_Value_11_P208
 0000:000559E0       PtrSsmGet_MicroQuantityInjection_Final_Learning_Value_12_P209
 0000:000559E4       PtrSsmGet_MicroQuantityInjection_Final_Learning_Value_13_P210
 0000:000559E8       PtrSsmGet_MicroQuantityInjection_Final_Learning_Value_14_P211
 0000:000559EC       PtrSsmGet_MicroQuantityInjection_Final_Learning_Value_21_P212
 0000:000559F0       PtrSsmGet_MicroQuantityInjection_Final_Learning_Value_22_P213
 0000:000559F4       PtrSsmGet_MicroQuantityInjection_Final_Learning_Value_23_P214
 0000:000559F8       PtrSsmGet_MicroQuantityInjection_Final_Learning_Value_24_P215
 0000:000559FC       PtrSsmGet_MicroQuantityInjection_Final_Learning_Value_31_P216
 0000:00055A00       PtrSsmGet_MicroQuantityInjection_Final_Learning_Value_32_P217
 0000:00055A04       PtrSsmGet_MicroQuantityInjection_Final_Learning_Value_33_P218
 0000:00055A08       PtrSsmGet_MicroQuantityInjection_Final_Learning_Value_34_P219
 0000:00055A0C       PtrSsmGet_MicroQuantityInjection_Final_Learning_Value_41_P220
 0000:00055A10       PtrSsmGet_MicroQuantityInjection_Final_Learning_Value_42_P221
 0000:00055A14       PtrSsmGet_MicroQuantityInjection_Final_Learning_Value_43_P222
 0000:00055A18       PtrSsmGet_MicroQuantityInjection_Final_Learning_Value_44_P223
 0000:00055A1C       PtrSsmGet_MicroQuantityInjection_Final_Learning_Value_51_P224
 0000:00055A20       PtrSsmGet_MicroQuantityInjection_Final_Learning_Value_52_P225
 0000:00055A24       PtrSsmGet_MicroQuantityInjection_Final_Learning_Value_53_P226
 0000:00055A28       PtrSsmGet_MicroQuantityInjection_Final_Learning_Value_54_P227
 0000:00055A3C       PtrSsmGet_PreInjection_Final_Period_P233
 0000:00055A44       PtrSsmGet_Final_Main_Injection_Period_P229
 0000:00055A5C       PtrSsmGet_Quantity_Correction_Cylinder_1_P179
 0000:00055A60       PtrSsmGet_Quantity_Correction_Cylinder_2_P180
 0000:00055A64       PtrSsmGet_Quantity_Correction_Cylinder_3_P181
 0000:00055A68       PtrSsmGet_Quantity_Correction_Cylinder_4_P182
 0000:00055AA8       PtrSsmGet_Interior_Heater_P178
 0000:00055AAC       PtrSsmGet_Battery_Current_P183
 0000:00055AB0       PtrSsmGet_Alternator_Control_Mode_P185
 0000:00055AB4       PtrSsmGet_Battery_Temperature_P184
 0000:00055ABC       PtrSsmGet_Cumulative_Ash_Ratio_P186
 0000:00055AC0       PtrSsmGet_Pressure_Difference_between_Diesel_Particulate_Filter_DPF_Inlet_and_Outlet_P187
 0000:00055AC4       PtrSsmGet_Exhaust_Gas_Temperature_at_Catalyst_Inlet_P188
 0000:00055AC8       PtrSsmGet_Exhaust_Gas_Temperature_at_Diesel_Particulate_Filter_DPF_Inlet_P189
 0000:00055ACC       PtrSsmGet_Estimated_Catalyst_Temperature_P190
 0000:00055AD0       PtrSsmGet_Estimated_Temperature_of_the_Diesel_Particulate_Filter_DPF_P191
 0000:00055AD4       PtrSsmGet_Soot_Accumulation_Ratio_P192
 0000:00055AD8       PtrSsmGet_Oil_Dilution_Ratio_P193
 0000:00055B48       PtrSsmGet_Accumulated_Count_of_Overspeed_Instances_Very_High_RPM_P198
 0000:00055B4C       PtrSsmGet_Accumulated_Count_of_Overspeed_Instances_High_RPM_P199
 0000:00055B50       PtrSsmGet_Estimated_Distance_to_Oil_Change_P205
 0000:00055B54       PtrSsmGet_Running_Distance_since_last_Diesel_Particulate_Filter_DPF_Regeneration_P206
 0000:00055B5C       PtrSsmGet_Diesel_Particulate_Filter_DPF_Regeneration_Count_P207
 0000:00055B70       PtrSsmGet_Cumulative_oil_diesel_entry_P236
 0000:00056C3C       a34512345
 0000:0006085A       aCDloCDlC
 0000:0006BF5C       aCoTnTmF
 0000:00072284       aJCkcDS
 0000:000737C8       P0335_CRANKSHAFT_POS_SENSOR_A_MALFUNCTION
 0000:000737CC       P0604_CONTROL_MODULE_RAM_ERROR
 0000:000737CD       P0102_MAF_SENSOR_LOW_INPUT
 0000:000737CE       P0103_MAF_SENSOR_HIGH_INPUT
 0000:000737CF       P0500_VEHICLE_SPEED_SENSOR_A
 0000:000737D2       P0327_KNOCK_SENSOR_1_LOW_INPUT
 0000:000737D3       P0328_KNOCK_SENSOR_1_HIGH_INPUT
 0000:000737D4       P0122_TPS_A_LOW_INPUT
 0000:000737D5       P0123_TPS_A_HIGH_INPUT
 0000:000737D6       P0117_COOLANT_TEMP_SENSOR_LOW_INPUT
 0000:000737D7       P0118_COOLANT_TEMP_SENSOR_HIGH_INPUT
 0000:000737DE       P0512_STARTER_REQUEST_CIRCUIT
 0000:000737E2       P0851_NEUTRAL_SWITCH_INPUT_LOW
 0000:000737E6       P0852_NEUTRAL_SWITCH_INPUT_HIGH
 0000:000737F3       P0011_CAMSHAFT_POS__TIMING_OVERADVANCED_1
 0000:000737F4       P0021_CAMSHAFT_POS__TIMING_OVERADVANCED_2
 0000:000737F7       P0458_EVAP_PURGE_VALVE_CIRCUIT_LOW
 0000:000737F8       P0459_EVAP_PURGE_VALVE_CIRCUIT_HIGH
 0000:000737FC       P0133_FRONT_O2_SENSOR_SLOW_RESPONSE
 0000:000737FD       P0139_REAR_O2_SENSOR_SLOW_RESPONSE
 0000:00073802       P0420_CAT_EFFICIENCY_BELOW_THRESHOLD
 0000:00073806       P0171_SYSTEM_TOO_LEAN
 0000:00073807       P0172_SYSTEM_TOO_RICH
 0000:00073808       P0301_MISFIRE_CYLINDER_1
 0000:00073809       P0302_MISFIRE_CYLINDER_2
 0000:0007380A       P0303_MISFIRE_CYLINDER_3
 0000:0007380B       P0304_MISFIRE_CYLINDER_4
 0000:0007380F       P0000_PASS_CODE_NO_DTC_DETECTED
 0000:00073810       P0000_PASS_CODE_NO_DTC_DETECTED_
 0000:00073812       P0131_FRONT_O2_SENSOR_LOW_INPUT
 0000:00073814       P0132_FRONT_O2_SENSOR_HIGH_INPUT
 0000:00073818       P0112_IAT_SENSOR_LOW_INPUT
 0000:00073819       P0113_IAT_SENSOR_HIGH_INPUT
 0000:0007381B       P0038_REAR_O2_SENSOR_HIGH_INPUT
 0000:0007381C       P0032_FRONT_O2_SENSOR_HIGH_INPUT
 0000:0007381D       P0037_REAR_O2_SENSOR_LOW_INPUT
 0000:0007381E       P0031_FRONT_O2_SENSOR_LOW_INPUT
 0000:0007381F       P0107_MAP_SENSOR_LOW_INPUT
 0000:00073820       P0108_MAP_SENSOR_HIGH_INPUT
 0000:00073827       P1560_BACKUP_VOLTAGE_MALFUNCTION
 0000:00073828       P0562_SYSTEM_VOLTAGE_LOW
 0000:00073829       P0563_SYSTEM_VOLTAGE_HIGH
 0000:0007382A       P0245_WASTEGATE_SOLENOID_A_LOW
 0000:0007382B       P0246_WASTEGATE_SOLENOID_A_HIGH
 0000:0007382C       P0244_WASTEGATE_SOLENOID_A_RANGEPERF
 0000:0007382E       P0230_FUEL_PUMP_PRIMARY_CIRCUIT
 0000:00073832       P0134_FRONT_O2_SENSOR_NO_ACTIVITY
 0000:0007383B       P2109_TPS_A_MINIMUM_STOP_PERF
 0000:0007383C       P0222_TPS_B_LOW_INPUT
 0000:0007383D       P0223_TPS_B_HIGH_INPUT
 0000:0007383E       P1160_ABNORMAL_RETURN_SPRING
 0000:0007383F       P2102_THROTTLE_ACTUATOR_CIRCUIT_LOW
 0000:00073840       P2103_THROTTLE_ACTUATOR_CIRCUIT_HIGH
 0000:00073841       P2101_THROTTLE_ACTUATOR_CIRCUIT_RANGEPERF
 0000:00073843       P0638_THROTTLE_ACTUATOR_RANGEPERF
 0000:00073844       P0607_CONTROL_MODULE_PERFORMANCE
 0000:00073845       P2138_TPS_DE_VOLTAGE
 0000:00073846       P2127_TPS_E_CIRCUIT_LOW_INPUT
 0000:00073847       P2128_TPS_E_CIRCUIT_HIGH_INPUT
 0000:00073848       P2122_TPS_D_CIRCUIT_LOW_INPUT
 0000:00073849       P2123_TPS_D_CIRCUIT_HIGH_INPUT
 0000:0007384A       P2135_TPS_AB_VOLTAGE
 0000:0007384C       P0600_SERIAL_COMMUNICATION_LINK
 0000:0007384D       P0390_CAMSHAFT_POS_SENSOR_B_BANK_2
 0000:0007384E       P0365_CAMSHAFT_POS_SENSOR_B_BANK_1
 0000:0007384F       P0345_CAMSHAFT_POS_SENSOR_A_BANK_2
 0000:00073850       P0340_CAMSHAFT_POS_SENSOR_A_MALFUNCTION
 0000:00073851       P0605_CONTROL_MODULE_ROM_ERROR
 0000:00073852       P2095_OCV_SOLENOID_B2_CIRCUIT_SHORT
 0000:00073853       P2094_OCV_SOLENOID_B2_CIRCUIT_OPEN
 0000:00073854       P2091_OCV_SOLENOID_B1_CIRCUIT_SHORT
 0000:00073855       P2090_OCV_SOLENOID_B1_CIRCUIT_OPEN
 0000:00073856       P2093_OCV_SOLENOID_A2_CIRCUIT_SHORT
 0000:00073857       P2092_OCV_SOLENOID_A2_CIRCUIT_OPEN
 0000:00073858       P2089_OCV_SOLENOID_A1_CIRCUIT_SHORT
 0000:00073859       P2088_OCV_SOLENOID_A1_CIRCUIT_OPEN
 0000:00073868       P2004_TGV__INTAKE_MANIFOLD_RUNNER_1_STUCK_OPEN
 0000:00073869       P2006_TGV__INTAKE_MANIFOLD_RUNNER_1_STUCK_CLOSED
 0000:0007386A       P2005_TGV__INTAKE_MANIFOLD_RUNNER_2_STUCK_OPEN
 0000:0007386B       P2007_TGV__INTAKE_MANIFOLD_RUNNER_2_STUCK_CLOSED
 0000:00073870       P2016_TGV__INTAKE_MANIFOLD_RUNNER_1_POS_SENSOR_LOW
 0000:00073871       P2017_TGV__INTAKE_MANIFOLD_RUNNER_1_POS_SENSOR_HIGH
 0000:00073872       P2021_TGV__INTAKE_MANIFOLD_RUNNER_2_POS_SENSOR_LOW
 0000:00073873       P2022_TGV__INTAKE_MANIFOLD_RUNNER_2_POS_SENSOR_HIGH
 0000:00073874       P2009_TGV__INTAKE_MANIFOLD_RUNNER_1_CIRCUIT_LOW
 0000:00073875       P2012_TGV__INTAKE_MANIFOLD_RUNNER_2_CIRCUIT_LOW
 0000:00073876       P2008_TGV__INTAKE_MANIFOLD_RUNNER_1_CIRCUIT_OPEN
 0000:00073877       P2011_TGV__INTAKE_MANIFOLD_RUNNER_2_CIRCUIT_OPEN
 0000:00073878       P2444_SECONDARY_AIR_PUMP_1_STUCK_ON_B1
 0000:0007387A       P0410_SECONDARY_AIR_PUMP_SYSTEM
 0000:0007387C       P2433_SECONDARY_AIR_PUMP_CIRCUIT_HIGH
 0000:0007387D       P2432_SECONDARY_AIR_PUMP_CIRCUIT_LOW
 0000:0007387E       P0413_SECONDARY_AIR_PUMP_A_OPEN
 0000:0007387F       P0418_SECONDARY_AIR_PUMP_RELAY_A
 0000:00073880       P0140_REAR_O2_SENSOR_NO_ACTIVITY
 0000:00073883       P0414_SECONDARY_AIR_PUMP_A_SHORTED
 0000:00073884       P1418_SECONDARY_AIR_PUMP_CIRCUIT_SHORTED
 0000:00073885       P0018_CRANKSHAFTCAMSHAFT_CORRELATION_2A
 0000:00073886       P0016_CRANKSHAFTCAMSHAFT_CORRELATION_1A
 0000:00073887       P1410_SECONDARY_AIR_PUMP_VALVE_STUCK_OPEN
 0000:0007388A       P2441_SECONDARY_AIR_PUMP_VALVE_1_STUCK_CLOSED
 0000:0007388E       P0024_EXHAUST_AVCS_SYSTEM_2_RANGEPERF
 0000:0007388F       P0014_EXHAUST_AVCS_SYSTEM_1_RANGEPERF
 0000:00073890       P1616_SBDS_INTERACTIVE_CODES
 0000:00073891       P1520_IMRC_CIRCUIT_MALFUNCTION
 0000:00073892       P1519_IMRC_STUCK_CLOSED
 0000:00073896       P0019_CRANKCAM_TIMING_B_FAILURE_2
 0000:00073897       P0017_CRANKCAM_TIMING_B_FAILURE_1
 0000:00076D70       nullsub_23
 0000:00076D74       nullsub_24
 0000:000773A2       aJCoA
 0000:00077462       aJCo0u
 0000:00077BF6       aCoWbPNcUU
 0000:00077C52       aCoBPNcU
 0000:00077D68       aJCJCoS
 0000:0007C3A8       aCoZfHlcu
 0000:0007E524       Force_Pass_Readiness_Monitors_
 0000:00080100       aBaex0BxexbExb
 0000:00080E60       Table_InitialMax_Wastegate_Duty_Compensation_IAT
 0000:00080E88       Table_InitialMax_Wastegate_Duty_Compensation_ECT
 0000:00080E9C       Table_TD_Proportional_Compensation_IAT
 0000:00080EB0       Table_TD_Integral_Negative_Compensation_IAT
 0000:00080EC4       Table_TD_Integral_Positive_Compensation_IAT
 0000:00080ED8       Table_Target_Boost_Compensation_ECT
 0000:00080EEC       Table_Turbo_Dynamics_Proportional
 0000:00080F00       Table_Turbo_Dynamics_Integral_Negative
 0000:00080F14       Table_Turbo_Dynamics_Integral_Positive
 0000:00080F4C       Table_Target_Boost_Compensation_IAT_
 0000:00080F58       Table_InitialMax_Wastegate_Duty_Compensation_Atm_Pressure
 0000:00080F74       Table_Target_Boost_Compensation_Atm_Pressure_
 0000:00080F90       Table_Max_Wastegate_Duty_
 0000:00080FAC       Table_Initial_Wastegate_Duty_
 0000:00080FC8       Table_Target_Boost_
 0000:000813F8       Table_Engine_Load_Limit_B_Maximum_RPM
 0000:00081470       Table_Front_Oxygen_Sensor_Compensation_Atm_Pressure
 0000:00081544       Table_MAF_Compensation_IAT
 0000:00081560       Table_Engine_Load_Compensation_Cruise_MP
 0000:0008157C       Table_Engine_Load_Compensation_NonCruise_MP
 0000:00082098       Table_Cranking_Fuel_IPW_Compensation_MAP
 0000:000820AC       Table_Cranking_Fuel_IPW_Compensation_Accelerator
 0000:000820C0       Table_Cranking_Fuel_IPW_Compensation_IAT
 0000:0008212C       Table_Min_Primary_Base_Enrichment_1_NonPrimary_OL_
 0000:000822F4       Table_Primary_Open_Loop_Fueling_Compensation_Timing_Compensation_
 0000:00082308       Table_CL_to_OL_Transition_with_Delay_Throttle
 0000:0008231C       Table_Minimum_Primary_Open_Loop_Enrichment_Throttle
 0000:00082330       Table_Minimum_Primary_Open_Loop_Enrichment_Accelerator
 0000:000824FC       Table_Tipin_Enrichment_Compensation_RPM
 0000:00082510       Table_Tipin_Enrichment_Compensation_Boost_Error
 0000:00082524       Table_Tipin_Enrichment_Compensation_A_ECT
 0000:00082538       Table_Tipin_Enrichment_Disable_Applied_Counter_Threshold_A_ECT
 0000:00082544       Table_Tipin_Enrichment_Disable_Applied_Counter_Threshold_B_ECT
 0000:0008261C       Table_Cranking_Fuel_Injector_Pulse_Width_A_ECT
 0000:00082630       Table_Cranking_Fuel_Injector_Pulse_Width_B_ECT
 0000:00082644       Table_Cranking_Fuel_Injector_Pulse_Width_C_ECT
 0000:00082658       Table_Cranking_Fuel_Injector_Pulse_Width_D_ECT
 0000:0008266C       Table_Cranking_Fuel_Injector_Pulse_Width_E_ECT
 0000:00082680       Table_Cranking_Fuel_Injector_Pulse_Width_F_ECT
 0000:00082DA8       Table_CL_to_OL_Transition_with_Delay_Base_Pulse_Width
 0000:00082DBC       Table_CL_to_OL_Transition_Counter_Step_Value_MAF
 0000:00082DE0       Table_Primary_Open_Loop_Fueling_Compensation_ECT
 0000:0008306C       Table_Throttle_Tipin_Enrichment_A
 0000:00083080       Table_Throttle_Tipin_Enrichment_B
 0000:00083094       Table_Tipin_Enrichment_Compensation_B_ECT
 0000:000830A8       Table_Tipin_Enrichment_Compensation_C_ECT
 0000:000830C8       Table_Tipin_Enrichment_Compensation_D_ECT
 0000:000830DC       Table_Tipin_Enrichment_Disable_Throttle_Cumulative_Threshold_A_ECT
 0000:000830F0       Table_Tipin_Enrichment_Disable_Throttle_Cumulative_Threshold_B_ECT
 0000:00083254       Table_Cranking_Fuel_IPW_Compensation_Imm_NonCruise_RPM
 0000:00083270       Table_Cranking_Fuel_IPW_Compensation_Imm_Cruise_RPM
 0000:000832E0       Table_Min_Primary_Base_Enrichment_1_NonCruise
 0000:000832FC       Table_Min_Primary_Base_Enrichment_1_Cruise
 0000:0008336C       Table_Primary_Open_Loop_Fueling
 0000:00083388       Table_Primary_Open_Loop_Fueling_Failsafe
 0000:00083430       Table_Per_Injector_Pulse_Width_Compensation_A
 0000:0008344C       Table_Per_Injector_Pulse_Width_Compensation_B
 0000:00083468       Table_Per_Injector_Pulse_Width_Compensation_C
 0000:00083484       Table_Per_Injector_Pulse_Width_Compensation_D
 0000:000834D8       Table_Injector_Latency_
 0000:00083578       Table_CL_Fueling_Target_Compensation_Imm_Cruise_ECT
 0000:00083594       Table_CL_Fueling_Target_Compensation_Imm_NonCruise_ECT
 0000:000835B0       Table_CL_Fueling_Target_Compensation_A_Load
 0000:000835E8       Table_CL_Fueling_Target_Compensation_B_Load
 0000:00083700       Table_Boost_Limit_Fuel_Cut_
 0000:000837F8       Table_Base_Timing_Idle_Minimum
 0000:0008380C       Table_Base_Timing_Idle_A_InGear
 0000:00083820       Table_Base_Timing_Idle_B_InGear
 0000:00083834       Table_Base_Timing_Idle_A_Neutral
 0000:00083848       Table_Base_Timing_Idle_B_Neutral
 0000:00083884       Table_Timing_Compensation_Imm_NonCruise_A_ECT
 0000:00083898       Table_Timing_Compensation_Imm_NonCruise_B_ECT
 0000:000838AC       Table_Timing_Compensation_Imm_Cruise_A_ECT
 0000:000838C0       Table_Timing_Compensation_Imm_Cruise_B_ECT
 0000:000838D4       Table_Timing_Compensation_A_IAT
 0000:00083C30       Table_Timing_Compensation_B_IAT
 0000:00083CCC       Table_Rough_Correction_Learning_Delay_Increasing_
 0000:00083EBC       Table_Timing_Compensation_Per_Cylinder_A
 0000:00083ED8       Table_Timing_Compensation_Per_Cylinder_B
 0000:00083EF4       Table_Timing_Compensation_Per_Cylinder_C
 0000:00083F10       Table_Timing_Compensation_Per_Cylinder_D
 0000:00083F64       Table_Knock_Correction_Advance_Max_Cruise
 0000:00083F80       Table_Knock_Correction_Advance_Max_NonCruise
 0000:00083FF0       Table_Base_Timing_Primary_Cruise
 0000:0008400C       Table_Base_Timing_Primary_NonCruise
 0000:00084028       Table_Base_Timing_Reference_Cruise_AVCS_related
 0000:00084044       Table_Base_Timing_Reference_NonCruise_AVCS_related
 0000:00084060       Table_Timing_Compensation_A_IAT_Activation
 0000:000845B4       Table_Idle_Speed_Target_A
 0000:000845DC       Table_Idle_Speed_Target_B
 0000:00084604       Table_Idle_Speed_Target_C
 0000:00084B9C       Table_Requested_Torque_Base_RPM
 0000:00084C84       Table_Target_Throttle_Plate_Position_Cruise_Requested_Torque_Ratio
 0000:00084CA0       Table_Target_Throttle_Plate_Position_NonCruise_Requested_Torque_Ratio
 0000:00084CBC       Table_Target_Throttle_Plate_Position_Maximum_Requested_Torque_Ratio
 0000:00084D2C       Table_Requested_Torque_Accelerator_Pedal_SIDRIVE_Sport
 0000:00084D48       Table_Requested_Torque_Accelerator_Pedal_SIDRIVE_Sport_Sharp
 0000:00084D64       Table_Requested_Torque_Accelerator_Pedal_SIDRIVE_Intelligent
 0000:00084E94       Table_Coolant_Temp_Sensor_Scaling
 0000:00084EA0       Table_Intake_Temp_Sensor_Scaling
 0000:00084EB8       Table_MAF_Sensor_Scaling
 0000:00084EC4       Table_Front_Oxygen_Sensor_Scaling
 0000:00085244       Table_Cranking_Fuel_Injector_Pulse_Width_G_ECT
 0000:00085258       Table_Cranking_Fuel_Injector_Pulse_Width_H_ECT
 0000:000853E4       Table_Exhaust_Cam_Retard_Angle_Cruise_AVCS
 0000:00085400       Table_Exhaust_Cam_Retard_Angle_NonCruise_AVCS
 0000:000854E0       Table_Intake_Cam_Advance_Angle_Cruise_AVCS
 0000:000854FC       Table_Intake_Cam_Advance_Angle_NonCruise_AVCS
 0000:000BE714       sPull2DFloat
 0000:000BE7C8       sPull3DFloat
 0000:000BF258       aMsr_rfcc_shcv9
 0000:000C0000       aAz1g500f
 0000:000C0110       aBoff
 0000:000C059D       Boost_Control_Disable_Delay_Fine_Correction
 0000:000C05C4       TD_Activation_Thresholds_Target_Boost_
 0000:000C05CC       TD_Integral_Negative_Activation_Boost_Error
 0000:000C05D0       TD_Integral_Positive_Activation_Boost_Error
 0000:000C05D4       TD_Integral_Negative_Activation_Wastegate_Duty
 0000:000C05D8       TD_Activation_Thresholds_RPM
 0000:000C05E0       TD_Integral_Cumulative_Range_WGDC_Correction
 0000:000C05E8       Boost_Control_Disable_Fine_Correction
 0000:000C05EC       Boost_Control_Disable_IAM
 0000:000C05F8       Target_Boost_Compensation_1st_Gear_Speed_Disable
 0000:000C05FC       Target_Boost_Compensation_1st_Gear
 0000:000C0604       InitialMax_Wastegate_Duty_Compensation_ECT_Y_Axis
 0000:000C0644       TD_Integral_Negative_Compensation_IAT_Y_Axis
 0000:000C0684       InitialMax_Wastegate_Duty_Compensation_IAT
 0000:000C06A4       InitialMax_Wastegate_Duty_Compensation_ECT
 0000:000C06B4       TD_Proportional_Compensation_IAT
 0000:000C06C4       TD_Integral_Negative_Compensation_IAT
 0000:000C06D4       TD_Integral_Positive_Compensation_IAT
 0000:000C06E4       Target_Boost_Compensation_ECT
 0000:000C06F4       Turbo_Dynamics_Proportional_Y_Axis
 0000:000C0718       Turbo_Dynamics_Proportional
 0000:000C072C       Turbo_Dynamics_Integral_Negative_Y_Axis
 0000:000C0750       Turbo_Dynamics_Integral_Negative
 0000:000C0764       Turbo_Dynamics_Integral_Positive_Y_Axis
 0000:000C0788       Turbo_Dynamics_Integral_Positive
 0000:000C0814       Target_Boost_Compensation_IAT__Y_Axis
 0000:000C0838       Target_Boost_Compensation_IAT_
 0000:000C085C       InitialMax_Wastegate_Duty_Compensation_Atm_Pressure_X_Axis
 0000:000C0874       InitialMax_Wastegate_Duty_Compensation_Atm_Pressure_Y_Axis
 0000:000C0884       InitialMax_Wastegate_Duty_Compensation_Atm_Pressure
 0000:000C089C       Target_Boost_Compensation_Atm_Pressure__X_Axis
 0000:000C08B4       Target_Boost_Compensation_Atm_Pressure__Y_Axis
 0000:000C08CC       Target_Boost_Compensation_Atm_Pressure_
 0000:000C08F0       Max_Wastegate_Duty__X_Axis
 0000:000C0928       Max_Wastegate_Duty__Y_Axis
 0000:000C0970       Max_Wastegate_Duty_
 0000:000C0B68       Initial_Wastegate_Duty__X_Axis
 0000:000C0BA0       Initial_Wastegate_Duty__Y_Axis
 0000:000C0BE8       Initial_Wastegate_Duty_
 0000:000C0DE0       Target_Boost__X_Axis
 0000:000C0E14       Target_Boost__Y_Axis
 0000:000C0E5C       Target_Boost_
 0000:000C118C       aDzpfff
 0000:000C1194       aDh
 0000:000C12BC       aLSss?
 0000:000C21A8       aLSssCff?
 0000:000C21C0       a?a_0
 0000:000C2E2C       MAF_Limit_Maximum
 0000:000C2E4C       dLoadSmoothingAlt
 0000:000C2E50       dLoadSmoothingB
 0000:000C2E54       dLoadSmoothingA
 0000:000C2E60       dLoadSmoothingFinal
 0000:000C2FC4       aLQiUtD@
 0000:000C2FD4       aD
 0000:000C2FD8       aEia
 0000:000C2FDC       aEma
 0000:000C2FE0       a?s33?a
 0000:000C2FE8       a@@@
 0000:000C2FF0       aAa
 0000:000C3024       Gear_Determination_Thresholds_A
 0000:000C3038       Gear_Determination_Thresholds_B
 0000:000C304C       Gear_Determination_Thresholds_C
 0000:000C31C8       Engine_Load_Limit_B_Maximum_RPM_Y_Axis
 0000:000C31D0       Engine_Load_Limit_B_Maximum_RPM
 0000:000C32C0       Front_Oxygen_Sensor_Compensation_Atm_Pressure_Y_Axis
 0000:000C32D0       Front_Oxygen_Sensor_Compensation_Atm_Pressure
 0000:000C33F0       aEMyuxQfOWfa
 0000:000C3570       MAF_Compensation_IAT_X_Axis
 0000:000C3584       MAF_Compensation_IAT_Y_Axis
 0000:000C35A4       MAF_Compensation_IAT
 0000:000C35CC       Engine_Load_Compensation_Cruise_MP_X_Axis
 0000:000C35FC       Engine_Load_Compensation_Cruise_MP_Y_Axis
 0000:000C3640       Engine_Load_Compensation_Cruise_MP
 0000:000C370C       Engine_Load_Compensation_NonCruise_MP_X_Axis
 0000:000C373C       Engine_Load_Compensation_NonCruise_MP_Y_Axis
 0000:000C3780       Engine_Load_Compensation_NonCruise_MP
 0000:000C3B18       aL_0
 0000:000C3EFD       Manifold_Pressure_Sensor_CEL_Delays
 0000:000C40D8       aGG?fffap
 0000:000C40EC       aB_1
 0000:000C410C       aG
 0000:000C416C       aAi33axqiazAfQc
 0000:000C4180       aA_2
 0000:000C4870       aDddddddddddddd
 0000:000C4880       aAp
 0000:000C4918       aYYYFfffffffs3a
 0000:000C492C       aD_0
 0000:000C4A58       aIaiaiaiaiaiaia
 0000:000C4A6C       aD_1
 0000:000C5364       aLLLLLLLLLLLLLL
 0000:000C5524       aEz
 0000:000C5560       aE
 0000:000C5564       aEz_0
 0000:000C7990       Tipin_Enrichment_Applied_Counter_Reset
 0000:000C7991       Tipin_Throttle_Cumulative_Reset
 0000:000C79CC       CL_Delay_Engine_Load_Counter_Threshold
 0000:000C79CE       CL_to_OL_DelaySwitch_SIDRIVE_Intelligent
 0000:000C79D4       CL_to_OL_Delay_
 0000:000C7B98       Injector_Flow_Scaling
 0000:000C7BC4       aEAUPEAUPLL
 0000:000C7BE8       a?yss?a
 0000:000C7BF0       a@_0
 0000:000C7C7C       a?s33L?s33
 0000:000C7C90       aBu
 0000:000C7CB4       a?s33?s33?yss?j
 0000:000C7CC8       aB_0
 0000:000C7CD0       a?yss?sss?fff?a
 0000:000C7CE0       a?a
 0000:000C7DC0       AF_Learning_1_Limits
 0000:000C7DD0       AF_Learning_1_Airflow_Ranges
 0000:000C7E4C       aAiq?Q?zsg?zsg?
 0000:000C7E74       Primary_Open_Loop_Fuel_Map_Switch_IAM
 0000:000C7E78       Minimum_Active_Primary_Open_Loop_Enrichment
 0000:000C7E7C       CL_to_OL_Transition_with_Delay_BPW_Hysteresis
 0000:000C7E80       CL_to_OL_Transition_with_Delay_Throttle_Hysteresis
 0000:000C7E84       CL_Delay_Minimum_ECT
 0000:000C7E88       CL_Delay_Maximum_Engine_Speed_Per_Gear
 0000:000C7EB0       CL_Delay_Maximum_Engine_Speed_Neutral
 0000:000C7EE0       CL_Delay_Maximum_Throttle
 0000:000C7EFC       CL_Delay_Maximum_Vehicle_Speed
 0000:000C7F0C       CL_Delay_Maximum_Engine_Load
 0000:000C7F88       aLL?a
 0000:000C7F9C       aLLA
 0000:000C7FA8       aA_0
 0000:000C7FAC       a?
 0000:000C7FB0       aA_1
 0000:000C7FB4       a@a_0
 0000:000C7FB8       aCc
 0000:000C810C       aLLLLB
 0000:000C8198       Minimum_Tipin_Enrichment_Activation_Throttle
 0000:000C819C       Minimum_Tipin_Enrichment_Activation
 0000:000C81A0       Tipin_Enrichment_Compensation_D_ECT_Activation
 0000:000C81F8       Rev_Limit_Fuel_Cut
 0000:000C8200       Rev_Limit_Fuel_Resume_Boost
 0000:000C8248       Speed_Limiting_Enable_Fuel_Cut
 0000:000C8250       Speed_Limiting_Disable_Fuel_Cut
 0000:000C82A4       Min_Primary_Base_Enrichment_1_NonPrimary_OL__Y_Axis
 0000:000C82E4       Tipin_Enrichment_Compensation_D_ECT_Y_Axis
 0000:000C84C0       Cranking_Fuel_IPW_Compensation_MAP_Y_Axis
 0000:000C84E8       Cranking_Fuel_IPW_Compensation_MAP
 0000:000C84F4       Cranking_Fuel_IPW_Compensation_Accelerator_Y_Axis
 0000:000C851C       Cranking_Fuel_IPW_Compensation_Accelerator
 0000:000C8528       Cranking_Fuel_IPW_Compensation_IAT_Y_Axis
 0000:000C853C       Cranking_Fuel_IPW_Compensation_IAT
 0000:000C85A1       Min_Primary_Base_Enrichment_1_NonPrimary_OL_
 0000:000C8998       Primary_Open_Loop_Fueling_Compensation_Timing_Compensation__Y_Axis
 0000:000C89B0       Primary_Open_Loop_Fueling_Compensation_Timing_Compensation_
 0000:000C89B8       CL_to_OL_Transition_with_Delay_Throttle_Y_Axis
 0000:000C89F8       CL_to_OL_Transition_with_Delay_Throttle
 0000:000C8A08       Minimum_Primary_Open_Loop_Enrichment_Throttle_Y_Axis
 0000:000C8A20       Minimum_Primary_Open_Loop_Enrichment_Throttle
 0000:000C8A28       Minimum_Primary_Open_Loop_Enrichment_Accelerator_Y_Axis
 0000:000C8A40       Minimum_Primary_Open_Loop_Enrichment_Accelerator
 0000:000C8CF8       aVxnzgbaaaaaaaa
 0000:000C8D30       Tipin_Enrichment_Compensation_RPM_Y_Axis
 0000:000C8D70       Tipin_Enrichment_Compensation_RPM
 0000:000C8D80       Tipin_Enrichment_Compensation_Boost_Error_Y_Axis
 0000:000C8DA4       Tipin_Enrichment_Compensation_Boost_Error
 0000:000C8DAD       Tipin_Enrichment_Compensation_A_ECT
 0000:000C8DBD       Tipin_Enrichment_Disable_Applied_Counter_Threshold_A_ECT
 0000:000C8DCD       Tipin_Enrichment_Disable_Applied_Counter_Threshold_B_ECT
 0000:000C8E3D       aDR
 0000:000C8E5D       aDjfjfjfjfjfPR
 0000:000C8EBD       aDR_0
 0000:000C8EDD       aDjfjfjfjfjfP_0
 0000:000C8EFD       aDSSSSSSSSS
 0000:000C8F11       a?_0
 0000:000C8F13       a?_1
 0000:000C8F15       a?_2
 0000:000C8F17       a?_3
 0000:000C8F19       a?_4
 0000:000C8F1B       a?_5
 0000:000C8F3E       Cranking_Fuel_Injector_Pulse_Width_A_ECT
 0000:000C8F5E       Cranking_Fuel_Injector_Pulse_Width_B_ECT
 0000:000C8F7E       Cranking_Fuel_Injector_Pulse_Width_C_ECT
 0000:000C8F9E       Cranking_Fuel_Injector_Pulse_Width_D_ECT
 0000:000C8FBE       Cranking_Fuel_Injector_Pulse_Width_E_ECT
 0000:000C8FDE       Cranking_Fuel_Injector_Pulse_Width_F_ECT
 0000:000C96FC       aLSss?l?a
 0000:000C974C       aLSss?l?a_0
 0000:000C9B94       a33333333333333
 0000:000C9C7C       aMMMMMMMMMMMMMM
 0000:000C9E28       aZszszszszsyYYY
 0000:000C9F28       aZszszszszsyY_0
 0000:000CA1A0       CL_to_OL_Transition_with_Delay_Base_Pulse_Width_Y_Axis
 0000:000CA1E0       CL_to_OL_Transition_with_Delay_Base_Pulse_Width
 0000:000CA200       CL_to_OL_Transition_Counter_Step_Value_MAF_Y_Axis
 0000:000CA228       CL_to_OL_Transition_Counter_Step_Value_MAF
 0000:000CA2B4       Primary_Open_Loop_Fueling_Compensation_ECT
 0000:000CA2BC       a1KDzgoqYA
 0000:000CA2CC       aA_3
 0000:000CA2CE       aA_4
 0000:000CA2D0       aA_5
 0000:000CA2D2       aA_6
 0000:000CA2D8       aC_2
 0000:000CA334       aL_1
 0000:000CAA90       Throttle_Tipin_Enrichment_A_Y_Axis
 0000:000CAAD4       Throttle_Tipin_Enrichment_A
 0000:000CAAF8       Throttle_Tipin_Enrichment_B_Y_Axis
 0000:000CAB3C       Throttle_Tipin_Enrichment_B
 0000:000CAB5E       Tipin_Enrichment_Compensation_B_ECT
 0000:000CAB7E       Tipin_Enrichment_Compensation_C_ECT
 0000:000CABBE       Tipin_Enrichment_Compensation_D_ECT
 0000:000CABDE       Tipin_Enrichment_Disable_Throttle_Cumulative_Threshold_A_ECT
 0000:000CABFE       Tipin_Enrichment_Disable_Throttle_Cumulative_Threshold_B_ECT
 0000:000CB318       aAaa@@@@@@@@@@@
 0000:000CB378       aAaaasaamf@aamf
 0000:000CB39C       aBc
 0000:000CB3CC       aAaaasaamZaazmf
 0000:000CB3F0       Cranking_Fuel_IPW_Compensation_Imm_NonCruise_RPM_X_Axis
 0000:000CB404       Cranking_Fuel_IPW_Compensation_Imm_NonCruise_RPM_Y_Axis
 0000:000CB420       Cranking_Fuel_IPW_Compensation_Imm_NonCruise_RPM
 0000:000CB444       Cranking_Fuel_IPW_Compensation_Imm_Cruise_RPM_X_Axis
 0000:000CB458       Cranking_Fuel_IPW_Compensation_Imm_Cruise_RPM_Y_Axis
 0000:000CB474       Cranking_Fuel_IPW_Compensation_Imm_Cruise_RPM
 0000:000CB608       Min_Primary_Base_Enrichment_1_NonCruise_Y_Axis
 0000:000CB628       Min_Primary_Base_Enrichment_1_NonCruise
 0000:000CB6A8       Min_Primary_Base_Enrichment_1_Cruise_Y_Axis
 0000:000CB6C8       Min_Primary_Base_Enrichment_1_Cruise
 0000:000CBA2C       Primary_Open_Loop_Fueling_X_Axis
 0000:000CBA84       Primary_Open_Loop_Fueling_Y_Axis
 0000:000CBACC       Primary_Open_Loop_Fueling
 0000:000CBC58       Primary_Open_Loop_Fueling_Failsafe_X_Axis
 0000:000CBCB0       Primary_Open_Loop_Fueling_Failsafe_Y_Axis
 0000:000CBCF8       Primary_Open_Loop_Fueling_Failsafe
 0000:000CC79C       Per_Injector_Pulse_Width_Compensation_A_X_Axis
 0000:000CC7DC       Per_Injector_Pulse_Width_Compensation_A_Y_Axis
 0000:000CC820       Per_Injector_Pulse_Width_Compensation_A
 0000:000CC930       Per_Injector_Pulse_Width_Compensation_B_X_Axis
 0000:000CC970       Per_Injector_Pulse_Width_Compensation_B_Y_Axis
 0000:000CC9B4       Per_Injector_Pulse_Width_Compensation_B
 0000:000CCAC4       Per_Injector_Pulse_Width_Compensation_C_X_Axis
 0000:000CCB04       Per_Injector_Pulse_Width_Compensation_C_Y_Axis
 0000:000CCB48       Per_Injector_Pulse_Width_Compensation_C
 0000:000CCC58       Per_Injector_Pulse_Width_Compensation_D_X_Axis
 0000:000CCC98       Per_Injector_Pulse_Width_Compensation_D_Y_Axis
 0000:000CCCDC       Per_Injector_Pulse_Width_Compensation_D
 0000:000CCFF0       Injector_Latency__X_Axis
 0000:000CD004       Injector_Latency__Y_Axis
 0000:000CD010       Injector_Latency_
 0000:000CD40C       CL_Fueling_Target_Compensation_Imm_Cruise_ECT_Y_Axis
 0000:000CD418       CL_Fueling_Target_Compensation_Imm_Cruise_ECT
 0000:000CD478       CL_Fueling_Target_Compensation_Imm_NonCruise_ECT_Y_Axis
 0000:000CD484       CL_Fueling_Target_Compensation_Imm_NonCruise_ECT
 0000:000CD4E4       CL_Fueling_Target_Compensation_A_Load_X_Axis
 0000:000CD510       CL_Fueling_Target_Compensation_A_Load_Y_Axis
 0000:000CD538       CL_Fueling_Target_Compensation_A_Load
 0000:000CD744       CL_Fueling_Target_Compensation_B_Load_X_Axis
 0000:000CD770       CL_Fueling_Target_Compensation_B_Load_Y_Axis
 0000:000CD798       CL_Fueling_Target_Compensation_B_Load
 0000:000CE380       Boost_Limit_Fuel_Cut__X_Axis
 0000:000CE398       Boost_Limit_Fuel_Cut__Y_Axis
 0000:000CE3C4       Boost_Limit_Fuel_Cut_
 0000:000CE482       Feedback_Correction_Negative_Advance_Delay
 0000:000CE492       Fine_Correction_Advance_Delay
 0000:000CE50C       Timing_Comp_Maximum_RPM_Per_Cylinder
 0000:000CE510       Timing_Comp_Minimum_Load_Per_Cylinder
 0000:000CE514       Timing_Comp_Minimum_Coolant_Temp_Per_Cylinder
 0000:000CE518       Feedback_Correction_Minimum_Load
 0000:000CE520       Feedback_Correction_Range_RPM
 0000:000CE53C       Feedback_Correction_Retard_Limit
 0000:000CE540       Feedback_Correction_Retard_Value
 0000:000CE544       Feedback_Correction_Negative_Advance_Value
 0000:000CE54C       Extended_Feedback_Correction_High_RPM_Compensation
 0000:000CE630       Rough_Correction_Range_RPM
 0000:000CE640       Rough_Correction_Range_Load
 0000:000CE650       Rough_Correction_Minimum_KC_Advance_Map_Value
 0000:000CE654       Advance_Multiplier_Initial
 0000:000CE658       Advance_Multiplier_Step_Value
 0000:000CE688       Fine_Correction_Rows_RPM
 0000:000CE6A4       Fine_Correction_Columns_Load
 0000:000CE6C0       Fine_Correction_Advance_Limit
 0000:000CE6C4       Fine_Correction_Advance_Value
 0000:000CE6C8       Fine_Correction_Retard_Limit
 0000:000CE6CC       Fine_Correction_Retard_Value
 0000:000CE6E8       Fine_Correction_Range_RPM
 0000:000CE6F8       Fine_Correction_Range_Load
 0000:000CE7F0       Base_Timing_Idle_Minimum_Vehicle_Speed_Enable
 0000:000CE988       Timing_Compensation_B_IAT_Max_Additive
 0000:000CE9A4       Timing_Compensation_B_IAT_IAM_Activation
 0000:000CE9FC       Timing_Compensation_Imm_NonCruise_B_ECT_Y_Axis
 0000:000CEA7C       Base_Timing_Idle_Minimum_Y_Axis
 0000:000CEB54       aRrrrrrrrdug
 0000:000CEC49       Base_Timing_Idle_Minimum
 0000:000CEC52       Base_Timing_Idle_A_InGear
 0000:000CEC62       Base_Timing_Idle_B_InGear
 0000:000CEC72       Base_Timing_Idle_A_Neutral
 0000:000CEC82       Base_Timing_Idle_B_Neutral
 0000:000CECB2       Timing_Compensation_Imm_NonCruise_A_ECT
 0000:000CECC2       Timing_Compensation_Imm_NonCruise_B_ECT
 0000:000CECD2       Timing_Compensation_Imm_Cruise_A_ECT
 0000:000CECE2       Timing_Compensation_Imm_Cruise_B_ECT
 0000:000CECF4       Timing_Compensation_A_IAT_Y_Axis
 0000:000CED34       Timing_Compensation_A_IAT
 0000:000CF0A0       aGggggggg
 0000:000CF140       a99999999
 0000:000CF190       aUuggg999
 0000:000CF230       aAaaaaaaa3@Aaaa
 0000:000CF408       Timing_Compensation_B_IAT_Y_Axis
 0000:000CF448       Timing_Compensation_B_IAT
 0000:000CF610       Rough_Correction_Learning_Delay_Increasing__Y_Axis
 0000:000CF638       Rough_Correction_Learning_Delay_Increasing_
 0000:000CF68C       aGGGGGGGGGGGGGG
 0000:000CF6CD       aS
 0000:000CF6CF       aS_0
 0000:000CF6D1       aS_1
 0000:000CF6D3       aS_2
 0000:000CF6D5       aS_3
 0000:000CF6D7       aS_4
 0000:000CF6D9       aT
 0000:000CF6DB       aT_0
 0000:000D0074       Timing_Compensation_Per_Cylinder_A_X_Axis
 0000:000D00AC       Timing_Compensation_Per_Cylinder_A_Y_Axis
 0000:000D00BC       Timing_Compensation_Per_Cylinder_A
 0000:000D00F4       Timing_Compensation_Per_Cylinder_B_X_Axis
 0000:000D012C       Timing_Compensation_Per_Cylinder_B_Y_Axis
 0000:000D013C       Timing_Compensation_Per_Cylinder_B
 0000:000D0174       Timing_Compensation_Per_Cylinder_C_X_Axis
 0000:000D01AC       Timing_Compensation_Per_Cylinder_C_Y_Axis
 0000:000D01BC       Timing_Compensation_Per_Cylinder_C
 0000:000D01F4       Timing_Compensation_Per_Cylinder_D_X_Axis
 0000:000D022C       Timing_Compensation_Per_Cylinder_D_Y_Axis
 0000:000D023C       Timing_Compensation_Per_Cylinder_D
 0000:000D0480       Knock_Correction_Advance_Max_Cruise_X_Axis
 0000:000D04D8       Knock_Correction_Advance_Max_Cruise_Y_Axis
 0000:000D0520       Knock_Correction_Advance_Max_Cruise
 0000:000D06AC       Knock_Correction_Advance_Max_NonCruise_X_Axis
 0000:000D0704       Knock_Correction_Advance_Max_NonCruise_Y_Axis
 0000:000D074C       Knock_Correction_Advance_Max_NonCruise
 0000:000D0AE4       aAaPdRiiff
 0000:000D0B18       aAaaRjaaaaxpaaa
 0000:000D0B2C       Base_Timing_Primary_Cruise_X_Axis
 0000:000D0B84       Base_Timing_Primary_Cruise_Y_Axis
 0000:000D0BCC       Base_Timing_Primary_Cruise
 0000:000D0D58       Base_Timing_Primary_NonCruise_X_Axis
 0000:000D0DB0       Base_Timing_Primary_NonCruise_Y_Axis
 0000:000D0DF8       Base_Timing_Primary_NonCruise
 0000:000D0F84       Base_Timing_Reference_Cruise_AVCS_related_X_Axis
 0000:000D0FDC       Base_Timing_Reference_Cruise_AVCS_related_Y_Axis
 0000:000D1024       Base_Timing_Reference_Cruise_AVCS_related
 0000:000D11B0       Base_Timing_Reference_NonCruise_AVCS_related_X_Axis
 0000:000D1208       Base_Timing_Reference_NonCruise_AVCS_related_Y_Axis
 0000:000D1250       Base_Timing_Reference_NonCruise_AVCS_related
 0000:000D13DC       Timing_Compensation_A_IAT_Activation_X_Axis
 0000:000D13FC       Timing_Compensation_A_IAT_Activation_Y_Axis
 0000:000D141C       Timing_Compensation_A_IAT_Activation
 0000:000D142C       aAaaaaaaaaaaa_3
 0000:000D148C       aSvzAjnucfmszak
 0000:000D14A8       aH
 0000:000D14D8       aSvzAjnucfmsz_0
 0000:000D14F4       aC_0
 0000:000D165C       aAmvAvdinjszAve
 0000:000D1678       aC_1
 0000:000D16A8       aHqxaisuGovAjlu
 0000:000D16C4       a?m?
 0000:000D17A0       aAaaaaaaaaaaaaa
 0000:000D2000       aBbBbB8ffb8ff6f
 0000:000D201C       aA@
 0000:000D266C       aP
 0000:000D2680       a@
 0000:000D2688       aBa
 0000:000D268C       aL
 0000:000D2698       aBh
 0000:000D269C       aB
 0000:000D26A0       aC
 0000:000D26A4       aA
 0000:000D26A8       a@a
 0000:000D2790       Idle_Speed_Target_C_Y_Axis
 0000:000D28A4       aAaaaaaaaaaaa_0
 0000:000D2E22       Idle_Speed_Target_A
 0000:000D2E62       Idle_Speed_Target_B
 0000:000D2EA2       Idle_Speed_Target_C
 0000:000D358C       aAjffbFfbyssbjf
 0000:000D3618       aDsiieatEgEs0
 0000:000D3628       aEjQeEpe
 0000:000D3684       aDh_0
 0000:000D4694       a33333
 0000:000D469C       aDc
 0000:000D4758       aLSss?_0
 0000:000D47F5       aAz1g500f_0
 0000:000D497A       Manifold_Pressure_Sensor_Limits_CEL
 0000:000D49B0       Manifold_Pressure_Sensor_Scaling_
 0000:000D49F8       Coolant_Temp_Sensor_Scaling_Y_Axis
 0000:000D4A68       Coolant_Temp_Sensor_Scaling
 0000:000D4AD8       Intake_Temp_Sensor_Scaling_Y_Axis
 0000:000D4B50       Intake_Temp_Sensor_Scaling
 0000:000D4C48       MAF_Sensor_Scaling_Y_Axis
 0000:000D4D20       MAF_Sensor_Scaling
 0000:000D4DF8       Front_Oxygen_Sensor_Scaling_Y_Axis
 0000:000D4E2C       Front_Oxygen_Sensor_Scaling
 0000:000D51E0       Radiator_Fan_Modes_A_ECT
 0000:000D51F0       Radiator_Fan_Modes_B_ECT
 0000:000D5200       Radiator_Fan_Modes_Veh_Speed
 0000:000D56A0       dEcuId
 0000:000D5C44       aFffff
 0000:000D6470       Cranking_Fuel_Injector_Pulse_Width_G_ECT_Y_Axis
 0000:000D64B0       Cranking_Fuel_Injector_Pulse_Width_G_ECT
 0000:000D64D0       Cranking_Fuel_Injector_Pulse_Width_H_ECT_Y_Axis
 0000:000D6510       Cranking_Fuel_Injector_Pulse_Width_H_ECT
 0000:000D66C0       aGI_@eqBnqA1nSA
 0000:000D66D6       aA_7
 0000:000D66D8       aA_8
 0000:000D66DA       aA_9
 0000:000D66DC       aA_10
 0000:000D66DE       aA_11
 0000:000D66E0       aA_12
 0000:000D66E2       aA_13
 0000:000D66E4       aA_14
 0000:000D66E6       aA_15
 0000:000D66E8       aA_16
 0000:000D66EA       aA_17
 0000:000D66EC       aA_18
 0000:000D66EE       aA_19
 0000:000D66F0       aA_20
 0000:000D66F2       aA_21
 0000:000D66F4       aA_22
 0000:000D66F6       aA_23
 0000:000D66F8       aA_24
 0000:000D66FA       aA_25
 0000:000D66FC       aA_26
 0000:000D66FE       aA_27
 0000:000D6700       aA_28
 0000:000D6702       aA_29
 0000:000D6704       aA_30
 0000:000D6706       aA_31
 0000:000D6708       aA_32
 0000:000D670A       aA_33
 0000:000D670C       aA_34
 0000:000D670E       aA_35
 0000:000D6710       aA_36
 0000:000D6712       aA_37
 0000:000D6CE8       Exhaust_Cam_Retard_Angle_Cruise_AVCS_X_Axis
 0000:000D6D3C       Exhaust_Cam_Retard_Angle_Cruise_AVCS_Y_Axis
 0000:000D6D84       Exhaust_Cam_Retard_Angle_Cruise_AVCS
 0000:000D7078       Exhaust_Cam_Retard_Angle_NonCruise_AVCS_X_Axis
 0000:000D70CC       Exhaust_Cam_Retard_Angle_NonCruise_AVCS_Y_Axis
 0000:000D7114       Exhaust_Cam_Retard_Angle_NonCruise_AVCS
 0000:000D7870       Intake_Cam_Advance_Angle_Cruise_AVCS_X_Axis
 0000:000D78BC       Intake_Cam_Advance_Angle_Cruise_AVCS_Y_Axis
 0000:000D7904       Intake_Cam_Advance_Angle_Cruise_AVCS
 0000:000D7BB0       Intake_Cam_Advance_Angle_NonCruise_AVCS_X_Axis
 0000:000D7BFC       Intake_Cam_Advance_Angle_NonCruise_AVCS_Y_Axis
 0000:000D7C44       Intake_Cam_Advance_Angle_NonCruise_AVCS
 0000:000DC644       Speed_Limiting_A_Throttle_SIDRIVE_SportSport_Sharp
 0000:000DC650       Speed_Limiting_Throttle_SIDRIVE_Intelligent
 0000:000DC65C       Speed_Limiting_B_Throttle_SIDRIVE_SportSport_Sharp
 0000:000DC7FC       Requested_Torque_Base_RPM_Y_Axis
 0000:000DC844       Requested_Torque_Base_RPM
 0000:000DCA08       aGLLUPG?a
 0000:000DCB38       aAaaaaaaaaaaa_1
 0000:000DCBB8       aAaaaaaaaaaaa_2
 0000:000DCC78       Target_Throttle_Plate_Position_Cruise_Requested_Torque_Ratio_X_Axis
 0000:000DCCD4       Target_Throttle_Plate_Position_Cruise_Requested_Torque_Ratio_Y_Axis
 0000:000DCD1C       Target_Throttle_Plate_Position_Cruise_Requested_Torque_Ratio
 0000:000DD058       Target_Throttle_Plate_Position_NonCruise_Requested_Torque_Ratio_X_Axis
 0000:000DD0B4       Target_Throttle_Plate_Position_NonCruise_Requested_Torque_Ratio_Y_Axis
 0000:000DD0FC       Target_Throttle_Plate_Position_NonCruise_Requested_Torque_Ratio
 0000:000DD438       Target_Throttle_Plate_Position_Maximum_Requested_Torque_Ratio_X_Axis
 0000:000DD494       Target_Throttle_Plate_Position_Maximum_Requested_Torque_Ratio_Y_Axis
 0000:000DD4DC       Target_Throttle_Plate_Position_Maximum_Requested_Torque_Ratio
 0000:000DD954       Requested_Torque_Accelerator_Pedal_SIDRIVE_Sport_X_Axis
 0000:000DD994       Requested_Torque_Accelerator_Pedal_SIDRIVE_Sport_Y_Axis
 0000:000DD9E4       Requested_Torque_Accelerator_Pedal_SIDRIVE_Sport
 0000:000DDC64       Requested_Torque_Accelerator_Pedal_SIDRIVE_Sport_Sharp_X_Axis
 0000:000DDCA4       Requested_Torque_Accelerator_Pedal_SIDRIVE_Sport_Sharp_Y_Axis
 0000:000DDCF4       Requested_Torque_Accelerator_Pedal_SIDRIVE_Sport_Sharp
 0000:000DDD00       aMMsmsmsmsmsmsm
 0000:000DDF74       Requested_Torque_Accelerator_Pedal_SIDRIVE_Intelligent_X_Axis
 0000:000DDFB4       Requested_Torque_Accelerator_Pedal_SIDRIVE_Intelligent_Y_Axis
 0000:000DE004       Requested_Torque_Accelerator_Pedal_SIDRIVE_Intelligent
 0000:000E2000       dRomHoleStart
 0000:000FFB80       Checksum_Fix
 0000:FFFF2004       pObdVinDirect
 0000:FFFF2C84       E_AF_Learning_1_A_StoredExt_E44
 0000:FFFF2C8C       E_AF_Learning_1_B_StoredExt_E45
 0000:FFFF2C94       E_AF_Learning_1_C_StoredExt_E46
 0000:FFFF2C9C       E_AF_Learning_1_D_StoredExt_E47
 0000:FFFF2D10       E_IAM_4byteExt_E31
 0000:FFFF4042       pMafSensorVoltage
 0000:FFFF40B4       pMassAirFlow
 0000:FFFF40C8       pAf1Res
 0000:FFFF4128       pIntakeAirTemp
 0000:FFFF4140       pCoolantTemp
 0000:FFFF5EFC       E_Boost_ErrorExt_E35
 0000:FFFF5F00       E_Target_Boost_Relative_4byteExt_E120
 0000:FFFF5F04       E_Target_Boost_4byteExt_E36
 0000:FFFF5F08       E_Turbo_Dynamics_Proportional_4byteExt_E37
 0000:FFFF5F0C       E_Turbo_Dynamics_Integral_4byteExt_E34
 0000:FFFF5F20       E_Primary_Wastegate_Duty_MaximumExt_4byteExt__E77
 0000:FFFF6136       pSiDriveMode
 0000:FFFF61F4       E_Manifold_Relative_Sea_Level_Pressure_4byteExt_E52
 0000:FFFF61F8       E_Manifold_Relative_Pressure_4byteExt_E113
 0000:FFFF62BC       E_Throttle_Plate_Opening_Angle_4byteExt_E38
 0000:FFFF62CC       E_Tipin_ThrottleExt_E54
 0000:FFFF63CC       E_Engine_Load_4ByteExt_E32
 0000:FFFF6528       E_AF_Sensor_1_4byteExt_E91
 0000:FFFF65B7       pClutchFlags
 0000:FFFF65E4       pVehicleSpeed
 0000:FFFF6608       pEngineSpeed
 0000:FFFF67F5       E_Gear_CalculatedExt_E59
 0000:FFFF6808       E_Manifold_Relative_Sea_Level_Pressure_2byteExtExt_E89
 0000:FFFF680A       E_Throttle_Plate_Opening_Angle_2byteExtExt_E93
 0000:FFFF6810       E_AF_Sensor_1_2byteExtExt_E92
 0000:FFFF681E       E_Final_Fueling_Base_2byteExt_E124
 0000:FFFF6822       E_AF_Correction_1_2byteExtExt_E82
 0000:FFFF6824       E_Closed_Loop_Fueling_Target_2byteExt_E122
 0000:FFFF6826       E_AF_Learning_1_2byteExtExt_E83
 0000:FFFF682A       E_Primary_Open_Loop_Map_Enrichment_2byteExtExt_E85
 0000:FFFF6836       E_Target_Boost_2byteExtExt_E90
 0000:FFFF683B       E_Engine_Load_1byteExtExt_E86
 0000:FFFF6845       E_Feedback_Knock_Correction_1byteExtExt_E94
 0000:FFFF6847       E_IAM_1byteExtExt_E96
 0000:FFFF6848       E_Fine_Learning_Knock_Correction_1byteExtExt_E95
 0000:FFFF6851       E_Primary_WGDC_Maximum_1byteExtExt_E112
 0000:FFFF6868       pAtmoPress
 0000:FFFF6C60       E_Final_Fueling_Base_4byteExt_E123
 0000:FFFF6CA0       E_Fuel_Injector_1_Latency_4byteExt_E50
 0000:FFFF6F6C       E_AF_Correction_1_4byteExt_E81
 0000:FFFF7054       E_Closed_Loop_Fueling_Target_4byteExt_E121
 0000:FFFF70EC       E_AF_Learning_1_4byteExt_E48
 0000:FFFF70F3       E_AF_Learning_Airflow_Range_CurrentExt_E61
 0000:FFFF71B4       E_Primary_Open_Loop_Map_Enrichment_4byteExt_E84
 0000:FFFF7438       E_Tipin_Enrichment_Last_CalculatedExt_E55
 0000:FFFF74C4       pFlagsRevLim
 0000:FFFF7588       E_Fuel_Injector_1_Pulse_Width_4byteExt_E60
 0000:FFFF76E4       E_Ignition_Base_TimingExt_E53
 0000:FFFF79A4       E_Knock_Correction_Advance_4byteExt_E43
 0000:FFFF79A8       E_Feedback_Knock_Correction_4byteExt_E39
 0000:FFFF7A10       E_Knock_Correction_Advance_Max_PrimaryExt_E118
 0000:FFFF7A18       E_Knock_Correction_Advance_IAM_onlyExt_E40
 0000:FFFF7A44       E_Fine_Learning_Knock_Correction_4byteExt_E41
 0000:FFFF7A50       E_Fine_Learning_Table_OffsetExt_E58
 0000:FFFF7D10       E_Target_Throttle_Plate_PositionExt_E57
 0000:FFFF7D18       E_Requested_TorqueExt_E56
 0000:FFFF80C0       E_Idle_Speed_Map_SelectionExt_E49
 0000:FFFF9A31       E_CLOL_FuelingExt_E33
 0000:FFFFA590       pRamHoleStart
 0000:FFFFBF70       pRamHoleEnd
 0000:FFFFBF9F       pMemoryResetLimit
